python submission_runner.py --framework=jax --workload=librispeech_deepspeech --submission_path=submissions_algorithms/submissions/self_tuning/schedule_free_adamw_jax_v2/submission.py --data_dir=/data/librispeech --experiment_dir=/experiment_runs --experiment_name=submissions_a100/schedule_free_adamw_jax_v2/study_2 --overwrite=True --save_checkpoints=False --rng_seed=1355975130 --librispeech_tokenizer_vocab_path=/data/librispeech/spm_model.vocab --tuning_ruleset=self 2>&1 | tee -a /logs/librispeech_deepspeech_jax_05-14-2026-20-40-22.log
2026-05-14 20:40:32.446698: E external/local_xla/xla/stream_executor/cuda/cuda_fft.cc:467] Unable to register cuFFT factory: Attempting to register factory for plugin cuFFT when one has already been registered
WARNING: All log messages before absl::InitializeLog() is called are written to STDERR
E0000 00:00:1778791233.022102      13 cuda_dnn.cc:8579] Unable to register cuDNN factory: Attempting to register factory for plugin cuDNN when one has already been registered
E0000 00:00:1778791233.149732      13 cuda_blas.cc:1407] Unable to register cuBLAS factory: Attempting to register factory for plugin cuBLAS when one has already been registered
W0000 00:00:1778791234.137675      13 computation_placer.cc:177] computation placer already registered. Please check linkage and avoid linking the same target more than once.
W0000 00:00:1778791234.137723      13 computation_placer.cc:177] computation placer already registered. Please check linkage and avoid linking the same target more than once.
W0000 00:00:1778791234.137726      13 computation_placer.cc:177] computation placer already registered. Please check linkage and avoid linking the same target more than once.
W0000 00:00:1778791234.137728      13 computation_placer.cc:177] computation placer already registered. Please check linkage and avoid linking the same target more than once.
/usr/local/lib/python3.11/site-packages/torch/__init__.py:1617: UserWarning: Please use the new API settings to control TF32 behavior, such as torch.backends.cudnn.conv.fp32_precision = 'tf32' or torch.backends.cuda.matmul.fp32_precision = 'ieee'. Old settings, e.g, torch.backends.cuda.matmul.allow_tf32 = True, torch.backends.cudnn.allow_tf32 = True, allowTF32CuDNN() and allowTF32CuBLAS() will be deprecated after Pytorch 2.9. Please see https://pytorch.org/docs/main/notes/cuda.html#tensorfloat-32-tf32-on-ampere-and-later-devices (Triggered internally at /pytorch/aten/src/ATen/Context.cpp:80.)
  _C._set_float32_matmul_precision(precision)
/usr/local/lib/python3.11/site-packages/pydantic/_internal/_generate_schema.py:2249: UnsupportedFieldAttributeWarning: The 'repr' attribute with value False was provided to the `Field()` function, which has no effect in the context it was used. 'repr' is field-specific metadata, and can only be attached to a model field using `Annotated` metadata or by assignment. This may have happened because an `Annotated` type alias using the `type` statement was used, or if the `Field()` function was attached to a single member of a union type.
  warnings.warn(
/usr/local/lib/python3.11/site-packages/pydantic/_internal/_generate_schema.py:2249: UnsupportedFieldAttributeWarning: The 'frozen' attribute with value True was provided to the `Field()` function, which has no effect in the context it was used. 'frozen' is field-specific metadata, and can only be attached to a model field using `Annotated` metadata or by assignment. This may have happened because an `Annotated` type alias using the `type` statement was used, or if the `Field()` function was attached to a single member of a union type.
  warnings.warn(
INFO:2026-05-14 20:41:21,048:jax._src.xla_bridge:830: Unable to initialize backend 'tpu': INTERNAL: Failed to open libtpu.so: libtpu.so: cannot open shared object file: No such file or directory
I0514 20:41:21.048420 140135246804160 xla_bridge.py:830] Unable to initialize backend 'tpu': INTERNAL: Failed to open libtpu.so: libtpu.so: cannot open shared object file: No such file or directory
I0514 20:41:22.157189 140135246804160 logger_utils.py:84] Creating experiment directory at /experiment_runs/submissions_a100/schedule_free_adamw_jax_v2/study_2/librispeech_deepspeech_jax.
I0514 20:41:26.242690 140135246804160 submission_runner.py:741] Creating directory at /experiment_runs/submissions_a100/schedule_free_adamw_jax_v2/study_2/librispeech_deepspeech_jax/trial_1.
I0514 20:41:27.037544 140135246804160 submission_runner.py:242] Initializing dataset.
I0514 20:41:27.037762 140135246804160 submission_runner.py:251] Initializing model.
I0514 20:42:21.116586 140135246804160 submission_runner.py:294] Initializing optimizer.
I0514 20:42:22.074659 140135246804160 submission_runner.py:299] Initializing metrics bundle.
I0514 20:42:22.074913 140135246804160 submission_runner.py:321] Initializing checkpoint and logger.
I0514 20:42:22.077989 140135246804160 checkpoints.py:1098] Found no checkpoint files in /experiment_runs/submissions_a100/schedule_free_adamw_jax_v2/study_2/librispeech_deepspeech_jax/trial_1 with prefix checkpoint_
I0514 20:42:22.078143 140135246804160 submission_runner.py:344] Saving meta data to /experiment_runs/submissions_a100/schedule_free_adamw_jax_v2/study_2/librispeech_deepspeech_jax/trial_1/meta_data_0.json.
I0514 20:42:22.078355 140135246804160 logger_utils.py:283] Unable to record workload.train_mean information. Continuing without it.
I0514 20:42:22.078417 140135246804160 logger_utils.py:283] Unable to record workload.train_stddev information. Continuing without it.
I0514 20:42:22.477650 140135246804160 submission_runner.py:348] Saving flags to /experiment_runs/submissions_a100/schedule_free_adamw_jax_v2/study_2/librispeech_deepspeech_jax/trial_1/flags_0.json.
I0514 20:42:22.496506 140135246804160 submission_runner.py:359] Starting training loop.
I0514 20:42:22.701860 140135246804160 input_pipeline.py:19] Loading split = train-clean-100
I0514 20:42:22.773713 140135246804160 input_pipeline.py:19] Loading split = train-clean-360
I0514 20:42:23.246595 140135246804160 input_pipeline.py:19] Loading split = train-other-500
/usr/local/lib/python3.11/multiprocessing/popen_fork.py:66: RuntimeWarning: os.fork() was called. os.fork() is incompatible with multithreaded code, and JAX is multithreaded, so this will likely lead to a deadlock.
  self.pid = os.fork()
2026-05-14 20:43:01.190820: E external/xla/xla/service/slow_operation_alarm.cc:73] Trying algorithm eng0{} for conv (f32[32,512,500,20]{3,2,1,0}, u8[0]{0}) custom-call(f32[32,512,1001,41]{3,2,1,0}, f32[512,512,3,3]{3,2,1,0}), window={size=3x3 stride=2x2}, dim_labels=bf01_oi01->bf01, custom_call_target="__cudnn$convForward", backend_config={"operation_queue_id":"0","wait_on_operation_queues":[],"cudnn_conv_backend_config":{"activation_mode":"kNone","conv_result_scale":1,"side_input_scale":0,"leakyrelu_alpha":0},"force_earliest_schedule":false,"reification_cost":[]} is taking a while...
2026-05-14 20:43:04.830077: E external/xla/xla/service/slow_operation_alarm.cc:140] The operation took 4.639408779s
Trying algorithm eng0{} for conv (f32[32,512,500,20]{3,2,1,0}, u8[0]{0}) custom-call(f32[32,512,1001,41]{3,2,1,0}, f32[512,512,3,3]{3,2,1,0}), window={size=3x3 stride=2x2}, dim_labels=bf01_oi01->bf01, custom_call_target="__cudnn$convForward", backend_config={"operation_queue_id":"0","wait_on_operation_queues":[],"cudnn_conv_backend_config":{"activation_mode":"kNone","conv_result_scale":1,"side_input_scale":0,"leakyrelu_alpha":0},"force_earliest_schedule":false,"reification_cost":[]} is taking a while...
2026-05-14 20:43:28.845820: E external/xla/xla/service/slow_operation_alarm.cc:73] Trying algorithm eng0{} for conv (f32[32,512,999,41]{3,2,1,0}, u8[0]{0}) custom-call(f32[32,512,500,20]{3,2,1,0}, f32[512,512,3,3]{3,2,1,0}), window={size=3x3 stride=2x2 pad=1_1x0_0}, dim_labels=bf01_oi01->bf01, custom_call_target="__cudnn$convBackwardInput", backend_config={"operation_queue_id":"0","wait_on_operation_queues":[],"cudnn_conv_backend_config":{"activation_mode":"kNone","conv_result_scale":1,"side_input_scale":0,"leakyrelu_alpha":0},"force_earliest_schedule":false,"reification_cost":[]} is taking a while...
2026-05-14 20:43:46.263630: E external/xla/xla/service/slow_operation_alarm.cc:140] The operation took 18.417979965s
Trying algorithm eng0{} for conv (f32[32,512,999,41]{3,2,1,0}, u8[0]{0}) custom-call(f32[32,512,500,20]{3,2,1,0}, f32[512,512,3,3]{3,2,1,0}), window={size=3x3 stride=2x2 pad=1_1x0_0}, dim_labels=bf01_oi01->bf01, custom_call_target="__cudnn$convBackwardInput", backend_config={"operation_queue_id":"0","wait_on_operation_queues":[],"cudnn_conv_backend_config":{"activation_mode":"kNone","conv_result_scale":1,"side_input_scale":0,"leakyrelu_alpha":0},"force_earliest_schedule":false,"reification_cost":[]} is taking a while...
2026-05-14 20:43:52.801861: E external/xla/xla/service/slow_operation_alarm.cc:73] Trying algorithm eng0{} for conv (f32[512,512,3,3]{3,2,1,0}, u8[0]{0}) custom-call(f32[32,512,999,41]{3,2,1,0}, f32[32,512,500,20]{3,2,1,0}), window={size=3x3 stride=2x2 pad=1_1x0_0}, dim_labels=bf01_oi01->bf01, custom_call_target="__cudnn$convBackwardFilter", backend_config={"operation_queue_id":"0","wait_on_operation_queues":[],"cudnn_conv_backend_config":{"activation_mode":"kNone","conv_result_scale":1,"side_input_scale":0,"leakyrelu_alpha":0},"force_earliest_schedule":false,"reification_cost":[]} is taking a while...
2026-05-14 20:43:58.704946: E external/xla/xla/service/slow_operation_alarm.cc:140] The operation took 6.903197884s
Trying algorithm eng0{} for conv (f32[512,512,3,3]{3,2,1,0}, u8[0]{0}) custom-call(f32[32,512,999,41]{3,2,1,0}, f32[32,512,500,20]{3,2,1,0}), window={size=3x3 stride=2x2 pad=1_1x0_0}, dim_labels=bf01_oi01->bf01, custom_call_target="__cudnn$convBackwardFilter", backend_config={"operation_queue_id":"0","wait_on_operation_queues":[],"cudnn_conv_backend_config":{"activation_mode":"kNone","conv_result_scale":1,"side_input_scale":0,"leakyrelu_alpha":0},"force_earliest_schedule":false,"reification_cost":[]} is taking a while...
/usr/local/lib/python3.11/site-packages/jax/_src/interpreters/mlir.py:1268: UserWarning: Some donated buffers were not usable: float32[512], float32[512], float32[256], float32[256,256], float32[256], float32[256,256], float32[256], float32[256,256], float32[256], float32[256,256], float32[512,256], float32[512,256], float32[512,256], float32[512,256], float32[256], float32[256,256], float32[256], float32[256,256], float32[256], float32[256,256], float32[256], float32[256,256], float32[512,256], float32[512,256], float32[512,256], float32[512,256], float32[512], float32[512], float32[256], float32[256,256], float32[256], float32[256,256], float32[256], float32[256,256], float32[256], float32[256,256], float32[512,256], float32[512,256], float32[512,256], float32[512,256], float32[256], float32[256,256], float32[256], float32[256,256], float32[256], float32[256,256], float32[256], float32[256,256], float32[512,256], float32[512,256], float32[512,256], float32[512,256], float32[512], float32[512], float32[256], float32[256,256], float32[256], float32[256,256], float32[256], float32[256,256], float32[256], float32[256,256], float32[512,256], float32[512,256], float32[512,256], float32[512,256], float32[256], float32[256,256], float32[256], float32[256,256], float32[256], float32[256,256], float32[256], float32[256,256], float32[512,256], float32[512,256], float32[512,256], float32[512,256], float32[512], float32[512], float32[256], float32[256,256], float32[256], float32[256,256], float32[256], float32[256,256], float32[256], float32[256,256], float32[512,256], float32[512,256], float32[512,256], float32[512,256], float32[256], float32[256,256], float32[256], float32[256,256], float32[256], float32[256,256], float32[256], float32[256,256], float32[512,256], float32[512,256], float32[512,256], float32[512,256], float32[512], float32[512], float32[256], float32[256,256], float32[256], float32[256,256], float32[256], float32[256,256], float32[256], float32[256,256], float32[512,256], float32[512,256], float32[512,256], float32[512,256], float32[256], float32[256,256], float32[256], float32[256,256], float32[256], float32[256,256], float32[256], float32[256,256], float32[512,256], float32[512,256], float32[512,256], float32[512,256], float32[512], float32[512], float32[256], float32[256,256], float32[256], float32[256,256], float32[256], float32[256,256], float32[256], float32[256,256], float32[512,256], float32[512,256], float32[512,256], float32[512,256], float32[256], float32[256,256], float32[256], float32[256,256], float32[256], float32[256,256], float32[256], float32[256,256], float32[512,256], float32[512,256], float32[512,256], float32[512,256], float32[1024], float32[512,1024], float32[512], float32[512], float32[512], float32[512,512], float32[512], float32[512], float32[512], float32[512,512], float32[512], float32[512], float32[512], float32[512,512], float32[512], float32[512], float32[512], float32[3,3,1,512], float32[512], float32[3,3,512,512], float32[512], float32[10240,512].
See an explanation at https://docs.jax.dev/en/latest/faq.html#buffer-donation.
  warnings.warn("Some donated buffers were not usable:"
I0514 20:44:28.750785 140073706055424 logging_writer.py:48] [0] global_step=0, grad_norm=26.053701400756836, loss=33.61955261230469
I0514 20:44:30.235970 140135246804160 spec.py:333] Evaluating on the training split.
I0514 20:44:30.236186 140135246804160 input_pipeline.py:19] Loading split = train-clean-100
I0514 20:44:30.262590 140135246804160 input_pipeline.py:19] Loading split = train-clean-360
I0514 20:44:30.357328 140135246804160 input_pipeline.py:19] Loading split = train-other-500
/usr/local/lib/python3.11/multiprocessing/popen_fork.py:66: RuntimeWarning: os.fork() was called. os.fork() is incompatible with multithreaded code, and JAX is multithreaded, so this will likely lead to a deadlock.
  self.pid = os.fork()
/usr/local/lib/python3.11/site-packages/jax/_src/ops/scatter.py:110: FutureWarning: scatter inputs have incompatible types: cannot safely cast value from dtype=float32 to dtype=int32 with jax_numpy_dtype_promotion='standard'. In future JAX releases this will result in an error.
  warnings.warn(
2026-05-14 20:44:41.922162: E external/xla/xla/service/slow_operation_alarm.cc:73] Constant folding an instruction is taking > 1s:

  %reduce-window.10 = f32[256,500]{1,0} reduce-window(%broadcast.248, %constant.119), window={size=1x500 pad=0_0x499_0}, to_apply=%region_35.2517.clone, metadata={op_name="jit(_eval_step)/jit(cumsum)/LibriSpeechConformerWorkload.sequence_mask/reduce_window_sum" source_file="/algorithmic-efficiency/algoperf/workloads/librispeech_conformer/librispeech_jax/workload.py" source_line=251}

This isn't necessarily a bug; constant-folding is inherently a trade-off between compilation time and speed at runtime. XLA has some guards that attempt to keep constant folding from taking too long, but fundamentally you'll always be able to come up with an input program that takes a long time.

If you'd like to file a bug, run with envvar XLA_FLAGS=--xla_dump_to=/tmp/foo and attach the results.
2026-05-14 20:44:48.925649: E external/xla/xla/service/slow_operation_alarm.cc:140] The operation took 8.003746827s
Constant folding an instruction is taking > 1s:

  %reduce-window.10 = f32[256,500]{1,0} reduce-window(%broadcast.248, %constant.119), window={size=1x500 pad=0_0x499_0}, to_apply=%region_35.2517.clone, metadata={op_name="jit(_eval_step)/jit(cumsum)/LibriSpeechConformerWorkload.sequence_mask/reduce_window_sum" source_file="/algorithmic-efficiency/algoperf/workloads/librispeech_conformer/librispeech_jax/workload.py" source_line=251}

This isn't necessarily a bug; constant-folding is inherently a trade-off between compilation time and speed at runtime. XLA has some guards that attempt to keep constant folding from taking too long, but fundamentally you'll always be able to come up with an input program that takes a long time.

If you'd like to file a bug, run with envvar XLA_FLAGS=--xla_dump_to=/tmp/foo and attach the results.
2026-05-14 20:44:50.925801: E external/xla/xla/service/slow_operation_alarm.cc:73] Constant folding an instruction is taking > 2s:

  %reduce-window.11 = f32[256,500]{1,0} reduce-window(%broadcast.248, %constant.122), window={size=1x500 pad=0_0x499_0}, to_apply=%region_35.2517, metadata={op_name="jit(_eval_step)/jit(cumsum)/LibriSpeechConformerWorkload.sequence_mask/reduce_window_sum" source_file="/algorithmic-efficiency/algoperf/workloads/librispeech_conformer/librispeech_jax/workload.py" source_line=251}

This isn't necessarily a bug; constant-folding is inherently a trade-off between compilation time and speed at runtime. XLA has some guards that attempt to keep constant folding from taking too long, but fundamentally you'll always be able to come up with an input program that takes a long time.

If you'd like to file a bug, run with envvar XLA_FLAGS=--xla_dump_to=/tmp/foo and attach the results.
2026-05-14 20:44:57.692731: E external/xla/xla/service/slow_operation_alarm.cc:140] The operation took 8.767026884s
Constant folding an instruction is taking > 2s:

  %reduce-window.11 = f32[256,500]{1,0} reduce-window(%broadcast.248, %constant.122), window={size=1x500 pad=0_0x499_0}, to_apply=%region_35.2517, metadata={op_name="jit(_eval_step)/jit(cumsum)/LibriSpeechConformerWorkload.sequence_mask/reduce_window_sum" source_file="/algorithmic-efficiency/algoperf/workloads/librispeech_conformer/librispeech_jax/workload.py" source_line=251}

This isn't necessarily a bug; constant-folding is inherently a trade-off between compilation time and speed at runtime. XLA has some guards that attempt to keep constant folding from taking too long, but fundamentally you'll always be able to come up with an input program that takes a long time.

If you'd like to file a bug, run with envvar XLA_FLAGS=--xla_dump_to=/tmp/foo and attach the results.
I0514 20:46:30.220260 140135246804160 spec.py:346] Evaluating on the validation split.
I0514 20:46:30.220979 140135246804160 input_pipeline.py:19] Loading split = dev-clean
I0514 20:46:30.249898 140135246804160 input_pipeline.py:19] Loading split = dev-other
2026-05-14 20:47:03.991131: E external/xla/xla/service/slow_operation_alarm.cc:73] Constant folding an instruction is taking > 4s:

  %reduce-window.10 = f32[228,500]{1,0} reduce-window(%broadcast.245, %constant.119), window={size=1x500 pad=0_0x499_0}, to_apply=%region_35.2514.clone, metadata={op_name="jit(_eval_step)/jit(cumsum)/LibriSpeechConformerWorkload.sequence_mask/reduce_window_sum" source_file="/algorithmic-efficiency/algoperf/workloads/librispeech_conformer/librispeech_jax/workload.py" source_line=251}

This isn't necessarily a bug; constant-folding is inherently a trade-off between compilation time and speed at runtime. XLA has some guards that attempt to keep constant folding from taking too long, but fundamentally you'll always be able to come up with an input program that takes a long time.

If you'd like to file a bug, run with envvar XLA_FLAGS=--xla_dump_to=/tmp/foo and attach the results.
2026-05-14 20:47:06.367371: E external/xla/xla/service/slow_operation_alarm.cc:140] The operation took 6.376399831s
Constant folding an instruction is taking > 4s:

  %reduce-window.10 = f32[228,500]{1,0} reduce-window(%broadcast.245, %constant.119), window={size=1x500 pad=0_0x499_0}, to_apply=%region_35.2514.clone, metadata={op_name="jit(_eval_step)/jit(cumsum)/LibriSpeechConformerWorkload.sequence_mask/reduce_window_sum" source_file="/algorithmic-efficiency/algoperf/workloads/librispeech_conformer/librispeech_jax/workload.py" source_line=251}

This isn't necessarily a bug; constant-folding is inherently a trade-off between compilation time and speed at runtime. XLA has some guards that attempt to keep constant folding from taking too long, but fundamentally you'll always be able to come up with an input program that takes a long time.

If you'd like to file a bug, run with envvar XLA_FLAGS=--xla_dump_to=/tmp/foo and attach the results.
I0514 20:48:03.184014 140135246804160 spec.py:363] Evaluating on the test split.
I0514 20:48:03.184889 140135246804160 input_pipeline.py:19] Loading split = test-clean
I0514 20:48:56.395325 140135246804160 submission_runner.py:516] Time since start: 393.90s, 	Step: 1, 	{'train/ctc_loss': Array(7.763394, dtype=float32), 'train/wer': np.float64(4.1193855027799176), 'validation/ctc_loss': Array(7.5782866, dtype=float32), 'validation/wer': np.float64(3.7919374305991407), 'validation/num_examples': 5348, 'test/ctc_loss': Array(7.599229, dtype=float32), 'test/wer': np.float64(3.9952877135254807), 'test/num_examples': 2472, 'score': 127.73932814598083, 'total_duration': 393.8962218761444, 'accumulated_submission_time': 127.73932814598083, 'accumulated_eval_time': 266.1567747592926, 'accumulated_logging_time': 0}
I0514 20:48:56.423292 139960808920832 logging_writer.py:48] [1] accumulated_eval_time=266.157, accumulated_logging_time=0, accumulated_submission_time=127.739, global_step=1, preemption_count=0, score=127.739, test/ctc_loss=7.599228858947754, test/num_examples=2472, test/wer=3.99529, total_duration=393.896, train/ctc_loss=7.763393878936768, train/wer=4.11939, validation/ctc_loss=7.578286647796631, validation/num_examples=5348, validation/wer=3.79194
/usr/local/lib/python3.11/site-packages/jax/_src/interpreters/mlir.py:1268: UserWarning: Some donated buffers were not usable: float32[512], float32[512], float32[256], float32[256,256], float32[256], float32[256,256], float32[256], float32[256,256], float32[256], float32[256,256], float32[512,256], float32[512,256], float32[512,256], float32[512,256], float32[256], float32[256,256], float32[256], float32[256,256], float32[256], float32[256,256], float32[256], float32[256,256], float32[512,256], float32[512,256], float32[512,256], float32[512,256], float32[512], float32[512], float32[256], float32[256,256], float32[256], float32[256,256], float32[256], float32[256,256], float32[256], float32[256,256], float32[512,256], float32[512,256], float32[512,256], float32[512,256], float32[256], float32[256,256], float32[256], float32[256,256], float32[256], float32[256,256], float32[256], float32[256,256], float32[512,256], float32[512,256], float32[512,256], float32[512,256], float32[512], float32[512], float32[256], float32[256,256], float32[256], float32[256,256], float32[256], float32[256,256], float32[256], float32[256,256], float32[512,256], float32[512,256], float32[512,256], float32[512,256], float32[256], float32[256,256], float32[256], float32[256,256], float32[256], float32[256,256], float32[256], float32[256,256], float32[512,256], float32[512,256], float32[512,256], float32[512,256], float32[512], float32[512], float32[256], float32[256,256], float32[256], float32[256,256], float32[256], float32[256,256], float32[256], float32[256,256], float32[512,256], float32[512,256], float32[512,256], float32[512,256], float32[256], float32[256,256], float32[256], float32[256,256], float32[256], float32[256,256], float32[256], float32[256,256], float32[512,256], float32[512,256], float32[512,256], float32[512,256], float32[512], float32[512], float32[256], float32[256,256], float32[256], float32[256,256], float32[256], float32[256,256], float32[256], float32[256,256], float32[512,256], float32[512,256], float32[512,256], float32[512,256], float32[256], float32[256,256], float32[256], float32[256,256], float32[256], float32[256,256], float32[256], float32[256,256], float32[512,256], float32[512,256], float32[512,256], float32[512,256], float32[512], float32[512], float32[256], float32[256,256], float32[256], float32[256,256], float32[256], float32[256,256], float32[256], float32[256,256], float32[512,256], float32[512,256], float32[512,256], float32[512,256], float32[256], float32[256,256], float32[256], float32[256,256], float32[256], float32[256,256], float32[256], float32[256,256], float32[512,256], float32[512,256], float32[512,256], float32[512,256], float32[1024], float32[512,1024], float32[512], float32[512], float32[512], float32[512,512], float32[512], float32[512], float32[512], float32[512,512], float32[512], float32[512], float32[512], float32[512,512], float32[512], float32[512], float32[512], float32[3,3,1,512], float32[512], float32[3,3,512,512], float32[512], float32[10240,512].
See an explanation at https://docs.jax.dev/en/latest/faq.html#buffer-donation.
  warnings.warn("Some donated buffers were not usable:"
I0514 20:52:34.484412 140038767470336 logging_writer.py:48] [100] global_step=100, grad_norm=0.8768244981765747, loss=5.870169639587402
I0514 20:56:09.496330 140073697662720 logging_writer.py:48] [200] global_step=200, grad_norm=0.44828879833221436, loss=5.789475440979004
I0514 20:59:57.206477 140038767470336 logging_writer.py:48] [300] global_step=300, grad_norm=1.7709294557571411, loss=5.620004177093506
I0514 21:03:47.298493 140073697662720 logging_writer.py:48] [400] global_step=400, grad_norm=1.2486388683319092, loss=5.4237165451049805
I0514 21:07:45.097802 140038767470336 logging_writer.py:48] [500] global_step=500, grad_norm=1.3533974885940552, loss=4.870099067687988
I0514 21:11:49.934321 140073697662720 logging_writer.py:48] [600] global_step=600, grad_norm=2.1908533573150635, loss=4.189592361450195
I0514 21:13:03.498532 140135246804160 spec.py:333] Evaluating on the training split.
I0514 21:13:53.503970 140135246804160 spec.py:346] Evaluating on the validation split.
/usr/local/lib/python3.11/multiprocessing/popen_fork.py:66: RuntimeWarning: os.fork() was called. os.fork() is incompatible with multithreaded code, and JAX is multithreaded, so this will likely lead to a deadlock.
  self.pid = os.fork()
I0514 21:14:36.417093 140135246804160 spec.py:363] Evaluating on the test split.
I0514 21:14:58.117204 140135246804160 submission_runner.py:516] Time since start: 1955.62s, 	Step: 633, 	{'train/ctc_loss': Array(1.731378, dtype=float32), 'train/wer': np.float64(1.0421927457724867), 'validation/ctc_loss': Array(1.6362473, dtype=float32), 'validation/wer': np.float64(0.969806401776662), 'validation/num_examples': 5348, 'test/ctc_loss': Array(1.5933617, dtype=float32), 'test/wer': np.float64(0.9890114354193326), 'test/num_examples': 2472, 'score': 1574.7836694717407, 'total_duration': 1955.6181466579437, 'accumulated_submission_time': 1574.7836694717407, 'accumulated_eval_time': 380.7729184627533, 'accumulated_logging_time': 0.05208301544189453}
I0514 21:14:58.154574 140073697662720 logging_writer.py:48] [633] accumulated_eval_time=380.773, accumulated_logging_time=0.052083, accumulated_submission_time=1574.78, global_step=633, preemption_count=0, score=1574.78, test/ctc_loss=1.593361735343933, test/num_examples=2472, test/wer=0.989011, total_duration=1955.62, train/ctc_loss=1.7313779592514038, train/wer=1.04219, validation/ctc_loss=1.6362472772598267, validation/num_examples=5348, validation/wer=0.969806
I0514 21:17:45.894366 140038767470336 logging_writer.py:48] [700] global_step=700, grad_norm=2.3103065490722656, loss=3.8800430297851562
I0514 21:21:44.040889 140073697662720 logging_writer.py:48] [800] global_step=800, grad_norm=1.201509714126587, loss=3.537986993789673
I0514 21:25:46.908290 140038767470336 logging_writer.py:48] [900] global_step=900, grad_norm=1.3562572002410889, loss=3.317166805267334
I0514 21:29:47.440930 140073697662720 logging_writer.py:48] [1000] global_step=1000, grad_norm=1.4454869031906128, loss=3.1683201789855957
I0514 21:33:51.311299 140038767470336 logging_writer.py:48] [1100] global_step=1100, grad_norm=2.037649393081665, loss=3.1177978515625
I0514 21:37:59.704825 140073697662720 logging_writer.py:48] [1200] global_step=1200, grad_norm=2.7867016792297363, loss=2.968886613845825
I0514 21:39:05.851752 140135246804160 spec.py:333] Evaluating on the training split.
I0514 21:39:54.978901 140135246804160 spec.py:346] Evaluating on the validation split.
/usr/local/lib/python3.11/multiprocessing/popen_fork.py:66: RuntimeWarning: os.fork() was called. os.fork() is incompatible with multithreaded code, and JAX is multithreaded, so this will likely lead to a deadlock.
  self.pid = os.fork()
I0514 21:40:40.220374 140135246804160 spec.py:363] Evaluating on the test split.
I0514 21:41:02.850221 140135246804160 submission_runner.py:516] Time since start: 3520.35s, 	Step: 1229, 	{'train/ctc_loss': Array(0.70260745, dtype=float32), 'train/wer': np.float64(0.6402578376794609), 'validation/ctc_loss': Array(0.78430516, dtype=float32), 'validation/wer': np.float64(0.6599719982619611), 'validation/num_examples': 5348, 'test/ctc_loss': Array(0.6930949, dtype=float32), 'test/wer': np.float64(0.6175735786972153), 'test/num_examples': 2472, 'score': 3022.463376760483, 'total_duration': 3520.3511185646057, 'accumulated_submission_time': 3022.463376760483, 'accumulated_eval_time': 497.7688100337982, 'accumulated_logging_time': 0.10047149658203125}
I0514 21:41:02.886768 140073697662720 logging_writer.py:48] [1229] accumulated_eval_time=497.769, accumulated_logging_time=0.100471, accumulated_submission_time=3022.46, global_step=1229, preemption_count=0, score=3022.46, test/ctc_loss=0.6930949091911316, test/num_examples=2472, test/wer=0.617574, total_duration=3520.35, train/ctc_loss=0.7026074528694153, train/wer=0.640258, validation/ctc_loss=0.7843051552772522, validation/num_examples=5348, validation/wer=0.659972
I0514 21:44:04.563578 140038767470336 logging_writer.py:48] [1300] global_step=1300, grad_norm=2.3697197437286377, loss=2.9137613773345947
I0514 21:48:12.365010 140073697662720 logging_writer.py:48] [1400] global_step=1400, grad_norm=2.1405856609344482, loss=2.7366976737976074
I0514 21:52:27.768916 140038767470336 logging_writer.py:48] [1500] global_step=1500, grad_norm=2.278984308242798, loss=2.725217342376709
I0514 21:56:40.967123 140073697662720 logging_writer.py:48] [1600] global_step=1600, grad_norm=2.790651321411133, loss=2.6935505867004395
I0514 22:00:51.788640 140038767470336 logging_writer.py:48] [1700] global_step=1700, grad_norm=2.4118237495422363, loss=2.612135648727417
I0514 22:05:09.689868 140073697662720 logging_writer.py:48] [1800] global_step=1800, grad_norm=2.3055901527404785, loss=2.587402582168579
I0514 22:05:10.470656 140135246804160 spec.py:333] Evaluating on the training split.
I0514 22:05:59.330723 140135246804160 spec.py:346] Evaluating on the validation split.
/usr/local/lib/python3.11/multiprocessing/popen_fork.py:66: RuntimeWarning: os.fork() was called. os.fork() is incompatible with multithreaded code, and JAX is multithreaded, so this will likely lead to a deadlock.
  self.pid = os.fork()
I0514 22:06:44.511806 140135246804160 spec.py:363] Evaluating on the test split.
I0514 22:07:07.170686 140135246804160 submission_runner.py:516] Time since start: 5084.67s, 	Step: 1802, 	{'train/ctc_loss': Array(0.40471458, dtype=float32), 'train/wer': np.float64(0.4288364934031237), 'validation/ctc_loss': Array(0.50880057, dtype=float32), 'validation/wer': np.float64(0.4800463477043403), 'validation/num_examples': 5348, 'test/ctc_loss': Array(0.4062324, dtype=float32), 'test/wer': np.float64(0.41502650661141915), 'test/num_examples': 2472, 'score': 4470.029826641083, 'total_duration': 5084.671627998352, 'accumulated_submission_time': 4470.029826641083, 'accumulated_eval_time': 614.4662919044495, 'accumulated_logging_time': 0.14824986457824707}
I0514 22:07:07.206258 140073697662720 logging_writer.py:48] [1802] accumulated_eval_time=614.466, accumulated_logging_time=0.14825, accumulated_submission_time=4470.03, global_step=1802, preemption_count=0, score=4470.03, test/ctc_loss=0.40623238682746887, test/num_examples=2472, test/wer=0.415027, total_duration=5084.67, train/ctc_loss=0.40471458435058594, train/wer=0.428836, validation/ctc_loss=0.5088005661964417, validation/num_examples=5348, validation/wer=0.480046
I0514 22:11:20.262262 140038767470336 logging_writer.py:48] [1900] global_step=1900, grad_norm=1.7896947860717773, loss=2.4705684185028076
I0514 22:15:30.197145 140073697662720 logging_writer.py:48] [2000] global_step=2000, grad_norm=2.8407199382781982, loss=2.4895782470703125
/usr/local/lib/python3.11/multiprocessing/popen_fork.py:66: RuntimeWarning: os.fork() was called. os.fork() is incompatible with multithreaded code, and JAX is multithreaded, so this will likely lead to a deadlock.
  self.pid = os.fork()
I0514 22:19:56.542998 140038767470336 logging_writer.py:48] [2100] global_step=2100, grad_norm=4.031805038452148, loss=2.5080792903900146
I0514 22:24:12.217212 139965794744064 logging_writer.py:48] [2200] global_step=2200, grad_norm=2.5870232582092285, loss=2.4084818363189697
I0514 22:28:26.197224 140038767470336 logging_writer.py:48] [2300] global_step=2300, grad_norm=2.672248363494873, loss=2.3602216243743896
I0514 22:31:15.140084 140135246804160 spec.py:333] Evaluating on the training split.
I0514 22:32:04.570150 140135246804160 spec.py:346] Evaluating on the validation split.
/usr/local/lib/python3.11/multiprocessing/popen_fork.py:66: RuntimeWarning: os.fork() was called. os.fork() is incompatible with multithreaded code, and JAX is multithreaded, so this will likely lead to a deadlock.
  self.pid = os.fork()
I0514 22:32:50.377445 140135246804160 spec.py:363] Evaluating on the test split.
I0514 22:33:13.129912 140135246804160 submission_runner.py:516] Time since start: 6650.63s, 	Step: 2365, 	{'train/ctc_loss': Array(0.27778074, dtype=float32), 'train/wer': np.float64(0.3242048822377447), 'validation/ctc_loss': Array(0.36898127, dtype=float32), 'validation/wer': np.float64(0.3829285955680008), 'validation/num_examples': 5348, 'test/ctc_loss': Array(0.27826777, dtype=float32), 'test/wer': np.float64(0.31631222960209615), 'test/num_examples': 2472, 'score': 5917.94594168663, 'total_duration': 6650.6303107738495, 'accumulated_submission_time': 5917.94594168663, 'accumulated_eval_time': 732.453049659729, 'accumulated_logging_time': 0.19536805152893066}
I0514 22:33:13.167870 140038767470336 logging_writer.py:48] [2365] accumulated_eval_time=732.453, accumulated_logging_time=0.195368, accumulated_submission_time=5917.95, global_step=2365, preemption_count=0, score=5917.95, test/ctc_loss=0.2782677710056305, test/num_examples=2472, test/wer=0.316312, total_duration=6650.63, train/ctc_loss=0.2777807414531708, train/wer=0.324205, validation/ctc_loss=0.368981271982193, validation/num_examples=5348, validation/wer=0.382929
I0514 22:34:47.924401 139965794744064 logging_writer.py:48] [2400] global_step=2400, grad_norm=2.8420655727386475, loss=2.289083242416382
I0514 22:39:06.620192 140038767470336 logging_writer.py:48] [2500] global_step=2500, grad_norm=3.7068583965301514, loss=2.3989546298980713
I0514 22:43:24.874645 139965794744064 logging_writer.py:48] [2600] global_step=2600, grad_norm=2.402425765991211, loss=2.2568368911743164
I0514 22:47:51.430900 140038767470336 logging_writer.py:48] [2700] global_step=2700, grad_norm=3.2128210067749023, loss=2.190275192260742
I0514 22:52:12.778064 139965794744064 logging_writer.py:48] [2800] global_step=2800, grad_norm=3.0099923610687256, loss=2.148508071899414
I0514 22:56:31.636852 140038767470336 logging_writer.py:48] [2900] global_step=2900, grad_norm=2.821817636489868, loss=2.1780762672424316
I0514 22:57:24.588562 140135246804160 spec.py:333] Evaluating on the training split.
I0514 22:58:13.009289 140135246804160 spec.py:346] Evaluating on the validation split.
/usr/local/lib/python3.11/multiprocessing/popen_fork.py:66: RuntimeWarning: os.fork() was called. os.fork() is incompatible with multithreaded code, and JAX is multithreaded, so this will likely lead to a deadlock.
  self.pid = os.fork()
I0514 22:58:58.000943 140135246804160 spec.py:363] Evaluating on the test split.
I0514 22:59:20.918753 140135246804160 submission_runner.py:516] Time since start: 8218.42s, 	Step: 2920, 	{'train/ctc_loss': Array(0.21824981, dtype=float32), 'train/wer': np.float64(0.2679825610472069), 'validation/ctc_loss': Array(0.30206114, dtype=float32), 'validation/wer': np.float64(0.3277555158596051), 'validation/num_examples': 5348, 'test/ctc_loss': Array(0.21979822, dtype=float32), 'test/wer': np.float64(0.2606178782523917), 'test/num_examples': 2472, 'score': 7369.348062515259, 'total_duration': 8218.419664621353, 'accumulated_submission_time': 7369.348062515259, 'accumulated_eval_time': 848.7806849479675, 'accumulated_logging_time': 0.24590611457824707}
I0514 22:59:20.958785 140038767470336 logging_writer.py:48] [2920] accumulated_eval_time=848.781, accumulated_logging_time=0.245906, accumulated_submission_time=7369.35, global_step=2920, preemption_count=0, score=7369.35, test/ctc_loss=0.2197982221841812, test/num_examples=2472, test/wer=0.260618, total_duration=8218.42, train/ctc_loss=0.21824981272220612, train/wer=0.267983, validation/ctc_loss=0.30206114053726196, validation/num_examples=5348, validation/wer=0.327756
I0514 23:02:56.312242 139965794744064 logging_writer.py:48] [3000] global_step=3000, grad_norm=2.751605272293091, loss=2.2153611183166504
I0514 23:07:19.300674 140038767470336 logging_writer.py:48] [3100] global_step=3100, grad_norm=2.4794063568115234, loss=2.27390456199646
I0514 23:11:41.208654 139965794744064 logging_writer.py:48] [3200] global_step=3200, grad_norm=3.2430684566497803, loss=2.132291316986084
I0514 23:16:10.650849 140038767470336 logging_writer.py:48] [3300] global_step=3300, grad_norm=2.4318602085113525, loss=2.108731985092163
I0514 23:20:34.105613 139965794744064 logging_writer.py:48] [3400] global_step=3400, grad_norm=3.9527761936187744, loss=2.1528050899505615
I0514 23:23:28.264921 140135246804160 spec.py:333] Evaluating on the training split.
I0514 23:24:17.411845 140135246804160 spec.py:346] Evaluating on the validation split.
/usr/local/lib/python3.11/multiprocessing/popen_fork.py:66: RuntimeWarning: os.fork() was called. os.fork() is incompatible with multithreaded code, and JAX is multithreaded, so this will likely lead to a deadlock.
  self.pid = os.fork()
I0514 23:25:03.720015 140135246804160 spec.py:363] Evaluating on the test split.
I0514 23:25:26.833450 140135246804160 submission_runner.py:516] Time since start: 9784.33s, 	Step: 3468, 	{'train/ctc_loss': Array(0.19220413, dtype=float32), 'train/wer': np.float64(0.23879840598343033), 'validation/ctc_loss': Array(0.2682903, dtype=float32), 'validation/wer': np.float64(0.29686670207116306), 'validation/num_examples': 5348, 'test/ctc_loss': Array(0.19061394, dtype=float32), 'test/wer': np.float64(0.23073954461438467), 'test/num_examples': 2472, 'score': 8816.63648033142, 'total_duration': 9784.333974123001, 'accumulated_submission_time': 8816.63648033142, 'accumulated_eval_time': 967.3462674617767, 'accumulated_logging_time': 0.29764771461486816}
I0514 23:25:26.872614 140038767470336 logging_writer.py:48] [3468] accumulated_eval_time=967.346, accumulated_logging_time=0.297648, accumulated_submission_time=8816.64, global_step=3468, preemption_count=0, score=8816.64, test/ctc_loss=0.19061394035816193, test/num_examples=2472, test/wer=0.23074, total_duration=9784.33, train/ctc_loss=0.19220413267612457, train/wer=0.238798, validation/ctc_loss=0.26829031109809875, validation/num_examples=5348, validation/wer=0.296867
I0514 23:26:56.844025 139965794744064 logging_writer.py:48] [3500] global_step=3500, grad_norm=3.7532107830047607, loss=2.0543816089630127
I0514 23:31:29.857660 140038767470336 logging_writer.py:48] [3600] global_step=3600, grad_norm=2.5295567512512207, loss=2.074718475341797
I0514 23:35:55.552344 139965794744064 logging_writer.py:48] [3700] global_step=3700, grad_norm=3.0042834281921387, loss=2.10837984085083
I0514 23:40:19.397380 140038767470336 logging_writer.py:48] [3800] global_step=3800, grad_norm=11.040767669677734, loss=2.10509991645813
I0514 23:44:50.036914 139965794744064 logging_writer.py:48] [3900] global_step=3900, grad_norm=3.1954431533813477, loss=1.9809473752975464
I0514 23:49:15.043152 140038767470336 logging_writer.py:48] [4000] global_step=4000, grad_norm=3.388777732849121, loss=2.003363847732544
I0514 23:49:37.958439 140135246804160 spec.py:333] Evaluating on the training split.
I0514 23:50:27.007811 140135246804160 spec.py:346] Evaluating on the validation split.
/usr/local/lib/python3.11/multiprocessing/popen_fork.py:66: RuntimeWarning: os.fork() was called. os.fork() is incompatible with multithreaded code, and JAX is multithreaded, so this will likely lead to a deadlock.
  self.pid = os.fork()
I0514 23:51:12.675925 140135246804160 spec.py:363] Evaluating on the test split.
I0514 23:51:36.040509 140135246804160 submission_runner.py:516] Time since start: 11353.54s, 	Step: 4009, 	{'train/ctc_loss': Array(0.16742158, dtype=float32), 'train/wer': np.float64(0.21268053517112287), 'validation/ctc_loss': Array(0.24788384, dtype=float32), 'validation/wer': np.float64(0.277680683628639), 'validation/num_examples': 5348, 'test/ctc_loss': Array(0.17202456, dtype=float32), 'test/wer': np.float64(0.21176852923851888), 'test/num_examples': 2472, 'score': 10267.703375816345, 'total_duration': 11353.541354179382, 'accumulated_submission_time': 10267.703375816345, 'accumulated_eval_time': 1085.4256989955902, 'accumulated_logging_time': 0.349942684173584}
I0514 23:51:36.077347 140038767470336 logging_writer.py:48] [4009] accumulated_eval_time=1085.43, accumulated_logging_time=0.349943, accumulated_submission_time=10267.7, global_step=4009, preemption_count=0, score=10267.7, test/ctc_loss=0.17202456295490265, test/num_examples=2472, test/wer=0.211769, total_duration=11353.5, train/ctc_loss=0.16742157936096191, train/wer=0.212681, validation/ctc_loss=0.2478838413953781, validation/num_examples=5348, validation/wer=0.277681
I0514 23:55:40.505865 139965794744064 logging_writer.py:48] [4100] global_step=4100, grad_norm=3.235368490219116, loss=2.0341975688934326
/usr/local/lib/python3.11/multiprocessing/popen_fork.py:66: RuntimeWarning: os.fork() was called. os.fork() is incompatible with multithreaded code, and JAX is multithreaded, so this will likely lead to a deadlock.
  self.pid = os.fork()
I0515 00:00:22.061096 140038767470336 logging_writer.py:48] [4200] global_step=4200, grad_norm=4.737986087799072, loss=1.9824626445770264
I0515 00:04:47.875744 139965794744064 logging_writer.py:48] [4300] global_step=4300, grad_norm=2.888357400894165, loss=2.013657569885254
I0515 00:09:12.168787 140038767470336 logging_writer.py:48] [4400] global_step=4400, grad_norm=3.9545278549194336, loss=1.9884703159332275
I0515 00:13:43.949665 139965794744064 logging_writer.py:48] [4500] global_step=4500, grad_norm=3.264880895614624, loss=1.995452880859375
I0515 00:15:44.716376 140135246804160 spec.py:333] Evaluating on the training split.
I0515 00:16:34.541745 140135246804160 spec.py:346] Evaluating on the validation split.
/usr/local/lib/python3.11/multiprocessing/popen_fork.py:66: RuntimeWarning: os.fork() was called. os.fork() is incompatible with multithreaded code, and JAX is multithreaded, so this will likely lead to a deadlock.
  self.pid = os.fork()
I0515 00:17:21.120182 140135246804160 spec.py:363] Evaluating on the test split.
I0515 00:17:43.926811 140135246804160 submission_runner.py:516] Time since start: 12921.43s, 	Step: 4546, 	{'train/ctc_loss': Array(0.14291188, dtype=float32), 'train/wer': np.float64(0.18606828050651342), 'validation/ctc_loss': Array(0.2332981, dtype=float32), 'validation/wer': np.float64(0.2619707430116352), 'validation/num_examples': 5348, 'test/ctc_loss': Array(0.15905225, dtype=float32), 'test/wer': np.float64(0.1957630044888591), 'test/num_examples': 2472, 'score': 11716.324367284775, 'total_duration': 12921.427649736404, 'accumulated_submission_time': 11716.324367284775, 'accumulated_eval_time': 1204.633507490158, 'accumulated_logging_time': 0.39902257919311523}
I0515 00:17:43.962588 140038767470336 logging_writer.py:48] [4546] accumulated_eval_time=1204.63, accumulated_logging_time=0.399023, accumulated_submission_time=11716.3, global_step=4546, preemption_count=0, score=11716.3, test/ctc_loss=0.15905225276947021, test/num_examples=2472, test/wer=0.195763, total_duration=12921.4, train/ctc_loss=0.1429118812084198, train/wer=0.186068, validation/ctc_loss=0.23329809308052063, validation/num_examples=5348, validation/wer=0.261971
I0515 00:20:14.562078 139965794744064 logging_writer.py:48] [4600] global_step=4600, grad_norm=3.709951400756836, loss=1.9472483396530151
I0515 00:24:42.206727 140038767470336 logging_writer.py:48] [4700] global_step=4700, grad_norm=3.2031409740448, loss=1.9016488790512085
I0515 00:29:18.026782 139965794744064 logging_writer.py:48] [4800] global_step=4800, grad_norm=8.417388916015625, loss=1.8801908493041992
I0515 00:33:47.281447 140038767470336 logging_writer.py:48] [4900] global_step=4900, grad_norm=4.9419026374816895, loss=1.9445604085922241
I0515 00:38:15.534792 139965794744064 logging_writer.py:48] [5000] global_step=5000, grad_norm=2.9570109844207764, loss=1.9482905864715576
I0515 00:41:54.944381 140135246804160 spec.py:333] Evaluating on the training split.
I0515 00:42:44.254415 140135246804160 spec.py:346] Evaluating on the validation split.
/usr/local/lib/python3.11/multiprocessing/popen_fork.py:66: RuntimeWarning: os.fork() was called. os.fork() is incompatible with multithreaded code, and JAX is multithreaded, so this will likely lead to a deadlock.
  self.pid = os.fork()
I0515 00:43:29.865122 140135246804160 spec.py:363] Evaluating on the test split.
I0515 00:43:53.225352 140135246804160 submission_runner.py:516] Time since start: 14490.73s, 	Step: 5080, 	{'train/ctc_loss': Array(0.13086782, dtype=float32), 'train/wer': np.float64(0.1694428336587416), 'validation/ctc_loss': Array(0.2225752, dtype=float32), 'validation/wer': np.float64(0.2505576208178439), 'validation/num_examples': 5348, 'test/ctc_loss': Array(0.14897287, dtype=float32), 'test/wer': np.float64(0.1849572441248756), 'test/num_examples': 2472, 'score': 13167.288658618927, 'total_duration': 14490.726135969162, 'accumulated_submission_time': 13167.288658618927, 'accumulated_eval_time': 1322.9117903709412, 'accumulated_logging_time': 0.446596622467041}
I0515 00:43:53.266073 140038767470336 logging_writer.py:48] [5080] accumulated_eval_time=1322.91, accumulated_logging_time=0.446597, accumulated_submission_time=13167.3, global_step=5080, preemption_count=0, score=13167.3, test/ctc_loss=0.14897286891937256, test/num_examples=2472, test/wer=0.184957, total_duration=14490.7, train/ctc_loss=0.1308678239583969, train/wer=0.169443, validation/ctc_loss=0.22257520258426666, validation/num_examples=5348, validation/wer=0.250558
I0515 00:44:53.090448 139965794744064 logging_writer.py:48] [5100] global_step=5100, grad_norm=3.7574195861816406, loss=1.8483498096466064
I0515 00:49:28.466464 140038767470336 logging_writer.py:48] [5200] global_step=5200, grad_norm=3.1634576320648193, loss=1.8607321977615356
I0515 00:54:01.055503 139965794744064 logging_writer.py:48] [5300] global_step=5300, grad_norm=3.92291259765625, loss=1.9100401401519775
I0515 00:58:41.056084 140038767470336 logging_writer.py:48] [5400] global_step=5400, grad_norm=4.596659183502197, loss=1.797935128211975
I0515 01:03:16.360606 139965794744064 logging_writer.py:48] [5500] global_step=5500, grad_norm=4.650200366973877, loss=1.8697296380996704
I0515 01:07:50.058599 140038767470336 logging_writer.py:48] [5600] global_step=5600, grad_norm=4.316026210784912, loss=1.790669560432434
I0515 01:08:04.930051 140135246804160 spec.py:333] Evaluating on the training split.
I0515 01:08:54.748060 140135246804160 spec.py:346] Evaluating on the validation split.
/usr/local/lib/python3.11/multiprocessing/popen_fork.py:66: RuntimeWarning: os.fork() was called. os.fork() is incompatible with multithreaded code, and JAX is multithreaded, so this will likely lead to a deadlock.
  self.pid = os.fork()
I0515 01:09:40.717336 140135246804160 spec.py:363] Evaluating on the test split.
I0515 01:10:03.898137 140135246804160 submission_runner.py:516] Time since start: 16061.40s, 	Step: 5605, 	{'train/ctc_loss': Array(0.12847117, dtype=float32), 'train/wer': np.float64(0.1701158918200003), 'validation/ctc_loss': Array(0.21273205, dtype=float32), 'validation/wer': np.float64(0.24080529136291218), 'validation/num_examples': 5348, 'test/ctc_loss': Array(0.14022651, dtype=float32), 'test/wer': np.float64(0.17557329433510044), 'test/num_examples': 2472, 'score': 14618.935422182083, 'total_duration': 16061.39893746376, 'accumulated_submission_time': 14618.935422182083, 'accumulated_eval_time': 1441.8771924972534, 'accumulated_logging_time': 0.49899911880493164}
I0515 01:10:03.938786 140038767470336 logging_writer.py:48] [5605] accumulated_eval_time=1441.88, accumulated_logging_time=0.498999, accumulated_submission_time=14618.9, global_step=5605, preemption_count=0, score=14618.9, test/ctc_loss=0.14022651314735413, test/num_examples=2472, test/wer=0.175573, total_duration=16061.4, train/ctc_loss=0.12847116589546204, train/wer=0.170116, validation/ctc_loss=0.21273204684257507, validation/num_examples=5348, validation/wer=0.240805
I0515 01:14:34.359778 139965794744064 logging_writer.py:48] [5700] global_step=5700, grad_norm=5.398136138916016, loss=1.9219332933425903
I0515 01:19:09.894009 140038767470336 logging_writer.py:48] [5800] global_step=5800, grad_norm=3.1373395919799805, loss=1.86528742313385
I0515 01:23:43.443179 139965794744064 logging_writer.py:48] [5900] global_step=5900, grad_norm=4.493006229400635, loss=1.8370933532714844
I0515 01:28:25.095201 140038767470336 logging_writer.py:48] [6000] global_step=6000, grad_norm=2.618983268737793, loss=1.816432237625122
I0515 01:33:01.516175 139965794744064 logging_writer.py:48] [6100] global_step=6100, grad_norm=3.2991042137145996, loss=1.8437145948410034
I0515 01:34:15.144821 140135246804160 spec.py:333] Evaluating on the training split.
