python submission_runner.py --framework=jax --workload=imagenet_resnet --submission_path=submissions_algorithms/submissions/self_tuning/schedule_free_adamw_jax/submission.py --data_dir=/data/imagenet/jax --experiment_dir=/experiment_runs --experiment_name=submissions_a100/schedule_free_adamw_jax/study_0 --overwrite=True --save_checkpoints=False --rng_seed=1528568997 --imagenet_v2_data_dir=/data/imagenet/jax --tuning_ruleset=self 2>&1 | tee -a /logs/imagenet_resnet_jax_05-12-2026-05-03-21.log
2026-05-12 05:03:22.245052: E external/local_xla/xla/stream_executor/cuda/cuda_fft.cc:467] Unable to register cuFFT factory: Attempting to register factory for plugin cuFFT when one has already been registered
WARNING: All log messages before absl::InitializeLog() is called are written to STDERR
E0000 00:00:1778562202.267738      13 cuda_dnn.cc:8579] Unable to register cuDNN factory: Attempting to register factory for plugin cuDNN when one has already been registered
E0000 00:00:1778562202.275245      13 cuda_blas.cc:1407] Unable to register cuBLAS factory: Attempting to register factory for plugin cuBLAS when one has already been registered
W0000 00:00:1778562202.293367      13 computation_placer.cc:177] computation placer already registered. Please check linkage and avoid linking the same target more than once.
W0000 00:00:1778562202.293393      13 computation_placer.cc:177] computation placer already registered. Please check linkage and avoid linking the same target more than once.
W0000 00:00:1778562202.293396      13 computation_placer.cc:177] computation placer already registered. Please check linkage and avoid linking the same target more than once.
W0000 00:00:1778562202.293398      13 computation_placer.cc:177] computation placer already registered. Please check linkage and avoid linking the same target more than once.
/usr/local/lib/python3.11/site-packages/torch/__init__.py:1617: UserWarning: Please use the new API settings to control TF32 behavior, such as torch.backends.cudnn.conv.fp32_precision = 'tf32' or torch.backends.cuda.matmul.fp32_precision = 'ieee'. Old settings, e.g, torch.backends.cuda.matmul.allow_tf32 = True, torch.backends.cudnn.allow_tf32 = True, allowTF32CuDNN() and allowTF32CuBLAS() will be deprecated after Pytorch 2.9. Please see https://pytorch.org/docs/main/notes/cuda.html#tensorfloat-32-tf32-on-ampere-and-later-devices (Triggered internally at /pytorch/aten/src/ATen/Context.cpp:80.)
  _C._set_float32_matmul_precision(precision)
/usr/local/lib/python3.11/site-packages/pydantic/_internal/_generate_schema.py:2249: UnsupportedFieldAttributeWarning: The 'repr' attribute with value False was provided to the `Field()` function, which has no effect in the context it was used. 'repr' is field-specific metadata, and can only be attached to a model field using `Annotated` metadata or by assignment. This may have happened because an `Annotated` type alias using the `type` statement was used, or if the `Field()` function was attached to a single member of a union type.
  warnings.warn(
/usr/local/lib/python3.11/site-packages/pydantic/_internal/_generate_schema.py:2249: UnsupportedFieldAttributeWarning: The 'frozen' attribute with value True was provided to the `Field()` function, which has no effect in the context it was used. 'frozen' is field-specific metadata, and can only be attached to a model field using `Annotated` metadata or by assignment. This may have happened because an `Annotated` type alias using the `type` statement was used, or if the `Field()` function was attached to a single member of a union type.
  warnings.warn(
INFO:2026-05-12 05:03:29,581:jax._src.xla_bridge:830: Unable to initialize backend 'tpu': INTERNAL: Failed to open libtpu.so: libtpu.so: cannot open shared object file: No such file or directory
I0512 05:03:29.581590 140697648850112 xla_bridge.py:830] Unable to initialize backend 'tpu': INTERNAL: Failed to open libtpu.so: libtpu.so: cannot open shared object file: No such file or directory
I0512 05:03:30.191570 140697648850112 logger_utils.py:59] Removing existing experiment directory /experiment_runs/submissions_a100/schedule_free_adamw_jax/study_0/imagenet_resnet_jax because --overwrite was set.
I0512 05:03:30.197401 140697648850112 logger_utils.py:84] Creating experiment directory at /experiment_runs/submissions_a100/schedule_free_adamw_jax/study_0/imagenet_resnet_jax.
I0512 05:03:30.580133 140697648850112 submission_runner.py:741] Creating directory at /experiment_runs/submissions_a100/schedule_free_adamw_jax/study_0/imagenet_resnet_jax/trial_1.
I0512 05:03:30.846657 140697648850112 submission_runner.py:242] Initializing dataset.
I0512 05:03:31.319544 140697648850112 dataset_info.py:707] Load dataset info from /data/imagenet/jax/imagenet2012/5.1.0
I0512 05:03:31.397021 140697648850112 dataset_info.py:793] For 'imagenet2012/5.1.0': fields info.[splits, supervised_keys] differ on disk and in the code. Keeping the one from code.
I0512 05:03:31.678571 140697648850112 reader.py:262] Creating a tf.data.Dataset reading 1024 files located in folders: /data/imagenet/jax/imagenet2012/5.1.0.
I0512 05:03:31.758641 140697648850112 logging_logger.py:49] Constructing tf.data.Dataset imagenet2012 for split train, from /data/imagenet/jax/imagenet2012/5.1.0
I0512 05:03:32.652941 140697648850112 submission_runner.py:251] Initializing model.
I0512 05:03:55.554005 140697648850112 submission_runner.py:294] Initializing optimizer.
I0512 05:03:57.128907 140697648850112 submission_runner.py:299] Initializing metrics bundle.
I0512 05:03:57.129166 140697648850112 submission_runner.py:321] Initializing checkpoint and logger.
I0512 05:03:57.135442 140697648850112 checkpoints.py:1098] Found no checkpoint files in /experiment_runs/submissions_a100/schedule_free_adamw_jax/study_0/imagenet_resnet_jax/trial_1 with prefix checkpoint_
I0512 05:03:57.135576 140697648850112 submission_runner.py:344] Saving meta data to /experiment_runs/submissions_a100/schedule_free_adamw_jax/study_0/imagenet_resnet_jax/trial_1/meta_data_0.json.
I0512 05:03:57.302415 140697648850112 submission_runner.py:348] Saving flags to /experiment_runs/submissions_a100/schedule_free_adamw_jax/study_0/imagenet_resnet_jax/trial_1/flags_0.json.
I0512 05:03:57.318631 140697648850112 submission_runner.py:359] Starting training loop.
/usr/local/lib/python3.11/site-packages/jax/_src/interpreters/mlir.py:1268: UserWarning: Some donated buffers were not usable: float32[64], float32[64], float32[64], float32[64], float32[64], float32[64], float32[256], float32[256], float32[256], float32[256], float32[1,1,64,64], float32[3,3,64,64], float32[1,1,64,256], float32[1,1,64,256], float32[64], float32[64], float32[64], float32[64], float32[256], float32[256], float32[1,1,256,64], float32[3,3,64,64], float32[1,1,64,256], float32[256], float32[256], float32[256], float32[256], float32[1024], float32[1024], float32[1,1,1024,256], float32[3,3,256,256], float32[1,1,256,1024], float32[256], float32[256], float32[256], float32[256], float32[1024], float32[1024], float32[1,1,1024,256], float32[3,3,256,256], float32[1,1,256,1024], float32[256], float32[256], float32[256], float32[256], float32[1024], float32[1024], float32[1,1,1024,256], float32[3,3,256,256], float32[1,1,256,1024], float32[512], float32[512], float32[512], float32[512], float32[2048], float32[2048], float32[2048], float32[2048], float32[1,1,1024,512], float32[3,3,512,512], float32[1,1,512,2048], float32[1,1,1024,2048], float32[512], float32[512], float32[512], float32[512], float32[2048], float32[2048], float32[1,1,2048,512], float32[3,3,512,512], float32[1,1,512,2048], float32[512], float32[512], float32[512], float32[512], float32[2048], float32[2048], float32[1,1,2048,512], float32[3,3,512,512], float32[1,1,512,2048], float32[64], float32[64], float32[64], float32[64], float32[256], float32[256], float32[1,1,256,64], float32[3,3,64,64], float32[1,1,64,256], float32[128], float32[128], float32[128], float32[128], float32[512], float32[512], float32[512], float32[512], float32[1,1,256,128], float32[3,3,128,128], float32[1,1,128,512], float32[1,1,256,512], float32[128], float32[128], float32[128], float32[128], float32[512], float32[512], float32[1,1,512,128], float32[3,3,128,128], float32[1,1,128,512], float32[128], float32[128], float32[128], float32[128], float32[512], float32[512], float32[1,1,512,128], float32[3,3,128,128], float32[1,1,128,512], float32[128], float32[128], float32[128], float32[128], float32[512], float32[512], float32[1,1,512,128], float32[3,3,128,128], float32[1,1,128,512], float32[256], float32[256], float32[256], float32[256], float32[1024], float32[1024], float32[1024], float32[1024], float32[1,1,512,256], float32[3,3,256,256], float32[1,1,256,1024], float32[1,1,512,1024], float32[256], float32[256], float32[256], float32[256], float32[1024], float32[1024], float32[1,1,1024,256], float32[3,3,256,256], float32[1,1,256,1024], float32[256], float32[256], float32[256], float32[256], float32[1024], float32[1024], float32[1,1,1024,256], float32[3,3,256,256], float32[1,1,256,1024], float32[7,7,3,64], float32[1000], float32[2048,1000].
See an explanation at https://docs.jax.dev/en/latest/faq.html#buffer-donation.
  warnings.warn("Some donated buffers were not usable:"
I0512 05:04:43.396646 140682685572864 logging_writer.py:48] [0] global_step=0, grad_norm=0.6528950929641724, loss=6.916538715362549
I0512 05:04:44.586717 140697648850112 spec.py:333] Evaluating on the training split.
I0512 05:04:44.857469 140697648850112 dataset_info.py:707] Load dataset info from /data/imagenet/jax/imagenet2012/5.1.0
I0512 05:04:44.862921 140697648850112 dataset_info.py:793] For 'imagenet2012/5.1.0': fields info.[splits, supervised_keys] differ on disk and in the code. Keeping the one from code.
I0512 05:04:44.881071 140697648850112 reader.py:262] Creating a tf.data.Dataset reading 1024 files located in folders: /data/imagenet/jax/imagenet2012/5.1.0.
I0512 05:04:44.921561 140697648850112 logging_logger.py:49] Constructing tf.data.Dataset imagenet2012 for split train, from /data/imagenet/jax/imagenet2012/5.1.0
I0512 05:05:07.441324 140697648850112 spec.py:346] Evaluating on the validation split.
I0512 05:05:07.446998 140697648850112 dataset_info.py:707] Load dataset info from /data/imagenet/jax/imagenet2012/5.1.0
I0512 05:05:07.462777 140697648850112 dataset_info.py:793] For 'imagenet2012/5.1.0': fields info.[splits, supervised_keys] differ on disk and in the code. Keeping the one from code.
I0512 05:05:07.465815 140697648850112 reader.py:262] Creating a tf.data.Dataset reading 64 files located in folders: /data/imagenet/jax/imagenet2012/5.1.0.
I0512 05:05:07.586973 140697648850112 logging_logger.py:49] Constructing tf.data.Dataset imagenet2012 for split validation, from /data/imagenet/jax/imagenet2012/5.1.0
I0512 05:05:34.868277 140697648850112 spec.py:363] Evaluating on the test split.
I0512 05:05:34.938757 140697648850112 dataset_info.py:707] Load dataset info from /data/imagenet/jax/imagenet_v2/matched-frequency/3.0.0
I0512 05:05:35.018460 140697648850112 reader.py:262] Creating a tf.data.Dataset reading 16 files located in folders: /data/imagenet/jax/imagenet_v2/matched-frequency/3.0.0.
I0512 05:05:35.064105 140697648850112 logging_logger.py:49] Constructing tf.data.Dataset imagenet_v2 for split test, from /data/imagenet/jax/imagenet_v2/matched-frequency/3.0.0
I0512 05:05:39.426544 140697648850112 submission_runner.py:516] Time since start: 102.11s, 	Step: 1, 	{'train/accuracy': Array(0.00057797, dtype=float32), 'train/loss': Array(6.913732, dtype=float32), 'validation/accuracy': Array(0.00092, dtype=float32), 'validation/loss': Array(6.91351, dtype=float32), 'validation/num_examples': 50000, 'test/accuracy': Array(0.0008, dtype=float32), 'test/loss': Array(6.9142723, dtype=float32), 'test/num_examples': 10000, 'score': 47.26798915863037, 'total_duration': 102.10592675209045, 'accumulated_submission_time': 47.26798915863037, 'accumulated_eval_time': 54.83784818649292, 'accumulated_logging_time': 0}
I0512 05:05:39.452088 140480343938816 logging_writer.py:48] [1] accumulated_eval_time=54.8378, accumulated_logging_time=0, accumulated_submission_time=47.268, global_step=1, preemption_count=0, score=47.268, test/accuracy=0.000800000037997961, test/loss=6.914272308349609, test/num_examples=10000, total_duration=102.106, train/accuracy=0.0005779655766673386, train/loss=6.913732051849365, validation/accuracy=0.0009199999622069299, validation/loss=6.913509845733643, validation/num_examples=50000
/usr/local/lib/python3.11/site-packages/jax/_src/interpreters/mlir.py:1268: UserWarning: Some donated buffers were not usable: float32[64], float32[64], float32[64], float32[64], float32[64], float32[64], float32[256], float32[256], float32[256], float32[256], float32[1,1,64,64], float32[3,3,64,64], float32[1,1,64,256], float32[1,1,64,256], float32[64], float32[64], float32[64], float32[64], float32[256], float32[256], float32[1,1,256,64], float32[3,3,64,64], float32[1,1,64,256], float32[256], float32[256], float32[256], float32[256], float32[1024], float32[1024], float32[1,1,1024,256], float32[3,3,256,256], float32[1,1,256,1024], float32[256], float32[256], float32[256], float32[256], float32[1024], float32[1024], float32[1,1,1024,256], float32[3,3,256,256], float32[1,1,256,1024], float32[256], float32[256], float32[256], float32[256], float32[1024], float32[1024], float32[1,1,1024,256], float32[3,3,256,256], float32[1,1,256,1024], float32[512], float32[512], float32[512], float32[512], float32[2048], float32[2048], float32[2048], float32[2048], float32[1,1,1024,512], float32[3,3,512,512], float32[1,1,512,2048], float32[1,1,1024,2048], float32[512], float32[512], float32[512], float32[512], float32[2048], float32[2048], float32[1,1,2048,512], float32[3,3,512,512], float32[1,1,512,2048], float32[512], float32[512], float32[512], float32[512], float32[2048], float32[2048], float32[1,1,2048,512], float32[3,3,512,512], float32[1,1,512,2048], float32[64], float32[64], float32[64], float32[64], float32[256], float32[256], float32[1,1,256,64], float32[3,3,64,64], float32[1,1,64,256], float32[128], float32[128], float32[128], float32[128], float32[512], float32[512], float32[512], float32[512], float32[1,1,256,128], float32[3,3,128,128], float32[1,1,128,512], float32[1,1,256,512], float32[128], float32[128], float32[128], float32[128], float32[512], float32[512], float32[1,1,512,128], float32[3,3,128,128], float32[1,1,128,512], float32[128], float32[128], float32[128], float32[128], float32[512], float32[512], float32[1,1,512,128], float32[3,3,128,128], float32[1,1,128,512], float32[128], float32[128], float32[128], float32[128], float32[512], float32[512], float32[1,1,512,128], float32[3,3,128,128], float32[1,1,128,512], float32[256], float32[256], float32[256], float32[256], float32[1024], float32[1024], float32[1024], float32[1024], float32[1,1,512,256], float32[3,3,256,256], float32[1,1,256,1024], float32[1,1,512,1024], float32[256], float32[256], float32[256], float32[256], float32[1024], float32[1024], float32[1,1,1024,256], float32[3,3,256,256], float32[1,1,256,1024], float32[256], float32[256], float32[256], float32[256], float32[1024], float32[1024], float32[1,1,1024,256], float32[3,3,256,256], float32[1,1,256,1024], float32[7,7,3,64], float32[1000], float32[2048,1000].
See an explanation at https://docs.jax.dev/en/latest/faq.html#buffer-donation.
  warnings.warn("Some donated buffers were not usable:"
I0512 05:06:13.164191 140480092288768 logging_writer.py:48] [100] global_step=100, grad_norm=0.6882839202880859, loss=6.799903869628906
I0512 05:06:47.318223 140480100681472 logging_writer.py:48] [200] global_step=200, grad_norm=0.8116018772125244, loss=6.477569103240967
I0512 05:07:21.483954 140480092288768 logging_writer.py:48] [300] global_step=300, grad_norm=1.590524435043335, loss=6.244244575500488
I0512 05:07:54.072836 140480100681472 logging_writer.py:48] [400] global_step=400, grad_norm=1.599112629890442, loss=5.98134708404541
I0512 05:08:27.842107 140480092288768 logging_writer.py:48] [500] global_step=500, grad_norm=2.617067337036133, loss=5.675543785095215
I0512 05:09:02.119881 140480100681472 logging_writer.py:48] [600] global_step=600, grad_norm=3.815984010696411, loss=5.510527610778809
I0512 05:09:37.385173 140480092288768 logging_writer.py:48] [700] global_step=700, grad_norm=3.2124862670898438, loss=5.427734375
I0512 05:10:11.992772 140480100681472 logging_writer.py:48] [800] global_step=800, grad_norm=3.8333873748779297, loss=5.297043800354004
I0512 05:10:46.812334 140480092288768 logging_writer.py:48] [900] global_step=900, grad_norm=3.5239462852478027, loss=5.154345512390137
I0512 05:11:21.938257 140480100681472 logging_writer.py:48] [1000] global_step=1000, grad_norm=4.204556465148926, loss=5.021713733673096
I0512 05:11:57.498470 140480092288768 logging_writer.py:48] [1100] global_step=1100, grad_norm=7.288452625274658, loss=4.952510356903076
I0512 05:12:31.891261 140480100681472 logging_writer.py:48] [1200] global_step=1200, grad_norm=5.108842849731445, loss=4.748758316040039
I0512 05:13:00.920927 140480092288768 logging_writer.py:48] [1300] global_step=1300, grad_norm=3.6263036727905273, loss=4.678580284118652
I0512 05:13:25.908947 140480100681472 logging_writer.py:48] [1400] global_step=1400, grad_norm=5.285329341888428, loss=4.593272686004639
I0512 05:13:50.844767 140480092288768 logging_writer.py:48] [1500] global_step=1500, grad_norm=5.748023986816406, loss=4.499791145324707
I0512 05:14:15.816818 140480100681472 logging_writer.py:48] [1600] global_step=1600, grad_norm=6.618143081665039, loss=4.451961517333984
I0512 05:14:40.794521 140480092288768 logging_writer.py:48] [1700] global_step=1700, grad_norm=4.438452243804932, loss=4.259748458862305
I0512 05:15:05.746517 140480100681472 logging_writer.py:48] [1800] global_step=1800, grad_norm=5.362610340118408, loss=4.289672374725342
I0512 05:15:30.936760 140480092288768 logging_writer.py:48] [1900] global_step=1900, grad_norm=5.4439377784729, loss=4.034548759460449
I0512 05:15:55.887821 140480100681472 logging_writer.py:48] [2000] global_step=2000, grad_norm=4.906578540802002, loss=4.062964916229248
I0512 05:16:20.862485 140480092288768 logging_writer.py:48] [2100] global_step=2100, grad_norm=4.642197132110596, loss=3.916231155395508
I0512 05:16:45.843119 140480100681472 logging_writer.py:48] [2200] global_step=2200, grad_norm=4.395402908325195, loss=3.8981919288635254
I0512 05:17:10.802521 140480092288768 logging_writer.py:48] [2300] global_step=2300, grad_norm=4.279987335205078, loss=3.70086669921875
I0512 05:17:35.798189 140480100681472 logging_writer.py:48] [2400] global_step=2400, grad_norm=3.279478073120117, loss=3.818605422973633
I0512 05:18:00.761616 140480092288768 logging_writer.py:48] [2500] global_step=2500, grad_norm=4.9718828201293945, loss=3.560645580291748
I0512 05:18:25.787458 140480100681472 logging_writer.py:48] [2600] global_step=2600, grad_norm=5.623873710632324, loss=3.6013951301574707
I0512 05:18:50.750927 140480092288768 logging_writer.py:48] [2700] global_step=2700, grad_norm=3.140951633453369, loss=3.4702236652374268
I0512 05:19:15.738051 140480100681472 logging_writer.py:48] [2800] global_step=2800, grad_norm=3.8375260829925537, loss=3.4974286556243896
I0512 05:19:40.725298 140480092288768 logging_writer.py:48] [2900] global_step=2900, grad_norm=3.8878705501556396, loss=3.488369941711426
I0512 05:20:05.709373 140480100681472 logging_writer.py:48] [3000] global_step=3000, grad_norm=4.660017967224121, loss=3.3403830528259277
I0512 05:20:30.703637 140480092288768 logging_writer.py:48] [3100] global_step=3100, grad_norm=4.549738883972168, loss=3.2696473598480225
I0512 05:20:55.683416 140480100681472 logging_writer.py:48] [3200] global_step=3200, grad_norm=3.326476573944092, loss=3.3099515438079834
I0512 05:21:20.802405 140480092288768 logging_writer.py:48] [3300] global_step=3300, grad_norm=3.39981746673584, loss=3.170536518096924
I0512 05:21:45.751385 140480100681472 logging_writer.py:48] [3400] global_step=3400, grad_norm=3.898968458175659, loss=3.124119997024536
I0512 05:22:10.723374 140480092288768 logging_writer.py:48] [3500] global_step=3500, grad_norm=3.1600561141967773, loss=3.136486530303955
I0512 05:22:35.662445 140480100681472 logging_writer.py:48] [3600] global_step=3600, grad_norm=3.4029338359832764, loss=2.979189872741699
I0512 05:23:00.637597 140480092288768 logging_writer.py:48] [3700] global_step=3700, grad_norm=2.865902900695801, loss=2.9771645069122314
I0512 05:23:25.603705 140480100681472 logging_writer.py:48] [3800] global_step=3800, grad_norm=2.9457664489746094, loss=2.959650754928589
I0512 05:23:50.577133 140480092288768 logging_writer.py:48] [3900] global_step=3900, grad_norm=3.122019052505493, loss=2.8273510932922363
I0512 05:24:15.542964 140480100681472 logging_writer.py:48] [4000] global_step=4000, grad_norm=2.563072681427002, loss=2.769932270050049
I0512 05:24:40.512770 140480092288768 logging_writer.py:48] [4100] global_step=4100, grad_norm=5.539967060089111, loss=2.779221534729004
I0512 05:25:05.483948 140480100681472 logging_writer.py:48] [4200] global_step=4200, grad_norm=4.009356498718262, loss=2.678339958190918
I0512 05:25:30.441783 140480092288768 logging_writer.py:48] [4300] global_step=4300, grad_norm=2.901482343673706, loss=2.8063220977783203
I0512 05:25:55.412424 140480100681472 logging_writer.py:48] [4400] global_step=4400, grad_norm=2.954549551010132, loss=2.7811410427093506
I0512 05:26:20.408818 140480092288768 logging_writer.py:48] [4500] global_step=4500, grad_norm=2.9756767749786377, loss=2.5507094860076904
I0512 05:26:45.409839 140480100681472 logging_writer.py:48] [4600] global_step=4600, grad_norm=2.7660226821899414, loss=2.533414602279663
I0512 05:27:10.356913 140480092288768 logging_writer.py:48] [4700] global_step=4700, grad_norm=2.5700438022613525, loss=2.606649875640869
I0512 05:27:35.567404 140480100681472 logging_writer.py:48] [4800] global_step=4800, grad_norm=3.3648695945739746, loss=2.622551441192627
I0512 05:28:00.538487 140480092288768 logging_writer.py:48] [4900] global_step=4900, grad_norm=2.340270519256592, loss=2.662388324737549
I0512 05:28:25.526465 140480100681472 logging_writer.py:48] [5000] global_step=5000, grad_norm=2.20760440826416, loss=2.503443717956543
I0512 05:28:50.497421 140480092288768 logging_writer.py:48] [5100] global_step=5100, grad_norm=2.194854736328125, loss=2.5516128540039062
I0512 05:29:15.460154 140480100681472 logging_writer.py:48] [5200] global_step=5200, grad_norm=2.8260762691497803, loss=2.4420480728149414
I0512 05:29:40.447571 140480092288768 logging_writer.py:48] [5300] global_step=5300, grad_norm=2.8554062843322754, loss=2.4850194454193115
I0512 05:30:05.390975 140480100681472 logging_writer.py:48] [5400] global_step=5400, grad_norm=2.3842580318450928, loss=2.371553659439087
I0512 05:30:30.371919 140480092288768 logging_writer.py:48] [5500] global_step=5500, grad_norm=2.210238456726074, loss=2.3464152812957764
I0512 05:30:55.346977 140480100681472 logging_writer.py:48] [5600] global_step=5600, grad_norm=2.319103717803955, loss=2.2599985599517822
I0512 05:31:20.324912 140480092288768 logging_writer.py:48] [5700] global_step=5700, grad_norm=2.8667571544647217, loss=2.3750994205474854
I0512 05:31:45.299603 140480100681472 logging_writer.py:48] [5800] global_step=5800, grad_norm=2.6295218467712402, loss=2.4072461128234863
I0512 05:32:10.248124 140480092288768 logging_writer.py:48] [5900] global_step=5900, grad_norm=2.41070556640625, loss=2.2950592041015625
I0512 05:32:35.220500 140480100681472 logging_writer.py:48] [6000] global_step=6000, grad_norm=2.1692113876342773, loss=2.3128204345703125
I0512 05:33:00.199991 140480092288768 logging_writer.py:48] [6100] global_step=6100, grad_norm=2.4646897315979004, loss=2.207212448120117
I0512 05:33:25.168956 140480100681472 logging_writer.py:48] [6200] global_step=6200, grad_norm=2.932533025741577, loss=2.209872245788574
I0512 05:33:50.314857 140480092288768 logging_writer.py:48] [6300] global_step=6300, grad_norm=3.167081356048584, loss=2.197874069213867
I0512 05:34:15.295594 140480100681472 logging_writer.py:48] [6400] global_step=6400, grad_norm=2.7920451164245605, loss=2.2498068809509277
I0512 05:34:40.271029 140480092288768 logging_writer.py:48] [6500] global_step=6500, grad_norm=2.0820984840393066, loss=2.261667251586914
I0512 05:35:05.237983 140480100681472 logging_writer.py:48] [6600] global_step=6600, grad_norm=1.9108989238739014, loss=2.044623374938965
I0512 05:35:30.209266 140480092288768 logging_writer.py:48] [6700] global_step=6700, grad_norm=2.8546786308288574, loss=2.230276584625244
I0512 05:35:55.167541 140480100681472 logging_writer.py:48] [6800] global_step=6800, grad_norm=2.5490243434906006, loss=2.229051113128662
I0512 05:36:20.114764 140480092288768 logging_writer.py:48] [6900] global_step=6900, grad_norm=3.153975009918213, loss=2.19791579246521
I0512 05:36:45.087321 140480100681472 logging_writer.py:48] [7000] global_step=7000, grad_norm=1.9969840049743652, loss=2.1964526176452637
I0512 05:37:10.057155 140480092288768 logging_writer.py:48] [7100] global_step=7100, grad_norm=2.4591901302337646, loss=2.075889825820923
I0512 05:37:35.007804 140480100681472 logging_writer.py:48] [7200] global_step=7200, grad_norm=2.7604379653930664, loss=2.0573971271514893
I0512 05:38:00.008840 140480092288768 logging_writer.py:48] [7300] global_step=7300, grad_norm=2.5466830730438232, loss=2.065133810043335
I0512 05:38:24.968036 140480100681472 logging_writer.py:48] [7400] global_step=7400, grad_norm=2.1647491455078125, loss=2.0191617012023926
I0512 05:38:49.970947 140480092288768 logging_writer.py:48] [7500] global_step=7500, grad_norm=2.1223742961883545, loss=2.0892746448516846
I0512 05:38:55.633777 140697648850112 spec.py:333] Evaluating on the training split.
I0512 05:39:07.961914 140697648850112 spec.py:346] Evaluating on the validation split.
I0512 05:39:18.401024 140697648850112 spec.py:363] Evaluating on the test split.
I0512 05:39:19.307842 140697648850112 submission_runner.py:516] Time since start: 2121.99s, 	Step: 7524, 	{'train/accuracy': Array(0.24691087, dtype=float32), 'train/loss': Array(4.2373805, dtype=float32), 'validation/accuracy': Array(0.2215, dtype=float32), 'validation/loss': Array(4.517735, dtype=float32), 'validation/num_examples': 50000, 'test/accuracy': Array(0.17940001, dtype=float32), 'test/loss': Array(5.141277, dtype=float32), 'test/num_examples': 10000, 'score': 2043.3844883441925, 'total_duration': 2121.9873950481415, 'accumulated_submission_time': 2043.3844883441925, 'accumulated_eval_time': 78.51011872291565, 'accumulated_logging_time': 0.03462672233581543}
I0512 05:39:19.343907 140480352331520 logging_writer.py:48] [7524] accumulated_eval_time=78.5101, accumulated_logging_time=0.0346267, accumulated_submission_time=2043.38, global_step=7524, preemption_count=0, score=2043.38, test/accuracy=0.1794000118970871, test/loss=5.141276836395264, test/num_examples=10000, total_duration=2121.99, train/accuracy=0.24691087007522583, train/loss=4.237380504608154, validation/accuracy=0.2214999943971634, validation/loss=4.517735004425049, validation/num_examples=50000
I0512 05:39:38.685087 140480360724224 logging_writer.py:48] [7600] global_step=7600, grad_norm=2.5253684520721436, loss=2.0011985301971436
I0512 05:40:03.660181 140480352331520 logging_writer.py:48] [7700] global_step=7700, grad_norm=2.9505345821380615, loss=2.0814106464385986
I0512 05:40:28.818577 140480360724224 logging_writer.py:48] [7800] global_step=7800, grad_norm=2.5338327884674072, loss=2.014723539352417
I0512 05:40:53.793065 140480352331520 logging_writer.py:48] [7900] global_step=7900, grad_norm=2.22401762008667, loss=1.9997764825820923
I0512 05:41:18.761152 140480360724224 logging_writer.py:48] [8000] global_step=8000, grad_norm=2.3579437732696533, loss=1.9949069023132324
I0512 05:41:43.752072 140480352331520 logging_writer.py:48] [8100] global_step=8100, grad_norm=2.697310447692871, loss=1.9788228273391724
I0512 05:42:08.739924 140480360724224 logging_writer.py:48] [8200] global_step=8200, grad_norm=2.4557807445526123, loss=2.0000994205474854
I0512 05:42:33.678141 140480352331520 logging_writer.py:48] [8300] global_step=8300, grad_norm=1.9573400020599365, loss=1.9859859943389893
I0512 05:42:58.659635 140480360724224 logging_writer.py:48] [8400] global_step=8400, grad_norm=2.671144723892212, loss=2.025768756866455
I0512 05:43:23.625821 140480352331520 logging_writer.py:48] [8500] global_step=8500, grad_norm=2.119168996810913, loss=1.8702127933502197
I0512 05:43:48.558450 140480360724224 logging_writer.py:48] [8600] global_step=8600, grad_norm=2.1043403148651123, loss=2.005322217941284
I0512 05:44:13.515777 140480352331520 logging_writer.py:48] [8700] global_step=8700, grad_norm=2.3086445331573486, loss=1.9944607019424438
I0512 05:44:38.482334 140480360724224 logging_writer.py:48] [8800] global_step=8800, grad_norm=2.504066228866577, loss=1.9566121101379395
I0512 05:45:03.476319 140480352331520 logging_writer.py:48] [8900] global_step=8900, grad_norm=2.466820001602173, loss=1.893512487411499
I0512 05:45:28.462139 140480360724224 logging_writer.py:48] [9000] global_step=9000, grad_norm=2.137307643890381, loss=2.085364818572998
I0512 05:45:53.433445 140480352331520 logging_writer.py:48] [9100] global_step=9100, grad_norm=2.0885419845581055, loss=1.9890841245651245
I0512 05:46:18.430425 140480360724224 logging_writer.py:48] [9200] global_step=9200, grad_norm=2.352199077606201, loss=1.804655909538269
I0512 05:46:43.645333 140480352331520 logging_writer.py:48] [9300] global_step=9300, grad_norm=2.169654607772827, loss=2.010796308517456
I0512 05:47:08.601313 140480360724224 logging_writer.py:48] [9400] global_step=9400, grad_norm=2.487353801727295, loss=1.8939557075500488
I0512 05:47:33.580077 140480352331520 logging_writer.py:48] [9500] global_step=9500, grad_norm=2.392801523208618, loss=1.9134364128112793
I0512 05:47:58.533588 140480360724224 logging_writer.py:48] [9600] global_step=9600, grad_norm=2.5273313522338867, loss=1.8946945667266846
I0512 05:48:23.510515 140480352331520 logging_writer.py:48] [9700] global_step=9700, grad_norm=2.429506540298462, loss=1.7793127298355103
I0512 05:48:48.551751 140480360724224 logging_writer.py:48] [9800] global_step=9800, grad_norm=1.919395089149475, loss=1.7834025621414185
I0512 05:49:13.500088 140480352331520 logging_writer.py:48] [9900] global_step=9900, grad_norm=2.319134473800659, loss=1.8536450862884521
I0512 05:49:38.471926 140480360724224 logging_writer.py:48] [10000] global_step=10000, grad_norm=2.048372745513916, loss=1.7995731830596924
I0512 05:50:03.444545 140480352331520 logging_writer.py:48] [10100] global_step=10100, grad_norm=2.604524850845337, loss=1.7843608856201172
I0512 05:50:28.395618 140480360724224 logging_writer.py:48] [10200] global_step=10200, grad_norm=2.2626278400421143, loss=1.9066740274429321
I0512 05:50:53.365748 140480352331520 logging_writer.py:48] [10300] global_step=10300, grad_norm=2.0227901935577393, loss=1.7967619895935059
I0512 05:51:18.328273 140480360724224 logging_writer.py:48] [10400] global_step=10400, grad_norm=2.4872844219207764, loss=1.863736629486084
I0512 05:51:43.299280 140480352331520 logging_writer.py:48] [10500] global_step=10500, grad_norm=2.7322874069213867, loss=1.744945764541626
I0512 05:52:08.270634 140480360724224 logging_writer.py:48] [10600] global_step=10600, grad_norm=2.469487190246582, loss=1.7627222537994385
I0512 05:52:33.224929 140480352331520 logging_writer.py:48] [10700] global_step=10700, grad_norm=2.527357339859009, loss=1.8390932083129883
I0512 05:52:58.409926 140480360724224 logging_writer.py:48] [10800] global_step=10800, grad_norm=2.406463623046875, loss=1.7562371492385864
I0512 05:53:23.355477 140480352331520 logging_writer.py:48] [10900] global_step=10900, grad_norm=2.772932291030884, loss=1.891810655593872
I0512 05:53:48.320355 140480360724224 logging_writer.py:48] [11000] global_step=11000, grad_norm=2.266486644744873, loss=1.7676570415496826
I0512 05:54:13.293972 140480352331520 logging_writer.py:48] [11100] global_step=11100, grad_norm=2.089656114578247, loss=1.628297209739685
I0512 05:54:38.297427 140480360724224 logging_writer.py:48] [11200] global_step=11200, grad_norm=2.5545709133148193, loss=1.880703330039978
I0512 05:55:03.282191 140480352331520 logging_writer.py:48] [11300] global_step=11300, grad_norm=2.666865825653076, loss=1.8093452453613281
I0512 05:55:28.241567 140480360724224 logging_writer.py:48] [11400] global_step=11400, grad_norm=2.4662363529205322, loss=1.7547941207885742
I0512 05:55:53.208282 140480352331520 logging_writer.py:48] [11500] global_step=11500, grad_norm=2.601536512374878, loss=1.699815034866333
I0512 05:56:18.172518 140480360724224 logging_writer.py:48] [11600] global_step=11600, grad_norm=2.300583839416504, loss=1.8178281784057617
I0512 05:56:43.115029 140480352331520 logging_writer.py:48] [11700] global_step=11700, grad_norm=2.5279929637908936, loss=1.794304609298706
I0512 05:57:08.083783 140480360724224 logging_writer.py:48] [11800] global_step=11800, grad_norm=2.257704019546509, loss=1.7452696561813354
I0512 05:57:33.067544 140480352331520 logging_writer.py:48] [11900] global_step=11900, grad_norm=2.215200901031494, loss=1.7362735271453857
I0512 05:57:58.033114 140480360724224 logging_writer.py:48] [12000] global_step=12000, grad_norm=2.2101693153381348, loss=1.7310419082641602
I0512 05:58:23.010481 140480352331520 logging_writer.py:48] [12100] global_step=12100, grad_norm=2.5886659622192383, loss=1.6965599060058594
I0512 05:58:47.979460 140480360724224 logging_writer.py:48] [12200] global_step=12200, grad_norm=2.0222346782684326, loss=1.7289427518844604
I0512 05:59:13.154414 140480352331520 logging_writer.py:48] [12300] global_step=12300, grad_norm=2.374739170074463, loss=1.7526309490203857
I0512 05:59:38.129450 140480360724224 logging_writer.py:48] [12400] global_step=12400, grad_norm=2.050328254699707, loss=1.592242956161499
I0512 06:00:03.064961 140480352331520 logging_writer.py:48] [12500] global_step=12500, grad_norm=2.2905352115631104, loss=1.6502948999404907
I0512 06:00:28.038759 140480360724224 logging_writer.py:48] [12600] global_step=12600, grad_norm=3.064774513244629, loss=1.7367298603057861
I0512 06:00:53.031786 140480352331520 logging_writer.py:48] [12700] global_step=12700, grad_norm=2.3506553173065186, loss=1.6072299480438232
I0512 06:01:18.010277 140480360724224 logging_writer.py:48] [12800] global_step=12800, grad_norm=2.3864777088165283, loss=1.803580641746521
I0512 06:01:42.969441 140480352331520 logging_writer.py:48] [12900] global_step=12900, grad_norm=2.8929429054260254, loss=1.7855634689331055
I0512 06:02:07.925631 140480360724224 logging_writer.py:48] [13000] global_step=13000, grad_norm=2.367985486984253, loss=1.60536789894104
I0512 06:02:32.884095 140480352331520 logging_writer.py:48] [13100] global_step=13100, grad_norm=1.9852819442749023, loss=1.5915236473083496
I0512 06:02:57.842485 140480360724224 logging_writer.py:48] [13200] global_step=13200, grad_norm=2.6132774353027344, loss=1.7346060276031494
I0512 06:03:22.806033 140480352331520 logging_writer.py:48] [13300] global_step=13300, grad_norm=2.0895729064941406, loss=1.5566785335540771
I0512 06:03:47.798256 140480360724224 logging_writer.py:48] [13400] global_step=13400, grad_norm=2.637207269668579, loss=1.744492530822754
I0512 06:04:12.770484 140480352331520 logging_writer.py:48] [13500] global_step=13500, grad_norm=2.3092541694641113, loss=1.671917200088501
I0512 06:04:37.728473 140480360724224 logging_writer.py:48] [13600] global_step=13600, grad_norm=2.636115312576294, loss=1.7177070379257202
I0512 06:05:02.723528 140480352331520 logging_writer.py:48] [13700] global_step=13700, grad_norm=2.4602787494659424, loss=1.6362073421478271
I0512 06:05:27.895573 140480360724224 logging_writer.py:48] [13800] global_step=13800, grad_norm=2.675096273422241, loss=1.7075951099395752
I0512 06:05:52.859495 140480352331520 logging_writer.py:48] [13900] global_step=13900, grad_norm=2.525775909423828, loss=1.6136009693145752
I0512 06:06:17.821841 140480360724224 logging_writer.py:48] [14000] global_step=14000, grad_norm=2.4889028072357178, loss=1.6770766973495483
I0512 06:06:42.776461 140480352331520 logging_writer.py:48] [14100] global_step=14100, grad_norm=2.861262798309326, loss=1.6808276176452637
I0512 06:07:07.725836 140480360724224 logging_writer.py:48] [14200] global_step=14200, grad_norm=2.528071403503418, loss=1.6870200634002686
I0512 06:07:32.690857 140480352331520 logging_writer.py:48] [14300] global_step=14300, grad_norm=2.2893428802490234, loss=1.6385538578033447
I0512 06:07:57.695308 140480360724224 logging_writer.py:48] [14400] global_step=14400, grad_norm=2.6029410362243652, loss=1.6160296201705933
I0512 06:08:22.678856 140480352331520 logging_writer.py:48] [14500] global_step=14500, grad_norm=2.3582229614257812, loss=1.5900599956512451
I0512 06:08:47.645674 140480360724224 logging_writer.py:48] [14600] global_step=14600, grad_norm=3.190868377685547, loss=1.610915184020996
I0512 06:09:12.604257 140480352331520 logging_writer.py:48] [14700] global_step=14700, grad_norm=2.416161060333252, loss=1.6698325872421265
I0512 06:09:37.585697 140480360724224 logging_writer.py:48] [14800] global_step=14800, grad_norm=2.5536956787109375, loss=1.6898620128631592
I0512 06:10:02.572441 140480352331520 logging_writer.py:48] [14900] global_step=14900, grad_norm=2.5888140201568604, loss=1.572044849395752
I0512 06:10:27.549441 140480360724224 logging_writer.py:48] [15000] global_step=15000, grad_norm=2.6174683570861816, loss=1.5015499591827393
I0512 06:10:52.512073 140480352331520 logging_writer.py:48] [15100] global_step=15100, grad_norm=2.462411642074585, loss=1.5046155452728271
I0512 06:11:17.471138 140480360724224 logging_writer.py:48] [15200] global_step=15200, grad_norm=2.4685561656951904, loss=1.6698657274246216
I0512 06:11:42.643180 140480352331520 logging_writer.py:48] [15300] global_step=15300, grad_norm=2.862168550491333, loss=1.5449178218841553
I0512 06:12:07.598548 140480360724224 logging_writer.py:48] [15400] global_step=15400, grad_norm=3.0306475162506104, loss=1.5969243049621582
I0512 06:12:32.580918 140480352331520 logging_writer.py:48] [15500] global_step=15500, grad_norm=2.6786913871765137, loss=1.535914659500122
I0512 06:12:35.489214 140697648850112 spec.py:333] Evaluating on the training split.
I0512 06:12:48.541120 140697648850112 spec.py:346] Evaluating on the validation split.
I0512 06:12:58.263900 140697648850112 spec.py:363] Evaluating on the test split.
I0512 06:12:59.142908 140697648850112 submission_runner.py:516] Time since start: 4141.82s, 	Step: 15513, 	{'train/accuracy': Array(0.00169404, dtype=float32), 'train/loss': Array(35.178783, dtype=float32), 'validation/accuracy': Array(0.00138, dtype=float32), 'validation/loss': Array(35.57292, dtype=float32), 'validation/num_examples': 50000, 'test/accuracy': Array(0.0016, dtype=float32), 'test/loss': Array(35.120453, dtype=float32), 'test/num_examples': 10000, 'score': 4039.4632070064545, 'total_duration': 4141.82196521759, 'accumulated_submission_time': 4039.4632070064545, 'accumulated_eval_time': 102.16150188446045, 'accumulated_logging_time': 0.07866930961608887}
I0512 06:12:59.192250 140480360724224 logging_writer.py:48] [15513] accumulated_eval_time=102.162, accumulated_logging_time=0.0786693, accumulated_submission_time=4039.46, global_step=15513, preemption_count=0, score=4039.46, test/accuracy=0.001600000075995922, test/loss=35.120452880859375, test/num_examples=10000, total_duration=4141.82, train/accuracy=0.001694036996923387, train/loss=35.17878341674805, validation/accuracy=0.0013799999142065644, validation/loss=35.57292175292969, validation/num_examples=50000
I0512 06:13:21.512248 140480352331520 logging_writer.py:48] [15600] global_step=15600, grad_norm=2.6549291610717773, loss=1.5109087228775024
I0512 06:13:46.461302 140480360724224 logging_writer.py:48] [15700] global_step=15700, grad_norm=2.9324164390563965, loss=1.5480937957763672
I0512 06:14:11.415637 140480352331520 logging_writer.py:48] [15800] global_step=15800, grad_norm=2.939300060272217, loss=1.6356284618377686
I0512 06:14:36.391427 140480360724224 logging_writer.py:48] [15900] global_step=15900, grad_norm=3.0510945320129395, loss=1.6286628246307373
I0512 06:15:01.364462 140480352331520 logging_writer.py:48] [16000] global_step=16000, grad_norm=2.513197183609009, loss=1.5451545715332031
I0512 06:15:26.363765 140480360724224 logging_writer.py:48] [16100] global_step=16100, grad_norm=3.0559041500091553, loss=1.5565364360809326
I0512 06:15:51.344560 140480352331520 logging_writer.py:48] [16200] global_step=16200, grad_norm=2.846766710281372, loss=1.578704833984375
I0512 06:16:16.316152 140480360724224 logging_writer.py:48] [16300] global_step=16300, grad_norm=3.2761731147766113, loss=1.5884594917297363
I0512 06:16:41.267553 140480352331520 logging_writer.py:48] [16400] global_step=16400, grad_norm=2.9693057537078857, loss=1.5863765478134155
I0512 06:17:06.223685 140480360724224 logging_writer.py:48] [16500] global_step=16500, grad_norm=2.8995816707611084, loss=1.571966290473938
I0512 06:17:31.199254 140480352331520 logging_writer.py:48] [16600] global_step=16600, grad_norm=3.1439404487609863, loss=1.4869215488433838
I0512 06:17:56.141183 140480360724224 logging_writer.py:48] [16700] global_step=16700, grad_norm=3.0721378326416016, loss=1.5284104347229004
I0512 06:18:21.367841 140480352331520 logging_writer.py:48] [16800] global_step=16800, grad_norm=3.0328056812286377, loss=1.5950061082839966
I0512 06:18:46.351737 140480360724224 logging_writer.py:48] [16900] global_step=16900, grad_norm=2.9458847045898438, loss=1.5733649730682373
I0512 06:19:11.298490 140480352331520 logging_writer.py:48] [17000] global_step=17000, grad_norm=3.076737880706787, loss=1.5540013313293457
I0512 06:19:36.259353 140480360724224 logging_writer.py:48] [17100] global_step=17100, grad_norm=3.538071632385254, loss=1.4769459962844849
I0512 06:20:01.230810 140480352331520 logging_writer.py:48] [17200] global_step=17200, grad_norm=3.675466537475586, loss=1.4953556060791016
I0512 06:20:26.193257 140480360724224 logging_writer.py:48] [17300] global_step=17300, grad_norm=3.248436212539673, loss=1.5855134725570679
I0512 06:20:51.147978 140480352331520 logging_writer.py:48] [17400] global_step=17400, grad_norm=3.5404067039489746, loss=1.502091407775879
I0512 06:21:16.108668 140480360724224 logging_writer.py:48] [17500] global_step=17500, grad_norm=3.391911029815674, loss=1.4859864711761475
I0512 06:21:41.084389 140480352331520 logging_writer.py:48] [17600] global_step=17600, grad_norm=3.534088373184204, loss=1.5666663646697998
I0512 06:22:06.060513 140480360724224 logging_writer.py:48] [17700] global_step=17700, grad_norm=3.592599630355835, loss=1.5064561367034912
I0512 06:22:31.047255 140480352331520 logging_writer.py:48] [17800] global_step=17800, grad_norm=3.463078737258911, loss=1.586753487586975
I0512 06:22:56.009630 140480360724224 logging_writer.py:48] [17900] global_step=17900, grad_norm=3.5176873207092285, loss=1.5324697494506836
I0512 06:23:20.976285 140480352331520 logging_writer.py:48] [18000] global_step=18000, grad_norm=3.5912725925445557, loss=1.410520076751709
I0512 06:23:45.959407 140480360724224 logging_writer.py:48] [18100] global_step=18100, grad_norm=3.7733068466186523, loss=1.502626657485962
I0512 06:24:10.921368 140480352331520 logging_writer.py:48] [18200] global_step=18200, grad_norm=3.673983573913574, loss=1.5055854320526123
I0512 06:24:36.094564 140480360724224 logging_writer.py:48] [18300] global_step=18300, grad_norm=3.9658682346343994, loss=1.5097882747650146
I0512 06:25:01.069602 140480352331520 logging_writer.py:48] [18400] global_step=18400, grad_norm=4.187719345092773, loss=1.4190267324447632
I0512 06:25:26.030302 140480360724224 logging_writer.py:48] [18500] global_step=18500, grad_norm=3.883359909057617, loss=1.5627251863479614
I0512 06:25:50.992460 140480352331520 logging_writer.py:48] [18600] global_step=18600, grad_norm=3.8220815658569336, loss=1.4505751132965088
I0512 06:26:15.964158 140480360724224 logging_writer.py:48] [18700] global_step=18700, grad_norm=3.9556429386138916, loss=1.4763617515563965
I0512 06:26:40.929351 140480352331520 logging_writer.py:48] [18800] global_step=18800, grad_norm=4.352504253387451, loss=1.5056447982788086
I0512 06:27:05.864837 140480360724224 logging_writer.py:48] [18900] global_step=18900, grad_norm=4.499087810516357, loss=1.4561924934387207
I0512 06:27:30.851851 140480352331520 logging_writer.py:48] [19000] global_step=19000, grad_norm=4.740158557891846, loss=1.5658949613571167
I0512 06:27:55.806672 140480360724224 logging_writer.py:48] [19100] global_step=19100, grad_norm=4.7937774658203125, loss=1.4940919876098633
I0512 06:28:20.750640 140480352331520 logging_writer.py:48] [19200] global_step=19200, grad_norm=4.946828842163086, loss=1.5825090408325195
I0512 06:28:45.712058 140480360724224 logging_writer.py:48] [19300] global_step=19300, grad_norm=5.01602029800415, loss=1.455904245376587
I0512 06:29:10.681722 140480352331520 logging_writer.py:48] [19400] global_step=19400, grad_norm=5.395175933837891, loss=1.5130027532577515
I0512 06:29:35.663642 140480360724224 logging_writer.py:48] [19500] global_step=19500, grad_norm=5.228379249572754, loss=1.4778475761413574
I0512 06:30:00.618749 140480352331520 logging_writer.py:48] [19600] global_step=19600, grad_norm=5.561901092529297, loss=1.3665766716003418
I0512 06:30:25.586540 140480360724224 logging_writer.py:48] [19700] global_step=19700, grad_norm=5.634089469909668, loss=1.4801149368286133
I0512 06:30:50.745026 140480352331520 logging_writer.py:48] [19800] global_step=19800, grad_norm=6.014200210571289, loss=1.5442787408828735
I0512 06:31:15.710307 140480360724224 logging_writer.py:48] [19900] global_step=19900, grad_norm=5.99937629699707, loss=1.4458599090576172
I0512 06:31:40.703127 140480352331520 logging_writer.py:48] [20000] global_step=20000, grad_norm=6.339578151702881, loss=1.5534086227416992
I0512 06:32:05.704817 140480360724224 logging_writer.py:48] [20100] global_step=20100, grad_norm=6.279759883880615, loss=1.5196185111999512
I0512 06:32:30.656726 140480352331520 logging_writer.py:48] [20200] global_step=20200, grad_norm=6.657940864562988, loss=1.3940370082855225
I0512 06:32:55.617223 140480360724224 logging_writer.py:48] [20300] global_step=20300, grad_norm=7.091858863830566, loss=1.5172393321990967
I0512 06:33:20.586887 140480352331520 logging_writer.py:48] [20400] global_step=20400, grad_norm=7.326547622680664, loss=1.571244716644287
I0512 06:33:45.545277 140480360724224 logging_writer.py:48] [20500] global_step=20500, grad_norm=7.496988296508789, loss=1.5178639888763428
I0512 06:34:10.507685 140480352331520 logging_writer.py:48] [20600] global_step=20600, grad_norm=7.863615036010742, loss=1.4748384952545166
I0512 06:34:35.450603 140480360724224 logging_writer.py:48] [20700] global_step=20700, grad_norm=8.253706932067871, loss=1.5130488872528076
I0512 06:35:00.430325 140480352331520 logging_writer.py:48] [20800] global_step=20800, grad_norm=8.071859359741211, loss=1.5114316940307617
I0512 06:35:25.406859 140480360724224 logging_writer.py:48] [20900] global_step=20900, grad_norm=8.150877952575684, loss=1.4314366579055786
I0512 06:35:50.358008 140480352331520 logging_writer.py:48] [21000] global_step=21000, grad_norm=8.32284164428711, loss=1.4069044589996338
I0512 06:36:15.314094 140480360724224 logging_writer.py:48] [21100] global_step=21100, grad_norm=8.965980529785156, loss=1.505189299583435
I0512 06:36:40.284723 140480352331520 logging_writer.py:48] [21200] global_step=21200, grad_norm=9.638341903686523, loss=1.5262796878814697
I0512 06:37:05.444319 140480360724224 logging_writer.py:48] [21300] global_step=21300, grad_norm=11.194437026977539, loss=1.5800392627716064
I0512 06:37:30.378656 140480352331520 logging_writer.py:48] [21400] global_step=21400, grad_norm=8.968570709228516, loss=1.4818040132522583
I0512 06:37:55.337372 140480360724224 logging_writer.py:48] [21500] global_step=21500, grad_norm=10.010430335998535, loss=1.459290862083435
I0512 06:38:20.332683 140480352331520 logging_writer.py:48] [21600] global_step=21600, grad_norm=10.526670455932617, loss=1.5551021099090576
I0512 06:38:45.339094 140480360724224 logging_writer.py:48] [21700] global_step=21700, grad_norm=10.791377067565918, loss=1.447585105895996
I0512 06:39:10.294468 140480352331520 logging_writer.py:48] [21800] global_step=21800, grad_norm=11.5021333694458, loss=1.5546247959136963
I0512 06:39:35.297350 140480360724224 logging_writer.py:48] [21900] global_step=21900, grad_norm=11.342517852783203, loss=1.3927273750305176
I0512 06:40:00.246146 140480352331520 logging_writer.py:48] [22000] global_step=22000, grad_norm=11.129491806030273, loss=1.4548161029815674
I0512 06:40:25.208016 140480360724224 logging_writer.py:48] [22100] global_step=22100, grad_norm=11.426950454711914, loss=1.472279667854309
I0512 06:40:50.180600 140480352331520 logging_writer.py:48] [22200] global_step=22200, grad_norm=11.764071464538574, loss=1.4210911989212036
I0512 06:41:15.179218 140480360724224 logging_writer.py:48] [22300] global_step=22300, grad_norm=11.757749557495117, loss=1.4054056406021118
I0512 06:41:40.133702 140480352331520 logging_writer.py:48] [22400] global_step=22400, grad_norm=12.642361640930176, loss=1.4782707691192627
I0512 06:42:05.110626 140480360724224 logging_writer.py:48] [22500] global_step=22500, grad_norm=13.057676315307617, loss=1.6264010667800903
I0512 06:42:30.065421 140480352331520 logging_writer.py:48] [22600] global_step=22600, grad_norm=12.855257034301758, loss=1.576814889907837
I0512 06:42:55.034309 140480360724224 logging_writer.py:48] [22700] global_step=22700, grad_norm=12.734515190124512, loss=1.53469979763031
