python submission_runner.py --framework=jax --workload=imagenet_vit --submission_path=submissions_algorithms/submissions/self_tuning/schedule_free_adamw_jax_v2/submission.py --data_dir=/data/imagenet/jax --experiment_dir=/experiment_runs --experiment_name=submissions_a100/schedule_free_adamw_jax_v2/study_0 --overwrite=True --save_checkpoints=False --rng_seed=-1785515291 --imagenet_v2_data_dir=/data/imagenet/jax --tuning_ruleset=self 2>&1 | tee -a /logs/imagenet_vit_jax_05-11-2026-23-31-54.log
2026-05-11 23:31:55.288680: E external/local_xla/xla/stream_executor/cuda/cuda_fft.cc:467] Unable to register cuFFT factory: Attempting to register factory for plugin cuFFT when one has already been registered
WARNING: All log messages before absl::InitializeLog() is called are written to STDERR
E0000 00:00:1778542315.311123      13 cuda_dnn.cc:8579] Unable to register cuDNN factory: Attempting to register factory for plugin cuDNN when one has already been registered
E0000 00:00:1778542315.318623      13 cuda_blas.cc:1407] Unable to register cuBLAS factory: Attempting to register factory for plugin cuBLAS when one has already been registered
W0000 00:00:1778542315.336590      13 computation_placer.cc:177] computation placer already registered. Please check linkage and avoid linking the same target more than once.
W0000 00:00:1778542315.336616      13 computation_placer.cc:177] computation placer already registered. Please check linkage and avoid linking the same target more than once.
W0000 00:00:1778542315.336618      13 computation_placer.cc:177] computation placer already registered. Please check linkage and avoid linking the same target more than once.
W0000 00:00:1778542315.336620      13 computation_placer.cc:177] computation placer already registered. Please check linkage and avoid linking the same target more than once.
/usr/local/lib/python3.11/site-packages/torch/__init__.py:1617: UserWarning: Please use the new API settings to control TF32 behavior, such as torch.backends.cudnn.conv.fp32_precision = 'tf32' or torch.backends.cuda.matmul.fp32_precision = 'ieee'. Old settings, e.g, torch.backends.cuda.matmul.allow_tf32 = True, torch.backends.cudnn.allow_tf32 = True, allowTF32CuDNN() and allowTF32CuBLAS() will be deprecated after Pytorch 2.9. Please see https://pytorch.org/docs/main/notes/cuda.html#tensorfloat-32-tf32-on-ampere-and-later-devices (Triggered internally at /pytorch/aten/src/ATen/Context.cpp:80.)
  _C._set_float32_matmul_precision(precision)
/usr/local/lib/python3.11/site-packages/pydantic/_internal/_generate_schema.py:2249: UnsupportedFieldAttributeWarning: The 'repr' attribute with value False was provided to the `Field()` function, which has no effect in the context it was used. 'repr' is field-specific metadata, and can only be attached to a model field using `Annotated` metadata or by assignment. This may have happened because an `Annotated` type alias using the `type` statement was used, or if the `Field()` function was attached to a single member of a union type.
  warnings.warn(
/usr/local/lib/python3.11/site-packages/pydantic/_internal/_generate_schema.py:2249: UnsupportedFieldAttributeWarning: The 'frozen' attribute with value True was provided to the `Field()` function, which has no effect in the context it was used. 'frozen' is field-specific metadata, and can only be attached to a model field using `Annotated` metadata or by assignment. This may have happened because an `Annotated` type alias using the `type` statement was used, or if the `Field()` function was attached to a single member of a union type.
  warnings.warn(
INFO:2026-05-11 23:32:06,522:jax._src.xla_bridge:830: Unable to initialize backend 'tpu': INTERNAL: Failed to open libtpu.so: libtpu.so: cannot open shared object file: No such file or directory
I0511 23:32:06.522401 139989707072704 xla_bridge.py:830] Unable to initialize backend 'tpu': INTERNAL: Failed to open libtpu.so: libtpu.so: cannot open shared object file: No such file or directory
I0511 23:32:07.308412 139989707072704 logger_utils.py:84] Creating experiment directory at /experiment_runs/submissions_a100/schedule_free_adamw_jax_v2/study_0/imagenet_vit_jax.
I0511 23:32:07.908173 139989707072704 submission_runner.py:741] Creating directory at /experiment_runs/submissions_a100/schedule_free_adamw_jax_v2/study_0/imagenet_vit_jax/trial_1.
I0511 23:32:08.171494 139989707072704 submission_runner.py:242] Initializing dataset.
I0511 23:32:08.670878 139989707072704 dataset_info.py:707] Load dataset info from /data/imagenet/jax/imagenet2012/5.1.0
I0511 23:32:08.730957 139989707072704 dataset_info.py:793] For 'imagenet2012/5.1.0': fields info.[splits, supervised_keys] differ on disk and in the code. Keeping the one from code.
I0511 23:32:09.010631 139989707072704 reader.py:262] Creating a tf.data.Dataset reading 1024 files located in folders: /data/imagenet/jax/imagenet2012/5.1.0.
I0511 23:32:09.088119 139989707072704 logging_logger.py:49] Constructing tf.data.Dataset imagenet2012 for split train, from /data/imagenet/jax/imagenet2012/5.1.0
I0511 23:32:15.775616 139989707072704 submission_runner.py:251] Initializing model.
I0511 23:32:52.215664 139989707072704 submission_runner.py:294] Initializing optimizer.
I0511 23:32:52.942555 139989707072704 submission_runner.py:299] Initializing metrics bundle.
I0511 23:32:52.942760 139989707072704 submission_runner.py:321] Initializing checkpoint and logger.
I0511 23:32:52.945832 139989707072704 checkpoints.py:1098] Found no checkpoint files in /experiment_runs/submissions_a100/schedule_free_adamw_jax_v2/study_0/imagenet_vit_jax/trial_1 with prefix checkpoint_
I0511 23:32:52.945952 139989707072704 submission_runner.py:344] Saving meta data to /experiment_runs/submissions_a100/schedule_free_adamw_jax_v2/study_0/imagenet_vit_jax/trial_1/meta_data_0.json.
I0511 23:32:53.199884 139989707072704 submission_runner.py:348] Saving flags to /experiment_runs/submissions_a100/schedule_free_adamw_jax_v2/study_0/imagenet_vit_jax/trial_1/flags_0.json.
I0511 23:32:53.210932 139989707072704 submission_runner.py:359] Starting training loop.
/usr/local/lib/python3.11/site-packages/jax/_src/interpreters/mlir.py:1268: UserWarning: Some donated buffers were not usable: float32[384], float32[384], float32[384], float32[384], float32[384], float32[384], float32[1536], float32[384,1536], float32[384], float32[1536,384], float32[6,64], float32[384,6,64], float32[384], float32[6,64,384], float32[6,64], float32[384,6,64], float32[6,64], float32[384,6,64], float32[384], float32[384], float32[384], float32[384], float32[1536], float32[384,1536], float32[384], float32[1536,384], float32[6,64], float32[384,6,64], float32[384], float32[6,64,384], float32[6,64], float32[384,6,64], float32[6,64], float32[384,6,64], float32[384], float32[384], float32[384], float32[384], float32[1536], float32[384,1536], float32[384], float32[1536,384], float32[6,64], float32[384,6,64], float32[384], float32[6,64,384], float32[6,64], float32[384,6,64], float32[6,64], float32[384,6,64], float32[384], float32[384], float32[384], float32[384], float32[1536], float32[384,1536], float32[384], float32[1536,384], float32[6,64], float32[384,6,64], float32[384], float32[6,64,384], float32[6,64], float32[384,6,64], float32[6,64], float32[384,6,64], float32[384], float32[384], float32[384], float32[384], float32[1536], float32[384,1536], float32[384], float32[1536,384], float32[6,64], float32[384,6,64], float32[384], float32[6,64,384], float32[6,64], float32[384,6,64], float32[6,64], float32[384,6,64], float32[384], float32[384], float32[384], float32[384], float32[1536], float32[384,1536], float32[384], float32[1536,384], float32[6,64], float32[384,6,64], float32[384], float32[6,64,384], float32[6,64], float32[384,6,64], float32[6,64], float32[384,6,64], float32[384], float32[384], float32[384], float32[384], float32[1536], float32[384,1536], float32[384], float32[1536,384], float32[6,64], float32[384,6,64], float32[384], float32[6,64,384], float32[6,64], float32[384,6,64], float32[6,64], float32[384,6,64], float32[384], float32[384], float32[384], float32[384], float32[1536], float32[384,1536], float32[384], float32[1536,384], float32[6,64], float32[384,6,64], float32[384], float32[6,64,384], float32[6,64], float32[384,6,64], float32[6,64], float32[384,6,64], float32[384], float32[384], float32[384], float32[384], float32[1536], float32[384,1536], float32[384], float32[1536,384], float32[6,64], float32[384,6,64], float32[384], float32[6,64,384], float32[6,64], float32[384,6,64], float32[6,64], float32[384,6,64], float32[384], float32[384], float32[384], float32[384], float32[1536], float32[384,1536], float32[384], float32[1536,384], float32[6,64], float32[384,6,64], float32[384], float32[6,64,384], float32[6,64], float32[384,6,64], float32[6,64], float32[384,6,64], float32[384], float32[384], float32[384], float32[384], float32[1536], float32[384,1536], float32[384], float32[1536,384], float32[6,64], float32[384,6,64], float32[384], float32[6,64,384], float32[6,64], float32[384,6,64], float32[6,64], float32[384,6,64], float32[384], float32[384], float32[384], float32[384], float32[1536], float32[384,1536], float32[384], float32[1536,384], float32[6,64], float32[384,6,64], float32[384], float32[6,64,384], float32[6,64], float32[384,6,64], float32[6,64], float32[384,6,64], float32[384], float32[16,16,3,384], float32[1000], float32[384,1000], float32[384], float32[384,384].
See an explanation at https://docs.jax.dev/en/latest/faq.html#buffer-donation.
  warnings.warn("Some donated buffers were not usable:"
I0511 23:33:50.450036 139782965425920 logging_writer.py:48] [0] global_step=0, grad_norm=0.353450745344162, loss=6.9077558517456055
I0511 23:33:51.731156 139989707072704 spec.py:333] Evaluating on the training split.
I0511 23:33:51.735611 139989707072704 dataset_info.py:707] Load dataset info from /data/imagenet/jax/imagenet2012/5.1.0
I0511 23:33:51.741147 139989707072704 dataset_info.py:793] For 'imagenet2012/5.1.0': fields info.[splits, supervised_keys] differ on disk and in the code. Keeping the one from code.
I0511 23:33:51.759124 139989707072704 reader.py:262] Creating a tf.data.Dataset reading 1024 files located in folders: /data/imagenet/jax/imagenet2012/5.1.0.
I0511 23:33:51.801591 139989707072704 logging_logger.py:49] Constructing tf.data.Dataset imagenet2012 for split train, from /data/imagenet/jax/imagenet2012/5.1.0
I0511 23:34:22.293025 139989707072704 spec.py:346] Evaluating on the validation split.
I0511 23:34:22.297321 139989707072704 dataset_info.py:707] Load dataset info from /data/imagenet/jax/imagenet2012/5.1.0
I0511 23:34:22.310272 139989707072704 dataset_info.py:793] For 'imagenet2012/5.1.0': fields info.[splits, supervised_keys] differ on disk and in the code. Keeping the one from code.
I0511 23:34:22.312954 139989707072704 reader.py:262] Creating a tf.data.Dataset reading 64 files located in folders: /data/imagenet/jax/imagenet2012/5.1.0.
I0511 23:34:22.444424 139989707072704 logging_logger.py:49] Constructing tf.data.Dataset imagenet2012 for split validation, from /data/imagenet/jax/imagenet2012/5.1.0
I0511 23:35:00.937980 139989707072704 spec.py:363] Evaluating on the test split.
I0511 23:35:01.050817 139989707072704 dataset_info.py:707] Load dataset info from /data/imagenet/jax/imagenet_v2/matched-frequency/3.0.0
I0511 23:35:01.100988 139989707072704 reader.py:262] Creating a tf.data.Dataset reading 16 files located in folders: /data/imagenet/jax/imagenet_v2/matched-frequency/3.0.0.
I0511 23:35:01.147430 139989707072704 logging_logger.py:49] Constructing tf.data.Dataset imagenet_v2 for split test, from /data/imagenet/jax/imagenet_v2/matched-frequency/3.0.0
I0511 23:35:08.308909 139989707072704 submission_runner.py:516] Time since start: 135.10s, 	Step: 1, 	{'train/accuracy': Array(0.00091797, dtype=float32), 'train/loss': Array(6.907755, dtype=float32), 'validation/accuracy': Array(0.001, dtype=float32), 'validation/loss': Array(6.907755, dtype=float32), 'validation/num_examples': 50000, 'test/accuracy': Array(0.001, dtype=float32), 'test/loss': Array(6.907755, dtype=float32), 'test/num_examples': 10000, 'score': 58.52012538909912, 'total_duration': 135.09632539749146, 'accumulated_submission_time': 58.52012538909912, 'accumulated_eval_time': 76.57610821723938, 'accumulated_logging_time': 0}
I0511 23:35:08.328170 139720948426496 logging_writer.py:48] [1] accumulated_eval_time=76.5761, accumulated_logging_time=0, accumulated_submission_time=58.5201, global_step=1, preemption_count=0, score=58.5201, test/accuracy=0.0010000000474974513, test/loss=6.907754898071289, test/num_examples=10000, total_duration=135.096, train/accuracy=0.0009179687476716936, train/loss=6.907754898071289, validation/accuracy=0.0009999999310821295, validation/loss=6.907754898071289, validation/num_examples=50000
/usr/local/lib/python3.11/site-packages/jax/_src/interpreters/mlir.py:1268: UserWarning: Some donated buffers were not usable: float32[384], float32[384], float32[384], float32[384], float32[384], float32[384], float32[1536], float32[384,1536], float32[384], float32[1536,384], float32[6,64], float32[384,6,64], float32[384], float32[6,64,384], float32[6,64], float32[384,6,64], float32[6,64], float32[384,6,64], float32[384], float32[384], float32[384], float32[384], float32[1536], float32[384,1536], float32[384], float32[1536,384], float32[6,64], float32[384,6,64], float32[384], float32[6,64,384], float32[6,64], float32[384,6,64], float32[6,64], float32[384,6,64], float32[384], float32[384], float32[384], float32[384], float32[1536], float32[384,1536], float32[384], float32[1536,384], float32[6,64], float32[384,6,64], float32[384], float32[6,64,384], float32[6,64], float32[384,6,64], float32[6,64], float32[384,6,64], float32[384], float32[384], float32[384], float32[384], float32[1536], float32[384,1536], float32[384], float32[1536,384], float32[6,64], float32[384,6,64], float32[384], float32[6,64,384], float32[6,64], float32[384,6,64], float32[6,64], float32[384,6,64], float32[384], float32[384], float32[384], float32[384], float32[1536], float32[384,1536], float32[384], float32[1536,384], float32[6,64], float32[384,6,64], float32[384], float32[6,64,384], float32[6,64], float32[384,6,64], float32[6,64], float32[384,6,64], float32[384], float32[384], float32[384], float32[384], float32[1536], float32[384,1536], float32[384], float32[1536,384], float32[6,64], float32[384,6,64], float32[384], float32[6,64,384], float32[6,64], float32[384,6,64], float32[6,64], float32[384,6,64], float32[384], float32[384], float32[384], float32[384], float32[1536], float32[384,1536], float32[384], float32[1536,384], float32[6,64], float32[384,6,64], float32[384], float32[6,64,384], float32[6,64], float32[384,6,64], float32[6,64], float32[384,6,64], float32[384], float32[384], float32[384], float32[384], float32[1536], float32[384,1536], float32[384], float32[1536,384], float32[6,64], float32[384,6,64], float32[384], float32[6,64,384], float32[6,64], float32[384,6,64], float32[6,64], float32[384,6,64], float32[384], float32[384], float32[384], float32[384], float32[1536], float32[384,1536], float32[384], float32[1536,384], float32[6,64], float32[384,6,64], float32[384], float32[6,64,384], float32[6,64], float32[384,6,64], float32[6,64], float32[384,6,64], float32[384], float32[384], float32[384], float32[384], float32[1536], float32[384,1536], float32[384], float32[1536,384], float32[6,64], float32[384,6,64], float32[384], float32[6,64,384], float32[6,64], float32[384,6,64], float32[6,64], float32[384,6,64], float32[384], float32[384], float32[384], float32[384], float32[1536], float32[384,1536], float32[384], float32[1536,384], float32[6,64], float32[384,6,64], float32[384], float32[6,64,384], float32[6,64], float32[384,6,64], float32[6,64], float32[384,6,64], float32[384], float32[384], float32[384], float32[384], float32[1536], float32[384,1536], float32[384], float32[1536,384], float32[6,64], float32[384,6,64], float32[384], float32[6,64,384], float32[6,64], float32[384,6,64], float32[6,64], float32[384,6,64], float32[384], float32[16,16,3,384], float32[1000], float32[384,1000], float32[384], float32[384,384].
See an explanation at https://docs.jax.dev/en/latest/faq.html#buffer-donation.
  warnings.warn("Some donated buffers were not usable:"
I0511 23:36:20.647062 139720940033792 logging_writer.py:48] [100] global_step=100, grad_norm=0.539260745048523, loss=6.864160060882568
I0511 23:37:19.460088 139720948426496 logging_writer.py:48] [200] global_step=200, grad_norm=0.5953260064125061, loss=6.761732578277588
I0511 23:38:17.837969 139720940033792 logging_writer.py:48] [300] global_step=300, grad_norm=0.6645912528038025, loss=6.670961380004883
I0511 23:39:17.472193 139720948426496 logging_writer.py:48] [400] global_step=400, grad_norm=0.7983452081680298, loss=6.5835161209106445
I0511 23:40:17.856695 139720940033792 logging_writer.py:48] [500] global_step=500, grad_norm=0.8995888233184814, loss=6.4423441886901855
I0511 23:41:21.677289 139720948426496 logging_writer.py:48] [600] global_step=600, grad_norm=0.9260689616203308, loss=6.653635025024414
I0511 23:42:22.755534 139720940033792 logging_writer.py:48] [700] global_step=700, grad_norm=1.1774135828018188, loss=6.32750129699707
I0511 23:43:21.609582 139720948426496 logging_writer.py:48] [800] global_step=800, grad_norm=1.0756553411483765, loss=6.324485778808594
I0511 23:44:20.350193 139720940033792 logging_writer.py:48] [900] global_step=900, grad_norm=1.5639787912368774, loss=6.239470481872559
I0511 23:45:18.985274 139720948426496 logging_writer.py:48] [1000] global_step=1000, grad_norm=0.9082361459732056, loss=6.125824451446533
I0511 23:46:18.044672 139720940033792 logging_writer.py:48] [1100] global_step=1100, grad_norm=2.14084529876709, loss=6.1550188064575195
I0511 23:47:17.469204 139720948426496 logging_writer.py:48] [1200] global_step=1200, grad_norm=1.253057599067688, loss=6.1010942459106445
I0511 23:48:07.959306 139720940033792 logging_writer.py:48] [1300] global_step=1300, grad_norm=1.0481092929840088, loss=5.8367509841918945
I0511 23:48:53.969177 139720948426496 logging_writer.py:48] [1400] global_step=1400, grad_norm=1.191179871559143, loss=5.881453990936279
I0511 23:49:39.746495 139720940033792 logging_writer.py:48] [1500] global_step=1500, grad_norm=1.0093605518341064, loss=5.836559295654297
I0511 23:50:25.150135 139720948426496 logging_writer.py:48] [1600] global_step=1600, grad_norm=1.0180188417434692, loss=6.215150833129883
I0511 23:51:10.531063 139720940033792 logging_writer.py:48] [1700] global_step=1700, grad_norm=1.3631855249404907, loss=5.802330493927002
I0511 23:51:55.894650 139720948426496 logging_writer.py:48] [1800] global_step=1800, grad_norm=1.3477416038513184, loss=5.774660587310791
I0511 23:52:41.146352 139720948426496 logging_writer.py:48] [1900] global_step=1900, grad_norm=1.3668349981307983, loss=5.6697258949279785
I0511 23:53:26.412346 139720940033792 logging_writer.py:48] [2000] global_step=2000, grad_norm=1.2031396627426147, loss=6.458572864532471
I0511 23:54:11.673418 139720948426496 logging_writer.py:48] [2100] global_step=2100, grad_norm=1.079659104347229, loss=5.621328353881836
I0511 23:54:57.006117 139720940033792 logging_writer.py:48] [2200] global_step=2200, grad_norm=0.9442916512489319, loss=6.563146591186523
I0511 23:55:42.249373 139720948426496 logging_writer.py:48] [2300] global_step=2300, grad_norm=1.162294864654541, loss=5.50307559967041
I0511 23:56:27.475026 139720940033792 logging_writer.py:48] [2400] global_step=2400, grad_norm=1.259081244468689, loss=5.462625503540039
I0511 23:57:13.069443 139720948426496 logging_writer.py:48] [2500] global_step=2500, grad_norm=1.0426926612854004, loss=5.271101951599121
I0511 23:57:58.359356 139720940033792 logging_writer.py:48] [2600] global_step=2600, grad_norm=0.8433448076248169, loss=6.542449951171875
I0511 23:58:43.516319 139720948426496 logging_writer.py:48] [2700] global_step=2700, grad_norm=1.1713638305664062, loss=5.304413795471191
I0511 23:59:28.798221 139720940033792 logging_writer.py:48] [2800] global_step=2800, grad_norm=1.322009563446045, loss=5.1943817138671875
I0512 00:00:14.102386 139720948426496 logging_writer.py:48] [2900] global_step=2900, grad_norm=1.1194860935211182, loss=5.1559553146362305
I0512 00:00:59.397409 139720940033792 logging_writer.py:48] [3000] global_step=3000, grad_norm=1.1082489490509033, loss=5.233834266662598
I0512 00:01:44.562084 139720948426496 logging_writer.py:48] [3100] global_step=3100, grad_norm=1.362285852432251, loss=5.123171806335449
I0512 00:02:29.755268 139720940033792 logging_writer.py:48] [3200] global_step=3200, grad_norm=1.099976897239685, loss=5.047443389892578
I0512 00:03:15.061189 139720948426496 logging_writer.py:48] [3300] global_step=3300, grad_norm=0.9141038656234741, loss=5.390578269958496
I0512 00:04:00.238644 139720940033792 logging_writer.py:48] [3400] global_step=3400, grad_norm=1.9912574291229248, loss=5.195354461669922
I0512 00:04:45.541332 139720948426496 logging_writer.py:48] [3500] global_step=3500, grad_norm=0.9949865341186523, loss=4.921451091766357
I0512 00:05:31.109308 139720940033792 logging_writer.py:48] [3600] global_step=3600, grad_norm=0.9389541149139404, loss=5.101025581359863
I0512 00:06:16.447722 139720948426496 logging_writer.py:48] [3700] global_step=3700, grad_norm=1.0382624864578247, loss=4.837420463562012
I0512 00:07:01.380123 139720940033792 logging_writer.py:48] [3800] global_step=3800, grad_norm=1.2169655561447144, loss=5.096062183380127
I0512 00:07:45.947698 139720948426496 logging_writer.py:48] [3900] global_step=3900, grad_norm=0.8899155259132385, loss=5.24878454208374
I0512 00:08:30.534575 139720940033792 logging_writer.py:48] [4000] global_step=4000, grad_norm=1.0964795351028442, loss=4.884087562561035
I0512 00:09:15.250963 139720948426496 logging_writer.py:48] [4100] global_step=4100, grad_norm=0.8295777440071106, loss=5.401614189147949
I0512 00:09:59.814797 139720940033792 logging_writer.py:48] [4200] global_step=4200, grad_norm=1.5899014472961426, loss=4.855036735534668
I0512 00:10:44.288969 139720948426496 logging_writer.py:48] [4300] global_step=4300, grad_norm=1.0361294746398926, loss=4.653799057006836
I0512 00:11:28.839440 139720940033792 logging_writer.py:48] [4400] global_step=4400, grad_norm=1.4051941633224487, loss=4.673811435699463
I0512 00:12:13.475735 139720948426496 logging_writer.py:48] [4500] global_step=4500, grad_norm=1.14283287525177, loss=4.484032154083252
I0512 00:12:57.961707 139720940033792 logging_writer.py:48] [4600] global_step=4600, grad_norm=1.2590967416763306, loss=4.643404960632324
I0512 00:13:42.468459 139720948426496 logging_writer.py:48] [4700] global_step=4700, grad_norm=1.1655324697494507, loss=4.605582237243652
I0512 00:14:27.018995 139720940033792 logging_writer.py:48] [4800] global_step=4800, grad_norm=1.472293496131897, loss=4.599211692810059
I0512 00:15:11.528368 139720948426496 logging_writer.py:48] [4900] global_step=4900, grad_norm=1.2428574562072754, loss=4.553400039672852
I0512 00:15:55.982447 139720948426496 logging_writer.py:48] [5000] global_step=5000, grad_norm=0.9298465251922607, loss=6.164463996887207
I0512 00:16:40.313731 139720940033792 logging_writer.py:48] [5100] global_step=5100, grad_norm=1.2660818099975586, loss=4.476871967315674
I0512 00:17:25.151121 139720948426496 logging_writer.py:48] [5200] global_step=5200, grad_norm=1.438874363899231, loss=4.348442077636719
I0512 00:17:59.572525 139989707072704 spec.py:333] Evaluating on the training split.
I0512 00:18:13.699515 139989707072704 spec.py:346] Evaluating on the validation split.
I0512 00:18:23.607200 139989707072704 spec.py:363] Evaluating on the test split.
I0512 00:18:24.547276 139989707072704 submission_runner.py:516] Time since start: 2731.33s, 	Step: 5278, 	{'train/accuracy': Array(0.29558593, dtype=float32), 'train/loss': Array(3.4656441, dtype=float32), 'validation/accuracy': Array(0.2721, dtype=float32), 'validation/loss': Array(3.597065, dtype=float32), 'validation/num_examples': 50000, 'test/accuracy': Array(0.2088, dtype=float32), 'test/loss': Array(4.069016, dtype=float32), 'test/num_examples': 10000, 'score': 2629.6919548511505, 'total_duration': 2731.334310054779, 'accumulated_submission_time': 2629.6919548511505, 'accumulated_eval_time': 101.54883575439453, 'accumulated_logging_time': 0.02751946449279785}
I0512 00:18:24.574927 139720956819200 logging_writer.py:48] [5278] accumulated_eval_time=101.549, accumulated_logging_time=0.0275195, accumulated_submission_time=2629.69, global_step=5278, preemption_count=0, score=2629.69, test/accuracy=0.20880000293254852, test/loss=4.069015979766846, test/num_examples=10000, total_duration=2731.33, train/accuracy=0.2955859303474426, train/loss=3.465644121170044, validation/accuracy=0.2721000015735626, validation/loss=3.597064971923828, validation/num_examples=50000
I0512 00:18:29.761162 139720965211904 logging_writer.py:48] [5300] global_step=5300, grad_norm=0.9809892177581787, loss=4.9632487297058105
I0512 00:19:16.381573 139720956819200 logging_writer.py:48] [5400] global_step=5400, grad_norm=1.1765905618667603, loss=4.345120429992676
I0512 00:20:00.867221 139720965211904 logging_writer.py:48] [5500] global_step=5500, grad_norm=0.899198055267334, loss=5.396912574768066
I0512 00:20:45.377742 139720956819200 logging_writer.py:48] [5600] global_step=5600, grad_norm=0.8159364461898804, loss=5.994756698608398
I0512 00:21:29.920201 139720965211904 logging_writer.py:48] [5700] global_step=5700, grad_norm=0.9469671249389648, loss=4.331880569458008
I0512 00:22:14.496080 139720956819200 logging_writer.py:48] [5800] global_step=5800, grad_norm=1.2125574350357056, loss=4.247035026550293
I0512 00:22:58.922210 139720965211904 logging_writer.py:48] [5900] global_step=5900, grad_norm=1.1275618076324463, loss=4.159342288970947
I0512 00:23:43.520192 139720956819200 logging_writer.py:48] [6000] global_step=6000, grad_norm=1.0221635103225708, loss=4.18352746963501
I0512 00:24:27.963640 139720965211904 logging_writer.py:48] [6100] global_step=6100, grad_norm=0.9235695600509644, loss=5.881709098815918
I0512 00:25:12.371133 139720956819200 logging_writer.py:48] [6200] global_step=6200, grad_norm=1.0350860357284546, loss=4.3582868576049805
I0512 00:25:56.816576 139720965211904 logging_writer.py:48] [6300] global_step=6300, grad_norm=0.6848453879356384, loss=5.573108673095703
I0512 00:26:41.213181 139720956819200 logging_writer.py:48] [6400] global_step=6400, grad_norm=0.9288572669029236, loss=4.178459167480469
I0512 00:27:26.002967 139720965211904 logging_writer.py:48] [6500] global_step=6500, grad_norm=1.0015305280685425, loss=4.549485683441162
I0512 00:28:10.621633 139720956819200 logging_writer.py:48] [6600] global_step=6600, grad_norm=1.0561249256134033, loss=4.0900068283081055
I0512 00:28:55.138271 139720965211904 logging_writer.py:48] [6700] global_step=6700, grad_norm=1.195255994796753, loss=4.004238128662109
I0512 00:29:39.645928 139720956819200 logging_writer.py:48] [6800] global_step=6800, grad_norm=1.0584602355957031, loss=3.9908785820007324
I0512 00:30:24.127822 139720965211904 logging_writer.py:48] [6900] global_step=6900, grad_norm=0.9938877820968628, loss=4.407205104827881
I0512 00:31:08.549008 139720956819200 logging_writer.py:48] [7000] global_step=7000, grad_norm=1.122807264328003, loss=4.043774127960205
I0512 00:31:53.098673 139720965211904 logging_writer.py:48] [7100] global_step=7100, grad_norm=1.2304490804672241, loss=3.9969377517700195
I0512 00:32:37.509227 139720956819200 logging_writer.py:48] [7200] global_step=7200, grad_norm=0.8895269632339478, loss=5.3894124031066895
I0512 00:33:22.006317 139720965211904 logging_writer.py:48] [7300] global_step=7300, grad_norm=1.0892047882080078, loss=3.8778419494628906
I0512 00:34:06.429711 139720956819200 logging_writer.py:48] [7400] global_step=7400, grad_norm=1.2836523056030273, loss=3.97519588470459
I0512 00:34:50.731687 139720965211904 logging_writer.py:48] [7500] global_step=7500, grad_norm=1.0842069387435913, loss=3.842743396759033
I0512 00:35:35.150050 139720956819200 logging_writer.py:48] [7600] global_step=7600, grad_norm=0.9812727570533752, loss=5.985319137573242
I0512 00:36:19.730276 139720965211904 logging_writer.py:48] [7700] global_step=7700, grad_norm=1.4177302122116089, loss=3.744076728820801
I0512 00:37:04.680661 139720956819200 logging_writer.py:48] [7800] global_step=7800, grad_norm=1.049256443977356, loss=5.6198320388793945
I0512 00:37:49.389213 139720965211904 logging_writer.py:48] [7900] global_step=7900, grad_norm=1.054050087928772, loss=5.042042255401611
I0512 00:38:33.884266 139720956819200 logging_writer.py:48] [8000] global_step=8000, grad_norm=1.082822561264038, loss=3.6250429153442383
I0512 00:39:18.437242 139720965211904 logging_writer.py:48] [8100] global_step=8100, grad_norm=1.497451663017273, loss=3.8236594200134277
I0512 00:40:02.774237 139720956819200 logging_writer.py:48] [8200] global_step=8200, grad_norm=1.0972594022750854, loss=3.7085916996002197
I0512 00:40:47.135926 139720965211904 logging_writer.py:48] [8300] global_step=8300, grad_norm=1.170607328414917, loss=3.609574556350708
I0512 00:41:31.660583 139720956819200 logging_writer.py:48] [8400] global_step=8400, grad_norm=1.0105936527252197, loss=4.041191101074219
I0512 00:42:16.096750 139720965211904 logging_writer.py:48] [8500] global_step=8500, grad_norm=0.8866773843765259, loss=5.844736576080322
I0512 00:43:00.637751 139720956819200 logging_writer.py:48] [8600] global_step=8600, grad_norm=1.183936595916748, loss=3.805447578430176
I0512 00:43:45.118495 139720965211904 logging_writer.py:48] [8700] global_step=8700, grad_norm=1.1787831783294678, loss=4.641392707824707
I0512 00:44:29.511910 139720956819200 logging_writer.py:48] [8800] global_step=8800, grad_norm=1.3885003328323364, loss=3.7572755813598633
I0512 00:45:13.912245 139720965211904 logging_writer.py:48] [8900] global_step=8900, grad_norm=1.194963812828064, loss=3.5228166580200195
I0512 00:45:58.330623 139720956819200 logging_writer.py:48] [9000] global_step=9000, grad_norm=1.5604040622711182, loss=3.6771557331085205
I0512 00:46:42.855596 139720965211904 logging_writer.py:48] [9100] global_step=9100, grad_norm=1.2412066459655762, loss=3.6490705013275146
I0512 00:47:27.803464 139720956819200 logging_writer.py:48] [9200] global_step=9200, grad_norm=0.9813148975372314, loss=5.987936019897461
I0512 00:48:12.180815 139720965211904 logging_writer.py:48] [9300] global_step=9300, grad_norm=1.289981484413147, loss=4.063851833343506
I0512 00:48:56.659539 139720956819200 logging_writer.py:48] [9400] global_step=9400, grad_norm=0.9221652746200562, loss=4.8020830154418945
I0512 00:49:40.956251 139720965211904 logging_writer.py:48] [9500] global_step=9500, grad_norm=1.513051986694336, loss=3.6312522888183594
I0512 00:50:25.450553 139720956819200 logging_writer.py:48] [9600] global_step=9600, grad_norm=0.9349855184555054, loss=4.62370491027832
I0512 00:51:09.881219 139720965211904 logging_writer.py:48] [9700] global_step=9700, grad_norm=0.9065590500831604, loss=5.683138370513916
I0512 00:51:54.342154 139720956819200 logging_writer.py:48] [9800] global_step=9800, grad_norm=0.7984787225723267, loss=5.843075275421143
I0512 00:52:38.846424 139720965211904 logging_writer.py:48] [9900] global_step=9900, grad_norm=1.0441806316375732, loss=5.759889125823975
I0512 00:53:23.219978 139720956819200 logging_writer.py:48] [10000] global_step=10000, grad_norm=1.2993276119232178, loss=3.5788683891296387
I0512 00:54:07.545821 139720965211904 logging_writer.py:48] [10100] global_step=10100, grad_norm=1.014039397239685, loss=5.15803337097168
I0512 00:54:51.908519 139720956819200 logging_writer.py:48] [10200] global_step=10200, grad_norm=1.946255087852478, loss=3.494446039199829
I0512 00:55:36.457765 139720965211904 logging_writer.py:48] [10300] global_step=10300, grad_norm=1.290829062461853, loss=4.172830581665039
I0512 00:56:20.851807 139720956819200 logging_writer.py:48] [10400] global_step=10400, grad_norm=1.5277488231658936, loss=3.4975991249084473
I0512 00:57:05.570147 139720965211904 logging_writer.py:48] [10500] global_step=10500, grad_norm=1.2367501258850098, loss=3.494180679321289
I0512 00:57:49.923621 139720956819200 logging_writer.py:48] [10600] global_step=10600, grad_norm=1.3241280317306519, loss=3.467449903488159
I0512 00:58:34.392204 139720965211904 logging_writer.py:48] [10700] global_step=10700, grad_norm=1.06975257396698, loss=5.711564540863037
I0512 00:59:18.875443 139720956819200 logging_writer.py:48] [10800] global_step=10800, grad_norm=1.19786536693573, loss=3.370616912841797
I0512 01:00:03.211835 139720965211904 logging_writer.py:48] [10900] global_step=10900, grad_norm=1.6072648763656616, loss=3.842134475708008
I0512 01:00:47.691783 139720956819200 logging_writer.py:48] [11000] global_step=11000, grad_norm=1.7692575454711914, loss=3.3399124145507812
I0512 01:01:15.554519 139989707072704 spec.py:333] Evaluating on the training split.
I0512 01:01:34.018826 139989707072704 spec.py:346] Evaluating on the validation split.
I0512 01:01:42.851192 139989707072704 spec.py:363] Evaluating on the test split.
I0512 01:01:43.819297 139989707072704 submission_runner.py:516] Time since start: 5330.60s, 	Step: 11064, 	{'train/accuracy': Array(0.4775, dtype=float32), 'train/loss': Array(2.3652697, dtype=float32), 'validation/accuracy': Array(0.43583998, dtype=float32), 'validation/loss': Array(2.5677953, dtype=float32), 'validation/num_examples': 50000, 'test/accuracy': Array(0.33800003, dtype=float32), 'test/loss': Array(3.17033, dtype=float32), 'test/num_examples': 10000, 'score': 5200.587571382523, 'total_duration': 5330.60480928421, 'accumulated_submission_time': 5200.587571382523, 'accumulated_eval_time': 129.81006860733032, 'accumulated_logging_time': 0.07306218147277832}
I0512 01:01:43.850544 139720965211904 logging_writer.py:48] [11064] accumulated_eval_time=129.81, accumulated_logging_time=0.0730622, accumulated_submission_time=5200.59, global_step=11064, preemption_count=0, score=5200.59, test/accuracy=0.33800002932548523, test/loss=3.170330047607422, test/num_examples=10000, total_duration=5330.6, train/accuracy=0.47749999165534973, train/loss=2.365269660949707, validation/accuracy=0.435839980840683, validation/loss=2.5677952766418457, validation/num_examples=50000
I0512 01:01:58.061087 139720956819200 logging_writer.py:48] [11100] global_step=11100, grad_norm=0.9094006419181824, loss=4.495394229888916
I0512 01:02:42.597747 139720965211904 logging_writer.py:48] [11200] global_step=11200, grad_norm=1.3380018472671509, loss=3.3788938522338867
I0512 01:03:26.981904 139720956819200 logging_writer.py:48] [11300] global_step=11300, grad_norm=1.4178818464279175, loss=3.3046748638153076
I0512 01:04:11.509086 139720965211904 logging_writer.py:48] [11400] global_step=11400, grad_norm=1.288862943649292, loss=3.369441509246826
I0512 01:04:56.186614 139720956819200 logging_writer.py:48] [11500] global_step=11500, grad_norm=0.9985833168029785, loss=4.498199939727783
I0512 01:05:40.792238 139720965211904 logging_writer.py:48] [11600] global_step=11600, grad_norm=1.4340018033981323, loss=3.4739460945129395
I0512 01:06:25.304544 139720956819200 logging_writer.py:48] [11700] global_step=11700, grad_norm=1.2384673357009888, loss=5.40854549407959
I0512 01:07:10.164763 139720965211904 logging_writer.py:48] [11800] global_step=11800, grad_norm=1.3573977947235107, loss=3.4681477546691895
I0512 01:07:54.561977 139720956819200 logging_writer.py:48] [11900] global_step=11900, grad_norm=0.8865297436714172, loss=5.5404157638549805
I0512 01:08:38.829233 139720965211904 logging_writer.py:48] [12000] global_step=12000, grad_norm=1.1406371593475342, loss=4.077118873596191
I0512 01:09:23.417158 139720956819200 logging_writer.py:48] [12100] global_step=12100, grad_norm=1.2201731204986572, loss=3.3238306045532227
I0512 01:10:07.815294 139720965211904 logging_writer.py:48] [12200] global_step=12200, grad_norm=1.9085910320281982, loss=3.3457517623901367
I0512 01:10:52.290513 139720956819200 logging_writer.py:48] [12300] global_step=12300, grad_norm=1.2639302015304565, loss=3.2579243183135986
I0512 01:11:36.737776 139720965211904 logging_writer.py:48] [12400] global_step=12400, grad_norm=1.3475632667541504, loss=3.2834205627441406
I0512 01:12:21.327647 139720956819200 logging_writer.py:48] [12500] global_step=12500, grad_norm=1.4100642204284668, loss=3.244711399078369
I0512 01:13:05.849227 139720965211904 logging_writer.py:48] [12600] global_step=12600, grad_norm=1.2285271883010864, loss=3.9929866790771484
I0512 01:13:50.317191 139720956819200 logging_writer.py:48] [12700] global_step=12700, grad_norm=1.3399819135665894, loss=3.702693223953247
I0512 01:14:34.718566 139720965211904 logging_writer.py:48] [12800] global_step=12800, grad_norm=1.498138666152954, loss=3.312422037124634
I0512 01:15:19.294370 139720956819200 logging_writer.py:48] [12900] global_step=12900, grad_norm=1.163443922996521, loss=5.141735076904297
I0512 01:16:03.773411 139720965211904 logging_writer.py:48] [13000] global_step=13000, grad_norm=1.378987193107605, loss=3.1770849227905273
I0512 01:16:48.143925 139720956819200 logging_writer.py:48] [13100] global_step=13100, grad_norm=1.0408477783203125, loss=5.469912052154541
I0512 01:17:32.813443 139720965211904 logging_writer.py:48] [13200] global_step=13200, grad_norm=1.2792631387710571, loss=4.902966499328613
I0512 01:18:17.367092 139720956819200 logging_writer.py:48] [13300] global_step=13300, grad_norm=1.826393485069275, loss=3.1008310317993164
I0512 01:19:01.786036 139720965211904 logging_writer.py:48] [13400] global_step=13400, grad_norm=1.5974600315093994, loss=3.1526875495910645
I0512 01:19:46.240715 139720956819200 logging_writer.py:48] [13500] global_step=13500, grad_norm=1.2777050733566284, loss=4.81938362121582
I0512 01:20:30.835695 139720965211904 logging_writer.py:48] [13600] global_step=13600, grad_norm=1.25416898727417, loss=5.57949686050415
I0512 01:21:15.437788 139720956819200 logging_writer.py:48] [13700] global_step=13700, grad_norm=1.5784400701522827, loss=3.1677188873291016
I0512 01:21:59.810410 139720965211904 logging_writer.py:48] [13800] global_step=13800, grad_norm=1.3897452354431152, loss=3.1600260734558105
I0512 01:22:44.202296 139720956819200 logging_writer.py:48] [13900] global_step=13900, grad_norm=1.2856600284576416, loss=3.2593584060668945
I0512 01:23:28.682077 139720965211904 logging_writer.py:48] [14000] global_step=14000, grad_norm=1.1778181791305542, loss=4.158945560455322
I0512 01:24:13.193192 139720956819200 logging_writer.py:48] [14100] global_step=14100, grad_norm=1.0929169654846191, loss=5.751063346862793
I0512 01:24:57.628458 139720965211904 logging_writer.py:48] [14200] global_step=14200, grad_norm=1.3039336204528809, loss=3.287848949432373
I0512 01:25:42.090527 139720956819200 logging_writer.py:48] [14300] global_step=14300, grad_norm=1.795121669769287, loss=3.249007225036621
I0512 01:26:26.625594 139720965211904 logging_writer.py:48] [14400] global_step=14400, grad_norm=1.670318841934204, loss=3.7933168411254883
I0512 01:27:11.315030 139720956819200 logging_writer.py:48] [14500] global_step=14500, grad_norm=1.2480236291885376, loss=3.649808883666992
I0512 01:27:55.700155 139720965211904 logging_writer.py:48] [14600] global_step=14600, grad_norm=1.26237952709198, loss=4.317232131958008
I0512 01:28:40.177875 139720956819200 logging_writer.py:48] [14700] global_step=14700, grad_norm=1.8167219161987305, loss=3.246074676513672
I0512 01:29:24.660835 139720965211904 logging_writer.py:48] [14800] global_step=14800, grad_norm=1.3551453351974487, loss=3.2291626930236816
I0512 01:30:09.153255 139720956819200 logging_writer.py:48] [14900] global_step=14900, grad_norm=1.3924468755722046, loss=3.2035980224609375
I0512 01:30:53.630362 139720965211904 logging_writer.py:48] [15000] global_step=15000, grad_norm=1.8190690279006958, loss=3.0839033126831055
I0512 01:31:37.809593 139720956819200 logging_writer.py:48] [15100] global_step=15100, grad_norm=1.3646353483200073, loss=3.5856330394744873
I0512 01:32:22.379269 139720965211904 logging_writer.py:48] [15200] global_step=15200, grad_norm=1.1774905920028687, loss=5.108127117156982
I0512 01:33:06.919242 139720956819200 logging_writer.py:48] [15300] global_step=15300, grad_norm=1.540225625038147, loss=3.1105353832244873
I0512 01:33:51.303405 139720965211904 logging_writer.py:48] [15400] global_step=15400, grad_norm=1.6444565057754517, loss=3.08219313621521
I0512 01:34:35.774887 139720956819200 logging_writer.py:48] [15500] global_step=15500, grad_norm=1.3519742488861084, loss=5.37278413772583
I0512 01:35:20.252844 139720965211904 logging_writer.py:48] [15600] global_step=15600, grad_norm=1.511587381362915, loss=4.041654109954834
I0512 01:36:04.743911 139720956819200 logging_writer.py:48] [15700] global_step=15700, grad_norm=1.4889754056930542, loss=2.9565069675445557
I0512 01:36:49.316973 139720965211904 logging_writer.py:48] [15800] global_step=15800, grad_norm=1.5461112260818481, loss=3.038605213165283
I0512 01:37:33.904367 139720956819200 logging_writer.py:48] [15900] global_step=15900, grad_norm=1.603128433227539, loss=3.0395026206970215
I0512 01:38:18.296385 139720965211904 logging_writer.py:48] [16000] global_step=16000, grad_norm=1.5920274257659912, loss=3.0698182582855225
I0512 01:39:02.842673 139720956819200 logging_writer.py:48] [16100] global_step=16100, grad_norm=1.6305557489395142, loss=3.0678634643554688
I0512 01:39:47.311097 139720965211904 logging_writer.py:48] [16200] global_step=16200, grad_norm=1.0604544878005981, loss=5.082874298095703
I0512 01:40:31.714102 139720956819200 logging_writer.py:48] [16300] global_step=16300, grad_norm=1.5772788524627686, loss=3.1652987003326416
I0512 01:41:16.101899 139720965211904 logging_writer.py:48] [16400] global_step=16400, grad_norm=0.9953022003173828, loss=5.602885723114014
I0512 01:42:00.438641 139720956819200 logging_writer.py:48] [16500] global_step=16500, grad_norm=1.621568202972412, loss=2.8841495513916016
I0512 01:42:44.886121 139720965211904 logging_writer.py:48] [16600] global_step=16600, grad_norm=1.297366976737976, loss=3.731785774230957
I0512 01:43:29.358005 139720956819200 logging_writer.py:48] [16700] global_step=16700, grad_norm=1.4952439069747925, loss=3.409801959991455
I0512 01:44:13.808595 139720965211904 logging_writer.py:48] [16800] global_step=16800, grad_norm=1.5310834646224976, loss=3.065859079360962
I0512 01:44:35.046395 139989707072704 spec.py:333] Evaluating on the training split.
I0512 01:44:50.512917 139989707072704 spec.py:346] Evaluating on the validation split.
I0512 01:44:59.761832 139989707072704 spec.py:363] Evaluating on the test split.
I0512 01:45:00.716763 139989707072704 submission_runner.py:516] Time since start: 7927.50s, 	Step: 16849, 	{'train/accuracy': Array(0.56634766, dtype=float32), 'train/loss': Array(1.8867009, dtype=float32), 'validation/accuracy': Array(0.51962, dtype=float32), 'validation/loss': Array(2.1078074, dtype=float32), 'validation/num_examples': 50000, 'test/accuracy': Array(0.4072, dtype=float32), 'test/loss': Array(2.7436914, dtype=float32), 'test/num_examples': 10000, 'score': 7771.651051044464, 'total_duration': 7927.503833532333, 'accumulated_submission_time': 7771.651051044464, 'accumulated_eval_time': 155.47844910621643, 'accumulated_logging_time': 0.16989946365356445}
I0512 01:45:00.757480 139720956819200 logging_writer.py:48] [16849] accumulated_eval_time=155.478, accumulated_logging_time=0.169899, accumulated_submission_time=7771.65, global_step=16849, preemption_count=0, score=7771.65, test/accuracy=0.40720000863075256, test/loss=2.7436914443969727, test/num_examples=10000, total_duration=7927.5, train/accuracy=0.5663476586341858, train/loss=1.8867008686065674, validation/accuracy=0.5196200013160706, validation/loss=2.1078073978424072, validation/num_examples=50000
I0512 01:45:21.577089 139720965211904 logging_writer.py:48] [16900] global_step=16900, grad_norm=1.3867976665496826, loss=3.786402702331543
I0512 01:46:06.222777 139720956819200 logging_writer.py:48] [17000] global_step=17000, grad_norm=1.5321745872497559, loss=3.0456368923187256
I0512 01:46:50.889878 139720965211904 logging_writer.py:48] [17100] global_step=17100, grad_norm=1.566655158996582, loss=3.86381459236145
I0512 01:47:35.830011 139720956819200 logging_writer.py:48] [17200] global_step=17200, grad_norm=1.3920457363128662, loss=2.8807225227355957
I0512 01:48:20.464005 139720965211904 logging_writer.py:48] [17300] global_step=17300, grad_norm=1.2527310848236084, loss=3.427736759185791
I0512 01:49:05.111509 139720956819200 logging_writer.py:48] [17400] global_step=17400, grad_norm=1.2331783771514893, loss=4.364435195922852
I0512 01:49:49.877355 139720965211904 logging_writer.py:48] [17500] global_step=17500, grad_norm=1.4318459033966064, loss=3.0619263648986816
I0512 01:50:34.142574 139720956819200 logging_writer.py:48] [17600] global_step=17600, grad_norm=1.562271237373352, loss=3.0745668411254883
I0512 01:51:18.749283 139720965211904 logging_writer.py:48] [17700] global_step=17700, grad_norm=1.6619436740875244, loss=2.8518643379211426
I0512 01:52:03.365187 139720956819200 logging_writer.py:48] [17800] global_step=17800, grad_norm=1.0310274362564087, loss=5.189232349395752
I0512 01:52:48.043013 139720965211904 logging_writer.py:48] [17900] global_step=17900, grad_norm=0.99309903383255, loss=5.578432083129883
I0512 01:53:32.630961 139720956819200 logging_writer.py:48] [18000] global_step=18000, grad_norm=1.7702391147613525, loss=3.006246566772461
I0512 01:54:17.180171 139720965211904 logging_writer.py:48] [18100] global_step=18100, grad_norm=1.2412985563278198, loss=5.10260009765625
I0512 01:55:01.679390 139720956819200 logging_writer.py:48] [18200] global_step=18200, grad_norm=1.1008697748184204, loss=5.261695861816406
I0512 01:55:46.101204 139720965211904 logging_writer.py:48] [18300] global_step=18300, grad_norm=1.4647939205169678, loss=3.122300386428833
I0512 01:56:30.575719 139720956819200 logging_writer.py:48] [18400] global_step=18400, grad_norm=1.4943115711212158, loss=2.718906879425049
I0512 01:57:15.479173 139720965211904 logging_writer.py:48] [18500] global_step=18500, grad_norm=1.4459145069122314, loss=3.9853625297546387
I0512 01:58:00.205003 139720956819200 logging_writer.py:48] [18600] global_step=18600, grad_norm=1.288274884223938, loss=4.889130592346191
I0512 01:58:44.620309 139720965211904 logging_writer.py:48] [18700] global_step=18700, grad_norm=1.5727862119674683, loss=3.671386957168579
I0512 01:59:29.059737 139720956819200 logging_writer.py:48] [18800] global_step=18800, grad_norm=1.3922219276428223, loss=3.5415234565734863
I0512 02:00:13.578499 139720965211904 logging_writer.py:48] [18900] global_step=18900, grad_norm=1.2858630418777466, loss=4.170525550842285
I0512 02:00:58.124166 139720956819200 logging_writer.py:48] [19000] global_step=19000, grad_norm=2.1710078716278076, loss=2.9183874130249023
I0512 02:01:42.574407 139720965211904 logging_writer.py:48] [19100] global_step=19100, grad_norm=1.319164514541626, loss=5.189633369445801
I0512 02:02:27.097193 139720956819200 logging_writer.py:48] [19200] global_step=19200, grad_norm=1.3081138134002686, loss=5.206677436828613
I0512 02:03:11.489681 139720965211904 logging_writer.py:48] [19300] global_step=19300, grad_norm=1.016649603843689, loss=5.435013771057129
I0512 02:03:55.949068 139720956819200 logging_writer.py:48] [19400] global_step=19400, grad_norm=1.3195452690124512, loss=4.753498077392578
I0512 02:04:40.358932 139720965211904 logging_writer.py:48] [19500] global_step=19500, grad_norm=1.729250431060791, loss=2.7346909046173096
I0512 02:05:24.873230 139720956819200 logging_writer.py:48] [19600] global_step=19600, grad_norm=1.332428216934204, loss=4.0450849533081055
I0512 02:06:09.364016 139720965211904 logging_writer.py:48] [19700] global_step=19700, grad_norm=1.159834861755371, loss=5.4702653884887695
I0512 02:06:54.169608 139720956819200 logging_writer.py:48] [19800] global_step=19800, grad_norm=1.9834744930267334, loss=2.7263550758361816
I0512 02:07:38.802892 139720965211904 logging_writer.py:48] [19900] global_step=19900, grad_norm=1.2694149017333984, loss=5.487202167510986
I0512 02:08:23.273204 139720956819200 logging_writer.py:48] [20000] global_step=20000, grad_norm=1.1664029359817505, loss=4.854548931121826
I0512 02:09:07.827029 139720965211904 logging_writer.py:48] [20100] global_step=20100, grad_norm=1.5657299757003784, loss=2.6623659133911133
I0512 02:09:52.201126 139720956819200 logging_writer.py:48] [20200] global_step=20200, grad_norm=1.8789886236190796, loss=2.905367612838745
I0512 02:10:36.764314 139720965211904 logging_writer.py:48] [20300] global_step=20300, grad_norm=1.5916403532028198, loss=2.6742782592773438
I0512 02:11:21.313594 139720956819200 logging_writer.py:48] [20400] global_step=20400, grad_norm=1.8330497741699219, loss=2.7872631549835205
I0512 02:12:05.907298 139720965211904 logging_writer.py:48] [20500] global_step=20500, grad_norm=1.6589080095291138, loss=2.8149120807647705
I0512 02:12:50.609507 139720956819200 logging_writer.py:48] [20600] global_step=20600, grad_norm=1.5630762577056885, loss=4.05515193939209
I0512 02:13:35.176727 139720965211904 logging_writer.py:48] [20700] global_step=20700, grad_norm=1.515461802482605, loss=2.7703332901000977
I0512 02:14:19.672670 139720956819200 logging_writer.py:48] [20800] global_step=20800, grad_norm=1.516726016998291, loss=2.5701045989990234
I0512 02:15:04.322660 139720965211904 logging_writer.py:48] [20900] global_step=20900, grad_norm=1.6320770978927612, loss=3.294003486633301
I0512 02:15:48.864345 139720956819200 logging_writer.py:48] [21000] global_step=21000, grad_norm=1.3797075748443604, loss=3.3129324913024902
I0512 02:16:33.491057 139720965211904 logging_writer.py:48] [21100] global_step=21100, grad_norm=1.3587726354599, loss=3.3221564292907715
