python submission_runner.py --framework=jax --workload=imagenet_vit --submission_path=submissions_algorithms/submissions/self_tuning/schedule_free_adamw_jax/submission.py --data_dir=/data/imagenet/jax --experiment_dir=/experiment_runs --experiment_name=submissions_a100/schedule_free_adamw_jax/study_1 --overwrite=True --save_checkpoints=False --rng_seed=1479737048 --imagenet_v2_data_dir=/data/imagenet/jax --tuning_ruleset=self 2>&1 | tee -a /logs/imagenet_vit_jax_05-12-2026-18-49-13.log
2026-05-12 18:49:24.701524: E external/local_xla/xla/stream_executor/cuda/cuda_fft.cc:467] Unable to register cuFFT factory: Attempting to register factory for plugin cuFFT when one has already been registered
WARNING: All log messages before absl::InitializeLog() is called are written to STDERR
E0000 00:00:1778611765.474336      13 cuda_dnn.cc:8579] Unable to register cuDNN factory: Attempting to register factory for plugin cuDNN when one has already been registered
E0000 00:00:1778611765.637130      13 cuda_blas.cc:1407] Unable to register cuBLAS factory: Attempting to register factory for plugin cuBLAS when one has already been registered
W0000 00:00:1778611767.385924      13 computation_placer.cc:177] computation placer already registered. Please check linkage and avoid linking the same target more than once.
W0000 00:00:1778611767.385970      13 computation_placer.cc:177] computation placer already registered. Please check linkage and avoid linking the same target more than once.
W0000 00:00:1778611767.385973      13 computation_placer.cc:177] computation placer already registered. Please check linkage and avoid linking the same target more than once.
W0000 00:00:1778611767.385976      13 computation_placer.cc:177] computation placer already registered. Please check linkage and avoid linking the same target more than once.
/usr/local/lib/python3.11/site-packages/torch/__init__.py:1617: UserWarning: Please use the new API settings to control TF32 behavior, such as torch.backends.cudnn.conv.fp32_precision = 'tf32' or torch.backends.cuda.matmul.fp32_precision = 'ieee'. Old settings, e.g, torch.backends.cuda.matmul.allow_tf32 = True, torch.backends.cudnn.allow_tf32 = True, allowTF32CuDNN() and allowTF32CuBLAS() will be deprecated after Pytorch 2.9. Please see https://pytorch.org/docs/main/notes/cuda.html#tensorfloat-32-tf32-on-ampere-and-later-devices (Triggered internally at /pytorch/aten/src/ATen/Context.cpp:80.)
  _C._set_float32_matmul_precision(precision)
/usr/local/lib/python3.11/site-packages/pydantic/_internal/_generate_schema.py:2249: UnsupportedFieldAttributeWarning: The 'repr' attribute with value False was provided to the `Field()` function, which has no effect in the context it was used. 'repr' is field-specific metadata, and can only be attached to a model field using `Annotated` metadata or by assignment. This may have happened because an `Annotated` type alias using the `type` statement was used, or if the `Field()` function was attached to a single member of a union type.
  warnings.warn(
/usr/local/lib/python3.11/site-packages/pydantic/_internal/_generate_schema.py:2249: UnsupportedFieldAttributeWarning: The 'frozen' attribute with value True was provided to the `Field()` function, which has no effect in the context it was used. 'frozen' is field-specific metadata, and can only be attached to a model field using `Annotated` metadata or by assignment. This may have happened because an `Annotated` type alias using the `type` statement was used, or if the `Field()` function was attached to a single member of a union type.
  warnings.warn(
INFO:2026-05-12 18:50:18,453:jax._src.xla_bridge:830: Unable to initialize backend 'tpu': INTERNAL: Failed to open libtpu.so: libtpu.so: cannot open shared object file: No such file or directory
I0512 18:50:18.453313 140358829515968 xla_bridge.py:830] Unable to initialize backend 'tpu': INTERNAL: Failed to open libtpu.so: libtpu.so: cannot open shared object file: No such file or directory
I0512 18:50:19.335238 140358829515968 logger_utils.py:59] Removing existing experiment directory /experiment_runs/submissions_a100/schedule_free_adamw_jax/study_1/imagenet_vit_jax because --overwrite was set.
I0512 18:50:19.341738 140358829515968 logger_utils.py:84] Creating experiment directory at /experiment_runs/submissions_a100/schedule_free_adamw_jax/study_1/imagenet_vit_jax.
I0512 18:50:23.340640 140358829515968 submission_runner.py:741] Creating directory at /experiment_runs/submissions_a100/schedule_free_adamw_jax/study_1/imagenet_vit_jax/trial_1.
I0512 18:50:23.684466 140358829515968 submission_runner.py:242] Initializing dataset.
I0512 18:50:24.851900 140358829515968 dataset_info.py:707] Load dataset info from /data/imagenet/jax/imagenet2012/5.1.0
I0512 18:50:24.914662 140358829515968 dataset_info.py:793] For 'imagenet2012/5.1.0': fields info.[splits, supervised_keys] differ on disk and in the code. Keeping the one from code.
I0512 18:50:25.225787 140358829515968 reader.py:262] Creating a tf.data.Dataset reading 1024 files located in folders: /data/imagenet/jax/imagenet2012/5.1.0.
I0512 18:50:25.518412 140358829515968 logging_logger.py:49] Constructing tf.data.Dataset imagenet2012 for split train, from /data/imagenet/jax/imagenet2012/5.1.0
I0512 18:50:34.006934 140358829515968 submission_runner.py:251] Initializing model.
I0512 18:51:14.020591 140358829515968 submission_runner.py:294] Initializing optimizer.
I0512 18:51:15.026491 140358829515968 submission_runner.py:299] Initializing metrics bundle.
I0512 18:51:15.026722 140358829515968 submission_runner.py:321] Initializing checkpoint and logger.
I0512 18:51:15.035919 140358829515968 checkpoints.py:1098] Found no checkpoint files in /experiment_runs/submissions_a100/schedule_free_adamw_jax/study_1/imagenet_vit_jax/trial_1 with prefix checkpoint_
I0512 18:51:15.036044 140358829515968 submission_runner.py:344] Saving meta data to /experiment_runs/submissions_a100/schedule_free_adamw_jax/study_1/imagenet_vit_jax/trial_1/meta_data_0.json.
I0512 18:51:15.507492 140358829515968 submission_runner.py:348] Saving flags to /experiment_runs/submissions_a100/schedule_free_adamw_jax/study_1/imagenet_vit_jax/trial_1/flags_0.json.
I0512 18:51:15.527789 140358829515968 submission_runner.py:359] Starting training loop.
/usr/local/lib/python3.11/site-packages/jax/_src/interpreters/mlir.py:1268: UserWarning: Some donated buffers were not usable: float32[384], float32[384], float32[384], float32[384], float32[384], float32[384], float32[1536], float32[384,1536], float32[384], float32[1536,384], float32[6,64], float32[384,6,64], float32[384], float32[6,64,384], float32[6,64], float32[384,6,64], float32[6,64], float32[384,6,64], float32[384], float32[384], float32[384], float32[384], float32[1536], float32[384,1536], float32[384], float32[1536,384], float32[6,64], float32[384,6,64], float32[384], float32[6,64,384], float32[6,64], float32[384,6,64], float32[6,64], float32[384,6,64], float32[384], float32[384], float32[384], float32[384], float32[1536], float32[384,1536], float32[384], float32[1536,384], float32[6,64], float32[384,6,64], float32[384], float32[6,64,384], float32[6,64], float32[384,6,64], float32[6,64], float32[384,6,64], float32[384], float32[384], float32[384], float32[384], float32[1536], float32[384,1536], float32[384], float32[1536,384], float32[6,64], float32[384,6,64], float32[384], float32[6,64,384], float32[6,64], float32[384,6,64], float32[6,64], float32[384,6,64], float32[384], float32[384], float32[384], float32[384], float32[1536], float32[384,1536], float32[384], float32[1536,384], float32[6,64], float32[384,6,64], float32[384], float32[6,64,384], float32[6,64], float32[384,6,64], float32[6,64], float32[384,6,64], float32[384], float32[384], float32[384], float32[384], float32[1536], float32[384,1536], float32[384], float32[1536,384], float32[6,64], float32[384,6,64], float32[384], float32[6,64,384], float32[6,64], float32[384,6,64], float32[6,64], float32[384,6,64], float32[384], float32[384], float32[384], float32[384], float32[1536], float32[384,1536], float32[384], float32[1536,384], float32[6,64], float32[384,6,64], float32[384], float32[6,64,384], float32[6,64], float32[384,6,64], float32[6,64], float32[384,6,64], float32[384], float32[384], float32[384], float32[384], float32[1536], float32[384,1536], float32[384], float32[1536,384], float32[6,64], float32[384,6,64], float32[384], float32[6,64,384], float32[6,64], float32[384,6,64], float32[6,64], float32[384,6,64], float32[384], float32[384], float32[384], float32[384], float32[1536], float32[384,1536], float32[384], float32[1536,384], float32[6,64], float32[384,6,64], float32[384], float32[6,64,384], float32[6,64], float32[384,6,64], float32[6,64], float32[384,6,64], float32[384], float32[384], float32[384], float32[384], float32[1536], float32[384,1536], float32[384], float32[1536,384], float32[6,64], float32[384,6,64], float32[384], float32[6,64,384], float32[6,64], float32[384,6,64], float32[6,64], float32[384,6,64], float32[384], float32[384], float32[384], float32[384], float32[1536], float32[384,1536], float32[384], float32[1536,384], float32[6,64], float32[384,6,64], float32[384], float32[6,64,384], float32[6,64], float32[384,6,64], float32[6,64], float32[384,6,64], float32[384], float32[384], float32[384], float32[384], float32[1536], float32[384,1536], float32[384], float32[1536,384], float32[6,64], float32[384,6,64], float32[384], float32[6,64,384], float32[6,64], float32[384,6,64], float32[6,64], float32[384,6,64], float32[384], float32[16,16,3,384], float32[1000], float32[384,1000], float32[384], float32[384,384].
See an explanation at https://docs.jax.dev/en/latest/faq.html#buffer-donation.
  warnings.warn("Some donated buffers were not usable:"
I0512 18:52:21.391820 140172263913216 logging_writer.py:48] [0] global_step=0, grad_norm=0.35644012689590454, loss=6.9077558517456055
I0512 18:52:23.129468 140358829515968 spec.py:333] Evaluating on the training split.
I0512 18:52:23.134352 140358829515968 dataset_info.py:707] Load dataset info from /data/imagenet/jax/imagenet2012/5.1.0
I0512 18:52:23.140143 140358829515968 dataset_info.py:793] For 'imagenet2012/5.1.0': fields info.[splits, supervised_keys] differ on disk and in the code. Keeping the one from code.
I0512 18:52:23.158597 140358829515968 reader.py:262] Creating a tf.data.Dataset reading 1024 files located in folders: /data/imagenet/jax/imagenet2012/5.1.0.
I0512 18:52:23.206378 140358829515968 logging_logger.py:49] Constructing tf.data.Dataset imagenet2012 for split train, from /data/imagenet/jax/imagenet2012/5.1.0
I0512 18:52:51.410233 140358829515968 spec.py:346] Evaluating on the validation split.
I0512 18:52:51.415913 140358829515968 dataset_info.py:707] Load dataset info from /data/imagenet/jax/imagenet2012/5.1.0
I0512 18:52:51.422852 140358829515968 dataset_info.py:793] For 'imagenet2012/5.1.0': fields info.[splits, supervised_keys] differ on disk and in the code. Keeping the one from code.
I0512 18:52:51.426184 140358829515968 reader.py:262] Creating a tf.data.Dataset reading 64 files located in folders: /data/imagenet/jax/imagenet2012/5.1.0.
I0512 18:52:51.488118 140358829515968 logging_logger.py:49] Constructing tf.data.Dataset imagenet2012 for split validation, from /data/imagenet/jax/imagenet2012/5.1.0
I0512 18:53:39.815698 140358829515968 spec.py:363] Evaluating on the test split.
I0512 18:53:39.905355 140358829515968 dataset_info.py:707] Load dataset info from /data/imagenet/jax/imagenet_v2/matched-frequency/3.0.0
I0512 18:53:39.971938 140358829515968 reader.py:262] Creating a tf.data.Dataset reading 16 files located in folders: /data/imagenet/jax/imagenet_v2/matched-frequency/3.0.0.
I0512 18:53:40.028788 140358829515968 logging_logger.py:49] Constructing tf.data.Dataset imagenet_v2 for split test, from /data/imagenet/jax/imagenet_v2/matched-frequency/3.0.0
I0512 18:54:02.185212 140358829515968 submission_runner.py:516] Time since start: 166.65s, 	Step: 1, 	{'train/accuracy': Array(0.00091797, dtype=float32), 'train/loss': Array(6.907755, dtype=float32), 'validation/accuracy': Array(0.001, dtype=float32), 'validation/loss': Array(6.907755, dtype=float32), 'validation/num_examples': 50000, 'test/accuracy': Array(0.001, dtype=float32), 'test/loss': Array(6.907755, dtype=float32), 'test/num_examples': 10000, 'score': 67.60156393051147, 'total_duration': 166.650452375412, 'accumulated_submission_time': 67.60156393051147, 'accumulated_eval_time': 99.04877591133118, 'accumulated_logging_time': 0}
I0512 18:54:02.263785 140089258657536 logging_writer.py:48] [1] accumulated_eval_time=99.0488, accumulated_logging_time=0, accumulated_submission_time=67.6016, global_step=1, preemption_count=0, score=67.6016, test/accuracy=0.0010000000474974513, test/loss=6.907754898071289, test/num_examples=10000, total_duration=166.65, train/accuracy=0.0009179687476716936, train/loss=6.907754898071289, validation/accuracy=0.0009999999310821295, validation/loss=6.907754898071289, validation/num_examples=50000
/usr/local/lib/python3.11/site-packages/jax/_src/interpreters/mlir.py:1268: UserWarning: Some donated buffers were not usable: float32[384], float32[384], float32[384], float32[384], float32[384], float32[384], float32[1536], float32[384,1536], float32[384], float32[1536,384], float32[6,64], float32[384,6,64], float32[384], float32[6,64,384], float32[6,64], float32[384,6,64], float32[6,64], float32[384,6,64], float32[384], float32[384], float32[384], float32[384], float32[1536], float32[384,1536], float32[384], float32[1536,384], float32[6,64], float32[384,6,64], float32[384], float32[6,64,384], float32[6,64], float32[384,6,64], float32[6,64], float32[384,6,64], float32[384], float32[384], float32[384], float32[384], float32[1536], float32[384,1536], float32[384], float32[1536,384], float32[6,64], float32[384,6,64], float32[384], float32[6,64,384], float32[6,64], float32[384,6,64], float32[6,64], float32[384,6,64], float32[384], float32[384], float32[384], float32[384], float32[1536], float32[384,1536], float32[384], float32[1536,384], float32[6,64], float32[384,6,64], float32[384], float32[6,64,384], float32[6,64], float32[384,6,64], float32[6,64], float32[384,6,64], float32[384], float32[384], float32[384], float32[384], float32[1536], float32[384,1536], float32[384], float32[1536,384], float32[6,64], float32[384,6,64], float32[384], float32[6,64,384], float32[6,64], float32[384,6,64], float32[6,64], float32[384,6,64], float32[384], float32[384], float32[384], float32[384], float32[1536], float32[384,1536], float32[384], float32[1536,384], float32[6,64], float32[384,6,64], float32[384], float32[6,64,384], float32[6,64], float32[384,6,64], float32[6,64], float32[384,6,64], float32[384], float32[384], float32[384], float32[384], float32[1536], float32[384,1536], float32[384], float32[1536,384], float32[6,64], float32[384,6,64], float32[384], float32[6,64,384], float32[6,64], float32[384,6,64], float32[6,64], float32[384,6,64], float32[384], float32[384], float32[384], float32[384], float32[1536], float32[384,1536], float32[384], float32[1536,384], float32[6,64], float32[384,6,64], float32[384], float32[6,64,384], float32[6,64], float32[384,6,64], float32[6,64], float32[384,6,64], float32[384], float32[384], float32[384], float32[384], float32[1536], float32[384,1536], float32[384], float32[1536,384], float32[6,64], float32[384,6,64], float32[384], float32[6,64,384], float32[6,64], float32[384,6,64], float32[6,64], float32[384,6,64], float32[384], float32[384], float32[384], float32[384], float32[1536], float32[384,1536], float32[384], float32[1536,384], float32[6,64], float32[384,6,64], float32[384], float32[6,64,384], float32[6,64], float32[384,6,64], float32[6,64], float32[384,6,64], float32[384], float32[384], float32[384], float32[384], float32[1536], float32[384,1536], float32[384], float32[1536,384], float32[6,64], float32[384,6,64], float32[384], float32[6,64,384], float32[6,64], float32[384,6,64], float32[6,64], float32[384,6,64], float32[384], float32[384], float32[384], float32[384], float32[1536], float32[384,1536], float32[384], float32[1536,384], float32[6,64], float32[384,6,64], float32[384], float32[6,64,384], float32[6,64], float32[384,6,64], float32[6,64], float32[384,6,64], float32[384], float32[16,16,3,384], float32[1000], float32[384,1000], float32[384], float32[384,384].
See an explanation at https://docs.jax.dev/en/latest/faq.html#buffer-donation.
  warnings.warn("Some donated buffers were not usable:"
I0512 18:55:26.062776 140089250264832 logging_writer.py:48] [100] global_step=100, grad_norm=0.534377932548523, loss=6.863615036010742
I0512 18:56:23.103754 140089250264832 logging_writer.py:48] [200] global_step=200, grad_norm=0.7220369577407837, loss=6.781219005584717
I0512 18:57:17.748113 140089258657536 logging_writer.py:48] [300] global_step=300, grad_norm=0.9425811767578125, loss=6.65047550201416
I0512 18:58:13.522540 140089250264832 logging_writer.py:48] [400] global_step=400, grad_norm=0.8758048415184021, loss=6.550629615783691
I0512 18:59:09.634505 140089258657536 logging_writer.py:48] [500] global_step=500, grad_norm=0.9733389616012573, loss=6.606344223022461
I0512 19:00:05.882409 140089250264832 logging_writer.py:48] [600] global_step=600, grad_norm=1.008121132850647, loss=6.3392438888549805
I0512 19:01:02.136695 140089258657536 logging_writer.py:48] [700] global_step=700, grad_norm=3.1328392028808594, loss=6.353774547576904
I0512 19:01:56.849784 140089250264832 logging_writer.py:48] [800] global_step=800, grad_norm=1.09420645236969, loss=6.586478233337402
I0512 19:02:49.516416 140089258657536 logging_writer.py:48] [900] global_step=900, grad_norm=1.1735912561416626, loss=6.076352119445801
I0512 19:03:36.224762 140089250264832 logging_writer.py:48] [1000] global_step=1000, grad_norm=1.206810712814331, loss=6.283184051513672
I0512 19:04:27.438617 140089258657536 logging_writer.py:48] [1100] global_step=1100, grad_norm=1.215977668762207, loss=6.014430522918701
I0512 19:05:22.109854 140089250264832 logging_writer.py:48] [1200] global_step=1200, grad_norm=1.0783209800720215, loss=5.971785545349121
I0512 19:06:21.580277 140089258657536 logging_writer.py:48] [1300] global_step=1300, grad_norm=1.30864679813385, loss=6.017822742462158
I0512 19:07:22.470361 140089250264832 logging_writer.py:48] [1400] global_step=1400, grad_norm=0.8862645030021667, loss=6.438451290130615
I0512 19:08:19.427660 140089258657536 logging_writer.py:48] [1500] global_step=1500, grad_norm=1.1481623649597168, loss=5.826368808746338
I0512 19:09:13.071853 140089250264832 logging_writer.py:48] [1600] global_step=1600, grad_norm=1.1300339698791504, loss=6.2010178565979
I0512 19:10:08.312762 140089258657536 logging_writer.py:48] [1700] global_step=1700, grad_norm=1.009739875793457, loss=5.707947254180908
I0512 19:11:05.848813 140089250264832 logging_writer.py:48] [1800] global_step=1800, grad_norm=1.1648273468017578, loss=5.798889636993408
I0512 19:12:07.338482 140089258657536 logging_writer.py:48] [1900] global_step=1900, grad_norm=1.0877742767333984, loss=6.307095527648926
I0512 19:13:14.001035 140089250264832 logging_writer.py:48] [2000] global_step=2000, grad_norm=0.8577492237091064, loss=6.292426109313965
I0512 19:14:09.943753 140089258657536 logging_writer.py:48] [2100] global_step=2100, grad_norm=1.2480758428573608, loss=5.673844337463379
I0512 19:15:02.343621 140089250264832 logging_writer.py:48] [2200] global_step=2200, grad_norm=1.0791246891021729, loss=5.531637191772461
I0512 19:15:55.285483 140089258657536 logging_writer.py:48] [2300] global_step=2300, grad_norm=1.2576451301574707, loss=5.5339508056640625
I0512 19:17:00.520581 140089250264832 logging_writer.py:48] [2400] global_step=2400, grad_norm=1.0338249206542969, loss=5.387842178344727
I0512 19:17:54.083673 140089250264832 logging_writer.py:48] [2500] global_step=2500, grad_norm=1.1050972938537598, loss=5.528149604797363
I0512 19:19:01.218346 140089258657536 logging_writer.py:48] [2600] global_step=2600, grad_norm=0.9322865605354309, loss=6.135437965393066
I0512 19:20:04.729499 140089250264832 logging_writer.py:48] [2700] global_step=2700, grad_norm=1.0752058029174805, loss=5.418399333953857
I0512 19:21:11.833788 140089258657536 logging_writer.py:48] [2800] global_step=2800, grad_norm=0.9725126624107361, loss=6.46989631652832
I0512 19:22:18.210836 140089250264832 logging_writer.py:48] [2900] global_step=2900, grad_norm=1.0548471212387085, loss=5.139743804931641
I0512 19:23:18.390675 140089258657536 logging_writer.py:48] [3000] global_step=3000, grad_norm=0.9551114439964294, loss=5.1727705001831055
I0512 19:24:14.139818 140089250264832 logging_writer.py:48] [3100] global_step=3100, grad_norm=1.0108284950256348, loss=5.567928314208984
I0512 19:25:15.285761 140089258657536 logging_writer.py:48] [3200] global_step=3200, grad_norm=1.011154055595398, loss=5.39147424697876
I0512 19:26:10.001601 140089250264832 logging_writer.py:48] [3300] global_step=3300, grad_norm=0.9446513056755066, loss=6.030661582946777
I0512 19:27:12.137711 140089258657536 logging_writer.py:48] [3400] global_step=3400, grad_norm=0.9473817348480225, loss=5.979479789733887
I0512 19:28:06.526269 140089250264832 logging_writer.py:48] [3500] global_step=3500, grad_norm=1.1032960414886475, loss=5.0793914794921875
I0512 19:29:08.599452 140089258657536 logging_writer.py:48] [3600] global_step=3600, grad_norm=1.294674277305603, loss=4.914242744445801
I0512 19:30:02.101108 140089250264832 logging_writer.py:48] [3700] global_step=3700, grad_norm=1.444831132888794, loss=4.870353698730469
I0512 19:31:05.077707 140089258657536 logging_writer.py:48] [3800] global_step=3800, grad_norm=1.0069500207901, loss=4.739655494689941
I0512 19:31:57.217619 140089250264832 logging_writer.py:48] [3900] global_step=3900, grad_norm=0.9816082119941711, loss=5.001895904541016
I0512 19:33:01.630415 140089258657536 logging_writer.py:48] [4000] global_step=4000, grad_norm=1.4141005277633667, loss=4.822383880615234
I0512 19:33:52.915988 140089250264832 logging_writer.py:48] [4100] global_step=4100, grad_norm=1.0725938081741333, loss=4.715374946594238
I0512 19:34:58.344445 140089258657536 logging_writer.py:48] [4200] global_step=4200, grad_norm=1.1779145002365112, loss=4.754884243011475
I0512 19:35:48.695385 140089250264832 logging_writer.py:48] [4300] global_step=4300, grad_norm=1.5217249393463135, loss=5.222967147827148
I0512 19:36:53.959474 140089258657536 logging_writer.py:48] [4400] global_step=4400, grad_norm=1.541813850402832, loss=4.760908126831055
I0512 19:36:53.994665 140358829515968 spec.py:333] Evaluating on the training split.
I0512 19:37:15.982710 140358829515968 spec.py:346] Evaluating on the validation split.
I0512 19:37:33.670675 140358829515968 spec.py:363] Evaluating on the test split.
I0512 19:37:34.767153 140358829515968 submission_runner.py:516] Time since start: 2779.24s, 	Step: 4401, 	{'train/accuracy': Array(0.2501367, dtype=float32), 'train/loss': Array(3.768545, dtype=float32), 'validation/accuracy': Array(0.2307, dtype=float32), 'validation/loss': Array(3.8888805, dtype=float32), 'validation/num_examples': 50000, 'test/accuracy': Array(0.17400001, dtype=float32), 'test/loss': Array(4.3230166, dtype=float32), 'test/num_examples': 10000, 'score': 2639.2176098823547, 'total_duration': 2779.2369446754456, 'accumulated_submission_time': 2639.2176098823547, 'accumulated_eval_time': 139.8188512325287, 'accumulated_logging_time': 0.1362159252166748}
I0512 19:37:34.814861 140089267050240 logging_writer.py:48] [4401] accumulated_eval_time=139.819, accumulated_logging_time=0.136216, accumulated_submission_time=2639.22, global_step=4401, preemption_count=0, score=2639.22, test/accuracy=0.17400000989437103, test/loss=4.32301664352417, test/num_examples=10000, total_duration=2779.24, train/accuracy=0.25013670325279236, train/loss=3.768544912338257, validation/accuracy=0.23070000112056732, validation/loss=3.888880491256714, validation/num_examples=50000
I0512 19:38:33.529518 140089275442944 logging_writer.py:48] [4500] global_step=4500, grad_norm=1.0202387571334839, loss=4.573619842529297
I0512 19:39:39.208003 140089267050240 logging_writer.py:48] [4600] global_step=4600, grad_norm=1.0010502338409424, loss=4.479332447052002
I0512 19:40:44.723263 140089275442944 logging_writer.py:48] [4700] global_step=4700, grad_norm=1.3635940551757812, loss=4.508910179138184
I0512 19:41:49.833381 140089267050240 logging_writer.py:48] [4800] global_step=4800, grad_norm=1.0734952688217163, loss=4.42487096786499
I0512 19:42:37.022144 140089275442944 logging_writer.py:48] [4900] global_step=4900, grad_norm=1.3599939346313477, loss=4.438628196716309
I0512 19:43:22.286053 140089267050240 logging_writer.py:48] [5000] global_step=5000, grad_norm=0.997674286365509, loss=4.341787815093994
I0512 19:44:07.545159 140089275442944 logging_writer.py:48] [5100] global_step=5100, grad_norm=0.9556455612182617, loss=4.401371955871582
I0512 19:44:52.870564 140089267050240 logging_writer.py:48] [5200] global_step=5200, grad_norm=0.9679997563362122, loss=4.812519550323486
I0512 19:45:42.924411 140089275442944 logging_writer.py:48] [5300] global_step=5300, grad_norm=1.0548874139785767, loss=4.379349708557129
I0512 19:46:29.673242 140089267050240 logging_writer.py:48] [5400] global_step=5400, grad_norm=1.0232793092727661, loss=5.185219764709473
I0512 19:47:14.788892 140089275442944 logging_writer.py:48] [5500] global_step=5500, grad_norm=1.330595850944519, loss=4.388588905334473
I0512 19:47:59.865946 140089267050240 logging_writer.py:48] [5600] global_step=5600, grad_norm=0.7660651206970215, loss=5.7988128662109375
I0512 19:48:44.506429 140089275442944 logging_writer.py:48] [5700] global_step=5700, grad_norm=1.182062029838562, loss=4.364892959594727
I0512 19:49:29.545996 140089267050240 logging_writer.py:48] [5800] global_step=5800, grad_norm=0.780954122543335, loss=5.8403472900390625
I0512 19:50:14.519227 140089275442944 logging_writer.py:48] [5900] global_step=5900, grad_norm=1.0945502519607544, loss=4.159693717956543
I0512 19:50:59.781317 140089267050240 logging_writer.py:48] [6000] global_step=6000, grad_norm=1.5891454219818115, loss=4.190003871917725
I0512 19:51:44.650854 140089275442944 logging_writer.py:48] [6100] global_step=6100, grad_norm=1.2221392393112183, loss=4.202057361602783
I0512 19:52:29.818040 140089267050240 logging_writer.py:48] [6200] global_step=6200, grad_norm=0.790303111076355, loss=5.88769006729126
I0512 19:53:14.784368 140089275442944 logging_writer.py:48] [6300] global_step=6300, grad_norm=1.7132035493850708, loss=4.195158004760742
I0512 19:53:59.732360 140089267050240 logging_writer.py:48] [6400] global_step=6400, grad_norm=1.2032536268234253, loss=3.931891679763794
I0512 19:54:44.929535 140089275442944 logging_writer.py:48] [6500] global_step=6500, grad_norm=1.122177004814148, loss=4.095196723937988
I0512 19:55:30.089376 140089267050240 logging_writer.py:48] [6600] global_step=6600, grad_norm=1.1824760437011719, loss=3.932487726211548
I0512 19:56:14.979382 140089275442944 logging_writer.py:48] [6700] global_step=6700, grad_norm=0.9261137247085571, loss=5.241298675537109
I0512 19:56:59.852681 140089267050240 logging_writer.py:48] [6800] global_step=6800, grad_norm=1.125439167022705, loss=3.96010160446167
I0512 19:57:44.661862 140089275442944 logging_writer.py:48] [6900] global_step=6900, grad_norm=1.114682674407959, loss=3.96775484085083
I0512 19:58:29.696854 140089267050240 logging_writer.py:48] [7000] global_step=7000, grad_norm=1.183016300201416, loss=3.8199496269226074
I0512 19:59:14.738281 140089275442944 logging_writer.py:48] [7100] global_step=7100, grad_norm=1.0749677419662476, loss=3.8842506408691406
I0512 19:59:59.545575 140089267050240 logging_writer.py:48] [7200] global_step=7200, grad_norm=0.9532403945922852, loss=4.741398811340332
I0512 20:00:44.278870 140089275442944 logging_writer.py:48] [7300] global_step=7300, grad_norm=1.2313628196716309, loss=3.795081853866577
I0512 20:01:29.224708 140089267050240 logging_writer.py:48] [7400] global_step=7400, grad_norm=0.7293117642402649, loss=5.545770645141602
I0512 20:02:14.219337 140089275442944 logging_writer.py:48] [7500] global_step=7500, grad_norm=1.1769367456436157, loss=3.8261075019836426
I0512 20:02:58.819488 140089267050240 logging_writer.py:48] [7600] global_step=7600, grad_norm=1.6398252248764038, loss=3.7709147930145264
I0512 20:03:43.373229 140089275442944 logging_writer.py:48] [7700] global_step=7700, grad_norm=0.8265584707260132, loss=5.988971710205078
I0512 20:04:28.059384 140089267050240 logging_writer.py:48] [7800] global_step=7800, grad_norm=0.9238646030426025, loss=5.1589860916137695
I0512 20:05:12.675316 140089275442944 logging_writer.py:48] [7900] global_step=7900, grad_norm=1.146869421005249, loss=4.696268081665039
I0512 20:05:57.311511 140089267050240 logging_writer.py:48] [8000] global_step=8000, grad_norm=0.9705231189727783, loss=4.821297645568848
I0512 20:06:41.630330 140089275442944 logging_writer.py:48] [8100] global_step=8100, grad_norm=0.9243179559707642, loss=5.426253318786621
I0512 20:07:26.166938 140089267050240 logging_writer.py:48] [8200] global_step=8200, grad_norm=1.0641454458236694, loss=4.223487854003906
I0512 20:08:10.581849 140089275442944 logging_writer.py:48] [8300] global_step=8300, grad_norm=1.0482051372528076, loss=5.49418306350708
I0512 20:08:55.077072 140089267050240 logging_writer.py:48] [8400] global_step=8400, grad_norm=1.0962594747543335, loss=3.936614990234375
I0512 20:09:39.592357 140089275442944 logging_writer.py:48] [8500] global_step=8500, grad_norm=0.9885991811752319, loss=4.077634334564209
I0512 20:10:23.901091 140089267050240 logging_writer.py:48] [8600] global_step=8600, grad_norm=1.8259172439575195, loss=3.82248592376709
I0512 20:11:08.082130 140089275442944 logging_writer.py:48] [8700] global_step=8700, grad_norm=1.606740951538086, loss=3.809274196624756
I0512 20:11:52.193102 140089267050240 logging_writer.py:48] [8800] global_step=8800, grad_norm=0.7543978691101074, loss=5.920400142669678
I0512 20:12:36.577921 140089275442944 logging_writer.py:48] [8900] global_step=8900, grad_norm=0.9241232872009277, loss=5.688401699066162
I0512 20:13:20.978135 140089267050240 logging_writer.py:48] [9000] global_step=9000, grad_norm=1.5176994800567627, loss=3.7373030185699463
I0512 20:14:05.629594 140089275442944 logging_writer.py:48] [9100] global_step=9100, grad_norm=1.1962099075317383, loss=4.804710388183594
I0512 20:14:49.991538 140089267050240 logging_writer.py:48] [9200] global_step=9200, grad_norm=1.158144474029541, loss=3.6167778968811035
I0512 20:15:34.303362 140089275442944 logging_writer.py:48] [9300] global_step=9300, grad_norm=1.2886794805526733, loss=3.5478482246398926
I0512 20:16:18.485285 140089267050240 logging_writer.py:48] [9400] global_step=9400, grad_norm=1.0051859617233276, loss=3.3969926834106445
I0512 20:17:02.703900 140089275442944 logging_writer.py:48] [9500] global_step=9500, grad_norm=1.3433693647384644, loss=3.6162004470825195
I0512 20:17:47.107020 140089267050240 logging_writer.py:48] [9600] global_step=9600, grad_norm=1.1408050060272217, loss=4.249123573303223
I0512 20:18:31.393818 140089275442944 logging_writer.py:48] [9700] global_step=9700, grad_norm=1.1688905954360962, loss=4.054773330688477
I0512 20:19:15.815802 140089267050240 logging_writer.py:48] [9800] global_step=9800, grad_norm=0.9148498177528381, loss=5.804646968841553
I0512 20:20:00.187402 140089275442944 logging_writer.py:48] [9900] global_step=9900, grad_norm=0.9754192233085632, loss=5.583841323852539
I0512 20:20:25.860087 140358829515968 spec.py:333] Evaluating on the training split.
I0512 20:20:39.204207 140358829515968 spec.py:346] Evaluating on the validation split.
I0512 20:20:47.533514 140358829515968 spec.py:363] Evaluating on the test split.
I0512 20:20:48.501592 140358829515968 submission_runner.py:516] Time since start: 5372.97s, 	Step: 9959, 	{'train/accuracy': Array(0.4549414, dtype=float32), 'train/loss': Array(2.495188, dtype=float32), 'validation/accuracy': Array(0.4183, dtype=float32), 'validation/loss': Array(2.6728852, dtype=float32), 'validation/num_examples': 50000, 'test/accuracy': Array(0.3258, dtype=float32), 'test/loss': Array(3.267324, dtype=float32), 'test/num_examples': 10000, 'score': 5210.149612903595, 'total_duration': 5372.970656633377, 'accumulated_submission_time': 5210.149612903595, 'accumulated_eval_time': 162.4572148323059, 'accumulated_logging_time': 0.2361433506011963}
I0512 20:20:48.547603 140089267050240 logging_writer.py:48] [9959] accumulated_eval_time=162.457, accumulated_logging_time=0.236143, accumulated_submission_time=5210.15, global_step=9959, preemption_count=0, score=5210.15, test/accuracy=0.32580000162124634, test/loss=3.2673239707946777, test/num_examples=10000, total_duration=5372.97, train/accuracy=0.45494139194488525, train/loss=2.495187997817993, validation/accuracy=0.41830000281333923, validation/loss=2.6728851795196533, validation/num_examples=50000
I0512 20:21:12.088690 140089275442944 logging_writer.py:48] [10000] global_step=10000, grad_norm=1.0362716913223267, loss=5.290764808654785
I0512 20:22:16.584228 140089267050240 logging_writer.py:48] [10100] global_step=10100, grad_norm=1.3656847476959229, loss=3.643463134765625
I0512 20:23:21.167298 140089275442944 logging_writer.py:48] [10200] global_step=10200, grad_norm=1.136117935180664, loss=3.603567600250244
I0512 20:24:25.350419 140089267050240 logging_writer.py:48] [10300] global_step=10300, grad_norm=1.5167030096054077, loss=3.3977560997009277
I0512 20:25:30.915671 140089275442944 logging_writer.py:48] [10400] global_step=10400, grad_norm=1.0198596715927124, loss=5.320626258850098
I0512 20:26:36.672077 140089267050240 logging_writer.py:48] [10500] global_step=10500, grad_norm=1.5346122980117798, loss=3.510037422180176
I0512 20:27:26.954107 140089275442944 logging_writer.py:48] [10600] global_step=10600, grad_norm=1.1412367820739746, loss=5.0470123291015625
I0512 20:28:32.631969 140089267050240 logging_writer.py:48] [10700] global_step=10700, grad_norm=0.9365693926811218, loss=5.856395721435547
I0512 20:29:37.778049 140089275442944 logging_writer.py:48] [10800] global_step=10800, grad_norm=1.231654167175293, loss=3.6753885746002197
I0512 20:30:31.174661 140089267050240 logging_writer.py:48] [10900] global_step=10900, grad_norm=1.14018976688385, loss=4.695167064666748
I0512 20:31:33.589003 140089275442944 logging_writer.py:48] [11000] global_step=11000, grad_norm=1.297650694847107, loss=3.4823851585388184
I0512 20:32:38.392387 140089267050240 logging_writer.py:48] [11100] global_step=11100, grad_norm=1.457435965538025, loss=3.4439566135406494
I0512 20:33:36.372227 140089275442944 logging_writer.py:48] [11200] global_step=11200, grad_norm=1.0495396852493286, loss=4.854098796844482
I0512 20:34:34.057137 140089267050240 logging_writer.py:48] [11300] global_step=11300, grad_norm=1.4132524728775024, loss=3.5890986919403076
I0512 20:35:39.769019 140089275442944 logging_writer.py:48] [11400] global_step=11400, grad_norm=1.3469105958938599, loss=3.287116527557373
I0512 20:36:44.893966 140089267050240 logging_writer.py:48] [11500] global_step=11500, grad_norm=1.2389378547668457, loss=3.3089327812194824
I0512 20:37:51.055539 140089275442944 logging_writer.py:48] [11600] global_step=11600, grad_norm=1.2880955934524536, loss=3.6155893802642822
I0512 20:38:56.413807 140089267050240 logging_writer.py:48] [11700] global_step=11700, grad_norm=1.2738536596298218, loss=3.251192569732666
I0512 20:39:46.459756 140089275442944 logging_writer.py:48] [11800] global_step=11800, grad_norm=1.3207323551177979, loss=3.361959218978882
I0512 20:40:51.975180 140089267050240 logging_writer.py:48] [11900] global_step=11900, grad_norm=0.9754571914672852, loss=4.989169597625732
I0512 20:41:56.842196 140089275442944 logging_writer.py:48] [12000] global_step=12000, grad_norm=0.8939228057861328, loss=5.3835601806640625
I0512 20:43:01.252899 140089267050240 logging_writer.py:48] [12100] global_step=12100, grad_norm=1.2492283582687378, loss=4.209906101226807
I0512 20:44:05.986083 140089275442944 logging_writer.py:48] [12200] global_step=12200, grad_norm=1.3525002002716064, loss=3.244231700897217
I0512 20:45:11.071384 140089267050240 logging_writer.py:48] [12300] global_step=12300, grad_norm=1.0339984893798828, loss=4.1794586181640625
I0512 20:46:16.582038 140089275442944 logging_writer.py:48] [12400] global_step=12400, grad_norm=1.3131414651870728, loss=3.4792325496673584
I0512 20:47:21.823848 140089267050240 logging_writer.py:48] [12500] global_step=12500, grad_norm=1.5744112730026245, loss=3.2793664932250977
I0512 20:48:12.512369 140089275442944 logging_writer.py:48] [12600] global_step=12600, grad_norm=1.551207184791565, loss=3.095905303955078
I0512 20:49:17.936396 140089267050240 logging_writer.py:48] [12700] global_step=12700, grad_norm=1.250269889831543, loss=4.939809799194336
I0512 20:50:23.052108 140089275442944 logging_writer.py:48] [12800] global_step=12800, grad_norm=2.3376340866088867, loss=3.3608760833740234
I0512 20:51:15.551261 140089267050240 logging_writer.py:48] [12900] global_step=12900, grad_norm=1.4873344898223877, loss=3.598863363265991
I0512 20:52:18.532087 140089275442944 logging_writer.py:48] [13000] global_step=13000, grad_norm=1.1286828517913818, loss=4.1259765625
I0512 20:53:23.172743 140089267050240 logging_writer.py:48] [13100] global_step=13100, grad_norm=0.8302710652351379, loss=5.697936534881592
I0512 20:54:28.457841 140089275442944 logging_writer.py:48] [13200] global_step=13200, grad_norm=1.6308330297470093, loss=3.117783308029175
I0512 20:55:34.208062 140089267050240 logging_writer.py:48] [13300] global_step=13300, grad_norm=1.8067843914031982, loss=3.1669280529022217
I0512 20:56:36.175498 140089275442944 logging_writer.py:48] [13400] global_step=13400, grad_norm=1.5743786096572876, loss=3.056572437286377
I0512 20:57:29.696621 140089267050240 logging_writer.py:48] [13500] global_step=13500, grad_norm=1.9360883235931396, loss=3.314603805541992
I0512 20:58:35.909156 140089275442944 logging_writer.py:48] [13600] global_step=13600, grad_norm=1.5042331218719482, loss=3.1546571254730225
I0512 20:59:39.230379 140089267050240 logging_writer.py:48] [13700] global_step=13700, grad_norm=1.1139434576034546, loss=4.426220893859863
I0512 21:00:31.602004 140089275442944 logging_writer.py:48] [13800] global_step=13800, grad_norm=1.3875653743743896, loss=3.130643844604492
I0512 21:01:36.327083 140089267050240 logging_writer.py:48] [13900] global_step=13900, grad_norm=1.1801908016204834, loss=3.8134124279022217
I0512 21:02:41.115817 140089275442944 logging_writer.py:48] [14000] global_step=14000, grad_norm=1.4471296072006226, loss=4.001916408538818
I0512 21:03:39.518310 140358829515968 spec.py:333] Evaluating on the training split.
I0512 21:03:54.180282 140358829515968 spec.py:346] Evaluating on the validation split.
I0512 21:07:44.920570 140358829515968 spec.py:363] Evaluating on the test split.
I0512 21:07:45.891938 140358829515968 submission_runner.py:516] Time since start: 8190.36s, 	Step: 14095, 	{'train/accuracy': Array(0.5341992, dtype=float32), 'train/loss': Array(2.0571556, dtype=float32), 'validation/accuracy': Array(0.49089998, dtype=float32), 'validation/loss': Array(2.2738729, dtype=float32), 'validation/num_examples': 50000, 'test/accuracy': Array(0.38480002, dtype=float32), 'test/loss': Array(2.903024, dtype=float32), 'test/num_examples': 10000, 'score': 7781.033356428146, 'total_duration': 8190.36198592186, 'accumulated_submission_time': 7781.033356428146, 'accumulated_eval_time': 408.8286910057068, 'accumulated_logging_time': 0.3142423629760742}
I0512 21:07:45.941921 140089267050240 logging_writer.py:48] [14095] accumulated_eval_time=408.829, accumulated_logging_time=0.314242, accumulated_submission_time=7781.03, global_step=14095, preemption_count=0, score=7781.03, test/accuracy=0.3848000168800354, test/loss=2.9030239582061768, test/num_examples=10000, total_duration=8190.36, train/accuracy=0.5341991782188416, train/loss=2.0571556091308594, validation/accuracy=0.4908999800682068, validation/loss=2.2738728523254395, validation/num_examples=50000
I0512 21:07:47.303603 140089275442944 logging_writer.py:48] [14100] global_step=14100, grad_norm=1.7017714977264404, loss=3.2008121013641357
I0512 21:08:30.811647 140089267050240 logging_writer.py:48] [14200] global_step=14200, grad_norm=1.7833794355392456, loss=3.0855650901794434
I0512 21:09:35.759856 140089275442944 logging_writer.py:48] [14300] global_step=14300, grad_norm=1.580214500427246, loss=3.039064407348633
I0512 21:10:40.610823 140089267050240 logging_writer.py:48] [14400] global_step=14400, grad_norm=1.435973882675171, loss=3.7544660568237305
I0512 21:11:45.167540 140089275442944 logging_writer.py:48] [14500] global_step=14500, grad_norm=1.1023248434066772, loss=5.635685443878174
I0512 21:12:40.874693 140089267050240 logging_writer.py:48] [14600] global_step=14600, grad_norm=1.16485595703125, loss=4.35362434387207
I0512 21:13:39.584703 140089275442944 logging_writer.py:48] [14700] global_step=14700, grad_norm=1.6095867156982422, loss=2.9649319648742676
I0512 21:14:44.324182 140089267050240 logging_writer.py:48] [14800] global_step=14800, grad_norm=1.270857334136963, loss=3.9430251121520996
I0512 21:15:48.538785 140089275442944 logging_writer.py:48] [14900] global_step=14900, grad_norm=1.5698102712631226, loss=2.9733967781066895
I0512 21:16:53.228713 140089267050240 logging_writer.py:48] [15000] global_step=15000, grad_norm=1.4803900718688965, loss=2.9281768798828125
I0512 21:17:42.535746 140089275442944 logging_writer.py:48] [15100] global_step=15100, grad_norm=1.551073670387268, loss=3.1986591815948486
I0512 21:18:47.099386 140089267050240 logging_writer.py:48] [15200] global_step=15200, grad_norm=1.0305227041244507, loss=4.253934860229492
I0512 21:19:51.552928 140089275442944 logging_writer.py:48] [15300] global_step=15300, grad_norm=1.0202940702438354, loss=5.607668876647949
I0512 21:20:55.722862 140089267050240 logging_writer.py:48] [15400] global_step=15400, grad_norm=1.3747000694274902, loss=3.409897565841675
I0512 21:21:59.380710 140089275442944 logging_writer.py:48] [15500] global_step=15500, grad_norm=1.6966028213500977, loss=2.9952781200408936
I0512 21:23:02.861384 140089267050240 logging_writer.py:48] [15600] global_step=15600, grad_norm=1.5687979459762573, loss=4.822717666625977
I0512 21:24:07.065737 140089275442944 logging_writer.py:48] [15700] global_step=15700, grad_norm=1.3990583419799805, loss=4.108878135681152
I0512 21:25:11.378730 140089267050240 logging_writer.py:48] [15800] global_step=15800, grad_norm=1.8749909400939941, loss=3.0726122856140137
I0512 21:26:06.377216 140089275442944 logging_writer.py:48] [15900] global_step=15900, grad_norm=1.2915024757385254, loss=5.621180534362793
I0512 21:27:06.172508 140089267050240 logging_writer.py:48] [16000] global_step=16000, grad_norm=1.5840078592300415, loss=2.9682698249816895
I0512 21:28:10.079787 140089275442944 logging_writer.py:48] [16100] global_step=16100, grad_norm=1.3823177814483643, loss=2.981229782104492
I0512 21:29:14.219570 140089267050240 logging_writer.py:48] [16200] global_step=16200, grad_norm=1.5126636028289795, loss=3.020655393600464
I0512 21:30:18.522937 140089275442944 logging_writer.py:48] [16300] global_step=16300, grad_norm=0.9974639415740967, loss=5.46113395690918
I0512 21:31:07.765101 140089267050240 logging_writer.py:48] [16400] global_step=16400, grad_norm=1.482689380645752, loss=2.882859230041504
I0512 21:32:11.696215 140089275442944 logging_writer.py:48] [16500] global_step=16500, grad_norm=1.502821683883667, loss=3.070901393890381
I0512 21:33:15.561938 140089267050240 logging_writer.py:48] [16600] global_step=16600, grad_norm=1.5402671098709106, loss=3.361419439315796
I0512 21:34:19.682693 140089275442944 logging_writer.py:48] [16700] global_step=16700, grad_norm=1.0569462776184082, loss=5.1963324546813965
I0512 21:35:23.644829 140089267050240 logging_writer.py:48] [16800] global_step=16800, grad_norm=1.4226094484329224, loss=3.4188027381896973
I0512 21:36:27.546297 140089275442944 logging_writer.py:48] [16900] global_step=16900, grad_norm=1.8519834280014038, loss=3.0443477630615234
I0512 21:37:31.285650 140089267050240 logging_writer.py:48] [17000] global_step=17000, grad_norm=1.6309053897857666, loss=2.8254785537719727
I0512 21:38:35.332215 140089275442944 logging_writer.py:48] [17100] global_step=17100, grad_norm=1.483034610748291, loss=4.377131938934326
I0512 21:39:31.846729 140089267050240 logging_writer.py:48] [17200] global_step=17200, grad_norm=1.2635297775268555, loss=4.20718240737915
I0512 21:40:29.390215 140089275442944 logging_writer.py:48] [17300] global_step=17300, grad_norm=1.8276968002319336, loss=2.739577293395996
I0512 21:41:33.616863 140089267050240 logging_writer.py:48] [17400] global_step=17400, grad_norm=1.1778106689453125, loss=4.923656940460205
I0512 21:42:37.714697 140089275442944 logging_writer.py:48] [17500] global_step=17500, grad_norm=1.8654873371124268, loss=3.2627716064453125
I0512 21:43:41.581750 140089267050240 logging_writer.py:48] [17600] global_step=17600, grad_norm=1.428576111793518, loss=3.192800760269165
I0512 21:44:31.785744 140089275442944 logging_writer.py:48] [17700] global_step=17700, grad_norm=1.7545357942581177, loss=3.0696299076080322
I0512 21:45:35.377761 140089267050240 logging_writer.py:48] [17800] global_step=17800, grad_norm=1.4590433835983276, loss=2.844081401824951
I0512 21:46:39.205629 140089275442944 logging_writer.py:48] [17900] global_step=17900, grad_norm=1.095389723777771, loss=4.734752655029297
I0512 21:47:42.952900 140089267050240 logging_writer.py:48] [18000] global_step=18000, grad_norm=1.5115265846252441, loss=3.0567357540130615
I0512 21:48:44.891349 140089275442944 logging_writer.py:48] [18100] global_step=18100, grad_norm=1.0600842237472534, loss=5.444937705993652
I0512 21:49:37.204572 140089267050240 logging_writer.py:48] [18200] global_step=18200, grad_norm=1.7595422267913818, loss=2.86019229888916
I0512 21:50:37.008502 140358829515968 spec.py:333] Evaluating on the training split.
I0512 21:50:53.319425 140358829515968 spec.py:346] Evaluating on the validation split.
I0512 21:53:33.184897 140358829515968 spec.py:363] Evaluating on the test split.
I0512 21:53:34.155869 140358829515968 submission_runner.py:516] Time since start: 10938.63s, 	Step: 18294, 	{'train/accuracy': Array(0.58931637, dtype=float32), 'train/loss': Array(1.7798437, dtype=float32), 'validation/accuracy': Array(0.54024, dtype=float32), 'validation/loss': Array(2.0069861, dtype=float32), 'validation/num_examples': 50000, 'test/accuracy': Array(0.4248, dtype=float32), 'test/loss': Array(2.654283, dtype=float32), 'test/num_examples': 10000, 'score': 10352.039994239807, 'total_duration': 10938.626103401184, 'accumulated_submission_time': 10352.039994239807, 'accumulated_eval_time': 585.974089384079, 'accumulated_logging_time': 0.37325191497802734}
I0512 21:53:34.202300 140089275442944 logging_writer.py:48] [18294] accumulated_eval_time=585.974, accumulated_logging_time=0.373252, accumulated_submission_time=10352, global_step=18294, preemption_count=0, score=10352, test/accuracy=0.42480000853538513, test/loss=2.654283046722412, test/num_examples=10000, total_duration=10938.6, train/accuracy=0.5893163681030273, train/loss=1.7798436880111694, validation/accuracy=0.5402399897575378, validation/loss=2.006986141204834, validation/num_examples=50000
I0512 21:53:35.774169 140089267050240 logging_writer.py:48] [18300] global_step=18300, grad_norm=1.2671074867248535, loss=3.9640066623687744
I0512 21:54:26.874466 140089275442944 logging_writer.py:48] [18400] global_step=18400, grad_norm=2.3059301376342773, loss=3.118513345718384
I0512 21:55:32.146992 140089267050240 logging_writer.py:48] [18500] global_step=18500, grad_norm=1.6884801387786865, loss=2.882678985595703
I0512 21:56:37.228269 140089275442944 logging_writer.py:48] [18600] global_step=18600, grad_norm=1.635164737701416, loss=2.8705296516418457
I0512 21:57:41.858237 140089267050240 logging_writer.py:48] [18700] global_step=18700, grad_norm=1.410051941871643, loss=3.205449104309082
I0512 21:58:45.645748 140089275442944 logging_writer.py:48] [18800] global_step=18800, grad_norm=1.6351025104522705, loss=3.2020702362060547
I0512 21:59:50.689551 140089267050240 logging_writer.py:48] [18900] global_step=18900, grad_norm=1.1020736694335938, loss=5.334636688232422
I0512 22:00:55.653048 140089275442944 logging_writer.py:48] [19000] global_step=19000, grad_norm=1.4475468397140503, loss=3.903635263442993
I0512 22:02:00.929962 140089267050240 logging_writer.py:48] [19100] global_step=19100, grad_norm=1.6401746273040771, loss=3.0832901000976562
I0512 22:02:53.602254 140089275442944 logging_writer.py:48] [19200] global_step=19200, grad_norm=1.338027834892273, loss=4.331356525421143
I0512 22:03:55.717844 140089267050240 logging_writer.py:48] [19300] global_step=19300, grad_norm=1.6773719787597656, loss=2.7021195888519287
I0512 22:05:00.812450 140089275442944 logging_writer.py:48] [19400] global_step=19400, grad_norm=1.8187096118927002, loss=2.9190516471862793
I0512 22:06:05.533746 140089267050240 logging_writer.py:48] [19500] global_step=19500, grad_norm=1.5927519798278809, loss=2.6906075477600098
I0512 22:07:09.820237 140089275442944 logging_writer.py:48] [19600] global_step=19600, grad_norm=1.4734123945236206, loss=5.246779441833496
I0512 22:08:00.890419 140089267050240 logging_writer.py:48] [19700] global_step=19700, grad_norm=1.3218988180160522, loss=4.329137325286865
I0512 22:09:05.317743 140089275442944 logging_writer.py:48] [19800] global_step=19800, grad_norm=1.6281815767288208, loss=3.0289838314056396
I0512 22:10:09.918823 140089267050240 logging_writer.py:48] [19900] global_step=19900, grad_norm=1.7530183792114258, loss=2.9179842472076416
