python submission_runner.py --framework=jax --workload=librispeech_deepspeech --submission_path=submissions_algorithms/submissions/self_tuning/schedule_free_adamw_jax/submission.py --data_dir=/data/librispeech --experiment_dir=/experiment_runs --experiment_name=submissions_a100/schedule_free_adamw_jax/study_1 --overwrite=True --save_checkpoints=False --rng_seed=-768918024 --librispeech_tokenizer_vocab_path=/data/librispeech/spm_model.vocab --tuning_ruleset=self 2>&1 | tee -a /logs/librispeech_deepspeech_jax_05-14-2026-09-54-28.log
2026-05-14 09:54:39.503295: E external/local_xla/xla/stream_executor/cuda/cuda_fft.cc:467] Unable to register cuFFT factory: Attempting to register factory for plugin cuFFT when one has already been registered
WARNING: All log messages before absl::InitializeLog() is called are written to STDERR
E0000 00:00:1778752480.174114      13 cuda_dnn.cc:8579] Unable to register cuDNN factory: Attempting to register factory for plugin cuDNN when one has already been registered
E0000 00:00:1778752480.324477      13 cuda_blas.cc:1407] Unable to register cuBLAS factory: Attempting to register factory for plugin cuBLAS when one has already been registered
W0000 00:00:1778752482.285797      13 computation_placer.cc:177] computation placer already registered. Please check linkage and avoid linking the same target more than once.
W0000 00:00:1778752482.285983      13 computation_placer.cc:177] computation placer already registered. Please check linkage and avoid linking the same target more than once.
W0000 00:00:1778752482.285987      13 computation_placer.cc:177] computation placer already registered. Please check linkage and avoid linking the same target more than once.
W0000 00:00:1778752482.285989      13 computation_placer.cc:177] computation placer already registered. Please check linkage and avoid linking the same target more than once.
/usr/local/lib/python3.11/site-packages/torch/__init__.py:1617: UserWarning: Please use the new API settings to control TF32 behavior, such as torch.backends.cudnn.conv.fp32_precision = 'tf32' or torch.backends.cuda.matmul.fp32_precision = 'ieee'. Old settings, e.g, torch.backends.cuda.matmul.allow_tf32 = True, torch.backends.cudnn.allow_tf32 = True, allowTF32CuDNN() and allowTF32CuBLAS() will be deprecated after Pytorch 2.9. Please see https://pytorch.org/docs/main/notes/cuda.html#tensorfloat-32-tf32-on-ampere-and-later-devices (Triggered internally at /pytorch/aten/src/ATen/Context.cpp:80.)
  _C._set_float32_matmul_precision(precision)
/usr/local/lib/python3.11/site-packages/pydantic/_internal/_generate_schema.py:2249: UnsupportedFieldAttributeWarning: The 'repr' attribute with value False was provided to the `Field()` function, which has no effect in the context it was used. 'repr' is field-specific metadata, and can only be attached to a model field using `Annotated` metadata or by assignment. This may have happened because an `Annotated` type alias using the `type` statement was used, or if the `Field()` function was attached to a single member of a union type.
  warnings.warn(
/usr/local/lib/python3.11/site-packages/pydantic/_internal/_generate_schema.py:2249: UnsupportedFieldAttributeWarning: The 'frozen' attribute with value True was provided to the `Field()` function, which has no effect in the context it was used. 'frozen' is field-specific metadata, and can only be attached to a model field using `Annotated` metadata or by assignment. This may have happened because an `Annotated` type alias using the `type` statement was used, or if the `Field()` function was attached to a single member of a union type.
  warnings.warn(
INFO:2026-05-14 09:55:30,020:jax._src.xla_bridge:830: Unable to initialize backend 'tpu': INTERNAL: Failed to open libtpu.so: libtpu.so: cannot open shared object file: No such file or directory
I0514 09:55:30.020006 139950406792384 xla_bridge.py:830] Unable to initialize backend 'tpu': INTERNAL: Failed to open libtpu.so: libtpu.so: cannot open shared object file: No such file or directory
I0514 09:55:30.976536 139950406792384 logger_utils.py:59] Removing existing experiment directory /experiment_runs/submissions_a100/schedule_free_adamw_jax/study_1/librispeech_deepspeech_jax because --overwrite was set.
I0514 09:55:30.982569 139950406792384 logger_utils.py:84] Creating experiment directory at /experiment_runs/submissions_a100/schedule_free_adamw_jax/study_1/librispeech_deepspeech_jax.
I0514 09:55:33.365585 139950406792384 submission_runner.py:741] Creating directory at /experiment_runs/submissions_a100/schedule_free_adamw_jax/study_1/librispeech_deepspeech_jax/trial_1.
I0514 09:55:33.938443 139950406792384 submission_runner.py:242] Initializing dataset.
I0514 09:55:33.938662 139950406792384 submission_runner.py:251] Initializing model.
I0514 09:56:27.428336 139950406792384 submission_runner.py:294] Initializing optimizer.
I0514 09:56:28.420066 139950406792384 submission_runner.py:299] Initializing metrics bundle.
I0514 09:56:28.420328 139950406792384 submission_runner.py:321] Initializing checkpoint and logger.
I0514 09:56:28.428202 139950406792384 checkpoints.py:1098] Found no checkpoint files in /experiment_runs/submissions_a100/schedule_free_adamw_jax/study_1/librispeech_deepspeech_jax/trial_1 with prefix checkpoint_
I0514 09:56:28.428340 139950406792384 submission_runner.py:344] Saving meta data to /experiment_runs/submissions_a100/schedule_free_adamw_jax/study_1/librispeech_deepspeech_jax/trial_1/meta_data_0.json.
I0514 09:56:28.428551 139950406792384 logger_utils.py:283] Unable to record workload.train_mean information. Continuing without it.
I0514 09:56:28.428616 139950406792384 logger_utils.py:283] Unable to record workload.train_stddev information. Continuing without it.
I0514 09:56:28.864001 139950406792384 submission_runner.py:348] Saving flags to /experiment_runs/submissions_a100/schedule_free_adamw_jax/study_1/librispeech_deepspeech_jax/trial_1/flags_0.json.
I0514 09:56:28.884302 139950406792384 submission_runner.py:359] Starting training loop.
I0514 09:56:29.089437 139950406792384 input_pipeline.py:19] Loading split = train-clean-100
I0514 09:56:29.136133 139950406792384 input_pipeline.py:19] Loading split = train-clean-360
I0514 09:56:29.647435 139950406792384 input_pipeline.py:19] Loading split = train-other-500
/usr/local/lib/python3.11/multiprocessing/popen_fork.py:66: RuntimeWarning: os.fork() was called. os.fork() is incompatible with multithreaded code, and JAX is multithreaded, so this will likely lead to a deadlock.
  self.pid = os.fork()
2026-05-14 09:57:03.755349: E external/xla/xla/service/slow_operation_alarm.cc:73] Trying algorithm eng0{} for conv (f32[32,512,999,41]{3,2,1,0}, u8[0]{0}) custom-call(f32[32,512,500,20]{3,2,1,0}, f32[512,512,3,3]{3,2,1,0}), window={size=3x3 stride=2x2 pad=1_1x0_0}, dim_labels=bf01_oi01->bf01, custom_call_target="__cudnn$convBackwardInput", backend_config={"operation_queue_id":"0","wait_on_operation_queues":[],"cudnn_conv_backend_config":{"activation_mode":"kNone","conv_result_scale":1,"side_input_scale":0,"leakyrelu_alpha":0},"force_earliest_schedule":false,"reification_cost":[]} is taking a while...
2026-05-14 09:57:21.149240: E external/xla/xla/service/slow_operation_alarm.cc:140] The operation took 18.394004596s
Trying algorithm eng0{} for conv (f32[32,512,999,41]{3,2,1,0}, u8[0]{0}) custom-call(f32[32,512,500,20]{3,2,1,0}, f32[512,512,3,3]{3,2,1,0}), window={size=3x3 stride=2x2 pad=1_1x0_0}, dim_labels=bf01_oi01->bf01, custom_call_target="__cudnn$convBackwardInput", backend_config={"operation_queue_id":"0","wait_on_operation_queues":[],"cudnn_conv_backend_config":{"activation_mode":"kNone","conv_result_scale":1,"side_input_scale":0,"leakyrelu_alpha":0},"force_earliest_schedule":false,"reification_cost":[]} is taking a while...
2026-05-14 09:57:27.620624: E external/xla/xla/service/slow_operation_alarm.cc:73] Trying algorithm eng0{} for conv (f32[512,512,3,3]{3,2,1,0}, u8[0]{0}) custom-call(f32[32,512,999,41]{3,2,1,0}, f32[32,512,500,20]{3,2,1,0}), window={size=3x3 stride=2x2 pad=1_1x0_0}, dim_labels=bf01_oi01->bf01, custom_call_target="__cudnn$convBackwardFilter", backend_config={"operation_queue_id":"0","wait_on_operation_queues":[],"cudnn_conv_backend_config":{"activation_mode":"kNone","conv_result_scale":1,"side_input_scale":0,"leakyrelu_alpha":0},"force_earliest_schedule":false,"reification_cost":[]} is taking a while...
2026-05-14 09:57:33.503191: E external/xla/xla/service/slow_operation_alarm.cc:140] The operation took 6.882689426s
Trying algorithm eng0{} for conv (f32[512,512,3,3]{3,2,1,0}, u8[0]{0}) custom-call(f32[32,512,999,41]{3,2,1,0}, f32[32,512,500,20]{3,2,1,0}), window={size=3x3 stride=2x2 pad=1_1x0_0}, dim_labels=bf01_oi01->bf01, custom_call_target="__cudnn$convBackwardFilter", backend_config={"operation_queue_id":"0","wait_on_operation_queues":[],"cudnn_conv_backend_config":{"activation_mode":"kNone","conv_result_scale":1,"side_input_scale":0,"leakyrelu_alpha":0},"force_earliest_schedule":false,"reification_cost":[]} is taking a while...
/usr/local/lib/python3.11/site-packages/jax/_src/interpreters/mlir.py:1268: UserWarning: Some donated buffers were not usable: float32[512], float32[512], float32[256], float32[256,256], float32[256], float32[256,256], float32[256], float32[256,256], float32[256], float32[256,256], float32[512,256], float32[512,256], float32[512,256], float32[512,256], float32[256], float32[256,256], float32[256], float32[256,256], float32[256], float32[256,256], float32[256], float32[256,256], float32[512,256], float32[512,256], float32[512,256], float32[512,256], float32[512], float32[512], float32[256], float32[256,256], float32[256], float32[256,256], float32[256], float32[256,256], float32[256], float32[256,256], float32[512,256], float32[512,256], float32[512,256], float32[512,256], float32[256], float32[256,256], float32[256], float32[256,256], float32[256], float32[256,256], float32[256], float32[256,256], float32[512,256], float32[512,256], float32[512,256], float32[512,256], float32[512], float32[512], float32[256], float32[256,256], float32[256], float32[256,256], float32[256], float32[256,256], float32[256], float32[256,256], float32[512,256], float32[512,256], float32[512,256], float32[512,256], float32[256], float32[256,256], float32[256], float32[256,256], float32[256], float32[256,256], float32[256], float32[256,256], float32[512,256], float32[512,256], float32[512,256], float32[512,256], float32[512], float32[512], float32[256], float32[256,256], float32[256], float32[256,256], float32[256], float32[256,256], float32[256], float32[256,256], float32[512,256], float32[512,256], float32[512,256], float32[512,256], float32[256], float32[256,256], float32[256], float32[256,256], float32[256], float32[256,256], float32[256], float32[256,256], float32[512,256], float32[512,256], float32[512,256], float32[512,256], float32[512], float32[512], float32[256], float32[256,256], float32[256], float32[256,256], float32[256], float32[256,256], float32[256], float32[256,256], float32[512,256], float32[512,256], float32[512,256], float32[512,256], float32[256], float32[256,256], float32[256], float32[256,256], float32[256], float32[256,256], float32[256], float32[256,256], float32[512,256], float32[512,256], float32[512,256], float32[512,256], float32[512], float32[512], float32[256], float32[256,256], float32[256], float32[256,256], float32[256], float32[256,256], float32[256], float32[256,256], float32[512,256], float32[512,256], float32[512,256], float32[512,256], float32[256], float32[256,256], float32[256], float32[256,256], float32[256], float32[256,256], float32[256], float32[256,256], float32[512,256], float32[512,256], float32[512,256], float32[512,256], float32[1024], float32[512,1024], float32[512], float32[512], float32[512], float32[512,512], float32[512], float32[512], float32[512], float32[512,512], float32[512], float32[512], float32[512], float32[512,512], float32[512], float32[512], float32[512], float32[3,3,1,512], float32[512], float32[3,3,512,512], float32[512], float32[10240,512].
See an explanation at https://docs.jax.dev/en/latest/faq.html#buffer-donation.
  warnings.warn("Some donated buffers were not usable:"
I0514 09:58:08.501299 139935557969664 logging_writer.py:48] [0] global_step=0, grad_norm=21.2623233795166, loss=34.18655014038086
I0514 09:58:10.205110 139950406792384 spec.py:333] Evaluating on the training split.
I0514 09:58:10.205305 139950406792384 input_pipeline.py:19] Loading split = train-clean-100
I0514 09:58:10.233495 139950406792384 input_pipeline.py:19] Loading split = train-clean-360
I0514 09:58:10.328246 139950406792384 input_pipeline.py:19] Loading split = train-other-500
/usr/local/lib/python3.11/multiprocessing/popen_fork.py:66: RuntimeWarning: os.fork() was called. os.fork() is incompatible with multithreaded code, and JAX is multithreaded, so this will likely lead to a deadlock.
  self.pid = os.fork()
/usr/local/lib/python3.11/site-packages/jax/_src/ops/scatter.py:110: FutureWarning: scatter inputs have incompatible types: cannot safely cast value from dtype=float32 to dtype=int32 with jax_numpy_dtype_promotion='standard'. In future JAX releases this will result in an error.
  warnings.warn(
2026-05-14 09:58:24.775226: E external/xla/xla/service/slow_operation_alarm.cc:73] Constant folding an instruction is taking > 1s:

  %reduce-window.10 = f32[256,500]{1,0} reduce-window(%broadcast.248, %constant.119), window={size=1x500 pad=0_0x499_0}, to_apply=%region_35.2517.clone, metadata={op_name="jit(_eval_step)/jit(cumsum)/LibriSpeechConformerWorkload.sequence_mask/reduce_window_sum" source_file="/algorithmic-efficiency/algoperf/workloads/librispeech_conformer/librispeech_jax/workload.py" source_line=251}

This isn't necessarily a bug; constant-folding is inherently a trade-off between compilation time and speed at runtime. XLA has some guards that attempt to keep constant folding from taking too long, but fundamentally you'll always be able to come up with an input program that takes a long time.

If you'd like to file a bug, run with envvar XLA_FLAGS=--xla_dump_to=/tmp/foo and attach the results.
2026-05-14 09:58:33.194643: E external/xla/xla/service/slow_operation_alarm.cc:140] The operation took 9.419686823s
Constant folding an instruction is taking > 1s:

  %reduce-window.10 = f32[256,500]{1,0} reduce-window(%broadcast.248, %constant.119), window={size=1x500 pad=0_0x499_0}, to_apply=%region_35.2517.clone, metadata={op_name="jit(_eval_step)/jit(cumsum)/LibriSpeechConformerWorkload.sequence_mask/reduce_window_sum" source_file="/algorithmic-efficiency/algoperf/workloads/librispeech_conformer/librispeech_jax/workload.py" source_line=251}

This isn't necessarily a bug; constant-folding is inherently a trade-off between compilation time and speed at runtime. XLA has some guards that attempt to keep constant folding from taking too long, but fundamentally you'll always be able to come up with an input program that takes a long time.

If you'd like to file a bug, run with envvar XLA_FLAGS=--xla_dump_to=/tmp/foo and attach the results.
2026-05-14 09:58:35.195031: E external/xla/xla/service/slow_operation_alarm.cc:73] Constant folding an instruction is taking > 2s:

  %reduce-window.11 = f32[256,500]{1,0} reduce-window(%broadcast.248, %constant.122), window={size=1x500 pad=0_0x499_0}, to_apply=%region_35.2517, metadata={op_name="jit(_eval_step)/jit(cumsum)/LibriSpeechConformerWorkload.sequence_mask/reduce_window_sum" source_file="/algorithmic-efficiency/algoperf/workloads/librispeech_conformer/librispeech_jax/workload.py" source_line=251}

This isn't necessarily a bug; constant-folding is inherently a trade-off between compilation time and speed at runtime. XLA has some guards that attempt to keep constant folding from taking too long, but fundamentally you'll always be able to come up with an input program that takes a long time.

If you'd like to file a bug, run with envvar XLA_FLAGS=--xla_dump_to=/tmp/foo and attach the results.
2026-05-14 09:58:41.449049: E external/xla/xla/service/slow_operation_alarm.cc:140] The operation took 8.254102442s
Constant folding an instruction is taking > 2s:

  %reduce-window.11 = f32[256,500]{1,0} reduce-window(%broadcast.248, %constant.122), window={size=1x500 pad=0_0x499_0}, to_apply=%region_35.2517, metadata={op_name="jit(_eval_step)/jit(cumsum)/LibriSpeechConformerWorkload.sequence_mask/reduce_window_sum" source_file="/algorithmic-efficiency/algoperf/workloads/librispeech_conformer/librispeech_jax/workload.py" source_line=251}

This isn't necessarily a bug; constant-folding is inherently a trade-off between compilation time and speed at runtime. XLA has some guards that attempt to keep constant folding from taking too long, but fundamentally you'll always be able to come up with an input program that takes a long time.

If you'd like to file a bug, run with envvar XLA_FLAGS=--xla_dump_to=/tmp/foo and attach the results.
I0514 10:00:29.262087 139950406792384 spec.py:346] Evaluating on the validation split.
I0514 10:00:29.262608 139950406792384 input_pipeline.py:19] Loading split = dev-clean
I0514 10:00:29.282556 139950406792384 input_pipeline.py:19] Loading split = dev-other
2026-05-14 10:01:13.938851: E external/xla/xla/service/slow_operation_alarm.cc:73] Constant folding an instruction is taking > 4s:

  %reduce-window.10 = f32[228,500]{1,0} reduce-window(%broadcast.245, %constant.119), window={size=1x500 pad=0_0x499_0}, to_apply=%region_35.2514.clone, metadata={op_name="jit(_eval_step)/jit(cumsum)/LibriSpeechConformerWorkload.sequence_mask/reduce_window_sum" source_file="/algorithmic-efficiency/algoperf/workloads/librispeech_conformer/librispeech_jax/workload.py" source_line=251}

This isn't necessarily a bug; constant-folding is inherently a trade-off between compilation time and speed at runtime. XLA has some guards that attempt to keep constant folding from taking too long, but fundamentally you'll always be able to come up with an input program that takes a long time.

If you'd like to file a bug, run with envvar XLA_FLAGS=--xla_dump_to=/tmp/foo and attach the results.
2026-05-14 10:01:18.988742: E external/xla/xla/service/slow_operation_alarm.cc:140] The operation took 9.050122633s
Constant folding an instruction is taking > 4s:

  %reduce-window.10 = f32[228,500]{1,0} reduce-window(%broadcast.245, %constant.119), window={size=1x500 pad=0_0x499_0}, to_apply=%region_35.2514.clone, metadata={op_name="jit(_eval_step)/jit(cumsum)/LibriSpeechConformerWorkload.sequence_mask/reduce_window_sum" source_file="/algorithmic-efficiency/algoperf/workloads/librispeech_conformer/librispeech_jax/workload.py" source_line=251}

This isn't necessarily a bug; constant-folding is inherently a trade-off between compilation time and speed at runtime. XLA has some guards that attempt to keep constant folding from taking too long, but fundamentally you'll always be able to come up with an input program that takes a long time.

If you'd like to file a bug, run with envvar XLA_FLAGS=--xla_dump_to=/tmp/foo and attach the results.
2026-05-14 10:01:26.988917: E external/xla/xla/service/slow_operation_alarm.cc:73] Constant folding an instruction is taking > 8s:

  %reduce-window.11 = f32[228,500]{1,0} reduce-window(%broadcast.245, %constant.122), window={size=1x500 pad=0_0x499_0}, to_apply=%region_35.2514, metadata={op_name="jit(_eval_step)/jit(cumsum)/LibriSpeechConformerWorkload.sequence_mask/reduce_window_sum" source_file="/algorithmic-efficiency/algoperf/workloads/librispeech_conformer/librispeech_jax/workload.py" source_line=251}

This isn't necessarily a bug; constant-folding is inherently a trade-off between compilation time and speed at runtime. XLA has some guards that attempt to keep constant folding from taking too long, but fundamentally you'll always be able to come up with an input program that takes a long time.

If you'd like to file a bug, run with envvar XLA_FLAGS=--xla_dump_to=/tmp/foo and attach the results.
2026-05-14 10:01:27.860565: E external/xla/xla/service/slow_operation_alarm.cc:140] The operation took 8.871773241s
Constant folding an instruction is taking > 8s:

  %reduce-window.11 = f32[228,500]{1,0} reduce-window(%broadcast.245, %constant.122), window={size=1x500 pad=0_0x499_0}, to_apply=%region_35.2514, metadata={op_name="jit(_eval_step)/jit(cumsum)/LibriSpeechConformerWorkload.sequence_mask/reduce_window_sum" source_file="/algorithmic-efficiency/algoperf/workloads/librispeech_conformer/librispeech_jax/workload.py" source_line=251}

This isn't necessarily a bug; constant-folding is inherently a trade-off between compilation time and speed at runtime. XLA has some guards that attempt to keep constant folding from taking too long, but fundamentally you'll always be able to come up with an input program that takes a long time.

If you'd like to file a bug, run with envvar XLA_FLAGS=--xla_dump_to=/tmp/foo and attach the results.
I0514 10:02:18.999564 139950406792384 spec.py:363] Evaluating on the test split.
I0514 10:02:19.000316 139950406792384 input_pipeline.py:19] Loading split = test-clean
I0514 10:03:19.459337 139950406792384 submission_runner.py:516] Time since start: 410.57s, 	Step: 1, 	{'train/ctc_loss': Array(7.666715, dtype=float32), 'train/wer': np.float64(4.407674447660496), 'validation/ctc_loss': Array(7.3890595, dtype=float32), 'validation/wer': np.float64(3.9227152030126007), 'validation/num_examples': 5348, 'test/ctc_loss': Array(7.3628473, dtype=float32), 'test/wer': np.float64(4.313184246338838), 'test/num_examples': 2472, 'score': 101.32069444656372, 'total_duration': 410.5726726055145, 'accumulated_submission_time': 101.32069444656372, 'accumulated_eval_time': 309.2518792152405, 'accumulated_logging_time': 0}
I0514 10:03:19.500025 139889140025088 logging_writer.py:48] [1] accumulated_eval_time=309.252, accumulated_logging_time=0, accumulated_submission_time=101.321, global_step=1, preemption_count=0, score=101.321, test/ctc_loss=7.362847328186035, test/num_examples=2472, test/wer=4.31318, total_duration=410.573, train/ctc_loss=7.666715145111084, train/wer=4.40767, validation/ctc_loss=7.389059543609619, validation/num_examples=5348, validation/wer=3.92272
/usr/local/lib/python3.11/site-packages/jax/_src/interpreters/mlir.py:1268: UserWarning: Some donated buffers were not usable: float32[512], float32[512], float32[256], float32[256,256], float32[256], float32[256,256], float32[256], float32[256,256], float32[256], float32[256,256], float32[512,256], float32[512,256], float32[512,256], float32[512,256], float32[256], float32[256,256], float32[256], float32[256,256], float32[256], float32[256,256], float32[256], float32[256,256], float32[512,256], float32[512,256], float32[512,256], float32[512,256], float32[512], float32[512], float32[256], float32[256,256], float32[256], float32[256,256], float32[256], float32[256,256], float32[256], float32[256,256], float32[512,256], float32[512,256], float32[512,256], float32[512,256], float32[256], float32[256,256], float32[256], float32[256,256], float32[256], float32[256,256], float32[256], float32[256,256], float32[512,256], float32[512,256], float32[512,256], float32[512,256], float32[512], float32[512], float32[256], float32[256,256], float32[256], float32[256,256], float32[256], float32[256,256], float32[256], float32[256,256], float32[512,256], float32[512,256], float32[512,256], float32[512,256], float32[256], float32[256,256], float32[256], float32[256,256], float32[256], float32[256,256], float32[256], float32[256,256], float32[512,256], float32[512,256], float32[512,256], float32[512,256], float32[512], float32[512], float32[256], float32[256,256], float32[256], float32[256,256], float32[256], float32[256,256], float32[256], float32[256,256], float32[512,256], float32[512,256], float32[512,256], float32[512,256], float32[256], float32[256,256], float32[256], float32[256,256], float32[256], float32[256,256], float32[256], float32[256,256], float32[512,256], float32[512,256], float32[512,256], float32[512,256], float32[512], float32[512], float32[256], float32[256,256], float32[256], float32[256,256], float32[256], float32[256,256], float32[256], float32[256,256], float32[512,256], float32[512,256], float32[512,256], float32[512,256], float32[256], float32[256,256], float32[256], float32[256,256], float32[256], float32[256,256], float32[256], float32[256,256], float32[512,256], float32[512,256], float32[512,256], float32[512,256], float32[512], float32[512], float32[256], float32[256,256], float32[256], float32[256,256], float32[256], float32[256,256], float32[256], float32[256,256], float32[512,256], float32[512,256], float32[512,256], float32[512,256], float32[256], float32[256,256], float32[256], float32[256,256], float32[256], float32[256,256], float32[256], float32[256,256], float32[512,256], float32[512,256], float32[512,256], float32[512,256], float32[1024], float32[512,1024], float32[512], float32[512], float32[512], float32[512,512], float32[512], float32[512], float32[512], float32[512,512], float32[512], float32[512], float32[512], float32[512,512], float32[512], float32[512], float32[512], float32[3,3,1,512], float32[512], float32[3,3,512,512], float32[512], float32[10240,512].
See an explanation at https://docs.jax.dev/en/latest/faq.html#buffer-donation.
  warnings.warn("Some donated buffers were not usable:"
I0514 10:05:49.309333 139935526504192 logging_writer.py:48] [100] global_step=100, grad_norm=0.7973858118057251, loss=5.985868453979492
I0514 10:08:54.197898 139935534896896 logging_writer.py:48] [200] global_step=200, grad_norm=2.042642116546631, loss=5.822911739349365
I0514 10:11:57.607180 139935526504192 logging_writer.py:48] [300] global_step=300, grad_norm=0.8124533295631409, loss=5.586604118347168
I0514 10:15:04.585927 139935534896896 logging_writer.py:48] [400] global_step=400, grad_norm=1.6631606817245483, loss=5.2117815017700195
I0514 10:18:13.873086 139935526504192 logging_writer.py:48] [500] global_step=500, grad_norm=2.5636494159698486, loss=4.608080863952637
I0514 10:21:25.202498 139935534896896 logging_writer.py:48] [600] global_step=600, grad_norm=1.6304619312286377, loss=4.0077338218688965
I0514 10:24:37.369235 139935526504192 logging_writer.py:48] [700] global_step=700, grad_norm=2.1066861152648926, loss=3.656794548034668
I0514 10:27:27.978691 139950406792384 spec.py:333] Evaluating on the training split.
I0514 10:28:22.617033 139950406792384 spec.py:346] Evaluating on the validation split.
/usr/local/lib/python3.11/multiprocessing/popen_fork.py:66: RuntimeWarning: os.fork() was called. os.fork() is incompatible with multithreaded code, and JAX is multithreaded, so this will likely lead to a deadlock.
  self.pid = os.fork()
I0514 10:29:32.661792 139950406792384 spec.py:363] Evaluating on the test split.
I0514 10:30:07.151916 139950406792384 submission_runner.py:516] Time since start: 2018.27s, 	Step: 787, 	{'train/ctc_loss': Array(1.4848164, dtype=float32), 'train/wer': np.float64(0.9968847191612943), 'validation/ctc_loss': Array(1.4361861, dtype=float32), 'validation/wer': np.float64(0.9474243228890069), 'validation/num_examples': 5348, 'test/ctc_loss': Array(1.379529, dtype=float32), 'test/wer': np.float64(0.9578940954238011), 'test/num_examples': 2472, 'score': 1549.7593817710876, 'total_duration': 2018.2652411460876, 'accumulated_submission_time': 1549.7593817710876, 'accumulated_eval_time': 468.42280769348145, 'accumulated_logging_time': 0.06281757354736328}
I0514 10:30:07.201294 139935534896896 logging_writer.py:48] [787] accumulated_eval_time=468.423, accumulated_logging_time=0.0628176, accumulated_submission_time=1549.76, global_step=787, preemption_count=0, score=1549.76, test/ctc_loss=1.3795289993286133, test/num_examples=2472, test/wer=0.957894, total_duration=2018.27, train/ctc_loss=1.4848164319992065, train/wer=0.996885, validation/ctc_loss=1.4361860752105713, validation/num_examples=5348, validation/wer=0.947424
I0514 10:30:18.316973 139935526504192 logging_writer.py:48] [800] global_step=800, grad_norm=2.19981050491333, loss=3.475635290145874
I0514 10:32:33.520690 139935534896896 logging_writer.py:48] [900] global_step=900, grad_norm=2.0723819732666016, loss=3.2638325691223145
I0514 10:35:46.417759 139935526504192 logging_writer.py:48] [1000] global_step=1000, grad_norm=2.28967022895813, loss=3.0510149002075195
I0514 10:38:56.046198 139935534896896 logging_writer.py:48] [1100] global_step=1100, grad_norm=1.755879282951355, loss=2.952089786529541
I0514 10:42:03.462642 139935526504192 logging_writer.py:48] [1200] global_step=1200, grad_norm=2.045051097869873, loss=2.928642988204956
I0514 10:45:13.615784 139935534896896 logging_writer.py:48] [1300] global_step=1300, grad_norm=2.45686936378479, loss=2.820797920227051
I0514 10:48:17.059463 139935526504192 logging_writer.py:48] [1400] global_step=1400, grad_norm=2.105245351791382, loss=2.8112714290618896
I0514 10:51:25.807052 139935534896896 logging_writer.py:48] [1500] global_step=1500, grad_norm=2.7047953605651855, loss=2.6635141372680664
I0514 10:54:16.479406 139950406792384 spec.py:333] Evaluating on the training split.
I0514 10:55:07.971387 139950406792384 spec.py:346] Evaluating on the validation split.
/usr/local/lib/python3.11/multiprocessing/popen_fork.py:66: RuntimeWarning: os.fork() was called. os.fork() is incompatible with multithreaded code, and JAX is multithreaded, so this will likely lead to a deadlock.
  self.pid = os.fork()
I0514 10:56:09.774664 139950406792384 spec.py:363] Evaluating on the test split.
I0514 10:56:38.826365 139950406792384 submission_runner.py:516] Time since start: 3609.94s, 	Step: 1593, 	{'train/ctc_loss': Array(0.730589, dtype=float32), 'train/wer': np.float64(0.6385371440747942), 'validation/ctc_loss': Array(0.804853, dtype=float32), 'validation/wer': np.float64(0.6555979336648482), 'validation/num_examples': 5348, 'test/ctc_loss': Array(0.7006643, dtype=float32), 'test/wer': np.float64(0.6090020920927021), 'test/num_examples': 2472, 'score': 2999.0198924541473, 'total_duration': 3609.9397349357605, 'accumulated_submission_time': 2999.0198924541473, 'accumulated_eval_time': 610.7674534320831, 'accumulated_logging_time': 0.12239384651184082}
I0514 10:56:38.874675 139935534896896 logging_writer.py:48] [1593] accumulated_eval_time=610.767, accumulated_logging_time=0.122394, accumulated_submission_time=2999.02, global_step=1593, preemption_count=0, score=2999.02, test/ctc_loss=0.7006642818450928, test/num_examples=2472, test/wer=0.609002, total_duration=3609.94, train/ctc_loss=0.730588972568512, train/wer=0.638537, validation/ctc_loss=0.8048530220985413, validation/num_examples=5348, validation/wer=0.655598
I0514 10:56:45.310125 139935526504192 logging_writer.py:48] [1600] global_step=1600, grad_norm=2.2505245208740234, loss=2.5778777599334717
I0514 10:58:49.153609 139935534896896 logging_writer.py:48] [1700] global_step=1700, grad_norm=1.7662967443466187, loss=2.531526565551758
I0514 11:01:48.304437 139935526504192 logging_writer.py:48] [1800] global_step=1800, grad_norm=4.2823872566223145, loss=2.5743441581726074
I0514 11:04:47.693400 139935534896896 logging_writer.py:48] [1900] global_step=1900, grad_norm=3.761503219604492, loss=2.4974799156188965
I0514 11:07:39.007769 139935526504192 logging_writer.py:48] [2000] global_step=2000, grad_norm=2.3627936840057373, loss=2.424185037612915
/usr/local/lib/python3.11/multiprocessing/popen_fork.py:66: RuntimeWarning: os.fork() was called. os.fork() is incompatible with multithreaded code, and JAX is multithreaded, so this will likely lead to a deadlock.
  self.pid = os.fork()
I0514 11:10:07.508056 139935534896896 logging_writer.py:48] [2100] global_step=2100, grad_norm=3.491436719894409, loss=2.4115054607391357
I0514 11:11:47.726491 139935526504192 logging_writer.py:48] [2200] global_step=2200, grad_norm=4.040308475494385, loss=2.388376235961914
I0514 11:13:35.486721 139935534896896 logging_writer.py:48] [2300] global_step=2300, grad_norm=3.2314605712890625, loss=2.368549108505249
I0514 11:15:28.580633 139935526504192 logging_writer.py:48] [2400] global_step=2400, grad_norm=3.6661107540130615, loss=2.3241324424743652
I0514 11:17:23.699020 139935534896896 logging_writer.py:48] [2500] global_step=2500, grad_norm=3.08768367767334, loss=2.271404266357422
I0514 11:19:25.101198 139935526504192 logging_writer.py:48] [2600] global_step=2600, grad_norm=3.853872537612915, loss=2.21349835395813
I0514 11:20:45.989706 139950406792384 spec.py:333] Evaluating on the training split.
I0514 11:21:35.496382 139950406792384 spec.py:346] Evaluating on the validation split.
/usr/local/lib/python3.11/multiprocessing/popen_fork.py:66: RuntimeWarning: os.fork() was called. os.fork() is incompatible with multithreaded code, and JAX is multithreaded, so this will likely lead to a deadlock.
  self.pid = os.fork()
I0514 11:22:27.389874 139950406792384 spec.py:363] Evaluating on the test split.
I0514 11:22:48.961753 139950406792384 submission_runner.py:516] Time since start: 5180.07s, 	Step: 2666, 	{'train/ctc_loss': Array(0.26049194, dtype=float32), 'train/wer': np.float64(0.3106672781230398), 'validation/ctc_loss': Array(0.36850327, dtype=float32), 'validation/wer': np.float64(0.37843866171003715), 'validation/num_examples': 5348, 'test/ctc_loss': Array(0.27088106, dtype=float32), 'test/wer': np.float64(0.30965003148294845), 'test/num_examples': 2472, 'score': 4446.115345716476, 'total_duration': 5180.07480430603, 'accumulated_submission_time': 4446.115345716476, 'accumulated_eval_time': 733.7368783950806, 'accumulated_logging_time': 0.18096232414245605}
I0514 11:22:49.010186 139935534896896 logging_writer.py:48] [2666] accumulated_eval_time=733.737, accumulated_logging_time=0.180962, accumulated_submission_time=4446.12, global_step=2666, preemption_count=0, score=4446.12, test/ctc_loss=0.2708810567855835, test/num_examples=2472, test/wer=0.30965, total_duration=5180.07, train/ctc_loss=0.2604919373989105, train/wer=0.310667, validation/ctc_loss=0.36850327253341675, validation/num_examples=5348, validation/wer=0.378439
I0514 11:23:16.646230 139935526504192 logging_writer.py:48] [2700] global_step=2700, grad_norm=4.212250709533691, loss=2.163172721862793
I0514 11:25:02.028071 139935534896896 logging_writer.py:48] [2800] global_step=2800, grad_norm=4.078028678894043, loss=2.1831319332122803
I0514 11:27:13.538009 139935526504192 logging_writer.py:48] [2900] global_step=2900, grad_norm=2.3939366340637207, loss=2.1447813510894775
I0514 11:29:35.356891 139935534896896 logging_writer.py:48] [3000] global_step=3000, grad_norm=3.8227477073669434, loss=2.1892547607421875
I0514 11:32:07.182253 139935526504192 logging_writer.py:48] [3100] global_step=3100, grad_norm=2.721381425857544, loss=2.1560041904449463
I0514 11:34:52.334658 139935534896896 logging_writer.py:48] [3200] global_step=3200, grad_norm=11.231038093566895, loss=2.3087990283966064
I0514 11:37:48.871414 139935526504192 logging_writer.py:48] [3300] global_step=3300, grad_norm=3.3407599925994873, loss=2.029796600341797
I0514 11:40:50.962598 139935534896896 logging_writer.py:48] [3400] global_step=3400, grad_norm=2.3747870922088623, loss=2.0221989154815674
I0514 11:43:53.254573 139935526504192 logging_writer.py:48] [3500] global_step=3500, grad_norm=2.030493974685669, loss=2.0246312618255615
I0514 11:46:56.574882 139950406792384 spec.py:333] Evaluating on the training split.
I0514 11:47:51.122523 139950406792384 spec.py:346] Evaluating on the validation split.
/usr/local/lib/python3.11/multiprocessing/popen_fork.py:66: RuntimeWarning: os.fork() was called. os.fork() is incompatible with multithreaded code, and JAX is multithreaded, so this will likely lead to a deadlock.
  self.pid = os.fork()
I0514 11:49:00.431352 139950406792384 spec.py:363] Evaluating on the test split.
I0514 11:49:29.563662 139950406792384 submission_runner.py:516] Time since start: 6780.64s, 	Step: 3599, 	{'train/ctc_loss': Array(0.18099554, dtype=float32), 'train/wer': np.float64(0.22650776529233735), 'validation/ctc_loss': Array(0.26709417, dtype=float32), 'validation/wer': np.float64(0.29525418819099114), 'validation/num_examples': 5348, 'test/ctc_loss': Array(0.18678875, dtype=float32), 'test/wer': np.float64(0.22811935084191498), 'test/num_examples': 2472, 'score': 5893.661310911179, 'total_duration': 6780.637373209, 'accumulated_submission_time': 5893.661310911179, 'accumulated_eval_time': 886.683676481247, 'accumulated_logging_time': 0.23972105979919434}
I0514 11:49:29.994694 139935534896896 logging_writer.py:48] [3599] accumulated_eval_time=886.684, accumulated_logging_time=0.239721, accumulated_submission_time=5893.66, global_step=3599, preemption_count=0, score=5893.66, test/ctc_loss=0.18678875267505646, test/num_examples=2472, test/wer=0.228119, total_duration=6780.64, train/ctc_loss=0.18099553883075714, train/wer=0.226508, validation/ctc_loss=0.2670941650867462, validation/num_examples=5348, validation/wer=0.295254
I0514 11:49:31.752835 139935526504192 logging_writer.py:48] [3600] global_step=3600, grad_norm=3.5345799922943115, loss=2.15006947517395
I0514 11:51:36.484179 139935534896896 logging_writer.py:48] [3700] global_step=3700, grad_norm=3.996778964996338, loss=1.954285979270935
I0514 11:54:46.442836 139935526504192 logging_writer.py:48] [3800] global_step=3800, grad_norm=2.975534439086914, loss=2.1129934787750244
I0514 11:58:00.234526 139935534896896 logging_writer.py:48] [3900] global_step=3900, grad_norm=7.839704990386963, loss=2.013667345046997
I0514 12:01:05.795052 139935526504192 logging_writer.py:48] [4000] global_step=4000, grad_norm=2.880809783935547, loss=1.9698486328125
I0514 12:04:10.455056 139935534896896 logging_writer.py:48] [4100] global_step=4100, grad_norm=5.575129985809326, loss=1.9772988557815552
/usr/local/lib/python3.11/multiprocessing/popen_fork.py:66: RuntimeWarning: os.fork() was called. os.fork() is incompatible with multithreaded code, and JAX is multithreaded, so this will likely lead to a deadlock.
  self.pid = os.fork()
I0514 12:05:56.940913 139935533848320 logging_writer.py:48] [4200] global_step=4200, grad_norm=5.960519313812256, loss=1.9713120460510254
I0514 12:07:19.663859 139935525455616 logging_writer.py:48] [4300] global_step=4300, grad_norm=3.7714738845825195, loss=1.9594991207122803
I0514 12:08:49.277126 139935533848320 logging_writer.py:48] [4400] global_step=4400, grad_norm=5.509164810180664, loss=1.9313099384307861
I0514 12:10:22.163194 139935525455616 logging_writer.py:48] [4500] global_step=4500, grad_norm=3.0127134323120117, loss=2.029301643371582
I0514 12:11:57.329884 139935533848320 logging_writer.py:48] [4600] global_step=4600, grad_norm=3.1404709815979004, loss=1.9322009086608887
I0514 12:13:35.934833 139935525455616 logging_writer.py:48] [4700] global_step=4700, grad_norm=10.280257225036621, loss=1.886641025543213
I0514 12:13:36.723617 139950406792384 spec.py:333] Evaluating on the training split.
I0514 12:14:26.743808 139950406792384 spec.py:346] Evaluating on the validation split.
/usr/local/lib/python3.11/multiprocessing/popen_fork.py:66: RuntimeWarning: os.fork() was called. os.fork() is incompatible with multithreaded code, and JAX is multithreaded, so this will likely lead to a deadlock.
  self.pid = os.fork()
I0514 12:15:18.501750 139950406792384 spec.py:363] Evaluating on the test split.
I0514 12:15:40.032619 139950406792384 submission_runner.py:516] Time since start: 8351.15s, 	Step: 4702, 	{'train/ctc_loss': Array(0.14448935, dtype=float32), 'train/wer': np.float64(0.1856530909565331), 'validation/ctc_loss': Array(0.22717908, dtype=float32), 'validation/wer': np.float64(0.2549316854149568), 'validation/num_examples': 5348, 'test/ctc_loss': Array(0.15179062, dtype=float32), 'test/wer': np.float64(0.18875550951597506), 'test/num_examples': 2472, 'score': 7340.370287656784, 'total_duration': 8351.145951747894, 'accumulated_submission_time': 7340.370287656784, 'accumulated_eval_time': 1009.9903383255005, 'accumulated_logging_time': 0.6812450885772705}
I0514 12:15:40.082439 139935533848320 logging_writer.py:48] [4702] accumulated_eval_time=1009.99, accumulated_logging_time=0.681245, accumulated_submission_time=7340.37, global_step=4702, preemption_count=0, score=7340.37, test/ctc_loss=0.15179061889648438, test/num_examples=2472, test/wer=0.188756, total_duration=8351.15, train/ctc_loss=0.1444893479347229, train/wer=0.185653, validation/ctc_loss=0.22717908024787903, validation/num_examples=5348, validation/wer=0.254932
I0514 12:16:57.896781 139935525455616 logging_writer.py:48] [4800] global_step=4800, grad_norm=3.342118501663208, loss=1.8457332849502563
I0514 12:18:45.564176 139935533848320 logging_writer.py:48] [4900] global_step=4900, grad_norm=8.560469627380371, loss=1.918019413948059
I0514 12:20:43.081070 139935525455616 logging_writer.py:48] [5000] global_step=5000, grad_norm=4.049259185791016, loss=1.9369913339614868
I0514 12:22:50.600302 139935533848320 logging_writer.py:48] [5100] global_step=5100, grad_norm=3.190864086151123, loss=1.82763671875
I0514 12:25:06.404308 139935525455616 logging_writer.py:48] [5200] global_step=5200, grad_norm=2.6621217727661133, loss=1.826216220855713
I0514 12:27:28.107006 139935533848320 logging_writer.py:48] [5300] global_step=5300, grad_norm=6.64608097076416, loss=1.8363795280456543
I0514 12:30:08.764894 139935525455616 logging_writer.py:48] [5400] global_step=5400, grad_norm=3.056312322616577, loss=1.9037407636642456
I0514 12:33:01.049383 139935533848320 logging_writer.py:48] [5500] global_step=5500, grad_norm=2.9721627235412598, loss=1.8930158615112305
I0514 12:36:01.080449 139935525455616 logging_writer.py:48] [5600] global_step=5600, grad_norm=4.653909206390381, loss=1.8253536224365234
I0514 12:38:57.426984 139935533848320 logging_writer.py:48] [5700] global_step=5700, grad_norm=3.97786283493042, loss=1.8666470050811768
I0514 12:39:51.924044 139950406792384 spec.py:333] Evaluating on the training split.
I0514 12:40:41.405855 139950406792384 spec.py:346] Evaluating on the validation split.
/usr/local/lib/python3.11/multiprocessing/popen_fork.py:66: RuntimeWarning: os.fork() was called. os.fork() is incompatible with multithreaded code, and JAX is multithreaded, so this will likely lead to a deadlock.
  self.pid = os.fork()
I0514 12:41:34.628455 139950406792384 spec.py:363] Evaluating on the test split.
I0514 12:41:56.225250 139950406792384 submission_runner.py:516] Time since start: 9927.34s, 	Step: 5732, 	{'train/ctc_loss': Array(0.13225801, dtype=float32), 'train/wer': np.float64(0.16988439645560707), 'validation/ctc_loss': Array(0.20793189, dtype=float32), 'validation/wer': np.float64(0.23604499589629702), 'validation/num_examples': 5348, 'test/ctc_loss': Array(0.13404737, dtype=float32), 'test/wer': np.float64(0.1679361403936384), 'test/num_examples': 2472, 'score': 8792.192576885223, 'total_duration': 9927.338581323624, 'accumulated_submission_time': 8792.192576885223, 'accumulated_eval_time': 1134.2891829013824, 'accumulated_logging_time': 0.7414381504058838}
I0514 12:41:56.275682 139935533848320 logging_writer.py:48] [5732] accumulated_eval_time=1134.29, accumulated_logging_time=0.741438, accumulated_submission_time=8792.19, global_step=5732, preemption_count=0, score=8792.19, test/ctc_loss=0.13404737412929535, test/num_examples=2472, test/wer=0.167936, total_duration=9927.34, train/ctc_loss=0.13225801289081573, train/wer=0.169884, validation/ctc_loss=0.20793189108371735, validation/num_examples=5348, validation/wer=0.236045
I0514 12:42:56.318351 139935525455616 logging_writer.py:48] [5800] global_step=5800, grad_norm=11.921310424804688, loss=1.8099035024642944
I0514 12:45:55.186090 139935533848320 logging_writer.py:48] [5900] global_step=5900, grad_norm=4.884052276611328, loss=1.8304944038391113
I0514 12:48:51.461010 139935525455616 logging_writer.py:48] [6000] global_step=6000, grad_norm=5.292945384979248, loss=1.858872652053833
I0514 12:51:50.903607 139935533848320 logging_writer.py:48] [6100] global_step=6100, grad_norm=2.383251667022705, loss=1.8167167901992798
/usr/local/lib/python3.11/multiprocessing/popen_fork.py:66: RuntimeWarning: os.fork() was called. os.fork() is incompatible with multithreaded code, and JAX is multithreaded, so this will likely lead to a deadlock.
  self.pid = os.fork()
I0514 12:54:45.431133 139935533848320 logging_writer.py:48] [6200] global_step=6200, grad_norm=3.834359884262085, loss=1.8243651390075684
I0514 12:56:04.447150 139935525455616 logging_writer.py:48] [6300] global_step=6300, grad_norm=2.936530828475952, loss=1.705945611000061
I0514 12:57:22.839618 139935533848320 logging_writer.py:48] [6400] global_step=6400, grad_norm=2.3697023391723633, loss=1.6674548387527466
I0514 12:58:43.296027 139935525455616 logging_writer.py:48] [6500] global_step=6500, grad_norm=3.367347002029419, loss=1.7831231355667114
I0514 13:00:05.136876 139935533848320 logging_writer.py:48] [6600] global_step=6600, grad_norm=3.4875519275665283, loss=1.7293620109558105
I0514 13:01:32.807640 139935525455616 logging_writer.py:48] [6700] global_step=6700, grad_norm=3.640805959701538, loss=1.8015488386154175
I0514 13:03:04.651013 139935533848320 logging_writer.py:48] [6800] global_step=6800, grad_norm=3.1180334091186523, loss=1.6387925148010254
I0514 13:04:39.065837 139935525455616 logging_writer.py:48] [6900] global_step=6900, grad_norm=11.443435668945312, loss=1.70583975315094
I0514 13:06:03.922318 139950406792384 spec.py:333] Evaluating on the training split.
I0514 13:06:52.881433 139950406792384 spec.py:346] Evaluating on the validation split.
/usr/local/lib/python3.11/multiprocessing/popen_fork.py:66: RuntimeWarning: os.fork() was called. os.fork() is incompatible with multithreaded code, and JAX is multithreaded, so this will likely lead to a deadlock.
  self.pid = os.fork()
I0514 13:07:44.545103 139950406792384 spec.py:363] Evaluating on the test split.
I0514 13:08:06.267687 139950406792384 submission_runner.py:516] Time since start: 11497.38s, 	Step: 6988, 	{'train/ctc_loss': Array(0.11226203, dtype=float32), 'train/wer': np.float64(0.14701252844957777), 'validation/ctc_loss': Array(0.19151004, dtype=float32), 'validation/wer': np.float64(0.21990054555110317), 'validation/num_examples': 5348, 'test/ctc_loss': Array(0.12026141, dtype=float32), 'test/wer': np.float64(0.15148376089208457), 'test/num_examples': 2472, 'score': 10239.818652153015, 'total_duration': 11497.381157875061, 'accumulated_submission_time': 10239.818652153015, 'accumulated_eval_time': 1256.6323373317719, 'accumulated_logging_time': 0.802046537399292}
I0514 13:08:06.317877 139935533848320 logging_writer.py:48] [6988] accumulated_eval_time=1256.63, accumulated_logging_time=0.802047, accumulated_submission_time=10239.8, global_step=6988, preemption_count=0, score=10239.8, test/ctc_loss=0.12026140838861465, test/num_examples=2472, test/wer=0.151484, total_duration=11497.4, train/ctc_loss=0.11226203292608261, train/wer=0.147013, validation/ctc_loss=0.19151003658771515, validation/num_examples=5348, validation/wer=0.219901
I0514 13:08:16.671130 139935525455616 logging_writer.py:48] [7000] global_step=7000, grad_norm=4.989673137664795, loss=1.7760944366455078
I0514 13:09:35.098897 139935533848320 logging_writer.py:48] [7100] global_step=7100, grad_norm=6.21914005279541, loss=1.7168701887130737
I0514 13:11:21.094413 139935525455616 logging_writer.py:48] [7200] global_step=7200, grad_norm=3.8627045154571533, loss=1.7688101530075073
I0514 13:13:16.895861 139935533848320 logging_writer.py:48] [7300] global_step=7300, grad_norm=4.856874942779541, loss=1.7701544761657715
I0514 13:15:21.782647 139935525455616 logging_writer.py:48] [7400] global_step=7400, grad_norm=2.9352927207946777, loss=1.6590642929077148
I0514 13:17:31.521102 139935533848320 logging_writer.py:48] [7500] global_step=7500, grad_norm=3.3377480506896973, loss=1.7004870176315308
I0514 13:19:52.856654 139935525455616 logging_writer.py:48] [7600] global_step=7600, grad_norm=2.8790040016174316, loss=1.8234397172927856
I0514 13:22:22.926749 139935533848320 logging_writer.py:48] [7700] global_step=7700, grad_norm=4.196795463562012, loss=1.7039475440979004
I0514 13:24:52.954459 139935525455616 logging_writer.py:48] [7800] global_step=7800, grad_norm=6.296939373016357, loss=1.675650954246521
I0514 13:27:30.750233 139935533848320 logging_writer.py:48] [7900] global_step=7900, grad_norm=4.255884647369385, loss=1.6841342449188232
I0514 13:30:14.296812 139935525455616 logging_writer.py:48] [8000] global_step=8000, grad_norm=2.342651128768921, loss=1.5767244100570679
I0514 13:32:13.872300 139950406792384 spec.py:333] Evaluating on the training split.
I0514 13:33:03.793484 139950406792384 spec.py:346] Evaluating on the validation split.
/usr/local/lib/python3.11/multiprocessing/popen_fork.py:66: RuntimeWarning: os.fork() was called. os.fork() is incompatible with multithreaded code, and JAX is multithreaded, so this will likely lead to a deadlock.
  self.pid = os.fork()
I0514 13:33:55.474092 139950406792384 spec.py:363] Evaluating on the test split.
I0514 13:34:17.148881 139950406792384 submission_runner.py:516] Time since start: 13068.26s, 	Step: 8073, 	{'train/ctc_loss': Array(0.09445465, dtype=float32), 'train/wer': np.float64(0.12799084739592814), 'validation/ctc_loss': Array(0.18131858, dtype=float32), 'validation/wer': np.float64(0.20793704436827112), 'validation/num_examples': 5348, 'test/ctc_loss': Array(0.11160178, dtype=float32), 'test/wer': np.float64(0.1422216805800987), 'test/num_examples': 2472, 'score': 11687.353711366653, 'total_duration': 13068.262231588364, 'accumulated_submission_time': 11687.353711366653, 'accumulated_eval_time': 1379.9065763950348, 'accumulated_logging_time': 0.862382173538208}
