python submission_runner.py --framework=jax --workload=imagenet_resnet --submission_path=submissions_algorithms/submissions/self_tuning/schedule_free_adamw_jax_v2/submission.py --data_dir=/data/imagenet/jax --experiment_dir=/experiment_runs --experiment_name=submissions_a100/schedule_free_adamw_jax_v2/study_0 --overwrite=True --save_checkpoints=False --rng_seed=-999461833 --imagenet_v2_data_dir=/data/imagenet/jax --tuning_ruleset=self 2>&1 | tee -a /logs/imagenet_resnet_jax_05-12-2026-19-39-14.log
2026-05-12 19:39:25.029106: E external/local_xla/xla/stream_executor/cuda/cuda_fft.cc:467] Unable to register cuFFT factory: Attempting to register factory for plugin cuFFT when one has already been registered
WARNING: All log messages before absl::InitializeLog() is called are written to STDERR
E0000 00:00:1778614765.455043      13 cuda_dnn.cc:8579] Unable to register cuDNN factory: Attempting to register factory for plugin cuDNN when one has already been registered
E0000 00:00:1778614765.619037      13 cuda_blas.cc:1407] Unable to register cuBLAS factory: Attempting to register factory for plugin cuBLAS when one has already been registered
W0000 00:00:1778614766.708679      13 computation_placer.cc:177] computation placer already registered. Please check linkage and avoid linking the same target more than once.
W0000 00:00:1778614766.708726      13 computation_placer.cc:177] computation placer already registered. Please check linkage and avoid linking the same target more than once.
W0000 00:00:1778614766.708729      13 computation_placer.cc:177] computation placer already registered. Please check linkage and avoid linking the same target more than once.
W0000 00:00:1778614766.708732      13 computation_placer.cc:177] computation placer already registered. Please check linkage and avoid linking the same target more than once.
/usr/local/lib/python3.11/site-packages/torch/__init__.py:1617: UserWarning: Please use the new API settings to control TF32 behavior, such as torch.backends.cudnn.conv.fp32_precision = 'tf32' or torch.backends.cuda.matmul.fp32_precision = 'ieee'. Old settings, e.g, torch.backends.cuda.matmul.allow_tf32 = True, torch.backends.cudnn.allow_tf32 = True, allowTF32CuDNN() and allowTF32CuBLAS() will be deprecated after Pytorch 2.9. Please see https://pytorch.org/docs/main/notes/cuda.html#tensorfloat-32-tf32-on-ampere-and-later-devices (Triggered internally at /pytorch/aten/src/ATen/Context.cpp:80.)
  _C._set_float32_matmul_precision(precision)
/usr/local/lib/python3.11/site-packages/pydantic/_internal/_generate_schema.py:2249: UnsupportedFieldAttributeWarning: The 'repr' attribute with value False was provided to the `Field()` function, which has no effect in the context it was used. 'repr' is field-specific metadata, and can only be attached to a model field using `Annotated` metadata or by assignment. This may have happened because an `Annotated` type alias using the `type` statement was used, or if the `Field()` function was attached to a single member of a union type.
  warnings.warn(
/usr/local/lib/python3.11/site-packages/pydantic/_internal/_generate_schema.py:2249: UnsupportedFieldAttributeWarning: The 'frozen' attribute with value True was provided to the `Field()` function, which has no effect in the context it was used. 'frozen' is field-specific metadata, and can only be attached to a model field using `Annotated` metadata or by assignment. This may have happened because an `Annotated` type alias using the `type` statement was used, or if the `Field()` function was attached to a single member of a union type.
  warnings.warn(
INFO:2026-05-12 19:40:19,514:jax._src.xla_bridge:830: Unable to initialize backend 'tpu': INTERNAL: Failed to open libtpu.so: libtpu.so: cannot open shared object file: No such file or directory
I0512 19:40:19.514517 139903809070272 xla_bridge.py:830] Unable to initialize backend 'tpu': INTERNAL: Failed to open libtpu.so: libtpu.so: cannot open shared object file: No such file or directory
I0512 19:40:20.428745 139903809070272 logger_utils.py:84] Creating experiment directory at /experiment_runs/submissions_a100/schedule_free_adamw_jax_v2/study_0/imagenet_resnet_jax.
I0512 19:40:24.094998 139903809070272 submission_runner.py:741] Creating directory at /experiment_runs/submissions_a100/schedule_free_adamw_jax_v2/study_0/imagenet_resnet_jax/trial_1.
I0512 19:40:24.443092 139903809070272 submission_runner.py:242] Initializing dataset.
I0512 19:40:26.192402 139903809070272 dataset_info.py:707] Load dataset info from /data/imagenet/jax/imagenet2012/5.1.0
I0512 19:40:26.257916 139903809070272 dataset_info.py:793] For 'imagenet2012/5.1.0': fields info.[splits, supervised_keys] differ on disk and in the code. Keeping the one from code.
I0512 19:40:26.550514 139903809070272 reader.py:262] Creating a tf.data.Dataset reading 1024 files located in folders: /data/imagenet/jax/imagenet2012/5.1.0.
I0512 19:40:26.789263 139903809070272 logging_logger.py:49] Constructing tf.data.Dataset imagenet2012 for split train, from /data/imagenet/jax/imagenet2012/5.1.0
I0512 19:40:28.485011 139903809070272 submission_runner.py:251] Initializing model.
I0512 19:40:53.573942 139903809070272 submission_runner.py:294] Initializing optimizer.
I0512 19:40:55.380751 139903809070272 submission_runner.py:299] Initializing metrics bundle.
I0512 19:40:55.380980 139903809070272 submission_runner.py:321] Initializing checkpoint and logger.
I0512 19:40:55.383667 139903809070272 checkpoints.py:1098] Found no checkpoint files in /experiment_runs/submissions_a100/schedule_free_adamw_jax_v2/study_0/imagenet_resnet_jax/trial_1 with prefix checkpoint_
I0512 19:40:55.383805 139903809070272 submission_runner.py:344] Saving meta data to /experiment_runs/submissions_a100/schedule_free_adamw_jax_v2/study_0/imagenet_resnet_jax/trial_1/meta_data_0.json.
I0512 19:40:55.912556 139903809070272 submission_runner.py:348] Saving flags to /experiment_runs/submissions_a100/schedule_free_adamw_jax_v2/study_0/imagenet_resnet_jax/trial_1/flags_0.json.
I0512 19:40:55.924281 139903809070272 submission_runner.py:359] Starting training loop.
/usr/local/lib/python3.11/site-packages/jax/_src/interpreters/mlir.py:1268: UserWarning: Some donated buffers were not usable: float32[64], float32[64], float32[64], float32[64], float32[64], float32[64], float32[256], float32[256], float32[256], float32[256], float32[1,1,64,64], float32[3,3,64,64], float32[1,1,64,256], float32[1,1,64,256], float32[64], float32[64], float32[64], float32[64], float32[256], float32[256], float32[1,1,256,64], float32[3,3,64,64], float32[1,1,64,256], float32[256], float32[256], float32[256], float32[256], float32[1024], float32[1024], float32[1,1,1024,256], float32[3,3,256,256], float32[1,1,256,1024], float32[256], float32[256], float32[256], float32[256], float32[1024], float32[1024], float32[1,1,1024,256], float32[3,3,256,256], float32[1,1,256,1024], float32[256], float32[256], float32[256], float32[256], float32[1024], float32[1024], float32[1,1,1024,256], float32[3,3,256,256], float32[1,1,256,1024], float32[512], float32[512], float32[512], float32[512], float32[2048], float32[2048], float32[2048], float32[2048], float32[1,1,1024,512], float32[3,3,512,512], float32[1,1,512,2048], float32[1,1,1024,2048], float32[512], float32[512], float32[512], float32[512], float32[2048], float32[2048], float32[1,1,2048,512], float32[3,3,512,512], float32[1,1,512,2048], float32[512], float32[512], float32[512], float32[512], float32[2048], float32[2048], float32[1,1,2048,512], float32[3,3,512,512], float32[1,1,512,2048], float32[64], float32[64], float32[64], float32[64], float32[256], float32[256], float32[1,1,256,64], float32[3,3,64,64], float32[1,1,64,256], float32[128], float32[128], float32[128], float32[128], float32[512], float32[512], float32[512], float32[512], float32[1,1,256,128], float32[3,3,128,128], float32[1,1,128,512], float32[1,1,256,512], float32[128], float32[128], float32[128], float32[128], float32[512], float32[512], float32[1,1,512,128], float32[3,3,128,128], float32[1,1,128,512], float32[128], float32[128], float32[128], float32[128], float32[512], float32[512], float32[1,1,512,128], float32[3,3,128,128], float32[1,1,128,512], float32[128], float32[128], float32[128], float32[128], float32[512], float32[512], float32[1,1,512,128], float32[3,3,128,128], float32[1,1,128,512], float32[256], float32[256], float32[256], float32[256], float32[1024], float32[1024], float32[1024], float32[1024], float32[1,1,512,256], float32[3,3,256,256], float32[1,1,256,1024], float32[1,1,512,1024], float32[256], float32[256], float32[256], float32[256], float32[1024], float32[1024], float32[1,1,1024,256], float32[3,3,256,256], float32[1,1,256,1024], float32[256], float32[256], float32[256], float32[256], float32[1024], float32[1024], float32[1,1,1024,256], float32[3,3,256,256], float32[1,1,256,1024], float32[7,7,3,64], float32[1000], float32[2048,1000].
See an explanation at https://docs.jax.dev/en/latest/faq.html#buffer-donation.
  warnings.warn("Some donated buffers were not usable:"
I0512 19:41:56.177810 139888644712192 logging_writer.py:48] [0] global_step=0, grad_norm=0.2802160084247589, loss=6.908313751220703
I0512 19:41:57.962172 139903809070272 spec.py:333] Evaluating on the training split.
I0512 19:41:58.250133 139903809070272 dataset_info.py:707] Load dataset info from /data/imagenet/jax/imagenet2012/5.1.0
I0512 19:41:58.255790 139903809070272 dataset_info.py:793] For 'imagenet2012/5.1.0': fields info.[splits, supervised_keys] differ on disk and in the code. Keeping the one from code.
I0512 19:41:58.274577 139903809070272 reader.py:262] Creating a tf.data.Dataset reading 1024 files located in folders: /data/imagenet/jax/imagenet2012/5.1.0.
I0512 19:41:58.318836 139903809070272 logging_logger.py:49] Constructing tf.data.Dataset imagenet2012 for split train, from /data/imagenet/jax/imagenet2012/5.1.0
I0512 19:42:34.805708 139903809070272 spec.py:346] Evaluating on the validation split.
I0512 19:42:34.815381 139903809070272 dataset_info.py:707] Load dataset info from /data/imagenet/jax/imagenet2012/5.1.0
I0512 19:42:34.857994 139903809070272 dataset_info.py:793] For 'imagenet2012/5.1.0': fields info.[splits, supervised_keys] differ on disk and in the code. Keeping the one from code.
I0512 19:42:34.861856 139903809070272 reader.py:262] Creating a tf.data.Dataset reading 64 files located in folders: /data/imagenet/jax/imagenet2012/5.1.0.
I0512 19:42:35.129204 139903809070272 logging_logger.py:49] Constructing tf.data.Dataset imagenet2012 for split validation, from /data/imagenet/jax/imagenet2012/5.1.0
I0512 19:43:14.165922 139903809070272 spec.py:363] Evaluating on the test split.
I0512 19:43:14.366281 139903809070272 dataset_info.py:707] Load dataset info from /data/imagenet/jax/imagenet_v2/matched-frequency/3.0.0
I0512 19:43:14.446761 139903809070272 reader.py:262] Creating a tf.data.Dataset reading 16 files located in folders: /data/imagenet/jax/imagenet_v2/matched-frequency/3.0.0.
I0512 19:43:14.489205 139903809070272 logging_logger.py:49] Constructing tf.data.Dataset imagenet_v2 for split test, from /data/imagenet/jax/imagenet_v2/matched-frequency/3.0.0
I0512 19:43:21.197924 139903809070272 submission_runner.py:516] Time since start: 145.27s, 	Step: 1, 	{'train/accuracy': Array(0.00107621, dtype=float32), 'train/loss': Array(6.9101987, dtype=float32), 'validation/accuracy': Array(0.0011, dtype=float32), 'validation/loss': Array(6.910505, dtype=float32), 'validation/num_examples': 50000, 'test/accuracy': Array(0.0013, dtype=float32), 'test/loss': Array(6.910612, dtype=float32), 'test/num_examples': 10000, 'score': 62.0377836227417, 'total_duration': 145.27190852165222, 'accumulated_submission_time': 62.0377836227417, 'accumulated_eval_time': 83.23402738571167, 'accumulated_logging_time': 0}
I0512 19:43:21.216632 139687746324224 logging_writer.py:48] [1] accumulated_eval_time=83.234, accumulated_logging_time=0, accumulated_submission_time=62.0378, global_step=1, preemption_count=0, score=62.0378, test/accuracy=0.0013000001199543476, test/loss=6.910612106323242, test/num_examples=10000, total_duration=145.272, train/accuracy=0.0010762116871774197, train/loss=6.91019868850708, validation/accuracy=0.0010999999940395355, validation/loss=6.9105048179626465, validation/num_examples=50000
/usr/local/lib/python3.11/site-packages/jax/_src/interpreters/mlir.py:1268: UserWarning: Some donated buffers were not usable: float32[64], float32[64], float32[64], float32[64], float32[64], float32[64], float32[256], float32[256], float32[256], float32[256], float32[1,1,64,64], float32[3,3,64,64], float32[1,1,64,256], float32[1,1,64,256], float32[64], float32[64], float32[64], float32[64], float32[256], float32[256], float32[1,1,256,64], float32[3,3,64,64], float32[1,1,64,256], float32[256], float32[256], float32[256], float32[256], float32[1024], float32[1024], float32[1,1,1024,256], float32[3,3,256,256], float32[1,1,256,1024], float32[256], float32[256], float32[256], float32[256], float32[1024], float32[1024], float32[1,1,1024,256], float32[3,3,256,256], float32[1,1,256,1024], float32[256], float32[256], float32[256], float32[256], float32[1024], float32[1024], float32[1,1,1024,256], float32[3,3,256,256], float32[1,1,256,1024], float32[512], float32[512], float32[512], float32[512], float32[2048], float32[2048], float32[2048], float32[2048], float32[1,1,1024,512], float32[3,3,512,512], float32[1,1,512,2048], float32[1,1,1024,2048], float32[512], float32[512], float32[512], float32[512], float32[2048], float32[2048], float32[1,1,2048,512], float32[3,3,512,512], float32[1,1,512,2048], float32[512], float32[512], float32[512], float32[512], float32[2048], float32[2048], float32[1,1,2048,512], float32[3,3,512,512], float32[1,1,512,2048], float32[64], float32[64], float32[64], float32[64], float32[256], float32[256], float32[1,1,256,64], float32[3,3,64,64], float32[1,1,64,256], float32[128], float32[128], float32[128], float32[128], float32[512], float32[512], float32[512], float32[512], float32[1,1,256,128], float32[3,3,128,128], float32[1,1,128,512], float32[1,1,256,512], float32[128], float32[128], float32[128], float32[128], float32[512], float32[512], float32[1,1,512,128], float32[3,3,128,128], float32[1,1,128,512], float32[128], float32[128], float32[128], float32[128], float32[512], float32[512], float32[1,1,512,128], float32[3,3,128,128], float32[1,1,128,512], float32[128], float32[128], float32[128], float32[128], float32[512], float32[512], float32[1,1,512,128], float32[3,3,128,128], float32[1,1,128,512], float32[256], float32[256], float32[256], float32[256], float32[1024], float32[1024], float32[1024], float32[1024], float32[1,1,512,256], float32[3,3,256,256], float32[1,1,256,1024], float32[1,1,512,1024], float32[256], float32[256], float32[256], float32[256], float32[1024], float32[1024], float32[1,1,1024,256], float32[3,3,256,256], float32[1,1,256,1024], float32[256], float32[256], float32[256], float32[256], float32[1024], float32[1024], float32[1,1,1024,256], float32[3,3,256,256], float32[1,1,256,1024], float32[7,7,3,64], float32[1000], float32[2048,1000].
See an explanation at https://docs.jax.dev/en/latest/faq.html#buffer-donation.
  warnings.warn("Some donated buffers were not usable:"
I0512 19:44:16.217670 139687360456448 logging_writer.py:48] [100] global_step=100, grad_norm=0.9382998943328857, loss=6.756219863891602
I0512 19:44:57.416836 139687368849152 logging_writer.py:48] [200] global_step=200, grad_norm=1.7159137725830078, loss=6.43281364440918
I0512 19:45:45.414412 139687360456448 logging_writer.py:48] [300] global_step=300, grad_norm=1.9524415731430054, loss=6.266709327697754
I0512 19:46:32.927969 139687368849152 logging_writer.py:48] [400] global_step=400, grad_norm=3.24735951423645, loss=6.178126335144043
I0512 19:47:12.749411 139687360456448 logging_writer.py:48] [500] global_step=500, grad_norm=4.8911638259887695, loss=6.262415885925293
I0512 19:47:56.981137 139687368849152 logging_writer.py:48] [600] global_step=600, grad_norm=2.3864083290100098, loss=6.08144474029541
I0512 19:48:36.665714 139687360456448 logging_writer.py:48] [700] global_step=700, grad_norm=2.7533810138702393, loss=5.971892356872559
I0512 19:49:16.379648 139687368849152 logging_writer.py:48] [800] global_step=800, grad_norm=3.687201976776123, loss=5.987758159637451
I0512 19:49:56.421373 139687360456448 logging_writer.py:48] [900] global_step=900, grad_norm=2.628094434738159, loss=5.933117866516113
I0512 19:50:36.246309 139687368849152 logging_writer.py:48] [1000] global_step=1000, grad_norm=2.3546266555786133, loss=5.840041160583496
I0512 19:51:15.669799 139687360456448 logging_writer.py:48] [1100] global_step=1100, grad_norm=3.599294900894165, loss=5.881869792938232
I0512 19:51:55.499728 139687368849152 logging_writer.py:48] [1200] global_step=1200, grad_norm=3.974897861480713, loss=5.886465072631836
I0512 19:52:41.853332 139687360456448 logging_writer.py:48] [1300] global_step=1300, grad_norm=5.0108442306518555, loss=5.775548458099365
I0512 19:53:30.965494 139687368849152 logging_writer.py:48] [1400] global_step=1400, grad_norm=3.1748340129852295, loss=5.806589126586914
I0512 19:54:18.604654 139687360456448 logging_writer.py:48] [1500] global_step=1500, grad_norm=4.364927291870117, loss=5.697990417480469
I0512 19:54:59.727285 139687368849152 logging_writer.py:48] [1600] global_step=1600, grad_norm=2.647134780883789, loss=5.748484134674072
I0512 19:55:39.680126 139687360456448 logging_writer.py:48] [1700] global_step=1700, grad_norm=2.4704806804656982, loss=5.695845127105713
I0512 19:56:27.253078 139687368849152 logging_writer.py:48] [1800] global_step=1800, grad_norm=1.746597170829773, loss=5.610013961791992
I0512 19:57:06.608548 139687360456448 logging_writer.py:48] [1900] global_step=1900, grad_norm=6.677021026611328, loss=5.8874101638793945
I0512 19:57:45.978434 139687368849152 logging_writer.py:48] [2000] global_step=2000, grad_norm=5.062442302703857, loss=5.7971625328063965
I0512 19:58:32.254596 139687360456448 logging_writer.py:48] [2100] global_step=2100, grad_norm=3.3601138591766357, loss=5.8100056648254395
I0512 19:59:14.069373 139687368849152 logging_writer.py:48] [2200] global_step=2200, grad_norm=2.5220048427581787, loss=5.525139331817627
I0512 19:59:55.983500 139687360456448 logging_writer.py:48] [2300] global_step=2300, grad_norm=3.1667466163635254, loss=5.560049533843994
I0512 20:00:42.109352 139687368849152 logging_writer.py:48] [2400] global_step=2400, grad_norm=3.263444423675537, loss=5.671502113342285
I0512 20:01:24.267102 139687360456448 logging_writer.py:48] [2500] global_step=2500, grad_norm=2.5383379459381104, loss=5.541540145874023
I0512 20:02:10.073902 139687368849152 logging_writer.py:48] [2600] global_step=2600, grad_norm=3.044522285461426, loss=5.448047161102295
I0512 20:02:56.019405 139687360456448 logging_writer.py:48] [2700] global_step=2700, grad_norm=2.3397135734558105, loss=5.385077953338623
I0512 20:03:41.771748 139687368849152 logging_writer.py:48] [2800] global_step=2800, grad_norm=2.659743547439575, loss=5.375866889953613
I0512 20:04:27.394889 139687360456448 logging_writer.py:48] [2900] global_step=2900, grad_norm=2.9278173446655273, loss=5.387120246887207
I0512 20:05:13.179934 139687368849152 logging_writer.py:48] [3000] global_step=3000, grad_norm=3.331817865371704, loss=5.322810173034668
I0512 20:06:02.445156 139687360456448 logging_writer.py:48] [3100] global_step=3100, grad_norm=3.513012409210205, loss=5.5266876220703125
I0512 20:06:48.107108 139687368849152 logging_writer.py:48] [3200] global_step=3200, grad_norm=3.0216310024261475, loss=5.354588508605957
I0512 20:07:43.798170 139687360456448 logging_writer.py:48] [3300] global_step=3300, grad_norm=1.2741576433181763, loss=5.287280559539795
I0512 20:08:26.581706 139687368849152 logging_writer.py:48] [3400] global_step=3400, grad_norm=3.2336976528167725, loss=5.4634552001953125
I0512 20:09:09.107233 139687360456448 logging_writer.py:48] [3500] global_step=3500, grad_norm=2.3230338096618652, loss=5.291337013244629
I0512 20:09:51.626270 139687368849152 logging_writer.py:48] [3600] global_step=3600, grad_norm=2.6491072177886963, loss=5.3013505935668945
I0512 20:10:34.820938 139687360456448 logging_writer.py:48] [3700] global_step=3700, grad_norm=3.639723062515259, loss=5.378150939941406
I0512 20:11:17.914213 139687368849152 logging_writer.py:48] [3800] global_step=3800, grad_norm=3.0273232460021973, loss=5.203970432281494
I0512 20:12:03.717263 139687360456448 logging_writer.py:48] [3900] global_step=3900, grad_norm=2.9177939891815186, loss=5.185932636260986
I0512 20:12:48.956612 139687368849152 logging_writer.py:48] [4000] global_step=4000, grad_norm=3.2125682830810547, loss=5.222461700439453
I0512 20:13:34.379122 139687360456448 logging_writer.py:48] [4100] global_step=4100, grad_norm=2.945589780807495, loss=5.10198974609375
I0512 20:14:15.770854 139687368849152 logging_writer.py:48] [4200] global_step=4200, grad_norm=3.40757155418396, loss=5.250633716583252
I0512 20:15:00.762333 139687360456448 logging_writer.py:48] [4300] global_step=4300, grad_norm=2.1821987628936768, loss=5.077275276184082
I0512 20:15:45.982752 139687368849152 logging_writer.py:48] [4400] global_step=4400, grad_norm=1.9292452335357666, loss=5.111266613006592
I0512 20:16:31.418749 139687360456448 logging_writer.py:48] [4500] global_step=4500, grad_norm=3.077381134033203, loss=5.138885498046875
I0512 20:16:37.278876 139903809070272 spec.py:333] Evaluating on the training split.
I0512 20:16:49.626265 139903809070272 spec.py:346] Evaluating on the validation split.
I0512 20:17:11.306954 139903809070272 spec.py:363] Evaluating on the test split.
I0512 20:17:12.218195 139903809070272 submission_runner.py:516] Time since start: 2176.29s, 	Step: 4518, 	{'train/accuracy': Array(0.03958068, dtype=float32), 'train/loss': Array(5.9223266, dtype=float32), 'validation/accuracy': Array(0.03606, dtype=float32), 'validation/loss': Array(5.994765, dtype=float32), 'validation/num_examples': 50000, 'test/accuracy': Array(0.0295, dtype=float32), 'test/loss': Array(6.248613, dtype=float32), 'test/num_examples': 10000, 'score': 2058.049063682556, 'total_duration': 2176.2921516895294, 'accumulated_submission_time': 2058.049063682556, 'accumulated_eval_time': 118.17159128189087, 'accumulated_logging_time': 0.027879953384399414}
I0512 20:17:12.240303 139687754716928 logging_writer.py:48] [4518] accumulated_eval_time=118.172, accumulated_logging_time=0.02788, accumulated_submission_time=2058.05, global_step=4518, preemption_count=0, score=2058.05, test/accuracy=0.029500002041459084, test/loss=6.248612880706787, test/num_examples=10000, total_duration=2176.29, train/accuracy=0.03958067670464516, train/loss=5.922326564788818, validation/accuracy=0.03605999797582626, validation/loss=5.994764804840088, validation/num_examples=50000
I0512 20:17:47.479588 139687763109632 logging_writer.py:48] [4600] global_step=4600, grad_norm=3.0757808685302734, loss=5.022922039031982
I0512 20:18:29.114845 139687754716928 logging_writer.py:48] [4700] global_step=4700, grad_norm=2.1589345932006836, loss=5.158249855041504
I0512 20:19:06.450168 139687763109632 logging_writer.py:48] [4800] global_step=4800, grad_norm=2.1429059505462646, loss=5.04161262512207
I0512 20:19:43.210133 139687754716928 logging_writer.py:48] [4900] global_step=4900, grad_norm=1.5161939859390259, loss=5.01307487487793
I0512 20:20:20.344309 139687763109632 logging_writer.py:48] [5000] global_step=5000, grad_norm=3.9396579265594482, loss=5.104777812957764
I0512 20:21:02.106507 139687754716928 logging_writer.py:48] [5100] global_step=5100, grad_norm=4.218153476715088, loss=5.143609523773193
I0512 20:21:39.222205 139687763109632 logging_writer.py:48] [5200] global_step=5200, grad_norm=3.3677444458007812, loss=5.036825656890869
I0512 20:22:15.976858 139687754716928 logging_writer.py:48] [5300] global_step=5300, grad_norm=3.7020740509033203, loss=4.969170570373535
I0512 20:22:53.226783 139687763109632 logging_writer.py:48] [5400] global_step=5400, grad_norm=2.8452134132385254, loss=5.026850700378418
I0512 20:23:29.952333 139687754716928 logging_writer.py:48] [5500] global_step=5500, grad_norm=4.970737457275391, loss=4.811808109283447
I0512 20:24:06.933721 139687763109632 logging_writer.py:48] [5600] global_step=5600, grad_norm=3.414165496826172, loss=4.902349472045898
I0512 20:24:44.125248 139687754716928 logging_writer.py:48] [5700] global_step=5700, grad_norm=2.45456862449646, loss=4.897881507873535
I0512 20:25:21.301983 139687763109632 logging_writer.py:48] [5800] global_step=5800, grad_norm=5.332715034484863, loss=4.974867820739746
I0512 20:25:58.056898 139687754716928 logging_writer.py:48] [5900] global_step=5900, grad_norm=3.269678831100464, loss=4.857068061828613
I0512 20:26:35.257316 139687763109632 logging_writer.py:48] [6000] global_step=6000, grad_norm=2.5486977100372314, loss=4.811395645141602
I0512 20:27:11.961945 139687754716928 logging_writer.py:48] [6100] global_step=6100, grad_norm=4.340679168701172, loss=4.983715534210205
I0512 20:27:49.051329 139687763109632 logging_writer.py:48] [6200] global_step=6200, grad_norm=2.0728766918182373, loss=4.827754974365234
I0512 20:28:26.350684 139687754716928 logging_writer.py:48] [6300] global_step=6300, grad_norm=1.8308902978897095, loss=4.71298885345459
I0512 20:29:03.139892 139687763109632 logging_writer.py:48] [6400] global_step=6400, grad_norm=3.7294921875, loss=4.928774356842041
I0512 20:29:44.239579 139687754716928 logging_writer.py:48] [6500] global_step=6500, grad_norm=3.407163619995117, loss=4.760442733764648
I0512 20:30:25.574839 139687763109632 logging_writer.py:48] [6600] global_step=6600, grad_norm=2.967484712600708, loss=4.7801594734191895
I0512 20:31:06.624220 139687754716928 logging_writer.py:48] [6700] global_step=6700, grad_norm=1.866814136505127, loss=4.697668075561523
I0512 20:31:47.904933 139687763109632 logging_writer.py:48] [6800] global_step=6800, grad_norm=3.706573486328125, loss=4.767075538635254
I0512 20:32:29.467040 139687754716928 logging_writer.py:48] [6900] global_step=6900, grad_norm=4.648370742797852, loss=4.785259246826172
I0512 20:33:06.239376 139687763109632 logging_writer.py:48] [7000] global_step=7000, grad_norm=3.8844687938690186, loss=4.786125659942627
I0512 20:33:43.360861 139687754716928 logging_writer.py:48] [7100] global_step=7100, grad_norm=1.2563434839248657, loss=4.713617324829102
I0512 20:34:20.530880 139687763109632 logging_writer.py:48] [7200] global_step=7200, grad_norm=3.5405759811401367, loss=4.678468704223633
I0512 20:34:57.302222 139687754716928 logging_writer.py:48] [7300] global_step=7300, grad_norm=3.221348285675049, loss=4.840146064758301
I0512 20:35:34.481682 139687763109632 logging_writer.py:48] [7400] global_step=7400, grad_norm=3.2844977378845215, loss=4.826122760772705
I0512 20:36:11.695938 139687754716928 logging_writer.py:48] [7500] global_step=7500, grad_norm=4.426513671875, loss=4.890480995178223
I0512 20:36:52.870333 139687763109632 logging_writer.py:48] [7600] global_step=7600, grad_norm=3.5370514392852783, loss=4.669809341430664
I0512 20:37:29.889665 139687754716928 logging_writer.py:48] [7700] global_step=7700, grad_norm=3.928209066390991, loss=4.813296318054199
I0512 20:38:07.131660 139687763109632 logging_writer.py:48] [7800] global_step=7800, grad_norm=4.109675407409668, loss=4.658947944641113
I0512 20:38:43.902080 139687754716928 logging_writer.py:48] [7900] global_step=7900, grad_norm=2.5258688926696777, loss=4.547046184539795
I0512 20:39:21.017734 139687763109632 logging_writer.py:48] [8000] global_step=8000, grad_norm=5.185024261474609, loss=4.82103157043457
I0512 20:39:58.353317 139687754716928 logging_writer.py:48] [8100] global_step=8100, grad_norm=4.452086448669434, loss=4.842930793762207
I0512 20:40:35.227110 139687763109632 logging_writer.py:48] [8200] global_step=8200, grad_norm=1.3208221197128296, loss=4.551862716674805
I0512 20:41:12.005470 139687754716928 logging_writer.py:48] [8300] global_step=8300, grad_norm=3.1019811630249023, loss=4.562349319458008
I0512 20:41:49.516621 139687763109632 logging_writer.py:48] [8400] global_step=8400, grad_norm=2.722907781600952, loss=4.578224182128906
I0512 20:42:26.346344 139687754716928 logging_writer.py:48] [8500] global_step=8500, grad_norm=2.8841350078582764, loss=4.61148738861084
I0512 20:43:03.570422 139687763109632 logging_writer.py:48] [8600] global_step=8600, grad_norm=2.633077621459961, loss=4.473111152648926
I0512 20:43:40.837627 139687754716928 logging_writer.py:48] [8700] global_step=8700, grad_norm=3.822070598602295, loss=4.606818675994873
I0512 20:44:17.645178 139687763109632 logging_writer.py:48] [8800] global_step=8800, grad_norm=3.3098480701446533, loss=4.614909648895264
I0512 20:44:54.717713 139687754716928 logging_writer.py:48] [8900] global_step=8900, grad_norm=4.846261501312256, loss=4.680874824523926
I0512 20:45:31.967572 139687763109632 logging_writer.py:48] [9000] global_step=9000, grad_norm=3.0733392238616943, loss=4.596996784210205
I0512 20:46:08.876970 139687754716928 logging_writer.py:48] [9100] global_step=9100, grad_norm=4.547897815704346, loss=4.743021011352539
I0512 20:46:46.048499 139687763109632 logging_writer.py:48] [9200] global_step=9200, grad_norm=3.2441205978393555, loss=4.6345624923706055
I0512 20:47:23.342687 139687754716928 logging_writer.py:48] [9300] global_step=9300, grad_norm=4.205641269683838, loss=4.600100994110107
I0512 20:48:00.212854 139687763109632 logging_writer.py:48] [9400] global_step=9400, grad_norm=3.1424062252044678, loss=4.475790977478027
I0512 20:48:37.376146 139687754716928 logging_writer.py:48] [9500] global_step=9500, grad_norm=3.134442090988159, loss=4.515594005584717
I0512 20:49:14.635312 139687763109632 logging_writer.py:48] [9600] global_step=9600, grad_norm=3.334294080734253, loss=4.450712203979492
I0512 20:49:51.405991 139687754716928 logging_writer.py:48] [9700] global_step=9700, grad_norm=2.7007834911346436, loss=4.489980697631836
I0512 20:50:28.402466 139687763109632 logging_writer.py:48] [9800] global_step=9800, grad_norm=8.787710189819336, loss=4.575618743896484
I0512 20:50:28.413539 139903809070272 spec.py:333] Evaluating on the training split.
I0512 20:50:41.338789 139903809070272 spec.py:346] Evaluating on the validation split.
I0512 20:51:32.382508 139903809070272 spec.py:363] Evaluating on the test split.
I0512 20:51:33.278759 139903809070272 submission_runner.py:516] Time since start: 4237.35s, 	Step: 9801, 	{'train/accuracy': Array(0.00974569, dtype=float32), 'train/loss': Array(7.5413218, dtype=float32), 'validation/accuracy': Array(0.01064, dtype=float32), 'validation/loss': Array(7.568091, dtype=float32), 'validation/num_examples': 50000, 'test/accuracy': Array(0.0079, dtype=float32), 'test/loss': Array(7.6627584, dtype=float32), 'test/num_examples': 10000, 'score': 4054.1717386245728, 'total_duration': 4237.352629899979, 'accumulated_submission_time': 4054.1717386245728, 'accumulated_eval_time': 183.03495979309082, 'accumulated_logging_time': 0.0581820011138916}
I0512 20:51:33.307406 139687754716928 logging_writer.py:48] [9801] accumulated_eval_time=183.035, accumulated_logging_time=0.058182, accumulated_submission_time=4054.17, global_step=9801, preemption_count=0, score=4054.17, test/accuracy=0.007900000549852848, test/loss=7.6627583503723145, test/num_examples=10000, total_duration=4237.35, train/accuracy=0.009745694696903229, train/loss=7.541321754455566, validation/accuracy=0.010639999993145466, validation/loss=7.568090915679932, validation/num_examples=50000
I0512 20:52:20.224866 139687763109632 logging_writer.py:48] [9900] global_step=9900, grad_norm=4.0356059074401855, loss=4.556339740753174
I0512 20:53:06.017261 139687754716928 logging_writer.py:48] [10000] global_step=10000, grad_norm=2.649406671524048, loss=4.472428321838379
I0512 20:53:47.712953 139687763109632 logging_writer.py:48] [10100] global_step=10100, grad_norm=4.734405040740967, loss=4.51960563659668
I0512 20:54:29.417647 139687754716928 logging_writer.py:48] [10200] global_step=10200, grad_norm=1.7634782791137695, loss=4.45598840713501
I0512 20:55:10.742923 139687763109632 logging_writer.py:48] [10300] global_step=10300, grad_norm=1.9574803113937378, loss=4.424410343170166
I0512 20:55:51.682655 139687754716928 logging_writer.py:48] [10400] global_step=10400, grad_norm=4.531286239624023, loss=4.361980438232422
I0512 20:56:33.477789 139687763109632 logging_writer.py:48] [10500] global_step=10500, grad_norm=6.095785140991211, loss=4.57425594329834
I0512 20:57:14.504872 139687754716928 logging_writer.py:48] [10600] global_step=10600, grad_norm=5.7735419273376465, loss=4.59458065032959
I0512 20:57:55.950217 139687763109632 logging_writer.py:48] [10700] global_step=10700, grad_norm=8.404025077819824, loss=4.700727939605713
I0512 20:58:37.691206 139687754716928 logging_writer.py:48] [10800] global_step=10800, grad_norm=3.036003828048706, loss=4.426248550415039
I0512 20:59:19.035314 139687763109632 logging_writer.py:48] [10900] global_step=10900, grad_norm=2.9663846492767334, loss=4.350268363952637
I0512 21:00:00.586247 139687754716928 logging_writer.py:48] [11000] global_step=11000, grad_norm=8.538077354431152, loss=4.614936828613281
I0512 21:00:46.950387 139687763109632 logging_writer.py:48] [11100] global_step=11100, grad_norm=2.5892300605773926, loss=4.356301784515381
I0512 21:01:28.256157 139687754716928 logging_writer.py:48] [11200] global_step=11200, grad_norm=4.808152675628662, loss=4.49868631362915
I0512 21:02:09.927021 139687763109632 logging_writer.py:48] [11300] global_step=11300, grad_norm=3.9248297214508057, loss=4.443073272705078
I0512 21:02:51.638608 139687754716928 logging_writer.py:48] [11400] global_step=11400, grad_norm=2.778954267501831, loss=4.425868034362793
I0512 21:03:37.439811 139687763109632 logging_writer.py:48] [11500] global_step=11500, grad_norm=7.622842311859131, loss=4.56803035736084
I0512 21:04:19.189204 139687754716928 logging_writer.py:48] [11600] global_step=11600, grad_norm=3.2570579051971436, loss=4.40865421295166
I0512 21:05:00.949764 139687763109632 logging_writer.py:48] [11700] global_step=11700, grad_norm=3.3706181049346924, loss=4.343086242675781
I0512 21:05:42.328101 139687754716928 logging_writer.py:48] [11800] global_step=11800, grad_norm=5.211455821990967, loss=4.545670509338379
I0512 21:06:23.912988 139687763109632 logging_writer.py:48] [11900] global_step=11900, grad_norm=2.577214241027832, loss=4.376078128814697
I0512 21:07:05.697006 139687754716928 logging_writer.py:48] [12000] global_step=12000, grad_norm=4.953535556793213, loss=4.559054374694824
I0512 21:07:46.971395 139687763109632 logging_writer.py:48] [12100] global_step=12100, grad_norm=3.306490898132324, loss=4.4554643630981445
I0512 21:08:33.244001 139687754716928 logging_writer.py:48] [12200] global_step=12200, grad_norm=3.197166919708252, loss=4.450170516967773
I0512 21:09:14.998593 139687763109632 logging_writer.py:48] [12300] global_step=12300, grad_norm=2.8215527534484863, loss=4.278886318206787
I0512 21:09:56.312023 139687754716928 logging_writer.py:48] [12400] global_step=12400, grad_norm=3.85644793510437, loss=4.34965705871582
I0512 21:10:37.649062 139687763109632 logging_writer.py:48] [12500] global_step=12500, grad_norm=2.738300085067749, loss=4.313940048217773
I0512 21:11:24.334533 139687754716928 logging_writer.py:48] [12600] global_step=12600, grad_norm=3.078697919845581, loss=4.4544453620910645
I0512 21:12:05.672915 139687763109632 logging_writer.py:48] [12700] global_step=12700, grad_norm=5.460382461547852, loss=4.436374664306641
I0512 21:12:47.299516 139687754716928 logging_writer.py:48] [12800] global_step=12800, grad_norm=3.106762170791626, loss=4.331503868103027
I0512 21:13:29.098515 139687763109632 logging_writer.py:48] [12900] global_step=12900, grad_norm=2.612004041671753, loss=4.351551532745361
I0512 21:14:10.426566 139687754716928 logging_writer.py:48] [13000] global_step=13000, grad_norm=3.872493267059326, loss=4.2877936363220215
I0512 21:14:52.075899 139687763109632 logging_writer.py:48] [13100] global_step=13100, grad_norm=2.412848711013794, loss=4.177600383758545
I0512 21:15:33.852538 139687754716928 logging_writer.py:48] [13200] global_step=13200, grad_norm=4.551445007324219, loss=4.2214460372924805
I0512 21:16:15.205266 139687763109632 logging_writer.py:48] [13300] global_step=13300, grad_norm=12.106030464172363, loss=5.087636947631836
I0512 21:17:01.408210 139687754716928 logging_writer.py:48] [13400] global_step=13400, grad_norm=4.094177722930908, loss=4.307053565979004
I0512 21:17:43.224365 139687763109632 logging_writer.py:48] [13500] global_step=13500, grad_norm=4.601501941680908, loss=4.293885231018066
I0512 21:18:29.227870 139687754716928 logging_writer.py:48] [13600] global_step=13600, grad_norm=5.7885236740112305, loss=4.47043514251709
I0512 21:19:10.857241 139687763109632 logging_writer.py:48] [13700] global_step=13700, grad_norm=3.5543041229248047, loss=4.331947326660156
I0512 21:19:57.146904 139687754716928 logging_writer.py:48] [13800] global_step=13800, grad_norm=3.262827157974243, loss=4.282590866088867
I0512 21:20:38.482297 139687763109632 logging_writer.py:48] [13900] global_step=13900, grad_norm=3.0661590099334717, loss=4.330014705657959
I0512 21:21:20.032089 139687754716928 logging_writer.py:48] [14000] global_step=14000, grad_norm=5.992323398590088, loss=4.254425048828125
I0512 21:22:01.876201 139687763109632 logging_writer.py:48] [14100] global_step=14100, grad_norm=3.724125385284424, loss=4.340271949768066
I0512 21:22:43.083638 139687754716928 logging_writer.py:48] [14200] global_step=14200, grad_norm=7.024749755859375, loss=4.561751842498779
I0512 21:23:24.672060 139687763109632 logging_writer.py:48] [14300] global_step=14300, grad_norm=18.445703506469727, loss=4.336794853210449
I0512 21:24:06.354096 139687754716928 logging_writer.py:48] [14400] global_step=14400, grad_norm=3.81604266166687, loss=4.209531307220459
I0512 21:24:47.586064 139687763109632 logging_writer.py:48] [14500] global_step=14500, grad_norm=4.374428749084473, loss=4.188451766967773
I0512 21:24:49.521304 139903809070272 spec.py:333] Evaluating on the training split.
I0512 21:25:01.812958 139903809070272 spec.py:346] Evaluating on the validation split.
I0512 21:27:01.068653 139903809070272 spec.py:363] Evaluating on the test split.
I0512 21:27:01.959974 139903809070272 submission_runner.py:516] Time since start: 6366.03s, 	Step: 14506, 	{'train/accuracy': Array(0.00585938, dtype=float32), 'train/loss': Array(8.495525, dtype=float32), 'validation/accuracy': Array(0.00528, dtype=float32), 'validation/loss': Array(8.498083, dtype=float32), 'validation/num_examples': 50000, 'test/accuracy': Array(0.0042, dtype=float32), 'test/loss': Array(8.537536, dtype=float32), 'test/num_examples': 10000, 'score': 6050.326933860779, 'total_duration': 6366.033954143524, 'accumulated_submission_time': 6050.326933860779, 'accumulated_eval_time': 315.471892118454, 'accumulated_logging_time': 0.1032261848449707}
I0512 21:27:01.984766 139687754716928 logging_writer.py:48] [14506] accumulated_eval_time=315.472, accumulated_logging_time=0.103226, accumulated_submission_time=6050.33, global_step=14506, preemption_count=0, score=6050.33, test/accuracy=0.004200000315904617, test/loss=8.537535667419434, test/num_examples=10000, total_duration=6366.03, train/accuracy=0.005859375, train/loss=8.495525360107422, validation/accuracy=0.005279999691992998, validation/loss=8.498083114624023, validation/num_examples=50000
I0512 21:27:36.865387 139687763109632 logging_writer.py:48] [14600] global_step=14600, grad_norm=4.467906951904297, loss=4.266951560974121
I0512 21:28:14.415077 139687754716928 logging_writer.py:48] [14700] global_step=14700, grad_norm=3.3470304012298584, loss=4.346274375915527
I0512 21:28:51.210108 139687763109632 logging_writer.py:48] [14800] global_step=14800, grad_norm=4.785727500915527, loss=4.325855255126953
I0512 21:29:28.369802 139687754716928 logging_writer.py:48] [14900] global_step=14900, grad_norm=5.4956464767456055, loss=4.244760990142822
I0512 21:30:05.600263 139687763109632 logging_writer.py:48] [15000] global_step=15000, grad_norm=6.085444450378418, loss=4.3275556564331055
I0512 21:30:42.381095 139687754716928 logging_writer.py:48] [15100] global_step=15100, grad_norm=7.097640514373779, loss=4.310112953186035
I0512 21:31:19.112363 139687763109632 logging_writer.py:48] [15200] global_step=15200, grad_norm=10.452030181884766, loss=4.288189888000488
I0512 21:31:56.738276 139687754716928 logging_writer.py:48] [15300] global_step=15300, grad_norm=2.343078136444092, loss=4.353918075561523
I0512 21:32:33.643425 139687763109632 logging_writer.py:48] [15400] global_step=15400, grad_norm=3.6630425453186035, loss=4.374762058258057
I0512 21:33:10.805676 139687754716928 logging_writer.py:48] [15500] global_step=15500, grad_norm=3.7355542182922363, loss=4.314619541168213
I0512 21:33:48.042123 139687763109632 logging_writer.py:48] [15600] global_step=15600, grad_norm=4.433247089385986, loss=4.285011291503906
I0512 21:34:24.783172 139687754716928 logging_writer.py:48] [15700] global_step=15700, grad_norm=3.806504011154175, loss=4.203555583953857
I0512 21:35:01.877728 139687763109632 logging_writer.py:48] [15800] global_step=15800, grad_norm=3.1342339515686035, loss=4.219532012939453
I0512 21:35:39.202394 139687754716928 logging_writer.py:48] [15900] global_step=15900, grad_norm=5.624528408050537, loss=4.309572696685791
I0512 21:36:15.970752 139687763109632 logging_writer.py:48] [16000] global_step=16000, grad_norm=5.142672538757324, loss=4.389681816101074
I0512 21:36:57.497771 139687754716928 logging_writer.py:48] [16100] global_step=16100, grad_norm=4.930809020996094, loss=4.163058280944824
I0512 21:37:35.005177 139687763109632 logging_writer.py:48] [16200] global_step=16200, grad_norm=3.6823551654815674, loss=4.166629791259766
I0512 21:38:11.813781 139687754716928 logging_writer.py:48] [16300] global_step=16300, grad_norm=3.59070086479187, loss=4.139599800109863
I0512 21:38:48.946840 139687763109632 logging_writer.py:48] [16400] global_step=16400, grad_norm=6.197380065917969, loss=4.2903289794921875
I0512 21:39:26.230979 139687754716928 logging_writer.py:48] [16500] global_step=16500, grad_norm=5.625287055969238, loss=4.281441688537598
I0512 21:40:02.979725 139687763109632 logging_writer.py:48] [16600] global_step=16600, grad_norm=4.578366756439209, loss=4.142776012420654
I0512 21:40:39.835848 139687754716928 logging_writer.py:48] [16700] global_step=16700, grad_norm=3.791961193084717, loss=4.329822540283203
I0512 21:41:17.310419 139687763109632 logging_writer.py:48] [16800] global_step=16800, grad_norm=3.7367794513702393, loss=4.252202987670898
I0512 21:41:54.046045 139687754716928 logging_writer.py:48] [16900] global_step=16900, grad_norm=3.255845069885254, loss=4.158737659454346
I0512 21:42:31.148539 139687763109632 logging_writer.py:48] [17000] global_step=17000, grad_norm=3.4928836822509766, loss=4.172212600708008
I0512 21:43:08.376846 139687754716928 logging_writer.py:48] [17100] global_step=17100, grad_norm=4.996946334838867, loss=4.104815483093262
I0512 21:43:45.146441 139687763109632 logging_writer.py:48] [17200] global_step=17200, grad_norm=3.4076035022735596, loss=4.154796600341797
I0512 21:44:22.012897 139687754716928 logging_writer.py:48] [17300] global_step=17300, grad_norm=4.8138298988342285, loss=4.170757293701172
I0512 21:44:59.638448 139687763109632 logging_writer.py:48] [17400] global_step=17400, grad_norm=3.3729805946350098, loss=4.182557106018066
I0512 21:45:36.419302 139687754716928 logging_writer.py:48] [17500] global_step=17500, grad_norm=5.335815906524658, loss=4.226658344268799
I0512 21:46:13.225486 139687763109632 logging_writer.py:48] [17600] global_step=17600, grad_norm=3.7623515129089355, loss=4.210519313812256
I0512 21:46:50.750223 139687754716928 logging_writer.py:48] [17700] global_step=17700, grad_norm=4.07235860824585, loss=4.233376502990723
I0512 21:47:27.477945 139687763109632 logging_writer.py:48] [17800] global_step=17800, grad_norm=3.9344775676727295, loss=4.257962703704834
I0512 21:48:04.415408 139687754716928 logging_writer.py:48] [17900] global_step=17900, grad_norm=2.547037363052368, loss=4.0837202072143555
I0512 21:48:41.987360 139687763109632 logging_writer.py:48] [18000] global_step=18000, grad_norm=8.017416954040527, loss=4.349206447601318
I0512 21:49:18.744427 139687754716928 logging_writer.py:48] [18100] global_step=18100, grad_norm=5.6542134284973145, loss=4.268446922302246
I0512 21:49:55.546835 139687763109632 logging_writer.py:48] [18200] global_step=18200, grad_norm=4.561398029327393, loss=4.034845352172852
I0512 21:50:33.073621 139687754716928 logging_writer.py:48] [18300] global_step=18300, grad_norm=3.614933967590332, loss=4.1169233322143555
I0512 21:51:09.853354 139687763109632 logging_writer.py:48] [18400] global_step=18400, grad_norm=5.384772300720215, loss=4.1801300048828125
I0512 21:51:46.599603 139687754716928 logging_writer.py:48] [18500] global_step=18500, grad_norm=4.814983367919922, loss=4.084420204162598
I0512 21:52:24.117339 139687763109632 logging_writer.py:48] [18600] global_step=18600, grad_norm=3.638984203338623, loss=4.1951799392700195
I0512 21:53:00.901017 139687754716928 logging_writer.py:48] [18700] global_step=18700, grad_norm=2.190462350845337, loss=4.089112281799316
I0512 21:53:37.734268 139687763109632 logging_writer.py:48] [18800] global_step=18800, grad_norm=2.1416358947753906, loss=4.068811416625977
I0512 21:54:15.008185 139687754716928 logging_writer.py:48] [18900] global_step=18900, grad_norm=4.326211929321289, loss=4.161866664886475
I0512 21:54:52.095619 139687763109632 logging_writer.py:48] [19000] global_step=19000, grad_norm=5.230624198913574, loss=4.149301052093506
I0512 21:55:28.859814 139687754716928 logging_writer.py:48] [19100] global_step=19100, grad_norm=5.5730180740356445, loss=4.181936264038086
I0512 21:56:06.417297 139687763109632 logging_writer.py:48] [19200] global_step=19200, grad_norm=5.422348976135254, loss=4.191165924072266
I0512 21:56:43.239219 139687754716928 logging_writer.py:48] [19300] global_step=19300, grad_norm=4.952305316925049, loss=4.2868194580078125
I0512 21:57:20.003896 139687763109632 logging_writer.py:48] [19400] global_step=19400, grad_norm=4.717532634735107, loss=4.112893581390381
I0512 21:57:57.627012 139687754716928 logging_writer.py:48] [19500] global_step=19500, grad_norm=6.789829254150391, loss=4.218955039978027
I0512 21:58:34.472833 139687763109632 logging_writer.py:48] [19600] global_step=19600, grad_norm=5.659283638000488, loss=4.224696159362793
I0512 21:59:11.276229 139687754716928 logging_writer.py:48] [19700] global_step=19700, grad_norm=7.346611499786377, loss=4.184014320373535
I0512 21:59:48.896883 139687763109632 logging_writer.py:48] [19800] global_step=19800, grad_norm=4.838632106781006, loss=4.325345516204834
I0512 22:00:18.625651 139903809070272 spec.py:333] Evaluating on the training split.
I0512 22:00:34.938104 139903809070272 spec.py:346] Evaluating on the validation split.
I0512 22:01:47.733700 139903809070272 spec.py:363] Evaluating on the test split.
I0512 22:01:48.626481 139903809070272 submission_runner.py:516] Time since start: 8452.70s, 	Step: 19882, 	{'train/accuracy': Array(0.00348772, dtype=float32), 'train/loss': Array(8.590018, dtype=float32), 'validation/accuracy': Array(0.00326, dtype=float32), 'validation/loss': Array(8.605198, dtype=float32), 'validation/num_examples': 50000, 'test/accuracy': Array(0.0032, dtype=float32), 'test/loss': Array(8.626876, dtype=float32), 'test/num_examples': 10000, 'score': 8046.917476177216, 'total_duration': 8452.700548648834, 'accumulated_submission_time': 8046.917476177216, 'accumulated_eval_time': 405.47107315063477, 'accumulated_logging_time': 0.136307954788208}
I0512 22:01:48.650059 139687754716928 logging_writer.py:48] [19882] accumulated_eval_time=405.471, accumulated_logging_time=0.136308, accumulated_submission_time=8046.92, global_step=19882, preemption_count=0, score=8046.92, test/accuracy=0.003200000151991844, test/loss=8.626875877380371, test/num_examples=10000, total_duration=8452.7, train/accuracy=0.0034877231810241938, train/loss=8.590018272399902, validation/accuracy=0.0032599999103695154, validation/loss=8.60519790649414, validation/num_examples=50000
I0512 22:01:55.604315 139687763109632 logging_writer.py:48] [19900] global_step=19900, grad_norm=8.406874656677246, loss=4.280713081359863
I0512 22:02:32.344230 139687754716928 logging_writer.py:48] [20000] global_step=20000, grad_norm=3.053067445755005, loss=4.073483943939209
I0512 22:03:09.892919 139687763109632 logging_writer.py:48] [20100] global_step=20100, grad_norm=9.283489227294922, loss=4.2329325675964355
I0512 22:03:46.740668 139687754716928 logging_writer.py:48] [20200] global_step=20200, grad_norm=5.709168434143066, loss=4.194241523742676
I0512 22:04:23.484967 139687763109632 logging_writer.py:48] [20300] global_step=20300, grad_norm=6.525169849395752, loss=4.078738212585449
I0512 22:05:01.164392 139687754716928 logging_writer.py:48] [20400] global_step=20400, grad_norm=3.783874750137329, loss=4.030940055847168
I0512 22:05:37.945447 139687763109632 logging_writer.py:48] [20500] global_step=20500, grad_norm=3.389150857925415, loss=4.022976398468018
I0512 22:06:15.083303 139687754716928 logging_writer.py:48] [20600] global_step=20600, grad_norm=4.952849864959717, loss=4.132309913635254
I0512 22:06:52.302178 139687763109632 logging_writer.py:48] [20700] global_step=20700, grad_norm=4.070734024047852, loss=3.974364995956421
I0512 22:07:29.091099 139687754716928 logging_writer.py:48] [20800] global_step=20800, grad_norm=5.434362411499023, loss=4.146421432495117
I0512 22:08:05.895843 139687763109632 logging_writer.py:48] [20900] global_step=20900, grad_norm=3.2595744132995605, loss=3.9693593978881836
