python submission_runner.py --framework=jax --workload=librispeech_deepspeech --submission_path=submissions_algorithms/submissions/self_tuning/schedule_free_adamw_jax/submission.py --data_dir=/data/librispeech --experiment_dir=/experiment_runs --experiment_name=submissions_a100/schedule_free_adamw_jax/study_2 --overwrite=True --save_checkpoints=False --rng_seed=1324623690 --librispeech_tokenizer_vocab_path=/data/librispeech/spm_model.vocab --tuning_ruleset=self 2>&1 | tee -a /logs/librispeech_deepspeech_jax_05-14-2026-17-36-25.log
2026-05-14 17:36:26.469229: E external/local_xla/xla/stream_executor/cuda/cuda_fft.cc:467] Unable to register cuFFT factory: Attempting to register factory for plugin cuFFT when one has already been registered
WARNING: All log messages before absl::InitializeLog() is called are written to STDERR
E0000 00:00:1778780186.495684      13 cuda_dnn.cc:8579] Unable to register cuDNN factory: Attempting to register factory for plugin cuDNN when one has already been registered
E0000 00:00:1778780186.504582      13 cuda_blas.cc:1407] Unable to register cuBLAS factory: Attempting to register factory for plugin cuBLAS when one has already been registered
W0000 00:00:1778780186.532294      13 computation_placer.cc:177] computation placer already registered. Please check linkage and avoid linking the same target more than once.
W0000 00:00:1778780186.532324      13 computation_placer.cc:177] computation placer already registered. Please check linkage and avoid linking the same target more than once.
W0000 00:00:1778780186.532327      13 computation_placer.cc:177] computation placer already registered. Please check linkage and avoid linking the same target more than once.
W0000 00:00:1778780186.532329      13 computation_placer.cc:177] computation placer already registered. Please check linkage and avoid linking the same target more than once.
/usr/local/lib/python3.11/site-packages/torch/__init__.py:1617: UserWarning: Please use the new API settings to control TF32 behavior, such as torch.backends.cudnn.conv.fp32_precision = 'tf32' or torch.backends.cuda.matmul.fp32_precision = 'ieee'. Old settings, e.g, torch.backends.cuda.matmul.allow_tf32 = True, torch.backends.cudnn.allow_tf32 = True, allowTF32CuDNN() and allowTF32CuBLAS() will be deprecated after Pytorch 2.9. Please see https://pytorch.org/docs/main/notes/cuda.html#tensorfloat-32-tf32-on-ampere-and-later-devices (Triggered internally at /pytorch/aten/src/ATen/Context.cpp:80.)
  _C._set_float32_matmul_precision(precision)
/usr/local/lib/python3.11/site-packages/pydantic/_internal/_generate_schema.py:2249: UnsupportedFieldAttributeWarning: The 'repr' attribute with value False was provided to the `Field()` function, which has no effect in the context it was used. 'repr' is field-specific metadata, and can only be attached to a model field using `Annotated` metadata or by assignment. This may have happened because an `Annotated` type alias using the `type` statement was used, or if the `Field()` function was attached to a single member of a union type.
  warnings.warn(
/usr/local/lib/python3.11/site-packages/pydantic/_internal/_generate_schema.py:2249: UnsupportedFieldAttributeWarning: The 'frozen' attribute with value True was provided to the `Field()` function, which has no effect in the context it was used. 'frozen' is field-specific metadata, and can only be attached to a model field using `Annotated` metadata or by assignment. This may have happened because an `Annotated` type alias using the `type` statement was used, or if the `Field()` function was attached to a single member of a union type.
  warnings.warn(
INFO:2026-05-14 17:36:34,216:jax._src.xla_bridge:830: Unable to initialize backend 'tpu': INTERNAL: Failed to open libtpu.so: libtpu.so: cannot open shared object file: No such file or directory
I0514 17:36:34.216933 139945958884544 xla_bridge.py:830] Unable to initialize backend 'tpu': INTERNAL: Failed to open libtpu.so: libtpu.so: cannot open shared object file: No such file or directory
I0514 17:36:35.144016 139945958884544 logger_utils.py:59] Removing existing experiment directory /experiment_runs/submissions_a100/schedule_free_adamw_jax/study_2/librispeech_deepspeech_jax because --overwrite was set.
I0514 17:36:35.149731 139945958884544 logger_utils.py:84] Creating experiment directory at /experiment_runs/submissions_a100/schedule_free_adamw_jax/study_2/librispeech_deepspeech_jax.
I0514 17:36:35.586859 139945958884544 submission_runner.py:741] Creating directory at /experiment_runs/submissions_a100/schedule_free_adamw_jax/study_2/librispeech_deepspeech_jax/trial_1.
I0514 17:36:35.867896 139945958884544 submission_runner.py:242] Initializing dataset.
I0514 17:36:35.868113 139945958884544 submission_runner.py:251] Initializing model.
I0514 17:37:29.739398 139945958884544 submission_runner.py:294] Initializing optimizer.
I0514 17:37:30.594244 139945958884544 submission_runner.py:299] Initializing metrics bundle.
I0514 17:37:30.594486 139945958884544 submission_runner.py:321] Initializing checkpoint and logger.
I0514 17:37:30.604201 139945958884544 checkpoints.py:1098] Found no checkpoint files in /experiment_runs/submissions_a100/schedule_free_adamw_jax/study_2/librispeech_deepspeech_jax/trial_1 with prefix checkpoint_
I0514 17:37:30.604341 139945958884544 submission_runner.py:344] Saving meta data to /experiment_runs/submissions_a100/schedule_free_adamw_jax/study_2/librispeech_deepspeech_jax/trial_1/meta_data_0.json.
I0514 17:37:30.604544 139945958884544 logger_utils.py:283] Unable to record workload.train_mean information. Continuing without it.
I0514 17:37:30.604608 139945958884544 logger_utils.py:283] Unable to record workload.train_stddev information. Continuing without it.
I0514 17:37:30.774531 139945958884544 submission_runner.py:348] Saving flags to /experiment_runs/submissions_a100/schedule_free_adamw_jax/study_2/librispeech_deepspeech_jax/trial_1/flags_0.json.
I0514 17:37:30.796219 139945958884544 submission_runner.py:359] Starting training loop.
I0514 17:37:31.001274 139945958884544 input_pipeline.py:19] Loading split = train-clean-100
I0514 17:37:31.074627 139945958884544 input_pipeline.py:19] Loading split = train-clean-360
I0514 17:37:31.546877 139945958884544 input_pipeline.py:19] Loading split = train-other-500
/usr/local/lib/python3.11/multiprocessing/popen_fork.py:66: RuntimeWarning: os.fork() was called. os.fork() is incompatible with multithreaded code, and JAX is multithreaded, so this will likely lead to a deadlock.
  self.pid = os.fork()
2026-05-14 17:38:04.104958: E external/xla/xla/service/slow_operation_alarm.cc:73] Trying algorithm eng0{} for conv (f32[32,512,999,41]{3,2,1,0}, u8[0]{0}) custom-call(f32[32,512,500,20]{3,2,1,0}, f32[512,512,3,3]{3,2,1,0}), window={size=3x3 stride=2x2 pad=1_1x0_0}, dim_labels=bf01_oi01->bf01, custom_call_target="__cudnn$convBackwardInput", backend_config={"operation_queue_id":"0","wait_on_operation_queues":[],"cudnn_conv_backend_config":{"activation_mode":"kNone","conv_result_scale":1,"side_input_scale":0,"leakyrelu_alpha":0},"force_earliest_schedule":false,"reification_cost":[]} is taking a while...
2026-05-14 17:38:21.578869: E external/xla/xla/service/slow_operation_alarm.cc:140] The operation took 18.473996581s
Trying algorithm eng0{} for conv (f32[32,512,999,41]{3,2,1,0}, u8[0]{0}) custom-call(f32[32,512,500,20]{3,2,1,0}, f32[512,512,3,3]{3,2,1,0}), window={size=3x3 stride=2x2 pad=1_1x0_0}, dim_labels=bf01_oi01->bf01, custom_call_target="__cudnn$convBackwardInput", backend_config={"operation_queue_id":"0","wait_on_operation_queues":[],"cudnn_conv_backend_config":{"activation_mode":"kNone","conv_result_scale":1,"side_input_scale":0,"leakyrelu_alpha":0},"force_earliest_schedule":false,"reification_cost":[]} is taking a while...
2026-05-14 17:38:27.995185: E external/xla/xla/service/slow_operation_alarm.cc:73] Trying algorithm eng0{} for conv (f32[512,512,3,3]{3,2,1,0}, u8[0]{0}) custom-call(f32[32,512,999,41]{3,2,1,0}, f32[32,512,500,20]{3,2,1,0}), window={size=3x3 stride=2x2 pad=1_1x0_0}, dim_labels=bf01_oi01->bf01, custom_call_target="__cudnn$convBackwardFilter", backend_config={"operation_queue_id":"0","wait_on_operation_queues":[],"cudnn_conv_backend_config":{"activation_mode":"kNone","conv_result_scale":1,"side_input_scale":0,"leakyrelu_alpha":0},"force_earliest_schedule":false,"reification_cost":[]} is taking a while...
2026-05-14 17:38:33.902997: E external/xla/xla/service/slow_operation_alarm.cc:140] The operation took 6.90788652s
Trying algorithm eng0{} for conv (f32[512,512,3,3]{3,2,1,0}, u8[0]{0}) custom-call(f32[32,512,999,41]{3,2,1,0}, f32[32,512,500,20]{3,2,1,0}), window={size=3x3 stride=2x2 pad=1_1x0_0}, dim_labels=bf01_oi01->bf01, custom_call_target="__cudnn$convBackwardFilter", backend_config={"operation_queue_id":"0","wait_on_operation_queues":[],"cudnn_conv_backend_config":{"activation_mode":"kNone","conv_result_scale":1,"side_input_scale":0,"leakyrelu_alpha":0},"force_earliest_schedule":false,"reification_cost":[]} is taking a while...
/usr/local/lib/python3.11/site-packages/jax/_src/interpreters/mlir.py:1268: UserWarning: Some donated buffers were not usable: float32[512], float32[512], float32[256], float32[256,256], float32[256], float32[256,256], float32[256], float32[256,256], float32[256], float32[256,256], float32[512,256], float32[512,256], float32[512,256], float32[512,256], float32[256], float32[256,256], float32[256], float32[256,256], float32[256], float32[256,256], float32[256], float32[256,256], float32[512,256], float32[512,256], float32[512,256], float32[512,256], float32[512], float32[512], float32[256], float32[256,256], float32[256], float32[256,256], float32[256], float32[256,256], float32[256], float32[256,256], float32[512,256], float32[512,256], float32[512,256], float32[512,256], float32[256], float32[256,256], float32[256], float32[256,256], float32[256], float32[256,256], float32[256], float32[256,256], float32[512,256], float32[512,256], float32[512,256], float32[512,256], float32[512], float32[512], float32[256], float32[256,256], float32[256], float32[256,256], float32[256], float32[256,256], float32[256], float32[256,256], float32[512,256], float32[512,256], float32[512,256], float32[512,256], float32[256], float32[256,256], float32[256], float32[256,256], float32[256], float32[256,256], float32[256], float32[256,256], float32[512,256], float32[512,256], float32[512,256], float32[512,256], float32[512], float32[512], float32[256], float32[256,256], float32[256], float32[256,256], float32[256], float32[256,256], float32[256], float32[256,256], float32[512,256], float32[512,256], float32[512,256], float32[512,256], float32[256], float32[256,256], float32[256], float32[256,256], float32[256], float32[256,256], float32[256], float32[256,256], float32[512,256], float32[512,256], float32[512,256], float32[512,256], float32[512], float32[512], float32[256], float32[256,256], float32[256], float32[256,256], float32[256], float32[256,256], float32[256], float32[256,256], float32[512,256], float32[512,256], float32[512,256], float32[512,256], float32[256], float32[256,256], float32[256], float32[256,256], float32[256], float32[256,256], float32[256], float32[256,256], float32[512,256], float32[512,256], float32[512,256], float32[512,256], float32[512], float32[512], float32[256], float32[256,256], float32[256], float32[256,256], float32[256], float32[256,256], float32[256], float32[256,256], float32[512,256], float32[512,256], float32[512,256], float32[512,256], float32[256], float32[256,256], float32[256], float32[256,256], float32[256], float32[256,256], float32[256], float32[256,256], float32[512,256], float32[512,256], float32[512,256], float32[512,256], float32[1024], float32[512,1024], float32[512], float32[512], float32[512], float32[512,512], float32[512], float32[512], float32[512], float32[512,512], float32[512], float32[512], float32[512], float32[512,512], float32[512], float32[512], float32[512], float32[3,3,1,512], float32[512], float32[3,3,512,512], float32[512], float32[10240,512].
See an explanation at https://docs.jax.dev/en/latest/faq.html#buffer-donation.
  warnings.warn("Some donated buffers were not usable:"
I0514 17:39:07.234596 139886388561664 logging_writer.py:48] [0] global_step=0, grad_norm=21.989238739013672, loss=32.534156799316406
I0514 17:39:08.799203 139945958884544 spec.py:333] Evaluating on the training split.
I0514 17:39:08.799531 139945958884544 input_pipeline.py:19] Loading split = train-clean-100
I0514 17:39:08.828736 139945958884544 input_pipeline.py:19] Loading split = train-clean-360
I0514 17:39:08.925882 139945958884544 input_pipeline.py:19] Loading split = train-other-500
/usr/local/lib/python3.11/multiprocessing/popen_fork.py:66: RuntimeWarning: os.fork() was called. os.fork() is incompatible with multithreaded code, and JAX is multithreaded, so this will likely lead to a deadlock.
  self.pid = os.fork()
/usr/local/lib/python3.11/site-packages/jax/_src/ops/scatter.py:110: FutureWarning: scatter inputs have incompatible types: cannot safely cast value from dtype=float32 to dtype=int32 with jax_numpy_dtype_promotion='standard'. In future JAX releases this will result in an error.
  warnings.warn(
2026-05-14 17:39:19.794049: E external/xla/xla/service/slow_operation_alarm.cc:73] Constant folding an instruction is taking > 1s:

  %reduce-window.10 = f32[256,500]{1,0} reduce-window(%broadcast.248, %constant.119), window={size=1x500 pad=0_0x499_0}, to_apply=%region_35.2517.clone, metadata={op_name="jit(_eval_step)/jit(cumsum)/LibriSpeechConformerWorkload.sequence_mask/reduce_window_sum" source_file="/algorithmic-efficiency/algoperf/workloads/librispeech_conformer/librispeech_jax/workload.py" source_line=251}

This isn't necessarily a bug; constant-folding is inherently a trade-off between compilation time and speed at runtime. XLA has some guards that attempt to keep constant folding from taking too long, but fundamentally you'll always be able to come up with an input program that takes a long time.

If you'd like to file a bug, run with envvar XLA_FLAGS=--xla_dump_to=/tmp/foo and attach the results.
2026-05-14 17:39:26.728112: E external/xla/xla/service/slow_operation_alarm.cc:140] The operation took 7.934654524s
Constant folding an instruction is taking > 1s:

  %reduce-window.10 = f32[256,500]{1,0} reduce-window(%broadcast.248, %constant.119), window={size=1x500 pad=0_0x499_0}, to_apply=%region_35.2517.clone, metadata={op_name="jit(_eval_step)/jit(cumsum)/LibriSpeechConformerWorkload.sequence_mask/reduce_window_sum" source_file="/algorithmic-efficiency/algoperf/workloads/librispeech_conformer/librispeech_jax/workload.py" source_line=251}

This isn't necessarily a bug; constant-folding is inherently a trade-off between compilation time and speed at runtime. XLA has some guards that attempt to keep constant folding from taking too long, but fundamentally you'll always be able to come up with an input program that takes a long time.

If you'd like to file a bug, run with envvar XLA_FLAGS=--xla_dump_to=/tmp/foo and attach the results.
2026-05-14 17:39:28.728264: E external/xla/xla/service/slow_operation_alarm.cc:73] Constant folding an instruction is taking > 2s:

  %reduce-window.11 = f32[256,500]{1,0} reduce-window(%broadcast.248, %constant.122), window={size=1x500 pad=0_0x499_0}, to_apply=%region_35.2517, metadata={op_name="jit(_eval_step)/jit(cumsum)/LibriSpeechConformerWorkload.sequence_mask/reduce_window_sum" source_file="/algorithmic-efficiency/algoperf/workloads/librispeech_conformer/librispeech_jax/workload.py" source_line=251}

This isn't necessarily a bug; constant-folding is inherently a trade-off between compilation time and speed at runtime. XLA has some guards that attempt to keep constant folding from taking too long, but fundamentally you'll always be able to come up with an input program that takes a long time.

If you'd like to file a bug, run with envvar XLA_FLAGS=--xla_dump_to=/tmp/foo and attach the results.
2026-05-14 17:39:34.494602: E external/xla/xla/service/slow_operation_alarm.cc:140] The operation took 7.766429148s
Constant folding an instruction is taking > 2s:

  %reduce-window.11 = f32[256,500]{1,0} reduce-window(%broadcast.248, %constant.122), window={size=1x500 pad=0_0x499_0}, to_apply=%region_35.2517, metadata={op_name="jit(_eval_step)/jit(cumsum)/LibriSpeechConformerWorkload.sequence_mask/reduce_window_sum" source_file="/algorithmic-efficiency/algoperf/workloads/librispeech_conformer/librispeech_jax/workload.py" source_line=251}

This isn't necessarily a bug; constant-folding is inherently a trade-off between compilation time and speed at runtime. XLA has some guards that attempt to keep constant folding from taking too long, but fundamentally you'll always be able to come up with an input program that takes a long time.

If you'd like to file a bug, run with envvar XLA_FLAGS=--xla_dump_to=/tmp/foo and attach the results.
I0514 17:41:09.080072 139945958884544 spec.py:346] Evaluating on the validation split.
I0514 17:41:09.080584 139945958884544 input_pipeline.py:19] Loading split = dev-clean
I0514 17:41:09.085617 139945958884544 input_pipeline.py:19] Loading split = dev-other
2026-05-14 17:41:41.118417: E external/xla/xla/service/slow_operation_alarm.cc:73] Constant folding an instruction is taking > 4s:

  %reduce-window.10 = f32[228,500]{1,0} reduce-window(%broadcast.245, %constant.119), window={size=1x500 pad=0_0x499_0}, to_apply=%region_35.2514.clone, metadata={op_name="jit(_eval_step)/jit(cumsum)/LibriSpeechConformerWorkload.sequence_mask/reduce_window_sum" source_file="/algorithmic-efficiency/algoperf/workloads/librispeech_conformer/librispeech_jax/workload.py" source_line=251}

This isn't necessarily a bug; constant-folding is inherently a trade-off between compilation time and speed at runtime. XLA has some guards that attempt to keep constant folding from taking too long, but fundamentally you'll always be able to come up with an input program that takes a long time.

If you'd like to file a bug, run with envvar XLA_FLAGS=--xla_dump_to=/tmp/foo and attach the results.
2026-05-14 17:41:43.437339: E external/xla/xla/service/slow_operation_alarm.cc:140] The operation took 6.319179219s
Constant folding an instruction is taking > 4s:

  %reduce-window.10 = f32[228,500]{1,0} reduce-window(%broadcast.245, %constant.119), window={size=1x500 pad=0_0x499_0}, to_apply=%region_35.2514.clone, metadata={op_name="jit(_eval_step)/jit(cumsum)/LibriSpeechConformerWorkload.sequence_mask/reduce_window_sum" source_file="/algorithmic-efficiency/algoperf/workloads/librispeech_conformer/librispeech_jax/workload.py" source_line=251}

This isn't necessarily a bug; constant-folding is inherently a trade-off between compilation time and speed at runtime. XLA has some guards that attempt to keep constant folding from taking too long, but fundamentally you'll always be able to come up with an input program that takes a long time.

If you'd like to file a bug, run with envvar XLA_FLAGS=--xla_dump_to=/tmp/foo and attach the results.
I0514 17:42:41.936838 139945958884544 spec.py:363] Evaluating on the test split.
I0514 17:42:41.937564 139945958884544 input_pipeline.py:19] Loading split = test-clean
I0514 17:43:32.654309 139945958884544 submission_runner.py:516] Time since start: 361.85s, 	Step: 1, 	{'train/ctc_loss': Array(7.6031795, dtype=float32), 'train/wer': np.float64(4.334141973637632), 'validation/ctc_loss': Array(7.296087, dtype=float32), 'validation/wer': np.float64(4.058340172838314), 'validation/num_examples': 5348, 'test/ctc_loss': Array(7.3038, dtype=float32), 'test/wer': np.float64(4.227814677147442), 'test/num_examples': 2472, 'score': 98.00283241271973, 'total_duration': 361.8548502922058, 'accumulated_submission_time': 98.00283241271973, 'accumulated_eval_time': 263.85190200805664, 'accumulated_logging_time': 0}
I0514 17:43:32.694641 139771272316672 logging_writer.py:48] [1] accumulated_eval_time=263.852, accumulated_logging_time=0, accumulated_submission_time=98.0028, global_step=1, preemption_count=0, score=98.0028, test/ctc_loss=7.303800106048584, test/num_examples=2472, test/wer=4.22781, total_duration=361.855, train/ctc_loss=7.603179454803467, train/wer=4.33414, validation/ctc_loss=7.29608678817749, validation/num_examples=5348, validation/wer=4.05834
/usr/local/lib/python3.11/site-packages/jax/_src/interpreters/mlir.py:1268: UserWarning: Some donated buffers were not usable: float32[512], float32[512], float32[256], float32[256,256], float32[256], float32[256,256], float32[256], float32[256,256], float32[256], float32[256,256], float32[512,256], float32[512,256], float32[512,256], float32[512,256], float32[256], float32[256,256], float32[256], float32[256,256], float32[256], float32[256,256], float32[256], float32[256,256], float32[512,256], float32[512,256], float32[512,256], float32[512,256], float32[512], float32[512], float32[256], float32[256,256], float32[256], float32[256,256], float32[256], float32[256,256], float32[256], float32[256,256], float32[512,256], float32[512,256], float32[512,256], float32[512,256], float32[256], float32[256,256], float32[256], float32[256,256], float32[256], float32[256,256], float32[256], float32[256,256], float32[512,256], float32[512,256], float32[512,256], float32[512,256], float32[512], float32[512], float32[256], float32[256,256], float32[256], float32[256,256], float32[256], float32[256,256], float32[256], float32[256,256], float32[512,256], float32[512,256], float32[512,256], float32[512,256], float32[256], float32[256,256], float32[256], float32[256,256], float32[256], float32[256,256], float32[256], float32[256,256], float32[512,256], float32[512,256], float32[512,256], float32[512,256], float32[512], float32[512], float32[256], float32[256,256], float32[256], float32[256,256], float32[256], float32[256,256], float32[256], float32[256,256], float32[512,256], float32[512,256], float32[512,256], float32[512,256], float32[256], float32[256,256], float32[256], float32[256,256], float32[256], float32[256,256], float32[256], float32[256,256], float32[512,256], float32[512,256], float32[512,256], float32[512,256], float32[512], float32[512], float32[256], float32[256,256], float32[256], float32[256,256], float32[256], float32[256,256], float32[256], float32[256,256], float32[512,256], float32[512,256], float32[512,256], float32[512,256], float32[256], float32[256,256], float32[256], float32[256,256], float32[256], float32[256,256], float32[256], float32[256,256], float32[512,256], float32[512,256], float32[512,256], float32[512,256], float32[512], float32[512], float32[256], float32[256,256], float32[256], float32[256,256], float32[256], float32[256,256], float32[256], float32[256,256], float32[512,256], float32[512,256], float32[512,256], float32[512,256], float32[256], float32[256,256], float32[256], float32[256,256], float32[256], float32[256,256], float32[256], float32[256,256], float32[512,256], float32[512,256], float32[512,256], float32[512,256], float32[1024], float32[512,1024], float32[512], float32[512], float32[512], float32[512,512], float32[512], float32[512], float32[512], float32[512,512], float32[512], float32[512], float32[512], float32[512,512], float32[512], float32[512], float32[512], float32[3,3,1,512], float32[512], float32[3,3,512,512], float32[512], float32[10240,512].
See an explanation at https://docs.jax.dev/en/latest/faq.html#buffer-donation.
  warnings.warn("Some donated buffers were not usable:"
I0514 17:45:52.632054 139885792974592 logging_writer.py:48] [100] global_step=100, grad_norm=0.7199105024337769, loss=6.004449844360352
I0514 17:48:41.429971 139885801367296 logging_writer.py:48] [200] global_step=200, grad_norm=2.3238160610198975, loss=5.803359508514404
I0514 17:51:37.672585 139885792974592 logging_writer.py:48] [300] global_step=300, grad_norm=4.25977897644043, loss=5.6355204582214355
I0514 17:54:32.896090 139885801367296 logging_writer.py:48] [400] global_step=400, grad_norm=3.35851788520813, loss=5.28309965133667
I0514 17:57:26.200449 139885792974592 logging_writer.py:48] [500] global_step=500, grad_norm=1.9503059387207031, loss=4.5792365074157715
I0514 18:00:28.552947 139885801367296 logging_writer.py:48] [600] global_step=600, grad_norm=1.4653682708740234, loss=3.9911627769470215
I0514 18:03:32.174773 139885792974592 logging_writer.py:48] [700] global_step=700, grad_norm=2.057302713394165, loss=3.735724449157715
I0514 18:06:34.680819 139885801367296 logging_writer.py:48] [800] global_step=800, grad_norm=1.6580638885498047, loss=3.527477741241455
I0514 18:07:40.204975 139945958884544 spec.py:333] Evaluating on the training split.
I0514 18:08:30.378922 139945958884544 spec.py:346] Evaluating on the validation split.
/usr/local/lib/python3.11/multiprocessing/popen_fork.py:66: RuntimeWarning: os.fork() was called. os.fork() is incompatible with multithreaded code, and JAX is multithreaded, so this will likely lead to a deadlock.
  self.pid = os.fork()
I0514 18:09:14.384976 139945958884544 spec.py:363] Evaluating on the test split.
I0514 18:09:36.138551 139945958884544 submission_runner.py:516] Time since start: 1925.34s, 	Step: 835, 	{'train/ctc_loss': Array(1.4342304, dtype=float32), 'train/wer': np.float64(0.9406706350023687), 'validation/ctc_loss': Array(1.3874875, dtype=float32), 'validation/wer': np.float64(0.9096992227103752), 'validation/num_examples': 5348, 'test/ctc_loss': Array(1.3286598, dtype=float32), 'test/wer': np.float64(0.91588974874576), 'test/num_examples': 2472, 'score': 1545.4830293655396, 'total_duration': 1925.339786529541, 'accumulated_submission_time': 1545.4830293655396, 'accumulated_eval_time': 379.78293538093567, 'accumulated_logging_time': 0.06307125091552734}
I0514 18:09:36.185189 139885801367296 logging_writer.py:48] [835] accumulated_eval_time=379.783, accumulated_logging_time=0.0630713, accumulated_submission_time=1545.48, global_step=835, preemption_count=0, score=1545.48, test/ctc_loss=1.3286597728729248, test/num_examples=2472, test/wer=0.91589, total_duration=1925.34, train/ctc_loss=1.4342304468154907, train/wer=0.940671, validation/ctc_loss=1.387487530708313, validation/num_examples=5348, validation/wer=0.909699
I0514 18:10:29.834630 139885792974592 logging_writer.py:48] [900] global_step=900, grad_norm=2.14851975440979, loss=3.3157880306243896
I0514 18:13:26.535688 139885801367296 logging_writer.py:48] [1000] global_step=1000, grad_norm=1.7003308534622192, loss=3.1418533325195312
I0514 18:16:34.263673 139885792974592 logging_writer.py:48] [1100] global_step=1100, grad_norm=2.9431421756744385, loss=2.9782803058624268
I0514 18:19:49.593869 139885801367296 logging_writer.py:48] [1200] global_step=1200, grad_norm=1.9193644523620605, loss=2.980572462081909
I0514 18:23:03.075749 139885792974592 logging_writer.py:48] [1300] global_step=1300, grad_norm=2.7071776390075684, loss=2.839385747909546
I0514 18:26:14.655610 139885801367296 logging_writer.py:48] [1400] global_step=1400, grad_norm=2.9224936962127686, loss=2.7784337997436523
I0514 18:29:23.632043 139885792974592 logging_writer.py:48] [1500] global_step=1500, grad_norm=2.9208788871765137, loss=2.7439448833465576
I0514 18:32:30.881443 139885801367296 logging_writer.py:48] [1600] global_step=1600, grad_norm=2.97714900970459, loss=2.673218250274658
I0514 18:33:43.966286 139945958884544 spec.py:333] Evaluating on the training split.
I0514 18:34:33.294095 139945958884544 spec.py:346] Evaluating on the validation split.
/usr/local/lib/python3.11/multiprocessing/popen_fork.py:66: RuntimeWarning: os.fork() was called. os.fork() is incompatible with multithreaded code, and JAX is multithreaded, so this will likely lead to a deadlock.
  self.pid = os.fork()
I0514 18:35:18.011981 139945958884544 spec.py:363] Evaluating on the test split.
I0514 18:35:39.619959 139945958884544 submission_runner.py:516] Time since start: 3488.82s, 	Step: 1644, 	{'train/ctc_loss': Array(0.6494276, dtype=float32), 'train/wer': np.float64(0.5886476839890259), 'validation/ctc_loss': Array(0.7322531, dtype=float32), 'validation/wer': np.float64(0.6138946555303433), 'validation/num_examples': 5348, 'test/ctc_loss': Array(0.6331472, dtype=float32), 'test/wer': np.float64(0.5663071517071883), 'test/num_examples': 2472, 'score': 2993.2465760707855, 'total_duration': 3488.8212056159973, 'accumulated_submission_time': 2993.2465760707855, 'accumulated_eval_time': 495.4340810775757, 'accumulated_logging_time': 0.12008523941040039}
I0514 18:35:39.666836 139885801367296 logging_writer.py:48] [1644] accumulated_eval_time=495.434, accumulated_logging_time=0.120085, accumulated_submission_time=2993.25, global_step=1644, preemption_count=0, score=2993.25, test/ctc_loss=0.6331471800804138, test/num_examples=2472, test/wer=0.566307, total_duration=3488.82, train/ctc_loss=0.649427592754364, train/wer=0.588648, validation/ctc_loss=0.7322530746459961, validation/num_examples=5348, validation/wer=0.613895
I0514 18:36:24.857665 139885792974592 logging_writer.py:48] [1700] global_step=1700, grad_norm=2.3539764881134033, loss=2.603959798812866
I0514 18:39:34.988524 139885801367296 logging_writer.py:48] [1800] global_step=1800, grad_norm=2.0574731826782227, loss=2.5004091262817383
I0514 18:42:43.904886 139885792974592 logging_writer.py:48] [1900] global_step=1900, grad_norm=2.7107532024383545, loss=2.502819538116455
I0514 18:45:55.968933 139885801367296 logging_writer.py:48] [2000] global_step=2000, grad_norm=2.0592751502990723, loss=2.4301609992980957
/usr/local/lib/python3.11/multiprocessing/popen_fork.py:66: RuntimeWarning: os.fork() was called. os.fork() is incompatible with multithreaded code, and JAX is multithreaded, so this will likely lead to a deadlock.
  self.pid = os.fork()
I0514 18:48:35.443179 139885801367296 logging_writer.py:48] [2100] global_step=2100, grad_norm=2.423549175262451, loss=2.4439544677734375
I0514 18:50:09.091403 139885792974592 logging_writer.py:48] [2200] global_step=2200, grad_norm=2.9099769592285156, loss=2.4528651237487793
I0514 18:51:43.958186 139885801367296 logging_writer.py:48] [2300] global_step=2300, grad_norm=2.94681978225708, loss=2.2683980464935303
I0514 18:53:24.522564 139885792974592 logging_writer.py:48] [2400] global_step=2400, grad_norm=2.786059617996216, loss=2.289257526397705
I0514 18:55:09.804219 139885801367296 logging_writer.py:48] [2500] global_step=2500, grad_norm=2.4596266746520996, loss=2.327138900756836
I0514 18:56:58.857209 139885792974592 logging_writer.py:48] [2600] global_step=2600, grad_norm=2.940143346786499, loss=2.237096071243286
I0514 18:58:48.558245 139885801367296 logging_writer.py:48] [2700] global_step=2700, grad_norm=2.8858697414398193, loss=2.2422733306884766
I0514 18:59:47.066656 139945958884544 spec.py:333] Evaluating on the training split.
I0514 19:00:36.361279 139945958884544 spec.py:346] Evaluating on the validation split.
/usr/local/lib/python3.11/multiprocessing/popen_fork.py:66: RuntimeWarning: os.fork() was called. os.fork() is incompatible with multithreaded code, and JAX is multithreaded, so this will likely lead to a deadlock.
  self.pid = os.fork()
I0514 19:01:21.482344 139945958884544 spec.py:363] Evaluating on the test split.
I0514 19:01:42.908578 139945958884544 submission_runner.py:516] Time since start: 5052.11s, 	Step: 2753, 	{'train/ctc_loss': Array(0.26546466, dtype=float32), 'train/wer': np.float64(0.3152215738676197), 'validation/ctc_loss': Array(0.36960682, dtype=float32), 'validation/wer': np.float64(0.37885385989475207), 'validation/num_examples': 5348, 'test/ctc_loss': Array(0.2732478, dtype=float32), 'test/wer': np.float64(0.3103203136107895), 'test/num_examples': 2472, 'score': 4440.626507997513, 'total_duration': 5052.110183477402, 'accumulated_submission_time': 4440.626507997513, 'accumulated_eval_time': 611.2738428115845, 'accumulated_logging_time': 0.17728257179260254}
I0514 19:01:42.956717 139885801367296 logging_writer.py:48] [2753] accumulated_eval_time=611.274, accumulated_logging_time=0.177283, accumulated_submission_time=4440.63, global_step=2753, preemption_count=0, score=4440.63, test/ctc_loss=0.2732478082180023, test/num_examples=2472, test/wer=0.31032, total_duration=5052.11, train/ctc_loss=0.2654646635055542, train/wer=0.315222, validation/ctc_loss=0.3696068227291107, validation/num_examples=5348, validation/wer=0.378854
I0514 19:02:21.068061 139885792974592 logging_writer.py:48] [2800] global_step=2800, grad_norm=3.139108180999756, loss=2.110832929611206
I0514 19:04:06.837140 139885801367296 logging_writer.py:48] [2900] global_step=2900, grad_norm=4.194888591766357, loss=2.219122886657715
I0514 19:06:15.694890 139885792974592 logging_writer.py:48] [3000] global_step=3000, grad_norm=2.511854648590088, loss=2.084629774093628
I0514 19:08:32.751629 139885801367296 logging_writer.py:48] [3100] global_step=3100, grad_norm=3.0129384994506836, loss=2.147981643676758
I0514 19:10:56.089653 139885792974592 logging_writer.py:48] [3200] global_step=3200, grad_norm=3.5178980827331543, loss=2.165900468826294
I0514 19:13:32.158080 139885801367296 logging_writer.py:48] [3300] global_step=3300, grad_norm=3.6922073364257812, loss=2.104199171066284
I0514 19:16:28.173131 139885792974592 logging_writer.py:48] [3400] global_step=3400, grad_norm=3.374643087387085, loss=2.0435826778411865
I0514 19:19:30.244199 139885801367296 logging_writer.py:48] [3500] global_step=3500, grad_norm=2.919376850128174, loss=2.0616495609283447
I0514 19:22:33.006668 139885792974592 logging_writer.py:48] [3600] global_step=3600, grad_norm=3.785088300704956, loss=2.0945510864257812
I0514 19:25:40.798680 139885801367296 logging_writer.py:48] [3700] global_step=3700, grad_norm=4.0087761878967285, loss=2.0842652320861816
I0514 19:25:54.108520 139945958884544 spec.py:333] Evaluating on the training split.
I0514 19:26:44.950012 139945958884544 spec.py:346] Evaluating on the validation split.
/usr/local/lib/python3.11/multiprocessing/popen_fork.py:66: RuntimeWarning: os.fork() was called. os.fork() is incompatible with multithreaded code, and JAX is multithreaded, so this will likely lead to a deadlock.
  self.pid = os.fork()
I0514 19:27:30.154009 139945958884544 spec.py:363] Evaluating on the test split.
I0514 19:27:51.732144 139945958884544 submission_runner.py:516] Time since start: 6620.93s, 	Step: 3707, 	{'train/ctc_loss': Array(0.17942524, dtype=float32), 'train/wer': np.float64(0.22428761428017888), 'validation/ctc_loss': Array(0.26477456, dtype=float32), 'validation/wer': np.float64(0.2923671124414619), 'validation/num_examples': 5348, 'test/ctc_loss': Array(0.18462998, dtype=float32), 'test/wer': np.float64(0.22614912761765482), 'test/num_examples': 2472, 'score': 5891.759641170502, 'total_duration': 6620.932960510254, 'accumulated_submission_time': 5891.759641170502, 'accumulated_eval_time': 728.8945152759552, 'accumulated_logging_time': 0.2357637882232666}
I0514 19:27:51.780790 139885801367296 logging_writer.py:48] [3707] accumulated_eval_time=728.895, accumulated_logging_time=0.235764, accumulated_submission_time=5891.76, global_step=3707, preemption_count=0, score=5891.76, test/ctc_loss=0.18462997674942017, test/num_examples=2472, test/wer=0.226149, total_duration=6620.93, train/ctc_loss=0.17942523956298828, train/wer=0.224288, validation/ctc_loss=0.2647745609283447, validation/num_examples=5348, validation/wer=0.292367
I0514 19:29:44.627321 139885792974592 logging_writer.py:48] [3800] global_step=3800, grad_norm=3.1899683475494385, loss=2.063021659851074
I0514 19:32:59.460986 139885801367296 logging_writer.py:48] [3900] global_step=3900, grad_norm=2.9847776889801025, loss=2.015598773956299
I0514 19:36:18.639720 139885792974592 logging_writer.py:48] [4000] global_step=4000, grad_norm=4.150268077850342, loss=1.9226207733154297
I0514 19:39:37.065977 139885801367296 logging_writer.py:48] [4100] global_step=4100, grad_norm=4.4418134689331055, loss=2.016937255859375
/usr/local/lib/python3.11/multiprocessing/popen_fork.py:66: RuntimeWarning: os.fork() was called. os.fork() is incompatible with multithreaded code, and JAX is multithreaded, so this will likely lead to a deadlock.
  self.pid = os.fork()
I0514 19:41:27.462438 139885801367296 logging_writer.py:48] [4200] global_step=4200, grad_norm=3.7825028896331787, loss=1.8929482698440552
I0514 19:42:50.187693 139885792974592 logging_writer.py:48] [4300] global_step=4300, grad_norm=5.785688400268555, loss=1.9134763479232788
I0514 19:44:16.911475 139885801367296 logging_writer.py:48] [4400] global_step=4400, grad_norm=3.365867853164673, loss=1.9099218845367432
I0514 19:45:44.839988 139885792974592 logging_writer.py:48] [4500] global_step=4500, grad_norm=3.2283694744110107, loss=1.9081740379333496
I0514 19:47:15.850916 139885801367296 logging_writer.py:48] [4600] global_step=4600, grad_norm=3.184239149093628, loss=1.9322617053985596
I0514 19:48:51.157561 139885792974592 logging_writer.py:48] [4700] global_step=4700, grad_norm=5.13552188873291, loss=1.9926429986953735
I0514 19:50:30.076779 139885801367296 logging_writer.py:48] [4800] global_step=4800, grad_norm=4.194633483886719, loss=1.91215181350708
I0514 19:51:59.635602 139945958884544 spec.py:333] Evaluating on the training split.
I0514 19:52:48.421428 139945958884544 spec.py:346] Evaluating on the validation split.
/usr/local/lib/python3.11/multiprocessing/popen_fork.py:66: RuntimeWarning: os.fork() was called. os.fork() is incompatible with multithreaded code, and JAX is multithreaded, so this will likely lead to a deadlock.
  self.pid = os.fork()
I0514 19:53:33.060743 139945958884544 spec.py:363] Evaluating on the test split.
I0514 19:53:54.848373 139945958884544 submission_runner.py:516] Time since start: 8184.05s, 	Step: 4885, 	{'train/ctc_loss': Array(0.14119531, dtype=float32), 'train/wer': np.float64(0.18129878884080977), 'validation/ctc_loss': Array(0.2227262, dtype=float32), 'validation/wer': np.float64(0.25098247477429636), 'validation/num_examples': 5348, 'test/ctc_loss': Array(0.14788921, dtype=float32), 'test/wer': np.float64(0.18209331139682733), 'test/num_examples': 2472, 'score': 7339.593337059021, 'total_duration': 8184.049798965454, 'accumulated_submission_time': 7339.593337059021, 'accumulated_eval_time': 844.1049525737762, 'accumulated_logging_time': 0.2947733402252197}
I0514 19:53:54.898171 139885801367296 logging_writer.py:48] [4885] accumulated_eval_time=844.105, accumulated_logging_time=0.294773, accumulated_submission_time=7339.59, global_step=4885, preemption_count=0, score=7339.59, test/ctc_loss=0.14788921177387238, test/num_examples=2472, test/wer=0.182093, total_duration=8184.05, train/ctc_loss=0.14119531214237213, train/wer=0.181299, validation/ctc_loss=0.22272619605064392, validation/num_examples=5348, validation/wer=0.250982
I0514 19:54:07.629177 139885792974592 logging_writer.py:48] [4900] global_step=4900, grad_norm=4.703672409057617, loss=1.9454855918884277
I0514 19:55:33.257259 139885801367296 logging_writer.py:48] [5000] global_step=5000, grad_norm=4.936812400817871, loss=1.892414927482605
I0514 19:57:36.838360 139885792974592 logging_writer.py:48] [5100] global_step=5100, grad_norm=7.859362602233887, loss=1.9468369483947754
I0514 19:59:42.448330 139885801367296 logging_writer.py:48] [5200] global_step=5200, grad_norm=3.692626714706421, loss=1.7734423875808716
I0514 20:01:51.892385 139885792974592 logging_writer.py:48] [5300] global_step=5300, grad_norm=5.464732646942139, loss=1.8988609313964844
I0514 20:04:11.710621 139885801367296 logging_writer.py:48] [5400] global_step=5400, grad_norm=3.2046751976013184, loss=1.8934710025787354
I0514 20:06:50.022252 139885792974592 logging_writer.py:48] [5500] global_step=5500, grad_norm=3.810105800628662, loss=1.8878402709960938
I0514 20:09:39.587635 139885801367296 logging_writer.py:48] [5600] global_step=5600, grad_norm=11.529500007629395, loss=1.819606065750122
I0514 20:12:40.237051 139885792974592 logging_writer.py:48] [5700] global_step=5700, grad_norm=4.8409342765808105, loss=1.9419431686401367
I0514 20:15:47.003887 139885801367296 logging_writer.py:48] [5800] global_step=5800, grad_norm=3.395625114440918, loss=1.736207365989685
I0514 20:18:06.757568 139945958884544 spec.py:333] Evaluating on the training split.
I0514 20:18:56.868431 139945958884544 spec.py:346] Evaluating on the validation split.
/usr/local/lib/python3.11/multiprocessing/popen_fork.py:66: RuntimeWarning: os.fork() was called. os.fork() is incompatible with multithreaded code, and JAX is multithreaded, so this will likely lead to a deadlock.
  self.pid = os.fork()
I0514 20:19:41.728218 139945958884544 spec.py:363] Evaluating on the test split.
I0514 20:20:03.567588 139945958884544 submission_runner.py:516] Time since start: 9752.77s, 	Step: 5875, 	{'train/ctc_loss': Array(0.13139558, dtype=float32), 'train/wer': np.float64(0.16763314146096847), 'validation/ctc_loss': Array(0.20573242, dtype=float32), 'validation/wer': np.float64(0.23353449524453243), 'validation/num_examples': 5348, 'test/ctc_loss': Array(0.13310575, dtype=float32), 'test/wer': np.float64(0.167550220380639), 'test/num_examples': 2472, 'score': 8791.433598279953, 'total_duration': 9752.768780708313, 'accumulated_submission_time': 8791.433598279953, 'accumulated_eval_time': 960.9123876094818, 'accumulated_logging_time': 0.354888916015625}
I0514 20:20:03.619132 139885801367296 logging_writer.py:48] [5875] accumulated_eval_time=960.912, accumulated_logging_time=0.354889, accumulated_submission_time=8791.43, global_step=5875, preemption_count=0, score=8791.43, test/ctc_loss=0.13310575485229492, test/num_examples=2472, test/wer=0.16755, total_duration=9752.77, train/ctc_loss=0.13139557838439941, train/wer=0.167633, validation/ctc_loss=0.20573242008686066, validation/num_examples=5348, validation/wer=0.233534
I0514 20:20:24.260976 139885792974592 logging_writer.py:48] [5900] global_step=5900, grad_norm=2.227428674697876, loss=1.8528023958206177
I0514 20:22:55.322598 139885801367296 logging_writer.py:48] [6000] global_step=6000, grad_norm=3.1241495609283447, loss=1.910577654838562
I0514 20:26:13.962896 139885792974592 logging_writer.py:48] [6100] global_step=6100, grad_norm=3.7236275672912598, loss=1.8120791912078857
/usr/local/lib/python3.11/multiprocessing/popen_fork.py:66: RuntimeWarning: os.fork() was called. os.fork() is incompatible with multithreaded code, and JAX is multithreaded, so this will likely lead to a deadlock.
  self.pid = os.fork()
I0514 20:29:05.061907 139885801367296 logging_writer.py:48] [6200] global_step=6200, grad_norm=3.138078212738037, loss=1.788329839706421
I0514 20:30:27.171670 139885792974592 logging_writer.py:48] [6300] global_step=6300, grad_norm=4.613717079162598, loss=1.772644281387329
I0514 20:31:48.194568 139885801367296 logging_writer.py:48] [6400] global_step=6400, grad_norm=4.659024715423584, loss=1.7661573886871338
I0514 20:33:15.853709 139885792974592 logging_writer.py:48] [6500] global_step=6500, grad_norm=4.069215297698975, loss=1.821234941482544
I0514 20:34:49.386545 139885801367296 logging_writer.py:48] [6600] global_step=6600, grad_norm=4.898313045501709, loss=1.7245060205459595
I0514 20:36:21.122339 139885792974592 logging_writer.py:48] [6700] global_step=6700, grad_norm=4.933393478393555, loss=1.8071420192718506
I0514 20:38:01.529332 139885801367296 logging_writer.py:48] [6800] global_step=6800, grad_norm=4.011342525482178, loss=1.7162723541259766
I0514 20:39:44.556454 139885792974592 logging_writer.py:48] [6900] global_step=6900, grad_norm=4.357483863830566, loss=1.6635063886642456
I0514 20:41:31.773991 139885801367296 logging_writer.py:48] [7000] global_step=7000, grad_norm=6.910943031311035, loss=1.7126914262771606
I0514 20:43:28.487873 139885792974592 logging_writer.py:48] [7100] global_step=7100, grad_norm=5.588162899017334, loss=1.7796138525009155
I0514 20:44:10.870097 139945958884544 spec.py:333] Evaluating on the training split.
I0514 20:45:01.207617 139945958884544 spec.py:346] Evaluating on the validation split.
/usr/local/lib/python3.11/multiprocessing/popen_fork.py:66: RuntimeWarning: os.fork() was called. os.fork() is incompatible with multithreaded code, and JAX is multithreaded, so this will likely lead to a deadlock.
  self.pid = os.fork()
I0514 20:45:47.331862 139945958884544 spec.py:363] Evaluating on the test split.
I0514 20:46:09.719368 139945958884544 submission_runner.py:516] Time since start: 11318.92s, 	Step: 7138, 	{'train/ctc_loss': Array(0.11136802, dtype=float32), 'train/wer': np.float64(0.14524174164592774), 'validation/ctc_loss': Array(0.18997169, dtype=float32), 'validation/wer': np.float64(0.2164148119538454), 'validation/num_examples': 5348, 'test/ctc_loss': Array(0.11930592, dtype=float32), 'test/wer': np.float64(0.15054942822903336), 'test/num_examples': 2472, 'score': 10238.662033557892, 'total_duration': 11318.920915603638, 'accumulated_submission_time': 10238.662033557892, 'accumulated_eval_time': 1079.7594468593597, 'accumulated_logging_time': 0.4179079532623291}
I0514 20:46:09.766432 139885801367296 logging_writer.py:48] [7138] accumulated_eval_time=1079.76, accumulated_logging_time=0.417908, accumulated_submission_time=10238.7, global_step=7138, preemption_count=0, score=10238.7, test/ctc_loss=0.11930591613054276, test/num_examples=2472, test/wer=0.150549, total_duration=11318.9, train/ctc_loss=0.11136802285909653, train/wer=0.145242, validation/ctc_loss=0.1899716854095459, validation/num_examples=5348, validation/wer=0.216415
I0514 20:47:00.294617 139885792974592 logging_writer.py:48] [7200] global_step=7200, grad_norm=6.313126564025879, loss=1.7617778778076172
I0514 20:49:07.300577 139885801367296 logging_writer.py:48] [7300] global_step=7300, grad_norm=4.760512351989746, loss=1.693681240081787
I0514 20:51:27.511501 139885792974592 logging_writer.py:48] [7400] global_step=7400, grad_norm=3.7545664310455322, loss=1.69533371925354
I0514 20:53:53.392230 139885801367296 logging_writer.py:48] [7500] global_step=7500, grad_norm=5.690284729003906, loss=1.7723314762115479
I0514 20:56:38.326144 139885792974592 logging_writer.py:48] [7600] global_step=7600, grad_norm=4.126161098480225, loss=1.645460844039917
I0514 20:59:29.703368 139885801367296 logging_writer.py:48] [7700] global_step=7700, grad_norm=4.304652690887451, loss=1.7008787393569946
I0514 21:02:30.350481 139885792974592 logging_writer.py:48] [7800] global_step=7800, grad_norm=3.9474265575408936, loss=1.701831579208374
I0514 21:05:32.927847 139885801367296 logging_writer.py:48] [7900] global_step=7900, grad_norm=3.995168447494507, loss=1.6608442068099976
I0514 21:08:38.275786 139885792974592 logging_writer.py:48] [8000] global_step=8000, grad_norm=4.116640567779541, loss=1.5916434526443481
I0514 21:10:17.351997 139945958884544 spec.py:333] Evaluating on the training split.
I0514 21:11:09.277287 139945958884544 spec.py:346] Evaluating on the validation split.
/usr/local/lib/python3.11/multiprocessing/popen_fork.py:66: RuntimeWarning: os.fork() was called. os.fork() is incompatible with multithreaded code, and JAX is multithreaded, so this will likely lead to a deadlock.
  self.pid = os.fork()
I0514 21:11:54.601737 139945958884544 spec.py:363] Evaluating on the test split.
I0514 21:12:16.479571 139945958884544 submission_runner.py:516] Time since start: 12885.68s, 	Step: 8055, 	{'train/ctc_loss': Array(0.09460813, dtype=float32), 'train/wer': np.float64(0.1280584518578226), 'validation/ctc_loss': Array(0.1804349, dtype=float32), 'validation/wer': np.float64(0.20613141505334814), 'validation/num_examples': 5348, 'test/ctc_loss': Array(0.11178357, dtype=float32), 'test/wer': np.float64(0.140860804744785), 'test/num_examples': 2472, 'score': 11686.229706525803, 'total_duration': 12885.680536270142, 'accumulated_submission_time': 11686.229706525803, 'accumulated_eval_time': 1198.8842058181763, 'accumulated_logging_time': 0.4747042655944824}
I0514 21:12:16.532511 139885801367296 logging_writer.py:48] [8055] accumulated_eval_time=1198.88, accumulated_logging_time=0.474704, accumulated_submission_time=11686.2, global_step=8055, preemption_count=0, score=11686.2, test/ctc_loss=0.11178357154130936, test/num_examples=2472, test/wer=0.140861, total_duration=12885.7, train/ctc_loss=0.0946081280708313, train/wer=0.128058, validation/ctc_loss=0.18043489754199982, validation/num_examples=5348, validation/wer=0.206131
I0514 21:12:52.958230 139885792974592 logging_writer.py:48] [8100] global_step=8100, grad_norm=3.3507721424102783, loss=1.6495285034179688
I0514 21:15:59.895772 139885801367296 logging_writer.py:48] [8200] global_step=8200, grad_norm=3.6946990489959717, loss=1.6989315748214722
/usr/local/lib/python3.11/multiprocessing/popen_fork.py:66: RuntimeWarning: os.fork() was called. os.fork() is incompatible with multithreaded code, and JAX is multithreaded, so this will likely lead to a deadlock.
  self.pid = os.fork()
I0514 21:18:21.389986 139885801367296 logging_writer.py:48] [8300] global_step=8300, grad_norm=5.470314979553223, loss=1.6740827560424805
I0514 21:19:43.941269 139885792974592 logging_writer.py:48] [8400] global_step=8400, grad_norm=5.666773319244385, loss=1.6120586395263672
I0514 21:21:06.497491 139885801367296 logging_writer.py:48] [8500] global_step=8500, grad_norm=4.3360185623168945, loss=1.6527838706970215
I0514 21:22:31.093194 139885792974592 logging_writer.py:48] [8600] global_step=8600, grad_norm=2.9584977626800537, loss=1.669938087463379
I0514 21:24:03.799952 139885801367296 logging_writer.py:48] [8700] global_step=8700, grad_norm=4.221222400665283, loss=1.7160861492156982
I0514 21:25:41.272419 139885792974592 logging_writer.py:48] [8800] global_step=8800, grad_norm=2.912595510482788, loss=1.59745454788208
I0514 21:27:27.396311 139885801367296 logging_writer.py:48] [8900] global_step=8900, grad_norm=10.748724937438965, loss=1.6472673416137695
