python submission_runner.py --framework=jax --workload=librispeech_conformer --submission_path=submissions_algorithms/submissions/self_tuning/schedule_free_adamw_jax_v2/submission.py --data_dir=/data/librispeech --experiment_dir=/experiment_runs --experiment_name=submissions_a100/schedule_free_adamw_jax_v2/study_0 --overwrite=True --save_checkpoints=False --rng_seed=991098805 --librispeech_tokenizer_vocab_path=/data/librispeech/spm_model.vocab --tuning_ruleset=self 2>&1 | tee -a /logs/librispeech_conformer_jax_05-12-2026-00-03-38.log
2026-05-12 00:03:39.724893: E external/local_xla/xla/stream_executor/cuda/cuda_fft.cc:467] Unable to register cuFFT factory: Attempting to register factory for plugin cuFFT when one has already been registered
WARNING: All log messages before absl::InitializeLog() is called are written to STDERR
E0000 00:00:1778544219.747972      12 cuda_dnn.cc:8579] Unable to register cuDNN factory: Attempting to register factory for plugin cuDNN when one has already been registered
E0000 00:00:1778544219.755557      12 cuda_blas.cc:1407] Unable to register cuBLAS factory: Attempting to register factory for plugin cuBLAS when one has already been registered
W0000 00:00:1778544219.773789      12 computation_placer.cc:177] computation placer already registered. Please check linkage and avoid linking the same target more than once.
W0000 00:00:1778544219.773813      12 computation_placer.cc:177] computation placer already registered. Please check linkage and avoid linking the same target more than once.
W0000 00:00:1778544219.773816      12 computation_placer.cc:177] computation placer already registered. Please check linkage and avoid linking the same target more than once.
W0000 00:00:1778544219.773818      12 computation_placer.cc:177] computation placer already registered. Please check linkage and avoid linking the same target more than once.
/usr/local/lib/python3.11/site-packages/torch/__init__.py:1617: UserWarning: Please use the new API settings to control TF32 behavior, such as torch.backends.cudnn.conv.fp32_precision = 'tf32' or torch.backends.cuda.matmul.fp32_precision = 'ieee'. Old settings, e.g, torch.backends.cuda.matmul.allow_tf32 = True, torch.backends.cudnn.allow_tf32 = True, allowTF32CuDNN() and allowTF32CuBLAS() will be deprecated after Pytorch 2.9. Please see https://pytorch.org/docs/main/notes/cuda.html#tensorfloat-32-tf32-on-ampere-and-later-devices (Triggered internally at /pytorch/aten/src/ATen/Context.cpp:80.)
  _C._set_float32_matmul_precision(precision)
/usr/local/lib/python3.11/site-packages/pydantic/_internal/_generate_schema.py:2249: UnsupportedFieldAttributeWarning: The 'repr' attribute with value False was provided to the `Field()` function, which has no effect in the context it was used. 'repr' is field-specific metadata, and can only be attached to a model field using `Annotated` metadata or by assignment. This may have happened because an `Annotated` type alias using the `type` statement was used, or if the `Field()` function was attached to a single member of a union type.
  warnings.warn(
/usr/local/lib/python3.11/site-packages/pydantic/_internal/_generate_schema.py:2249: UnsupportedFieldAttributeWarning: The 'frozen' attribute with value True was provided to the `Field()` function, which has no effect in the context it was used. 'frozen' is field-specific metadata, and can only be attached to a model field using `Annotated` metadata or by assignment. This may have happened because an `Annotated` type alias using the `type` statement was used, or if the `Field()` function was attached to a single member of a union type.
  warnings.warn(
INFO:2026-05-12 00:03:48,607:jax._src.xla_bridge:830: Unable to initialize backend 'tpu': INTERNAL: Failed to open libtpu.so: libtpu.so: cannot open shared object file: No such file or directory
I0512 00:03:48.607630 139670870758592 xla_bridge.py:830] Unable to initialize backend 'tpu': INTERNAL: Failed to open libtpu.so: libtpu.so: cannot open shared object file: No such file or directory
I0512 00:03:49.346718 139670870758592 logger_utils.py:84] Creating experiment directory at /experiment_runs/submissions_a100/schedule_free_adamw_jax_v2/study_0/librispeech_conformer_jax.
I0512 00:03:49.730268 139670870758592 submission_runner.py:741] Creating directory at /experiment_runs/submissions_a100/schedule_free_adamw_jax_v2/study_0/librispeech_conformer_jax/trial_1.
I0512 00:03:49.996253 139670870758592 submission_runner.py:242] Initializing dataset.
I0512 00:03:49.996450 139670870758592 submission_runner.py:251] Initializing model.
I0512 00:04:12.275620 139670870758592 submission_runner.py:294] Initializing optimizer.
I0512 00:04:13.203531 139670870758592 submission_runner.py:299] Initializing metrics bundle.
I0512 00:04:13.203785 139670870758592 submission_runner.py:321] Initializing checkpoint and logger.
I0512 00:04:13.206134 139670870758592 checkpoints.py:1098] Found no checkpoint files in /experiment_runs/submissions_a100/schedule_free_adamw_jax_v2/study_0/librispeech_conformer_jax/trial_1 with prefix checkpoint_
I0512 00:04:13.206271 139670870758592 submission_runner.py:344] Saving meta data to /experiment_runs/submissions_a100/schedule_free_adamw_jax_v2/study_0/librispeech_conformer_jax/trial_1/meta_data_0.json.
I0512 00:04:13.206450 139670870758592 logger_utils.py:283] Unable to record workload.train_mean information. Continuing without it.
I0512 00:04:13.206508 139670870758592 logger_utils.py:283] Unable to record workload.train_stddev information. Continuing without it.
I0512 00:04:13.371795 139670870758592 submission_runner.py:348] Saving flags to /experiment_runs/submissions_a100/schedule_free_adamw_jax_v2/study_0/librispeech_conformer_jax/trial_1/flags_0.json.
I0512 00:04:13.384948 139670870758592 submission_runner.py:359] Starting training loop.
I0512 00:04:13.569484 139670870758592 input_pipeline.py:19] Loading split = train-clean-100
I0512 00:04:13.646911 139670870758592 input_pipeline.py:19] Loading split = train-clean-360
I0512 00:04:13.827339 139670870758592 input_pipeline.py:19] Loading split = train-other-500
/usr/local/lib/python3.11/multiprocessing/popen_fork.py:66: RuntimeWarning: os.fork() was called. os.fork() is incompatible with multithreaded code, and JAX is multithreaded, so this will likely lead to a deadlock.
  self.pid = os.fork()
2026-05-12 00:04:57.418163: E external/xla/xla/service/slow_operation_alarm.cc:73] Trying algorithm eng0{} for conv (f32[64,512,500,20]{3,2,1,0}, u8[0]{0}) custom-call(f32[64,512,1001,41]{3,2,1,0}, f32[512,512,3,3]{3,2,1,0}), window={size=3x3 stride=2x2}, dim_labels=bf01_oi01->bf01, custom_call_target="__cudnn$convForward", backend_config={"operation_queue_id":"0","wait_on_operation_queues":[],"cudnn_conv_backend_config":{"activation_mode":"kNone","conv_result_scale":1,"side_input_scale":0,"leakyrelu_alpha":0},"force_earliest_schedule":false,"reification_cost":[]} is taking a while...
2026-05-12 00:05:05.698939: E external/xla/xla/service/slow_operation_alarm.cc:140] The operation took 9.280884817s
Trying algorithm eng0{} for conv (f32[64,512,500,20]{3,2,1,0}, u8[0]{0}) custom-call(f32[64,512,1001,41]{3,2,1,0}, f32[512,512,3,3]{3,2,1,0}), window={size=3x3 stride=2x2}, dim_labels=bf01_oi01->bf01, custom_call_target="__cudnn$convForward", backend_config={"operation_queue_id":"0","wait_on_operation_queues":[],"cudnn_conv_backend_config":{"activation_mode":"kNone","conv_result_scale":1,"side_input_scale":0,"leakyrelu_alpha":0},"force_earliest_schedule":false,"reification_cost":[]} is taking a while...
2026-05-12 00:05:12.683814: E external/xla/xla/stream_executor/cuda/cuda_timer.cc:86] Delay kernel timed out: measured time has sub-optimal accuracy. There may be a missing warmup execution, please investigate in Nsight Systems.
2026-05-12 00:05:12.844144: E external/xla/xla/stream_executor/cuda/cuda_timer.cc:86] Delay kernel timed out: measured time has sub-optimal accuracy. There may be a missing warmup execution, please investigate in Nsight Systems.
2026-05-12 00:05:34.392698: E external/xla/xla/service/slow_operation_alarm.cc:73] Trying algorithm eng0{} for conv (f32[64,512,999,41]{3,2,1,0}, u8[0]{0}) custom-call(f32[64,512,500,20]{3,2,1,0}, f32[512,512,3,3]{3,2,1,0}), window={size=3x3 stride=2x2 pad=1_1x0_0}, dim_labels=bf01_oi01->bf01, custom_call_target="__cudnn$convBackwardInput", backend_config={"operation_queue_id":"0","wait_on_operation_queues":[],"cudnn_conv_backend_config":{"activation_mode":"kNone","conv_result_scale":1,"side_input_scale":0,"leakyrelu_alpha":0},"force_earliest_schedule":false,"reification_cost":[]} is taking a while...
2026-05-12 00:06:09.916812: E external/xla/xla/service/slow_operation_alarm.cc:140] The operation took 36.524243881s
Trying algorithm eng0{} for conv (f32[64,512,999,41]{3,2,1,0}, u8[0]{0}) custom-call(f32[64,512,500,20]{3,2,1,0}, f32[512,512,3,3]{3,2,1,0}), window={size=3x3 stride=2x2 pad=1_1x0_0}, dim_labels=bf01_oi01->bf01, custom_call_target="__cudnn$convBackwardInput", backend_config={"operation_queue_id":"0","wait_on_operation_queues":[],"cudnn_conv_backend_config":{"activation_mode":"kNone","conv_result_scale":1,"side_input_scale":0,"leakyrelu_alpha":0},"force_earliest_schedule":false,"reification_cost":[]} is taking a while...
2026-05-12 00:06:19.939679: E external/xla/xla/service/slow_operation_alarm.cc:73] Trying algorithm eng0{} for conv (f32[512,512,3,3]{3,2,1,0}, u8[0]{0}) custom-call(f32[64,512,999,41]{3,2,1,0}, f32[64,512,500,20]{3,2,1,0}), window={size=3x3 stride=2x2 pad=1_1x0_0}, dim_labels=bf01_oi01->bf01, custom_call_target="__cudnn$convBackwardFilter", backend_config={"operation_queue_id":"0","wait_on_operation_queues":[],"cudnn_conv_backend_config":{"activation_mode":"kNone","conv_result_scale":1,"side_input_scale":0,"leakyrelu_alpha":0},"force_earliest_schedule":false,"reification_cost":[]} is taking a while...
2026-05-12 00:06:35.603691: E external/xla/xla/service/slow_operation_alarm.cc:140] The operation took 16.664136556s
Trying algorithm eng0{} for conv (f32[512,512,3,3]{3,2,1,0}, u8[0]{0}) custom-call(f32[64,512,999,41]{3,2,1,0}, f32[64,512,500,20]{3,2,1,0}), window={size=3x3 stride=2x2 pad=1_1x0_0}, dim_labels=bf01_oi01->bf01, custom_call_target="__cudnn$convBackwardFilter", backend_config={"operation_queue_id":"0","wait_on_operation_queues":[],"cudnn_conv_backend_config":{"activation_mode":"kNone","conv_result_scale":1,"side_input_scale":0,"leakyrelu_alpha":0},"force_earliest_schedule":false,"reification_cost":[]} is taking a while...
/usr/local/lib/python3.11/site-packages/jax/_src/interpreters/mlir.py:1268: UserWarning: Some donated buffers were not usable: float32[512], float32[512], float32[5,1,512], float32[512], float32[512,512], float32[512], float32[512,512], float32[512], float32[512,512], float32[512], float32[512], float32[2048], float32[512,2048], float32[512], float32[2048,512], float32[512], float32[512], float32[2048], float32[512,2048], float32[512], float32[2048,512], float32[512], float32[512], float32[512], float32[512], float32[512], float32[512], float32[64], float32[8,64], float32[512,8,64], float32[512], float32[8,64,512], float32[8,64], float32[512,8,64], float32[8,64], float32[512,8,64], float32[512], float32[512], float32[5,1,512], float32[512], float32[512,512], float32[512], float32[512,512], float32[512], float32[512,512], float32[512], float32[512], float32[2048], float32[512,2048], float32[512], float32[2048,512], float32[512], float32[512], float32[2048], float32[512,2048], float32[512], float32[2048,512], float32[512], float32[512], float32[512], float32[512], float32[512], float32[512], float32[64], float32[8,64], float32[512,8,64], float32[512], float32[8,64,512], float32[8,64], float32[512,8,64], float32[8,64], float32[512,8,64], float32[512], float32[512], float32[5,1,512], float32[512], float32[512,512], float32[512], float32[512,512], float32[512], float32[512,512], float32[512], float32[512], float32[2048], float32[512,2048], float32[512], float32[2048,512], float32[512], float32[512], float32[2048], float32[512,2048], float32[512], float32[2048,512], float32[512], float32[512], float32[512], float32[512], float32[512], float32[512], float32[64], float32[8,64], float32[512,8,64], float32[512], float32[8,64,512], float32[8,64], float32[512,8,64], float32[8,64], float32[512,8,64], float32[512], float32[512], float32[5,1,512], float32[512], float32[512,512], float32[512], float32[512,512], float32[512], float32[512,512], float32[512], float32[512], float32[2048], float32[512,2048], float32[512], float32[2048,512], float32[512], float32[512], float32[2048], float32[512,2048], float32[512], float32[2048,512], float32[512], float32[512], float32[512], float32[512], float32[512], float32[512], float32[64], float32[8,64], float32[512,8,64], float32[512], float32[8,64,512], float32[8,64], float32[512,8,64], float32[8,64], float32[512,8,64], float32[1024], float32[512,1024], float32[512], float32[512], float32[512], float32[3,3,1,512], float32[512], float32[3,3,512,512], float32[512], float32[10240,512].
See an explanation at https://docs.jax.dev/en/latest/faq.html#buffer-donation.
  warnings.warn("Some donated buffers were not usable:"
I0512 00:07:42.333940 139655714395904 logging_writer.py:48] [0] global_step=0, grad_norm=32.88872146606445, loss=32.696563720703125
I0512 00:07:43.809422 139670870758592 spec.py:333] Evaluating on the training split.
I0512 00:07:43.809626 139670870758592 input_pipeline.py:19] Loading split = train-clean-100
I0512 00:07:43.835309 139670870758592 input_pipeline.py:19] Loading split = train-clean-360
I0512 00:07:43.923616 139670870758592 input_pipeline.py:19] Loading split = train-other-500
/usr/local/lib/python3.11/multiprocessing/popen_fork.py:66: RuntimeWarning: os.fork() was called. os.fork() is incompatible with multithreaded code, and JAX is multithreaded, so this will likely lead to a deadlock.
  self.pid = os.fork()
/usr/local/lib/python3.11/site-packages/jax/_src/ops/scatter.py:110: FutureWarning: scatter inputs have incompatible types: cannot safely cast value from dtype=float32 to dtype=int32 with jax_numpy_dtype_promotion='standard'. In future JAX releases this will result in an error.
  warnings.warn(
2026-05-12 00:07:54.550407: E external/xla/xla/service/slow_operation_alarm.cc:73] Constant folding an instruction is taking > 1s:

  %reduce-window.10 = f32[256,500]{1,0} reduce-window(%broadcast.219, %constant.69), window={size=1x500 pad=0_0x499_0}, to_apply=%region_53.2129.clone, metadata={op_name="jit(_eval_step)/jit(cumsum)/LibriSpeechConformerWorkload.sequence_mask/reduce_window_sum" source_file="/algorithmic-efficiency/algoperf/workloads/librispeech_conformer/librispeech_jax/workload.py" source_line=251}

This isn't necessarily a bug; constant-folding is inherently a trade-off between compilation time and speed at runtime. XLA has some guards that attempt to keep constant folding from taking too long, but fundamentally you'll always be able to come up with an input program that takes a long time.

If you'd like to file a bug, run with envvar XLA_FLAGS=--xla_dump_to=/tmp/foo and attach the results.
2026-05-12 00:08:01.159148: E external/xla/xla/service/slow_operation_alarm.cc:140] The operation took 7.608927056s
Constant folding an instruction is taking > 1s:

  %reduce-window.10 = f32[256,500]{1,0} reduce-window(%broadcast.219, %constant.69), window={size=1x500 pad=0_0x499_0}, to_apply=%region_53.2129.clone, metadata={op_name="jit(_eval_step)/jit(cumsum)/LibriSpeechConformerWorkload.sequence_mask/reduce_window_sum" source_file="/algorithmic-efficiency/algoperf/workloads/librispeech_conformer/librispeech_jax/workload.py" source_line=251}

This isn't necessarily a bug; constant-folding is inherently a trade-off between compilation time and speed at runtime. XLA has some guards that attempt to keep constant folding from taking too long, but fundamentally you'll always be able to come up with an input program that takes a long time.

If you'd like to file a bug, run with envvar XLA_FLAGS=--xla_dump_to=/tmp/foo and attach the results.
2026-05-12 00:08:03.159280: E external/xla/xla/service/slow_operation_alarm.cc:73] Constant folding an instruction is taking > 2s:

  %reduce-window.11 = f32[256,500]{1,0} reduce-window(%broadcast.219, %constant.72), window={size=1x500 pad=0_0x499_0}, to_apply=%region_53.2129, metadata={op_name="jit(_eval_step)/jit(cumsum)/LibriSpeechConformerWorkload.sequence_mask/reduce_window_sum" source_file="/algorithmic-efficiency/algoperf/workloads/librispeech_conformer/librispeech_jax/workload.py" source_line=251}

This isn't necessarily a bug; constant-folding is inherently a trade-off between compilation time and speed at runtime. XLA has some guards that attempt to keep constant folding from taking too long, but fundamentally you'll always be able to come up with an input program that takes a long time.

If you'd like to file a bug, run with envvar XLA_FLAGS=--xla_dump_to=/tmp/foo and attach the results.
2026-05-12 00:08:08.606881: E external/xla/xla/service/slow_operation_alarm.cc:140] The operation took 7.447686124s
Constant folding an instruction is taking > 2s:

  %reduce-window.11 = f32[256,500]{1,0} reduce-window(%broadcast.219, %constant.72), window={size=1x500 pad=0_0x499_0}, to_apply=%region_53.2129, metadata={op_name="jit(_eval_step)/jit(cumsum)/LibriSpeechConformerWorkload.sequence_mask/reduce_window_sum" source_file="/algorithmic-efficiency/algoperf/workloads/librispeech_conformer/librispeech_jax/workload.py" source_line=251}

This isn't necessarily a bug; constant-folding is inherently a trade-off between compilation time and speed at runtime. XLA has some guards that attempt to keep constant folding from taking too long, but fundamentally you'll always be able to come up with an input program that takes a long time.

If you'd like to file a bug, run with envvar XLA_FLAGS=--xla_dump_to=/tmp/foo and attach the results.
I0512 00:09:07.787867 139670870758592 spec.py:346] Evaluating on the validation split.
I0512 00:09:07.788338 139670870758592 input_pipeline.py:19] Loading split = dev-clean
I0512 00:09:07.792643 139670870758592 input_pipeline.py:19] Loading split = dev-other
2026-05-12 00:09:51.655755: E external/xla/xla/service/slow_operation_alarm.cc:73] Constant folding an instruction is taking > 4s:

  %reduce-window.10 = f32[228,500]{1,0} reduce-window(%broadcast.216, %constant.69), window={size=1x500 pad=0_0x499_0}, to_apply=%region_53.2126.clone, metadata={op_name="jit(_eval_step)/jit(cumsum)/LibriSpeechConformerWorkload.sequence_mask/reduce_window_sum" source_file="/algorithmic-efficiency/algoperf/workloads/librispeech_conformer/librispeech_jax/workload.py" source_line=251}

This isn't necessarily a bug; constant-folding is inherently a trade-off between compilation time and speed at runtime. XLA has some guards that attempt to keep constant folding from taking too long, but fundamentally you'll always be able to come up with an input program that takes a long time.

If you'd like to file a bug, run with envvar XLA_FLAGS=--xla_dump_to=/tmp/foo and attach the results.
2026-05-12 00:09:53.850014: E external/xla/xla/service/slow_operation_alarm.cc:140] The operation took 6.194429889s
Constant folding an instruction is taking > 4s:

  %reduce-window.10 = f32[228,500]{1,0} reduce-window(%broadcast.216, %constant.69), window={size=1x500 pad=0_0x499_0}, to_apply=%region_53.2126.clone, metadata={op_name="jit(_eval_step)/jit(cumsum)/LibriSpeechConformerWorkload.sequence_mask/reduce_window_sum" source_file="/algorithmic-efficiency/algoperf/workloads/librispeech_conformer/librispeech_jax/workload.py" source_line=251}

This isn't necessarily a bug; constant-folding is inherently a trade-off between compilation time and speed at runtime. XLA has some guards that attempt to keep constant folding from taking too long, but fundamentally you'll always be able to come up with an input program that takes a long time.

If you'd like to file a bug, run with envvar XLA_FLAGS=--xla_dump_to=/tmp/foo and attach the results.
2026-05-12 00:10:08.152196: E external/xla/xla/stream_executor/cuda/cuda_timer.cc:86] Delay kernel timed out: measured time has sub-optimal accuracy. There may be a missing warmup execution, please investigate in Nsight Systems.
2026-05-12 00:10:08.312361: E external/xla/xla/stream_executor/cuda/cuda_timer.cc:86] Delay kernel timed out: measured time has sub-optimal accuracy. There may be a missing warmup execution, please investigate in Nsight Systems.
I0512 00:10:44.931415 139670870758592 spec.py:363] Evaluating on the test split.
I0512 00:10:44.932011 139670870758592 input_pipeline.py:19] Loading split = test-clean
2026-05-12 00:11:12.322596: E external/xla/xla/stream_executor/cuda/cuda_timer.cc:86] Delay kernel timed out: measured time has sub-optimal accuracy. There may be a missing warmup execution, please investigate in Nsight Systems.
2026-05-12 00:11:12.482627: E external/xla/xla/stream_executor/cuda/cuda_timer.cc:86] Delay kernel timed out: measured time has sub-optimal accuracy. There may be a missing warmup execution, please investigate in Nsight Systems.
I0512 00:11:33.156120 139670870758592 submission_runner.py:516] Time since start: 439.77s, 	Step: 1, 	{'train/ctc_loss': Array(7.9698772, dtype=float32), 'train/wer': np.float64(1.1730733190346292), 'validation/ctc_loss': Array(7.590369, dtype=float32), 'validation/wer': np.float64(1.1852170134698017), 'validation/num_examples': 5348, 'test/ctc_loss': Array(7.6164026, dtype=float32), 'test/wer': np.float64(1.1780919302094124), 'test/num_examples': 2472, 'score': 210.42438578605652, 'total_duration': 439.76908802986145, 'accumulated_submission_time': 210.42438578605652, 'accumulated_eval_time': 229.3446192741394, 'accumulated_logging_time': 0}
I0512 00:11:33.181198 139539511076608 logging_writer.py:48] [1] accumulated_eval_time=229.345, accumulated_logging_time=0, accumulated_submission_time=210.424, global_step=1, preemption_count=0, score=210.424, test/ctc_loss=7.616402626037598, test/num_examples=2472, test/wer=1.17809, total_duration=439.769, train/ctc_loss=7.969877243041992, train/wer=1.17307, validation/ctc_loss=7.59036922454834, validation/num_examples=5348, validation/wer=1.18522
/usr/local/lib/python3.11/site-packages/jax/_src/interpreters/mlir.py:1268: UserWarning: Some donated buffers were not usable: float32[512], float32[512], float32[5,1,512], float32[512], float32[512,512], float32[512], float32[512,512], float32[512], float32[512,512], float32[512], float32[512], float32[2048], float32[512,2048], float32[512], float32[2048,512], float32[512], float32[512], float32[2048], float32[512,2048], float32[512], float32[2048,512], float32[512], float32[512], float32[512], float32[512], float32[512], float32[512], float32[64], float32[8,64], float32[512,8,64], float32[512], float32[8,64,512], float32[8,64], float32[512,8,64], float32[8,64], float32[512,8,64], float32[512], float32[512], float32[5,1,512], float32[512], float32[512,512], float32[512], float32[512,512], float32[512], float32[512,512], float32[512], float32[512], float32[2048], float32[512,2048], float32[512], float32[2048,512], float32[512], float32[512], float32[2048], float32[512,2048], float32[512], float32[2048,512], float32[512], float32[512], float32[512], float32[512], float32[512], float32[512], float32[64], float32[8,64], float32[512,8,64], float32[512], float32[8,64,512], float32[8,64], float32[512,8,64], float32[8,64], float32[512,8,64], float32[512], float32[512], float32[5,1,512], float32[512], float32[512,512], float32[512], float32[512,512], float32[512], float32[512,512], float32[512], float32[512], float32[2048], float32[512,2048], float32[512], float32[2048,512], float32[512], float32[512], float32[2048], float32[512,2048], float32[512], float32[2048,512], float32[512], float32[512], float32[512], float32[512], float32[512], float32[512], float32[64], float32[8,64], float32[512,8,64], float32[512], float32[8,64,512], float32[8,64], float32[512,8,64], float32[8,64], float32[512,8,64], float32[512], float32[512], float32[5,1,512], float32[512], float32[512,512], float32[512], float32[512,512], float32[512], float32[512,512], float32[512], float32[512], float32[2048], float32[512,2048], float32[512], float32[2048,512], float32[512], float32[512], float32[2048], float32[512,2048], float32[512], float32[2048,512], float32[512], float32[512], float32[512], float32[512], float32[512], float32[512], float32[64], float32[8,64], float32[512,8,64], float32[512], float32[8,64,512], float32[8,64], float32[512,8,64], float32[8,64], float32[512,8,64], float32[1024], float32[512,1024], float32[512], float32[512], float32[512], float32[3,3,1,512], float32[512], float32[3,3,512,512], float32[512], float32[10240,512].
See an explanation at https://docs.jax.dev/en/latest/faq.html#buffer-donation.
  warnings.warn("Some donated buffers were not usable:"
I0512 00:16:12.428925 139655607478016 logging_writer.py:48] [100] global_step=100, grad_norm=3.0398619174957275, loss=5.906006336212158
I0512 00:23:32.029434 139655615870720 logging_writer.py:48] [200] global_step=200, grad_norm=4.089536666870117, loss=5.857223033905029
I0512 00:30:53.986463 139655607478016 logging_writer.py:48] [300] global_step=300, grad_norm=1.143816590309143, loss=5.827023983001709
I0512 00:38:17.352215 139655615870720 logging_writer.py:48] [400] global_step=400, grad_norm=1.750369668006897, loss=5.7953338623046875
I0512 00:40:40.401991 139670870758592 spec.py:333] Evaluating on the training split.
I0512 00:41:12.230657 139670870758592 spec.py:346] Evaluating on the validation split.
/usr/local/lib/python3.11/multiprocessing/popen_fork.py:66: RuntimeWarning: os.fork() was called. os.fork() is incompatible with multithreaded code, and JAX is multithreaded, so this will likely lead to a deadlock.
  self.pid = os.fork()
I0512 00:41:47.596514 139670870758592 spec.py:363] Evaluating on the test split.
I0512 00:42:12.747228 139670870758592 submission_runner.py:516] Time since start: 2279.36s, 	Step: 434, 	{'train/ctc_loss': Array(1.4752581, dtype=float32), 'train/wer': np.float64(0.944635537887994), 'validation/ctc_loss': Array(1.4892555, dtype=float32), 'validation/wer': np.float64(0.8967218654950997), 'validation/num_examples': 5348, 'test/ctc_loss': Array(1.4853637, dtype=float32), 'test/wer': np.float64(0.899579550301627), 'test/num_examples': 2472, 'score': 1957.6224842071533, 'total_duration': 2279.359883546829, 'accumulated_submission_time': 1957.6224842071533, 'accumulated_eval_time': 321.6874759197235, 'accumulated_logging_time': 0.04363250732421875}
I0512 00:42:12.779222 139655615870720 logging_writer.py:48] [434] accumulated_eval_time=321.687, accumulated_logging_time=0.0436325, accumulated_submission_time=1957.62, global_step=434, preemption_count=0, score=1957.62, test/ctc_loss=1.4853637218475342, test/num_examples=2472, test/wer=0.89958, total_duration=2279.36, train/ctc_loss=1.4752581119537354, train/wer=0.944636, validation/ctc_loss=1.4892555475234985, validation/num_examples=5348, validation/wer=0.896722
I0512 00:45:45.540664 139655607478016 logging_writer.py:48] [500] global_step=500, grad_norm=11.000232696533203, loss=7.223948001861572
I0512 00:53:25.259180 139655615870720 logging_writer.py:48] [600] global_step=600, grad_norm=1.2010740041732788, loss=5.790180206298828
I0512 01:01:20.592957 139655607478016 logging_writer.py:48] [700] global_step=700, grad_norm=0.260134756565094, loss=5.797438621520996
I0512 01:09:20.729160 139655615870720 logging_writer.py:48] [800] global_step=800, grad_norm=0.8144819736480713, loss=5.788266658782959
I0512 01:11:31.190058 139670870758592 spec.py:333] Evaluating on the training split.
I0512 01:12:03.746414 139670870758592 spec.py:346] Evaluating on the validation split.
/usr/local/lib/python3.11/multiprocessing/popen_fork.py:66: RuntimeWarning: os.fork() was called. os.fork() is incompatible with multithreaded code, and JAX is multithreaded, so this will likely lead to a deadlock.
  self.pid = os.fork()
I0512 01:12:39.222997 139670870758592 spec.py:363] Evaluating on the test split.
I0512 01:12:56.964541 139670870758592 submission_runner.py:516] Time since start: 4123.58s, 	Step: 827, 	{'train/ctc_loss': Array(1.5140996, dtype=float32), 'train/wer': np.float64(0.9427589697147271), 'validation/ctc_loss': Array(2.0417223, dtype=float32), 'validation/wer': np.float64(0.8980350504514073), 'validation/num_examples': 5348, 'test/ctc_loss': Array(1.8755568, dtype=float32), 'test/wer': np.float64(0.9003107671683627), 'test/num_examples': 2472, 'score': 3716.0181324481964, 'total_duration': 4123.577327013016, 'accumulated_submission_time': 3716.0181324481964, 'accumulated_eval_time': 407.45970344543457, 'accumulated_logging_time': 0.08678269386291504}
I0512 01:12:56.995763 139655615870720 logging_writer.py:48] [827] accumulated_eval_time=407.46, accumulated_logging_time=0.0867827, accumulated_submission_time=3716.02, global_step=827, preemption_count=0, score=3716.02, test/ctc_loss=1.8755568265914917, test/num_examples=2472, test/wer=0.900311, total_duration=4123.58, train/ctc_loss=1.5140995979309082, train/wer=0.942759, validation/ctc_loss=2.041722297668457, validation/num_examples=5348, validation/wer=0.898035
I0512 01:17:08.850223 139655607478016 logging_writer.py:48] [900] global_step=900, grad_norm=0.27071413397789, loss=5.7813849449157715
I0512 01:25:14.584988 139655615870720 logging_writer.py:48] [1000] global_step=1000, grad_norm=0.8125016093254089, loss=5.845312595367432
/usr/local/lib/python3.11/multiprocessing/popen_fork.py:66: RuntimeWarning: os.fork() was called. os.fork() is incompatible with multithreaded code, and JAX is multithreaded, so this will likely lead to a deadlock.
  self.pid = os.fork()
I0512 01:30:33.206753 139655613773568 logging_writer.py:48] [1100] global_step=1100, grad_norm=0.6669019460678101, loss=7.974328517913818
I0512 01:35:07.264365 139655605380864 logging_writer.py:48] [1200] global_step=1200, grad_norm=3.7995359897613525, loss=6.29619836807251
I0512 01:40:05.324987 139655613773568 logging_writer.py:48] [1300] global_step=1300, grad_norm=1.917224407196045, loss=5.980062484741211
I0512 01:42:08.864844 139670870758592 spec.py:333] Evaluating on the training split.
I0512 01:42:41.872078 139670870758592 spec.py:346] Evaluating on the validation split.
/usr/local/lib/python3.11/multiprocessing/popen_fork.py:66: RuntimeWarning: os.fork() was called. os.fork() is incompatible with multithreaded code, and JAX is multithreaded, so this will likely lead to a deadlock.
  self.pid = os.fork()
I0512 01:43:17.658207 139670870758592 spec.py:363] Evaluating on the test split.
I0512 01:43:35.491483 139670870758592 submission_runner.py:516] Time since start: 5962.10s, 	Step: 1339, 	{'train/ctc_loss': Array(1.7457054, dtype=float32), 'train/wer': np.float64(0.9433243196230056), 'validation/ctc_loss': Array(1.7875694, dtype=float32), 'validation/wer': np.float64(0.8967218654950997), 'validation/num_examples': 5348, 'test/ctc_loss': Array(1.7902044, dtype=float32), 'test/wer': np.float64(0.899579550301627), 'test/num_examples': 2472, 'score': 5467.871387958527, 'total_duration': 5962.104292631149, 'accumulated_submission_time': 5467.871387958527, 'accumulated_eval_time': 494.0841302871704, 'accumulated_logging_time': 0.12880635261535645}
I0512 01:43:35.522864 139655613773568 logging_writer.py:48] [1339] accumulated_eval_time=494.084, accumulated_logging_time=0.128806, accumulated_submission_time=5467.87, global_step=1339, preemption_count=0, score=5467.87, test/ctc_loss=1.790204405784607, test/num_examples=2472, test/wer=0.89958, total_duration=5962.1, train/ctc_loss=1.7457053661346436, train/wer=0.943324, validation/ctc_loss=1.7875694036483765, validation/num_examples=5348, validation/wer=0.896722
I0512 01:45:44.640307 139655605380864 logging_writer.py:48] [1400] global_step=1400, grad_norm=0.6670761108398438, loss=5.844709873199463
I0512 01:52:00.139396 139655613773568 logging_writer.py:48] [1500] global_step=1500, grad_norm=1.2032169103622437, loss=5.846866607666016
I0512 01:59:05.726807 139655605380864 logging_writer.py:48] [1600] global_step=1600, grad_norm=0.27222806215286255, loss=5.829082489013672
I0512 02:06:35.428807 139655613773568 logging_writer.py:48] [1700] global_step=1700, grad_norm=0.289757639169693, loss=5.838914394378662
I0512 02:12:42.813865 139670870758592 spec.py:333] Evaluating on the training split.
I0512 02:13:15.282660 139670870758592 spec.py:346] Evaluating on the validation split.
/usr/local/lib/python3.11/multiprocessing/popen_fork.py:66: RuntimeWarning: os.fork() was called. os.fork() is incompatible with multithreaded code, and JAX is multithreaded, so this will likely lead to a deadlock.
  self.pid = os.fork()
I0512 02:13:51.305227 139670870758592 spec.py:363] Evaluating on the test split.
I0512 02:14:09.398858 139670870758592 submission_runner.py:516] Time since start: 7796.01s, 	Step: 1781, 	{'train/ctc_loss': Array(1.482292, dtype=float32), 'train/wer': np.float64(0.9437003215030003), 'validation/ctc_loss': Array(1.4762385, dtype=float32), 'validation/wer': np.float64(0.8967218654950997), 'validation/num_examples': 5348, 'test/ctc_loss': Array(1.4694716, dtype=float32), 'test/wer': np.float64(0.899579550301627), 'test/num_examples': 2472, 'score': 7215.147754430771, 'total_duration': 7796.01158285141, 'accumulated_submission_time': 7215.147754430771, 'accumulated_eval_time': 580.6668124198914, 'accumulated_logging_time': 0.17023801803588867}
I0512 02:14:09.430213 139655613773568 logging_writer.py:48] [1781] accumulated_eval_time=580.667, accumulated_logging_time=0.170238, accumulated_submission_time=7215.15, global_step=1781, preemption_count=0, score=7215.15, test/ctc_loss=1.4694715738296509, test/num_examples=2472, test/wer=0.89958, total_duration=7796.01, train/ctc_loss=1.4822920560836792, train/wer=0.9437, validation/ctc_loss=1.476238489151001, validation/num_examples=5348, validation/wer=0.896722
I0512 02:14:19.767200 139655605380864 logging_writer.py:48] [1800] global_step=1800, grad_norm=0.38208314776420593, loss=5.835822582244873
I0512 02:22:00.659209 139655613773568 logging_writer.py:48] [1900] global_step=1900, grad_norm=0.35567381978034973, loss=5.812748908996582
I0512 02:29:53.505028 139655605380864 logging_writer.py:48] [2000] global_step=2000, grad_norm=0.3629659414291382, loss=5.834582328796387
/usr/local/lib/python3.11/multiprocessing/popen_fork.py:66: RuntimeWarning: os.fork() was called. os.fork() is incompatible with multithreaded code, and JAX is multithreaded, so this will likely lead to a deadlock.
  self.pid = os.fork()
I0512 02:36:11.724836 139655612724992 logging_writer.py:48] [2100] global_step=2100, grad_norm=1.576583981513977, loss=5.799262523651123
I0512 02:39:50.677824 139655604332288 logging_writer.py:48] [2200] global_step=2200, grad_norm=0.9153742790222168, loss=5.7959980964660645
I0512 02:43:24.448651 139670870758592 spec.py:333] Evaluating on the training split.
I0512 02:43:59.602663 139670870758592 spec.py:346] Evaluating on the validation split.
/usr/local/lib/python3.11/multiprocessing/popen_fork.py:66: RuntimeWarning: os.fork() was called. os.fork() is incompatible with multithreaded code, and JAX is multithreaded, so this will likely lead to a deadlock.
  self.pid = os.fork()
I0512 02:44:35.854161 139670870758592 spec.py:363] Evaluating on the test split.
I0512 02:44:53.817082 139670870758592 submission_runner.py:516] Time since start: 9640.43s, 	Step: 2289, 	{'train/ctc_loss': Array(1.567453, dtype=float32), 'train/wer': np.float64(0.9415512405140359), 'validation/ctc_loss': Array(1.5282931, dtype=float32), 'validation/wer': np.float64(0.8967218654950997), 'validation/num_examples': 5348, 'test/ctc_loss': Array(1.5204043, dtype=float32), 'test/wer': np.float64(0.899579550301627), 'test/num_examples': 2472, 'score': 8970.150681972504, 'total_duration': 9640.429941654205, 'accumulated_submission_time': 8970.150681972504, 'accumulated_eval_time': 670.0330874919891, 'accumulated_logging_time': 0.2118830680847168}
I0512 02:44:53.847488 139655612724992 logging_writer.py:48] [2289] accumulated_eval_time=670.033, accumulated_logging_time=0.211883, accumulated_submission_time=8970.15, global_step=2289, preemption_count=0, score=8970.15, test/ctc_loss=1.52040433883667, test/num_examples=2472, test/wer=0.89958, total_duration=9640.43, train/ctc_loss=1.5674530267715454, train/wer=0.941551, validation/ctc_loss=1.5282931327819824, validation/num_examples=5348, validation/wer=0.896722
I0512 02:45:00.643115 139655604332288 logging_writer.py:48] [2300] global_step=2300, grad_norm=0.2021099030971527, loss=5.796205520629883
I0512 02:48:45.473930 139655612724992 logging_writer.py:48] [2400] global_step=2400, grad_norm=0.5720524787902832, loss=5.817268371582031
I0512 02:53:34.340630 139655604332288 logging_writer.py:48] [2500] global_step=2500, grad_norm=0.3328775465488434, loss=5.781715393066406
I0512 02:58:57.067276 139655612724992 logging_writer.py:48] [2600] global_step=2600, grad_norm=1.035491943359375, loss=5.786494255065918
I0512 03:05:02.015744 139655604332288 logging_writer.py:48] [2700] global_step=2700, grad_norm=0.29247182607650757, loss=5.802899360656738
I0512 03:11:58.992530 139655612724992 logging_writer.py:48] [2800] global_step=2800, grad_norm=1.2836781740188599, loss=5.782043933868408
I0512 03:14:00.894296 139670870758592 spec.py:333] Evaluating on the training split.
I0512 03:14:34.317024 139670870758592 spec.py:346] Evaluating on the validation split.
/usr/local/lib/python3.11/multiprocessing/popen_fork.py:66: RuntimeWarning: os.fork() was called. os.fork() is incompatible with multithreaded code, and JAX is multithreaded, so this will likely lead to a deadlock.
  self.pid = os.fork()
I0512 03:15:10.488631 139670870758592 spec.py:363] Evaluating on the test split.
I0512 03:15:28.663209 139670870758592 submission_runner.py:516] Time since start: 11475.28s, 	Step: 2831, 	{'train/ctc_loss': Array(1.4577111, dtype=float32), 'train/wer': np.float64(0.9426410101839947), 'validation/ctc_loss': Array(1.4438862, dtype=float32), 'validation/wer': np.float64(0.8967218654950997), 'validation/num_examples': 5348, 'test/ctc_loss': Array(1.4414834, dtype=float32), 'test/wer': np.float64(0.899579550301627), 'test/num_examples': 2472, 'score': 10717.181744813919, 'total_duration': 11475.276138782501, 'accumulated_submission_time': 10717.181744813919, 'accumulated_eval_time': 757.7998867034912, 'accumulated_logging_time': 0.2526118755340576}
I0512 03:15:28.696258 139655612724992 logging_writer.py:48] [2831] accumulated_eval_time=757.8, accumulated_logging_time=0.252612, accumulated_submission_time=10717.2, global_step=2831, preemption_count=0, score=10717.2, test/ctc_loss=1.4414833784103394, test/num_examples=2472, test/wer=0.89958, total_duration=11475.3, train/ctc_loss=1.457711100578308, train/wer=0.942641, validation/ctc_loss=1.443886160850525, validation/num_examples=5348, validation/wer=0.896722
I0512 03:19:15.101352 139655604332288 logging_writer.py:48] [2900] global_step=2900, grad_norm=0.7239369750022888, loss=5.775397777557373
I0512 03:26:32.940785 139655612724992 logging_writer.py:48] [3000] global_step=3000, grad_norm=1.0742267370224, loss=5.789974689483643
/usr/local/lib/python3.11/multiprocessing/popen_fork.py:66: RuntimeWarning: os.fork() was called. os.fork() is incompatible with multithreaded code, and JAX is multithreaded, so this will likely lead to a deadlock.
  self.pid = os.fork()
I0512 03:33:37.012650 139655612724992 logging_writer.py:48] [3100] global_step=3100, grad_norm=0.3058649003505707, loss=5.791847229003906
I0512 03:36:50.154383 139655604332288 logging_writer.py:48] [3200] global_step=3200, grad_norm=0.2674294710159302, loss=5.793954372406006
I0512 03:40:11.104005 139655612724992 logging_writer.py:48] [3300] global_step=3300, grad_norm=0.2191557139158249, loss=5.79947566986084
I0512 03:43:52.527431 139655604332288 logging_writer.py:48] [3400] global_step=3400, grad_norm=0.7796363830566406, loss=5.7325544357299805
I0512 03:44:42.038693 139670870758592 spec.py:333] Evaluating on the training split.
I0512 03:45:16.091728 139670870758592 spec.py:346] Evaluating on the validation split.
/usr/local/lib/python3.11/multiprocessing/popen_fork.py:66: RuntimeWarning: os.fork() was called. os.fork() is incompatible with multithreaded code, and JAX is multithreaded, so this will likely lead to a deadlock.
  self.pid = os.fork()
I0512 03:45:52.656594 139670870758592 spec.py:363] Evaluating on the test split.
I0512 03:46:10.715461 139670870758592 submission_runner.py:516] Time since start: 13317.33s, 	Step: 3421, 	{'train/ctc_loss': Array(1.5116203, dtype=float32), 'train/wer': np.float64(0.9428243251866505), 'validation/ctc_loss': Array(1.4731085, dtype=float32), 'validation/wer': np.float64(0.8967218654950997), 'validation/num_examples': 5348, 'test/ctc_loss': Array(1.4712934, dtype=float32), 'test/wer': np.float64(0.899579550301627), 'test/num_examples': 2472, 'score': 12470.507788419724, 'total_duration': 13317.328243017197, 'accumulated_submission_time': 12470.507788419724, 'accumulated_eval_time': 846.4744157791138, 'accumulated_logging_time': 0.2959706783294678}
I0512 03:46:10.747478 139655612724992 logging_writer.py:48] [3421] accumulated_eval_time=846.474, accumulated_logging_time=0.295971, accumulated_submission_time=12470.5, global_step=3421, preemption_count=0, score=12470.5, test/ctc_loss=1.4712934494018555, test/num_examples=2472, test/wer=0.89958, total_duration=13317.3, train/ctc_loss=1.511620283126831, train/wer=0.942824, validation/ctc_loss=1.4731085300445557, validation/num_examples=5348, validation/wer=0.896722
I0512 03:48:11.322133 139655604332288 logging_writer.py:48] [3500] global_step=3500, grad_norm=1.4481974840164185, loss=5.6407036781311035
I0512 03:52:55.437758 139655612724992 logging_writer.py:48] [3600] global_step=3600, grad_norm=0.2601510286331177, loss=5.561722278594971
I0512 03:58:08.220330 139655604332288 logging_writer.py:48] [3700] global_step=3700, grad_norm=0.8744575381278992, loss=5.548533916473389
I0512 04:04:26.735896 139655612724992 logging_writer.py:48] [3800] global_step=3800, grad_norm=1.792446494102478, loss=5.561670303344727
I0512 04:11:12.257591 139655604332288 logging_writer.py:48] [3900] global_step=3900, grad_norm=0.2653585970401764, loss=5.5281476974487305
I0512 04:15:19.196178 139670870758592 spec.py:333] Evaluating on the training split.
I0512 04:15:52.804100 139670870758592 spec.py:346] Evaluating on the validation split.
/usr/local/lib/python3.11/multiprocessing/popen_fork.py:66: RuntimeWarning: os.fork() was called. os.fork() is incompatible with multithreaded code, and JAX is multithreaded, so this will likely lead to a deadlock.
  self.pid = os.fork()
I0512 04:16:29.089250 139670870758592 spec.py:363] Evaluating on the test split.
I0512 04:16:47.300570 139670870758592 submission_runner.py:516] Time since start: 15153.91s, 	Step: 3961, 	{'train/ctc_loss': Array(1.3977135, dtype=float32), 'train/wer': np.float64(0.9440859096700382), 'validation/ctc_loss': Array(1.3924555, dtype=float32), 'validation/wer': np.float64(0.8967218654950997), 'validation/num_examples': 5348, 'test/ctc_loss': Array(1.3876979, dtype=float32), 'test/wer': np.float64(0.899579550301627), 'test/num_examples': 2472, 'score': 14218.940615177155, 'total_duration': 15153.913176298141, 'accumulated_submission_time': 14218.940615177155, 'accumulated_eval_time': 934.5763697624207, 'accumulated_logging_time': 0.33852529525756836}
I0512 04:16:47.332597 139655612724992 logging_writer.py:48] [3961] accumulated_eval_time=934.576, accumulated_logging_time=0.338525, accumulated_submission_time=14218.9, global_step=3961, preemption_count=0, score=14218.9, test/ctc_loss=1.3876979351043701, test/num_examples=2472, test/wer=0.89958, total_duration=15153.9, train/ctc_loss=1.397713541984558, train/wer=0.944086, validation/ctc_loss=1.3924554586410522, validation/num_examples=5348, validation/wer=0.896722
I0512 04:18:10.451213 139655604332288 logging_writer.py:48] [4000] global_step=4000, grad_norm=1.861782431602478, loss=5.524920463562012
I0512 04:25:22.958814 139655612724992 logging_writer.py:48] [4100] global_step=4100, grad_norm=1.3350450992584229, loss=5.5194478034973145
/usr/local/lib/python3.11/multiprocessing/popen_fork.py:66: RuntimeWarning: os.fork() was called. os.fork() is incompatible with multithreaded code, and JAX is multithreaded, so this will likely lead to a deadlock.
  self.pid = os.fork()
I0512 04:29:08.666497 139655612724992 logging_writer.py:48] [4200] global_step=4200, grad_norm=1.1799876689910889, loss=5.494924068450928
I0512 04:32:13.338087 139655604332288 logging_writer.py:48] [4300] global_step=4300, grad_norm=0.6967925429344177, loss=5.526731014251709
I0512 04:35:40.922908 139655612724992 logging_writer.py:48] [4400] global_step=4400, grad_norm=0.6861642003059387, loss=5.5376787185668945
I0512 04:39:31.573205 139655604332288 logging_writer.py:48] [4500] global_step=4500, grad_norm=1.0946424007415771, loss=5.524965763092041
I0512 04:43:46.738130 139655612724992 logging_writer.py:48] [4600] global_step=4600, grad_norm=0.9682599902153015, loss=5.518320560455322
I0512 04:46:02.574584 139670870758592 spec.py:333] Evaluating on the training split.
I0512 04:46:36.927696 139670870758592 spec.py:346] Evaluating on the validation split.
/usr/local/lib/python3.11/multiprocessing/popen_fork.py:66: RuntimeWarning: os.fork() was called. os.fork() is incompatible with multithreaded code, and JAX is multithreaded, so this will likely lead to a deadlock.
  self.pid = os.fork()
I0512 04:47:13.388877 139670870758592 spec.py:363] Evaluating on the test split.
I0512 04:47:31.558195 139670870758592 submission_runner.py:516] Time since start: 16998.17s, 	Step: 4646, 	{'train/ctc_loss': Array(1.3828415, dtype=float32), 'train/wer': np.float64(0.9427990785714666), 'validation/ctc_loss': Array(1.3714515, dtype=float32), 'validation/wer': np.float64(0.8967218654950997), 'validation/num_examples': 5348, 'test/ctc_loss': Array(1.3659947, dtype=float32), 'test/wer': np.float64(0.899579550301627), 'test/num_examples': 2472, 'score': 15974.16521859169, 'total_duration': 16998.170997858047, 'accumulated_submission_time': 15974.16521859169, 'accumulated_eval_time': 1023.5577492713928, 'accumulated_logging_time': 0.3811671733856201}
I0512 04:47:31.589442 139655612724992 logging_writer.py:48] [4646] accumulated_eval_time=1023.56, accumulated_logging_time=0.381167, accumulated_submission_time=15974.2, global_step=4646, preemption_count=0, score=15974.2, test/ctc_loss=1.3659946918487549, test/num_examples=2472, test/wer=0.89958, total_duration=16998.2, train/ctc_loss=1.3828414678573608, train/wer=0.942799, validation/ctc_loss=1.371451497077942, validation/num_examples=5348, validation/wer=0.896722
I0512 04:48:45.532450 139655604332288 logging_writer.py:48] [4700] global_step=4700, grad_norm=1.7927442789077759, loss=5.534494400024414
I0512 04:54:18.598164 139655612724992 logging_writer.py:48] [4800] global_step=4800, grad_norm=1.4343795776367188, loss=5.55780553817749
I0512 05:00:40.729305 139655604332288 logging_writer.py:48] [4900] global_step=4900, grad_norm=3.5386545658111572, loss=5.498817443847656
I0512 05:07:18.857560 139655612724992 logging_writer.py:48] [5000] global_step=5000, grad_norm=1.0203547477722168, loss=5.55253267288208
I0512 05:14:07.304049 139655604332288 logging_writer.py:48] [5100] global_step=5100, grad_norm=0.6295762658119202, loss=5.52396821975708
I0512 05:16:49.616229 139670870758592 spec.py:333] Evaluating on the training split.
I0512 05:17:22.882797 139670870758592 spec.py:346] Evaluating on the validation split.
/usr/local/lib/python3.11/multiprocessing/popen_fork.py:66: RuntimeWarning: os.fork() was called. os.fork() is incompatible with multithreaded code, and JAX is multithreaded, so this will likely lead to a deadlock.
  self.pid = os.fork()
I0512 05:17:58.788718 139670870758592 spec.py:363] Evaluating on the test split.
I0512 05:18:16.886615 139670870758592 submission_runner.py:516] Time since start: 18843.50s, 	Step: 5138, 	{'train/ctc_loss': Array(1.3801867, dtype=float32), 'train/wer': np.float64(0.9423383225986367), 'validation/ctc_loss': Array(1.3846215, dtype=float32), 'validation/wer': np.float64(0.8967218654950997), 'validation/num_examples': 5348, 'test/ctc_loss': Array(1.3714861, dtype=float32), 'test/wer': np.float64(0.899579550301627), 'test/num_examples': 2472, 'score': 17732.17633652687, 'total_duration': 18843.49924468994, 'accumulated_submission_time': 17732.17633652687, 'accumulated_eval_time': 1110.8257455825806, 'accumulated_logging_time': 0.4229128360748291}
I0512 05:18:16.918710 139655612724992 logging_writer.py:48] [5138] accumulated_eval_time=1110.83, accumulated_logging_time=0.422913, accumulated_submission_time=17732.2, global_step=5138, preemption_count=0, score=17732.2, test/ctc_loss=1.3714860677719116, test/num_examples=2472, test/wer=0.89958, total_duration=18843.5, train/ctc_loss=1.380186676979065, train/wer=0.942338, validation/ctc_loss=1.384621500968933, validation/num_examples=5348, validation/wer=0.896722
/usr/local/lib/python3.11/multiprocessing/popen_fork.py:66: RuntimeWarning: os.fork() was called. os.fork() is incompatible with multithreaded code, and JAX is multithreaded, so this will likely lead to a deadlock.
  self.pid = os.fork()
I0512 05:20:00.354281 139655612724992 logging_writer.py:48] [5200] global_step=5200, grad_norm=1.3272680044174194, loss=5.538356781005859
I0512 05:22:55.399971 139655604332288 logging_writer.py:48] [5300] global_step=5300, grad_norm=1.5345895290374756, loss=5.509799003601074
I0512 05:26:07.335840 139655612724992 logging_writer.py:48] [5400] global_step=5400, grad_norm=2.329954147338867, loss=5.556994915008545
