python submission_runner.py --framework=jax --workload=librispeech_conformer --submission_path=submissions_algorithms/submissions/self_tuning/schedule_free_adamw_jax/submission.py --data_dir=/data/librispeech --experiment_dir=/experiment_runs --experiment_name=submissions_a100/schedule_free_adamw_jax/study_2 --overwrite=True --save_checkpoints=False --rng_seed=-26050208 --librispeech_tokenizer_vocab_path=/data/librispeech/spm_model.vocab --tuning_ruleset=self 2>&1 | tee -a /logs/librispeech_conformer_jax_05-11-2026-23-04-24.log
2026-05-11 23:04:24.893549: E external/local_xla/xla/stream_executor/cuda/cuda_fft.cc:467] Unable to register cuFFT factory: Attempting to register factory for plugin cuFFT when one has already been registered
WARNING: All log messages before absl::InitializeLog() is called are written to STDERR
E0000 00:00:1778540664.916076      13 cuda_dnn.cc:8579] Unable to register cuDNN factory: Attempting to register factory for plugin cuDNN when one has already been registered
E0000 00:00:1778540664.923481      13 cuda_blas.cc:1407] Unable to register cuBLAS factory: Attempting to register factory for plugin cuBLAS when one has already been registered
W0000 00:00:1778540664.941444      13 computation_placer.cc:177] computation placer already registered. Please check linkage and avoid linking the same target more than once.
W0000 00:00:1778540664.941469      13 computation_placer.cc:177] computation placer already registered. Please check linkage and avoid linking the same target more than once.
W0000 00:00:1778540664.941471      13 computation_placer.cc:177] computation placer already registered. Please check linkage and avoid linking the same target more than once.
W0000 00:00:1778540664.941473      13 computation_placer.cc:177] computation placer already registered. Please check linkage and avoid linking the same target more than once.
/usr/local/lib/python3.11/site-packages/torch/__init__.py:1617: UserWarning: Please use the new API settings to control TF32 behavior, such as torch.backends.cudnn.conv.fp32_precision = 'tf32' or torch.backends.cuda.matmul.fp32_precision = 'ieee'. Old settings, e.g, torch.backends.cuda.matmul.allow_tf32 = True, torch.backends.cudnn.allow_tf32 = True, allowTF32CuDNN() and allowTF32CuBLAS() will be deprecated after Pytorch 2.9. Please see https://pytorch.org/docs/main/notes/cuda.html#tensorfloat-32-tf32-on-ampere-and-later-devices (Triggered internally at /pytorch/aten/src/ATen/Context.cpp:80.)
  _C._set_float32_matmul_precision(precision)
/usr/local/lib/python3.11/site-packages/pydantic/_internal/_generate_schema.py:2249: UnsupportedFieldAttributeWarning: The 'repr' attribute with value False was provided to the `Field()` function, which has no effect in the context it was used. 'repr' is field-specific metadata, and can only be attached to a model field using `Annotated` metadata or by assignment. This may have happened because an `Annotated` type alias using the `type` statement was used, or if the `Field()` function was attached to a single member of a union type.
  warnings.warn(
/usr/local/lib/python3.11/site-packages/pydantic/_internal/_generate_schema.py:2249: UnsupportedFieldAttributeWarning: The 'frozen' attribute with value True was provided to the `Field()` function, which has no effect in the context it was used. 'frozen' is field-specific metadata, and can only be attached to a model field using `Annotated` metadata or by assignment. This may have happened because an `Annotated` type alias using the `type` statement was used, or if the `Field()` function was attached to a single member of a union type.
  warnings.warn(
INFO:2026-05-11 23:04:35,764:jax._src.xla_bridge:830: Unable to initialize backend 'tpu': INTERNAL: Failed to open libtpu.so: libtpu.so: cannot open shared object file: No such file or directory
I0511 23:04:35.764502 139935194256576 xla_bridge.py:830] Unable to initialize backend 'tpu': INTERNAL: Failed to open libtpu.so: libtpu.so: cannot open shared object file: No such file or directory
I0511 23:04:36.657519 139935194256576 logger_utils.py:59] Removing existing experiment directory /experiment_runs/submissions_a100/schedule_free_adamw_jax/study_2/librispeech_conformer_jax because --overwrite was set.
I0511 23:04:36.662954 139935194256576 logger_utils.py:84] Creating experiment directory at /experiment_runs/submissions_a100/schedule_free_adamw_jax/study_2/librispeech_conformer_jax.
I0511 23:04:37.243587 139935194256576 submission_runner.py:741] Creating directory at /experiment_runs/submissions_a100/schedule_free_adamw_jax/study_2/librispeech_conformer_jax/trial_1.
I0511 23:04:37.511727 139935194256576 submission_runner.py:242] Initializing dataset.
I0511 23:04:37.511916 139935194256576 submission_runner.py:251] Initializing model.
I0511 23:04:59.795536 139935194256576 submission_runner.py:294] Initializing optimizer.
I0511 23:05:00.737949 139935194256576 submission_runner.py:299] Initializing metrics bundle.
I0511 23:05:00.738185 139935194256576 submission_runner.py:321] Initializing checkpoint and logger.
I0511 23:05:00.745432 139935194256576 checkpoints.py:1098] Found no checkpoint files in /experiment_runs/submissions_a100/schedule_free_adamw_jax/study_2/librispeech_conformer_jax/trial_1 with prefix checkpoint_
I0511 23:05:00.745565 139935194256576 submission_runner.py:344] Saving meta data to /experiment_runs/submissions_a100/schedule_free_adamw_jax/study_2/librispeech_conformer_jax/trial_1/meta_data_0.json.
I0511 23:05:00.745744 139935194256576 logger_utils.py:283] Unable to record workload.train_mean information. Continuing without it.
I0511 23:05:00.745804 139935194256576 logger_utils.py:283] Unable to record workload.train_stddev information. Continuing without it.
I0511 23:05:01.024847 139935194256576 submission_runner.py:348] Saving flags to /experiment_runs/submissions_a100/schedule_free_adamw_jax/study_2/librispeech_conformer_jax/trial_1/flags_0.json.
I0511 23:05:01.043399 139935194256576 submission_runner.py:359] Starting training loop.
I0511 23:05:01.228665 139935194256576 input_pipeline.py:19] Loading split = train-clean-100
I0511 23:05:01.335459 139935194256576 input_pipeline.py:19] Loading split = train-clean-360
I0511 23:05:01.523694 139935194256576 input_pipeline.py:19] Loading split = train-other-500
/usr/local/lib/python3.11/multiprocessing/popen_fork.py:66: RuntimeWarning: os.fork() was called. os.fork() is incompatible with multithreaded code, and JAX is multithreaded, so this will likely lead to a deadlock.
  self.pid = os.fork()
2026-05-11 23:05:40.819422: E external/xla/xla/stream_executor/cuda/cuda_timer.cc:86] Delay kernel timed out: measured time has sub-optimal accuracy. There may be a missing warmup execution, please investigate in Nsight Systems.
2026-05-11 23:05:40.979937: E external/xla/xla/stream_executor/cuda/cuda_timer.cc:86] Delay kernel timed out: measured time has sub-optimal accuracy. There may be a missing warmup execution, please investigate in Nsight Systems.
2026-05-11 23:05:49.626165: E external/xla/xla/service/slow_operation_alarm.cc:73] Trying algorithm eng0{} for conv (f32[64,512,999,41]{3,2,1,0}, u8[0]{0}) custom-call(f32[64,512,500,20]{3,2,1,0}, f32[512,512,3,3]{3,2,1,0}), window={size=3x3 stride=2x2 pad=1_1x0_0}, dim_labels=bf01_oi01->bf01, custom_call_target="__cudnn$convBackwardInput", backend_config={"operation_queue_id":"0","wait_on_operation_queues":[],"cudnn_conv_backend_config":{"activation_mode":"kNone","conv_result_scale":1,"side_input_scale":0,"leakyrelu_alpha":0},"force_earliest_schedule":false,"reification_cost":[]} is taking a while...
2026-05-11 23:06:25.135165: E external/xla/xla/service/slow_operation_alarm.cc:140] The operation took 36.509116062s
Trying algorithm eng0{} for conv (f32[64,512,999,41]{3,2,1,0}, u8[0]{0}) custom-call(f32[64,512,500,20]{3,2,1,0}, f32[512,512,3,3]{3,2,1,0}), window={size=3x3 stride=2x2 pad=1_1x0_0}, dim_labels=bf01_oi01->bf01, custom_call_target="__cudnn$convBackwardInput", backend_config={"operation_queue_id":"0","wait_on_operation_queues":[],"cudnn_conv_backend_config":{"activation_mode":"kNone","conv_result_scale":1,"side_input_scale":0,"leakyrelu_alpha":0},"force_earliest_schedule":false,"reification_cost":[]} is taking a while...
2026-05-11 23:06:35.157934: E external/xla/xla/service/slow_operation_alarm.cc:73] Trying algorithm eng0{} for conv (f32[512,512,3,3]{3,2,1,0}, u8[0]{0}) custom-call(f32[64,512,999,41]{3,2,1,0}, f32[64,512,500,20]{3,2,1,0}), window={size=3x3 stride=2x2 pad=1_1x0_0}, dim_labels=bf01_oi01->bf01, custom_call_target="__cudnn$convBackwardFilter", backend_config={"operation_queue_id":"0","wait_on_operation_queues":[],"cudnn_conv_backend_config":{"activation_mode":"kNone","conv_result_scale":1,"side_input_scale":0,"leakyrelu_alpha":0},"force_earliest_schedule":false,"reification_cost":[]} is taking a while...
2026-05-11 23:06:50.797851: E external/xla/xla/service/slow_operation_alarm.cc:140] The operation took 16.640024643s
Trying algorithm eng0{} for conv (f32[512,512,3,3]{3,2,1,0}, u8[0]{0}) custom-call(f32[64,512,999,41]{3,2,1,0}, f32[64,512,500,20]{3,2,1,0}), window={size=3x3 stride=2x2 pad=1_1x0_0}, dim_labels=bf01_oi01->bf01, custom_call_target="__cudnn$convBackwardFilter", backend_config={"operation_queue_id":"0","wait_on_operation_queues":[],"cudnn_conv_backend_config":{"activation_mode":"kNone","conv_result_scale":1,"side_input_scale":0,"leakyrelu_alpha":0},"force_earliest_schedule":false,"reification_cost":[]} is taking a while...
/usr/local/lib/python3.11/site-packages/jax/_src/interpreters/mlir.py:1268: UserWarning: Some donated buffers were not usable: float32[512], float32[512], float32[5,1,512], float32[512], float32[512,512], float32[512], float32[512,512], float32[512], float32[512,512], float32[512], float32[512], float32[2048], float32[512,2048], float32[512], float32[2048,512], float32[512], float32[512], float32[2048], float32[512,2048], float32[512], float32[2048,512], float32[512], float32[512], float32[512], float32[512], float32[512], float32[512], float32[64], float32[8,64], float32[512,8,64], float32[512], float32[8,64,512], float32[8,64], float32[512,8,64], float32[8,64], float32[512,8,64], float32[512], float32[512], float32[5,1,512], float32[512], float32[512,512], float32[512], float32[512,512], float32[512], float32[512,512], float32[512], float32[512], float32[2048], float32[512,2048], float32[512], float32[2048,512], float32[512], float32[512], float32[2048], float32[512,2048], float32[512], float32[2048,512], float32[512], float32[512], float32[512], float32[512], float32[512], float32[512], float32[64], float32[8,64], float32[512,8,64], float32[512], float32[8,64,512], float32[8,64], float32[512,8,64], float32[8,64], float32[512,8,64], float32[512], float32[512], float32[5,1,512], float32[512], float32[512,512], float32[512], float32[512,512], float32[512], float32[512,512], float32[512], float32[512], float32[2048], float32[512,2048], float32[512], float32[2048,512], float32[512], float32[512], float32[2048], float32[512,2048], float32[512], float32[2048,512], float32[512], float32[512], float32[512], float32[512], float32[512], float32[512], float32[64], float32[8,64], float32[512,8,64], float32[512], float32[8,64,512], float32[8,64], float32[512,8,64], float32[8,64], float32[512,8,64], float32[512], float32[512], float32[5,1,512], float32[512], float32[512,512], float32[512], float32[512,512], float32[512], float32[512,512], float32[512], float32[512], float32[2048], float32[512,2048], float32[512], float32[2048,512], float32[512], float32[512], float32[2048], float32[512,2048], float32[512], float32[2048,512], float32[512], float32[512], float32[512], float32[512], float32[512], float32[512], float32[64], float32[8,64], float32[512,8,64], float32[512], float32[8,64,512], float32[8,64], float32[512,8,64], float32[8,64], float32[512,8,64], float32[1024], float32[512,1024], float32[512], float32[512], float32[512], float32[3,3,1,512], float32[512], float32[3,3,512,512], float32[512], float32[10240,512].
See an explanation at https://docs.jax.dev/en/latest/faq.html#buffer-donation.
  warnings.warn("Some donated buffers were not usable:"
I0511 23:08:00.768205 139920057915136 logging_writer.py:48] [0] global_step=0, grad_norm=71.43215942382812, loss=32.46316146850586
I0511 23:08:01.936914 139935194256576 spec.py:333] Evaluating on the training split.
I0511 23:08:01.937114 139935194256576 input_pipeline.py:19] Loading split = train-clean-100
I0511 23:08:01.963109 139935194256576 input_pipeline.py:19] Loading split = train-clean-360
I0511 23:08:02.375017 139935194256576 input_pipeline.py:19] Loading split = train-other-500
/usr/local/lib/python3.11/multiprocessing/popen_fork.py:66: RuntimeWarning: os.fork() was called. os.fork() is incompatible with multithreaded code, and JAX is multithreaded, so this will likely lead to a deadlock.
  self.pid = os.fork()
/usr/local/lib/python3.11/site-packages/jax/_src/ops/scatter.py:110: FutureWarning: scatter inputs have incompatible types: cannot safely cast value from dtype=float32 to dtype=int32 with jax_numpy_dtype_promotion='standard'. In future JAX releases this will result in an error.
  warnings.warn(
2026-05-11 23:08:18.754311: E external/xla/xla/service/slow_operation_alarm.cc:73] Constant folding an instruction is taking > 1s:

  %reduce-window.10 = f32[256,500]{1,0} reduce-window(%broadcast.219, %constant.69), window={size=1x500 pad=0_0x499_0}, to_apply=%region_53.2129.clone, metadata={op_name="jit(_eval_step)/jit(cumsum)/LibriSpeechConformerWorkload.sequence_mask/reduce_window_sum" source_file="/algorithmic-efficiency/algoperf/workloads/librispeech_conformer/librispeech_jax/workload.py" source_line=251}

This isn't necessarily a bug; constant-folding is inherently a trade-off between compilation time and speed at runtime. XLA has some guards that attempt to keep constant folding from taking too long, but fundamentally you'll always be able to come up with an input program that takes a long time.

If you'd like to file a bug, run with envvar XLA_FLAGS=--xla_dump_to=/tmp/foo and attach the results.
2026-05-11 23:08:25.508223: E external/xla/xla/service/slow_operation_alarm.cc:140] The operation took 7.754300558s
Constant folding an instruction is taking > 1s:

  %reduce-window.10 = f32[256,500]{1,0} reduce-window(%broadcast.219, %constant.69), window={size=1x500 pad=0_0x499_0}, to_apply=%region_53.2129.clone, metadata={op_name="jit(_eval_step)/jit(cumsum)/LibriSpeechConformerWorkload.sequence_mask/reduce_window_sum" source_file="/algorithmic-efficiency/algoperf/workloads/librispeech_conformer/librispeech_jax/workload.py" source_line=251}

This isn't necessarily a bug; constant-folding is inherently a trade-off between compilation time and speed at runtime. XLA has some guards that attempt to keep constant folding from taking too long, but fundamentally you'll always be able to come up with an input program that takes a long time.

If you'd like to file a bug, run with envvar XLA_FLAGS=--xla_dump_to=/tmp/foo and attach the results.
2026-05-11 23:08:27.508353: E external/xla/xla/service/slow_operation_alarm.cc:73] Constant folding an instruction is taking > 2s:

  %reduce-window.11 = f32[256,500]{1,0} reduce-window(%broadcast.219, %constant.72), window={size=1x500 pad=0_0x499_0}, to_apply=%region_53.2129, metadata={op_name="jit(_eval_step)/jit(cumsum)/LibriSpeechConformerWorkload.sequence_mask/reduce_window_sum" source_file="/algorithmic-efficiency/algoperf/workloads/librispeech_conformer/librispeech_jax/workload.py" source_line=251}

This isn't necessarily a bug; constant-folding is inherently a trade-off between compilation time and speed at runtime. XLA has some guards that attempt to keep constant folding from taking too long, but fundamentally you'll always be able to come up with an input program that takes a long time.

If you'd like to file a bug, run with envvar XLA_FLAGS=--xla_dump_to=/tmp/foo and attach the results.
2026-05-11 23:08:32.665313: E external/xla/xla/service/slow_operation_alarm.cc:140] The operation took 7.157041939s
Constant folding an instruction is taking > 2s:

  %reduce-window.11 = f32[256,500]{1,0} reduce-window(%broadcast.219, %constant.72), window={size=1x500 pad=0_0x499_0}, to_apply=%region_53.2129, metadata={op_name="jit(_eval_step)/jit(cumsum)/LibriSpeechConformerWorkload.sequence_mask/reduce_window_sum" source_file="/algorithmic-efficiency/algoperf/workloads/librispeech_conformer/librispeech_jax/workload.py" source_line=251}

This isn't necessarily a bug; constant-folding is inherently a trade-off between compilation time and speed at runtime. XLA has some guards that attempt to keep constant folding from taking too long, but fundamentally you'll always be able to come up with an input program that takes a long time.

If you'd like to file a bug, run with envvar XLA_FLAGS=--xla_dump_to=/tmp/foo and attach the results.
I0511 23:09:54.680065 139935194256576 spec.py:346] Evaluating on the validation split.
I0511 23:09:54.680504 139935194256576 input_pipeline.py:19] Loading split = dev-clean
I0511 23:09:54.701834 139935194256576 input_pipeline.py:19] Loading split = dev-other
2026-05-11 23:10:43.746195: E external/xla/xla/service/slow_operation_alarm.cc:73] Constant folding an instruction is taking > 4s:

  %reduce-window.10 = f32[228,500]{1,0} reduce-window(%broadcast.216, %constant.69), window={size=1x500 pad=0_0x499_0}, to_apply=%region_53.2126.clone, metadata={op_name="jit(_eval_step)/jit(cumsum)/LibriSpeechConformerWorkload.sequence_mask/reduce_window_sum" source_file="/algorithmic-efficiency/algoperf/workloads/librispeech_conformer/librispeech_jax/workload.py" source_line=251}

This isn't necessarily a bug; constant-folding is inherently a trade-off between compilation time and speed at runtime. XLA has some guards that attempt to keep constant folding from taking too long, but fundamentally you'll always be able to come up with an input program that takes a long time.

If you'd like to file a bug, run with envvar XLA_FLAGS=--xla_dump_to=/tmp/foo and attach the results.
2026-05-11 23:10:45.636668: E external/xla/xla/service/slow_operation_alarm.cc:140] The operation took 5.890660148s
Constant folding an instruction is taking > 4s:

  %reduce-window.10 = f32[228,500]{1,0} reduce-window(%broadcast.216, %constant.69), window={size=1x500 pad=0_0x499_0}, to_apply=%region_53.2126.clone, metadata={op_name="jit(_eval_step)/jit(cumsum)/LibriSpeechConformerWorkload.sequence_mask/reduce_window_sum" source_file="/algorithmic-efficiency/algoperf/workloads/librispeech_conformer/librispeech_jax/workload.py" source_line=251}

This isn't necessarily a bug; constant-folding is inherently a trade-off between compilation time and speed at runtime. XLA has some guards that attempt to keep constant folding from taking too long, but fundamentally you'll always be able to come up with an input program that takes a long time.

If you'd like to file a bug, run with envvar XLA_FLAGS=--xla_dump_to=/tmp/foo and attach the results.
2026-05-11 23:10:59.791758: E external/xla/xla/stream_executor/cuda/cuda_timer.cc:86] Delay kernel timed out: measured time has sub-optimal accuracy. There may be a missing warmup execution, please investigate in Nsight Systems.
2026-05-11 23:10:59.951904: E external/xla/xla/stream_executor/cuda/cuda_timer.cc:86] Delay kernel timed out: measured time has sub-optimal accuracy. There may be a missing warmup execution, please investigate in Nsight Systems.
I0511 23:11:34.377431 139935194256576 spec.py:363] Evaluating on the test split.
I0511 23:11:34.377976 139935194256576 input_pipeline.py:19] Loading split = test-clean
2026-05-11 23:12:07.268581: E external/xla/xla/stream_executor/cuda/cuda_timer.cc:86] Delay kernel timed out: measured time has sub-optimal accuracy. There may be a missing warmup execution, please investigate in Nsight Systems.
2026-05-11 23:12:07.428842: E external/xla/xla/stream_executor/cuda/cuda_timer.cc:86] Delay kernel timed out: measured time has sub-optimal accuracy. There may be a missing warmup execution, please investigate in Nsight Systems.
I0511 23:12:27.042178 139935194256576 submission_runner.py:516] Time since start: 446.00s, 	Step: 1, 	{'train/ctc_loss': Array(7.9402175, dtype=float32), 'train/wer': np.float64(1.032276200987027), 'validation/ctc_loss': Array(7.752598, dtype=float32), 'validation/wer': np.float64(0.9315598899242022), 'validation/num_examples': 5348, 'test/ctc_loss': Array(7.774599, dtype=float32), 'test/wer': np.float64(0.9485101456340259), 'test/num_examples': 2472, 'score': 180.89342784881592, 'total_duration': 445.9967477321625, 'accumulated_submission_time': 180.89342784881592, 'accumulated_eval_time': 265.1032419204712, 'accumulated_logging_time': 0}
I0511 23:12:27.082126 139876657776384 logging_writer.py:48] [1] accumulated_eval_time=265.103, accumulated_logging_time=0, accumulated_submission_time=180.893, global_step=1, preemption_count=0, score=180.893, test/ctc_loss=7.774599075317383, test/num_examples=2472, test/wer=0.94851, total_duration=445.997, train/ctc_loss=7.9402174949646, train/wer=1.03228, validation/ctc_loss=7.752597808837891, validation/num_examples=5348, validation/wer=0.93156
/usr/local/lib/python3.11/site-packages/jax/_src/interpreters/mlir.py:1268: UserWarning: Some donated buffers were not usable: float32[512], float32[512], float32[5,1,512], float32[512], float32[512,512], float32[512], float32[512,512], float32[512], float32[512,512], float32[512], float32[512], float32[2048], float32[512,2048], float32[512], float32[2048,512], float32[512], float32[512], float32[2048], float32[512,2048], float32[512], float32[2048,512], float32[512], float32[512], float32[512], float32[512], float32[512], float32[512], float32[64], float32[8,64], float32[512,8,64], float32[512], float32[8,64,512], float32[8,64], float32[512,8,64], float32[8,64], float32[512,8,64], float32[512], float32[512], float32[5,1,512], float32[512], float32[512,512], float32[512], float32[512,512], float32[512], float32[512,512], float32[512], float32[512], float32[2048], float32[512,2048], float32[512], float32[2048,512], float32[512], float32[512], float32[2048], float32[512,2048], float32[512], float32[2048,512], float32[512], float32[512], float32[512], float32[512], float32[512], float32[512], float32[64], float32[8,64], float32[512,8,64], float32[512], float32[8,64,512], float32[8,64], float32[512,8,64], float32[8,64], float32[512,8,64], float32[512], float32[512], float32[5,1,512], float32[512], float32[512,512], float32[512], float32[512,512], float32[512], float32[512,512], float32[512], float32[512], float32[2048], float32[512,2048], float32[512], float32[2048,512], float32[512], float32[512], float32[2048], float32[512,2048], float32[512], float32[2048,512], float32[512], float32[512], float32[512], float32[512], float32[512], float32[512], float32[64], float32[8,64], float32[512,8,64], float32[512], float32[8,64,512], float32[8,64], float32[512,8,64], float32[8,64], float32[512,8,64], float32[512], float32[512], float32[5,1,512], float32[512], float32[512,512], float32[512], float32[512,512], float32[512], float32[512,512], float32[512], float32[512], float32[2048], float32[512,2048], float32[512], float32[2048,512], float32[512], float32[512], float32[2048], float32[512,2048], float32[512], float32[2048,512], float32[512], float32[512], float32[512], float32[512], float32[512], float32[512], float32[64], float32[8,64], float32[512,8,64], float32[512], float32[8,64,512], float32[8,64], float32[512,8,64], float32[8,64], float32[512,8,64], float32[1024], float32[512,1024], float32[512], float32[512], float32[512], float32[3,3,1,512], float32[512], float32[3,3,512,512], float32[512], float32[10240,512].
See an explanation at https://docs.jax.dev/en/latest/faq.html#buffer-donation.
  warnings.warn("Some donated buffers were not usable:"
I0511 23:17:38.741998 139920024352512 logging_writer.py:48] [100] global_step=100, grad_norm=0.40992605686187744, loss=5.880356788635254
I0511 23:24:33.684648 139920032745216 logging_writer.py:48] [200] global_step=200, grad_norm=4.201609134674072, loss=5.8566460609436035
I0511 23:31:09.576668 139920024352512 logging_writer.py:48] [300] global_step=300, grad_norm=2.580962657928467, loss=5.797638893127441
I0511 23:37:42.450863 139920032745216 logging_writer.py:48] [400] global_step=400, grad_norm=2.2335619926452637, loss=5.777071475982666
I0511 23:41:40.007080 139935194256576 spec.py:333] Evaluating on the training split.
I0511 23:42:11.525957 139935194256576 spec.py:346] Evaluating on the validation split.
/usr/local/lib/python3.11/multiprocessing/popen_fork.py:66: RuntimeWarning: os.fork() was called. os.fork() is incompatible with multithreaded code, and JAX is multithreaded, so this will likely lead to a deadlock.
  self.pid = os.fork()
I0511 23:42:46.558667 139935194256576 spec.py:363] Evaluating on the test split.
I0511 23:43:03.784634 139935194256576 submission_runner.py:516] Time since start: 2282.74s, 	Step: 457, 	{'train/ctc_loss': Array(1.5198174, dtype=float32), 'train/wer': np.float64(0.944635537887994), 'validation/ctc_loss': Array(1.5533421, dtype=float32), 'validation/wer': np.float64(0.8967218654950997), 'validation/num_examples': 5348, 'test/ctc_loss': Array(1.5475664, dtype=float32), 'test/wer': np.float64(0.899579550301627), 'test/num_examples': 2472, 'score': 1933.7958116531372, 'total_duration': 2282.7389981746674, 'accumulated_submission_time': 1933.7958116531372, 'accumulated_eval_time': 348.87857151031494, 'accumulated_logging_time': 0.05820274353027344}
I0511 23:43:03.831386 139920032745216 logging_writer.py:48] [457] accumulated_eval_time=348.879, accumulated_logging_time=0.0582027, accumulated_submission_time=1933.8, global_step=457, preemption_count=0, score=1933.8, test/ctc_loss=1.5475664138793945, test/num_examples=2472, test/wer=0.89958, total_duration=2282.74, train/ctc_loss=1.5198173522949219, train/wer=0.944636, validation/ctc_loss=1.5533421039581299, validation/num_examples=5348, validation/wer=0.896722
I0511 23:44:30.844413 139920024352512 logging_writer.py:48] [500] global_step=500, grad_norm=0.3656023442745209, loss=5.765806198120117
I0511 23:50:47.312268 139920032745216 logging_writer.py:48] [600] global_step=600, grad_norm=3.601599931716919, loss=5.759540557861328
I0511 23:57:06.392583 139920024352512 logging_writer.py:48] [700] global_step=700, grad_norm=4.261984348297119, loss=5.682168483734131
I0512 00:04:06.657670 139920032745216 logging_writer.py:48] [800] global_step=800, grad_norm=3.4865591526031494, loss=5.551501750946045
I0512 00:11:02.242329 139920024352512 logging_writer.py:48] [900] global_step=900, grad_norm=2.3279411792755127, loss=5.360971927642822
I0512 00:12:10.963195 139935194256576 spec.py:333] Evaluating on the training split.
I0512 00:12:43.326865 139935194256576 spec.py:346] Evaluating on the validation split.
/usr/local/lib/python3.11/multiprocessing/popen_fork.py:66: RuntimeWarning: os.fork() was called. os.fork() is incompatible with multithreaded code, and JAX is multithreaded, so this will likely lead to a deadlock.
  self.pid = os.fork()
I0512 00:13:18.601359 139935194256576 spec.py:363] Evaluating on the test split.
I0512 00:13:36.069927 139935194256576 submission_runner.py:516] Time since start: 4115.02s, 	Step: 918, 	{'train/ctc_loss': Array(1.4613268, dtype=float32), 'train/wer': np.float64(0.9427216791412514), 'validation/ctc_loss': Array(1.4846033, dtype=float32), 'validation/wer': np.float64(0.8967218654950997), 'validation/num_examples': 5348, 'test/ctc_loss': Array(1.4796066, dtype=float32), 'test/wer': np.float64(0.899579550301627), 'test/num_examples': 2472, 'score': 3680.9128968715668, 'total_duration': 4115.024518251419, 'accumulated_submission_time': 3680.9128968715668, 'accumulated_eval_time': 433.983304977417, 'accumulated_logging_time': 0.11535978317260742}
I0512 00:13:36.115986 139920032745216 logging_writer.py:48] [918] accumulated_eval_time=433.983, accumulated_logging_time=0.11536, accumulated_submission_time=3680.91, global_step=918, preemption_count=0, score=3680.91, test/ctc_loss=1.4796066284179688, test/num_examples=2472, test/wer=0.89958, total_duration=4115.02, train/ctc_loss=1.4613268375396729, train/wer=0.942722, validation/ctc_loss=1.4846032857894897, validation/num_examples=5348, validation/wer=0.896722
I0512 00:18:17.819461 139920024352512 logging_writer.py:48] [1000] global_step=1000, grad_norm=1.039797306060791, loss=4.845980644226074
/usr/local/lib/python3.11/multiprocessing/popen_fork.py:66: RuntimeWarning: os.fork() was called. os.fork() is incompatible with multithreaded code, and JAX is multithreaded, so this will likely lead to a deadlock.
  self.pid = os.fork()
I0512 00:22:38.824157 139920032745216 logging_writer.py:48] [1100] global_step=1100, grad_norm=2.809358835220337, loss=4.177023887634277
I0512 00:25:46.204513 139920024352512 logging_writer.py:48] [1200] global_step=1200, grad_norm=1.4749963283538818, loss=3.7097177505493164
I0512 00:29:07.382615 139920032745216 logging_writer.py:48] [1300] global_step=1300, grad_norm=1.3741716146469116, loss=3.488219738006592
I0512 00:32:49.761543 139920024352512 logging_writer.py:48] [1400] global_step=1400, grad_norm=1.1133625507354736, loss=3.2043497562408447
I0512 00:37:08.077014 139920032745216 logging_writer.py:48] [1500] global_step=1500, grad_norm=1.5782313346862793, loss=3.151604413986206
I0512 00:42:24.361978 139920024352512 logging_writer.py:48] [1600] global_step=1600, grad_norm=0.9159613251686096, loss=3.032684564590454
I0512 00:42:52.999017 139935194256576 spec.py:333] Evaluating on the training split.
I0512 00:43:35.914117 139935194256576 spec.py:346] Evaluating on the validation split.
/usr/local/lib/python3.11/multiprocessing/popen_fork.py:66: RuntimeWarning: os.fork() was called. os.fork() is incompatible with multithreaded code, and JAX is multithreaded, so this will likely lead to a deadlock.
  self.pid = os.fork()
I0512 00:44:15.051934 139935194256576 spec.py:363] Evaluating on the test split.
I0512 00:44:34.421292 139935194256576 submission_runner.py:516] Time since start: 5973.38s, 	Step: 1608, 	{'train/ctc_loss': Array(0.6281934, dtype=float32), 'train/wer': np.float64(0.6300741654411184), 'validation/ctc_loss': Array(0.68937147, dtype=float32), 'validation/wer': np.float64(0.6277699995172115), 'validation/num_examples': 5348, 'test/ctc_loss': Array(0.632051, dtype=float32), 'test/wer': np.float64(0.6059553551479698), 'test/num_examples': 2472, 'score': 5437.779716253281, 'total_duration': 5973.37553691864, 'accumulated_submission_time': 5437.779716253281, 'accumulated_eval_time': 535.4032325744629, 'accumulated_logging_time': 0.17133402824401855}
I0512 00:44:34.467316 139920032745216 logging_writer.py:48] [1608] accumulated_eval_time=535.403, accumulated_logging_time=0.171334, accumulated_submission_time=5437.78, global_step=1608, preemption_count=0, score=5437.78, test/ctc_loss=0.6320509910583496, test/num_examples=2472, test/wer=0.605955, total_duration=5973.38, train/ctc_loss=0.6281933784484863, train/wer=0.630074, validation/ctc_loss=0.6893714666366577, validation/num_examples=5348, validation/wer=0.62777
I0512 00:49:05.864345 139920024352512 logging_writer.py:48] [1700] global_step=1700, grad_norm=0.9318166971206665, loss=2.8727877140045166
I0512 00:56:35.338834 139920032745216 logging_writer.py:48] [1800] global_step=1800, grad_norm=1.333349347114563, loss=2.8998050689697266
I0512 01:03:52.290097 139920024352512 logging_writer.py:48] [1900] global_step=1900, grad_norm=1.6258728504180908, loss=2.814908027648926
I0512 01:11:39.116817 139920032745216 logging_writer.py:48] [2000] global_step=2000, grad_norm=1.4534363746643066, loss=2.6849429607391357
I0512 01:13:45.549915 139935194256576 spec.py:333] Evaluating on the training split.
I0512 01:14:29.026289 139935194256576 spec.py:346] Evaluating on the validation split.
/usr/local/lib/python3.11/multiprocessing/popen_fork.py:66: RuntimeWarning: os.fork() was called. os.fork() is incompatible with multithreaded code, and JAX is multithreaded, so this will likely lead to a deadlock.
  self.pid = os.fork()
I0512 01:15:08.273713 139935194256576 spec.py:363] Evaluating on the test split.
I0512 01:15:28.097092 139935194256576 submission_runner.py:516] Time since start: 7827.05s, 	Step: 2028, 	{'train/ctc_loss': Array(0.47715664, dtype=float32), 'train/wer': np.float64(0.5347369854119323), 'validation/ctc_loss': Array(0.54264873, dtype=float32), 'validation/wer': np.float64(0.5554096461159658), 'validation/num_examples': 5348, 'test/ctc_loss': Array(0.4801573, dtype=float32), 'test/wer': np.float64(0.5207076554343631), 'test/num_examples': 2472, 'score': 7188.848032712936, 'total_duration': 7827.051521539688, 'accumulated_submission_time': 7188.848032712936, 'accumulated_eval_time': 637.9482486248016, 'accumulated_logging_time': 0.22741198539733887}
I0512 01:15:28.145030 139920032745216 logging_writer.py:48] [2028] accumulated_eval_time=637.948, accumulated_logging_time=0.227412, accumulated_submission_time=7188.85, global_step=2028, preemption_count=0, score=7188.85, test/ctc_loss=0.4801572859287262, test/num_examples=2472, test/wer=0.520708, total_duration=7827.05, train/ctc_loss=0.4771566390991211, train/wer=0.534737, validation/ctc_loss=0.5426487326622009, validation/num_examples=5348, validation/wer=0.55541
/usr/local/lib/python3.11/multiprocessing/popen_fork.py:66: RuntimeWarning: os.fork() was called. os.fork() is incompatible with multithreaded code, and JAX is multithreaded, so this will likely lead to a deadlock.
  self.pid = os.fork()
I0512 01:17:41.716758 139920031696640 logging_writer.py:48] [2100] global_step=2100, grad_norm=1.4388978481292725, loss=2.7179818153381348
I0512 01:20:38.963917 139920023303936 logging_writer.py:48] [2200] global_step=2200, grad_norm=1.5461947917938232, loss=2.6234819889068604
I0512 01:23:48.136319 139920031696640 logging_writer.py:48] [2300] global_step=2300, grad_norm=0.8441638350486755, loss=2.5857973098754883
I0512 01:27:29.377799 139920023303936 logging_writer.py:48] [2400] global_step=2400, grad_norm=0.7427780628204346, loss=2.4960289001464844
I0512 01:31:33.628792 139920031696640 logging_writer.py:48] [2500] global_step=2500, grad_norm=0.9143810868263245, loss=2.4451136589050293
I0512 01:36:04.087159 139920023303936 logging_writer.py:48] [2600] global_step=2600, grad_norm=0.8498558402061462, loss=2.407531261444092
I0512 01:41:09.151301 139920031696640 logging_writer.py:48] [2700] global_step=2700, grad_norm=0.5838253498077393, loss=2.3510570526123047
I0512 01:44:35.938173 139935194256576 spec.py:333] Evaluating on the training split.
I0512 01:45:19.169012 139935194256576 spec.py:346] Evaluating on the validation split.
/usr/local/lib/python3.11/multiprocessing/popen_fork.py:66: RuntimeWarning: os.fork() was called. os.fork() is incompatible with multithreaded code, and JAX is multithreaded, so this will likely lead to a deadlock.
  self.pid = os.fork()
I0512 01:45:58.602240 139935194256576 spec.py:363] Evaluating on the test split.
I0512 01:46:18.517656 139935194256576 submission_runner.py:516] Time since start: 9677.47s, 	Step: 2761, 	{'train/ctc_loss': Array(0.30544153, dtype=float32), 'train/wer': np.float64(0.3782317510709083), 'validation/ctc_loss': Array(0.38000196, dtype=float32), 'validation/wer': np.float64(0.4228648674745329), 'validation/num_examples': 5348, 'test/ctc_loss': Array(0.30964196, dtype=float32), 'test/wer': np.float64(0.37511425263542747), 'test/num_examples': 2472, 'score': 8936.624614238739, 'total_duration': 9677.47226524353, 'accumulated_submission_time': 8936.624614238739, 'accumulated_eval_time': 740.525762796402, 'accumulated_logging_time': 0.2852773666381836}
I0512 01:46:18.567636 139920031696640 logging_writer.py:48] [2761] accumulated_eval_time=740.526, accumulated_logging_time=0.285277, accumulated_submission_time=8936.62, global_step=2761, preemption_count=0, score=8936.62, test/ctc_loss=0.30964195728302, test/num_examples=2472, test/wer=0.375114, total_duration=9677.47, train/ctc_loss=0.3054415285587311, train/wer=0.378232, validation/ctc_loss=0.380001962184906, validation/num_examples=5348, validation/wer=0.422865
I0512 01:47:12.131454 139920023303936 logging_writer.py:48] [2800] global_step=2800, grad_norm=1.4933505058288574, loss=2.4065310955047607
I0512 01:53:45.565094 139920031696640 logging_writer.py:48] [2900] global_step=2900, grad_norm=2.610915422439575, loss=2.3726725578308105
I0512 02:00:21.053466 139920023303936 logging_writer.py:48] [3000] global_step=3000, grad_norm=0.7832432389259338, loss=2.320432186126709
/usr/local/lib/python3.11/multiprocessing/popen_fork.py:66: RuntimeWarning: os.fork() was called. os.fork() is incompatible with multithreaded code, and JAX is multithreaded, so this will likely lead to a deadlock.
  self.pid = os.fork()
I0512 02:06:46.707046 139920031696640 logging_writer.py:48] [3100] global_step=3100, grad_norm=0.8825938701629639, loss=2.168818950653076
I0512 02:09:19.598770 139920023303936 logging_writer.py:48] [3200] global_step=3200, grad_norm=0.8997231721878052, loss=2.2935633659362793
I0512 02:12:21.406633 139920031696640 logging_writer.py:48] [3300] global_step=3300, grad_norm=1.000054121017456, loss=2.2415711879730225
I0512 02:15:27.532042 139935194256576 spec.py:333] Evaluating on the training split.
I0512 02:16:11.031032 139935194256576 spec.py:346] Evaluating on the validation split.
/usr/local/lib/python3.11/multiprocessing/popen_fork.py:66: RuntimeWarning: os.fork() was called. os.fork() is incompatible with multithreaded code, and JAX is multithreaded, so this will likely lead to a deadlock.
  self.pid = os.fork()
I0512 02:16:51.138427 139935194256576 spec.py:363] Evaluating on the test split.
I0512 02:17:10.746492 139935194256576 submission_runner.py:516] Time since start: 11529.70s, 	Step: 3395, 	{'train/ctc_loss': Array(0.23492163, dtype=float32), 'train/wer': np.float64(0.3041061397378515), 'validation/ctc_loss': Array(0.30607337, dtype=float32), 'validation/wer': np.float64(0.349162361801767), 'validation/num_examples': 5348, 'test/ctc_loss': Array(0.23464145, dtype=float32), 'test/wer': np.float64(0.29376637621107793), 'test/num_examples': 2472, 'score': 10685.572885990143, 'total_duration': 11529.701011180878, 'accumulated_submission_time': 10685.572885990143, 'accumulated_eval_time': 843.7381639480591, 'accumulated_logging_time': 0.34543323516845703}
I0512 02:17:10.795575 139920031696640 logging_writer.py:48] [3395] accumulated_eval_time=843.738, accumulated_logging_time=0.345433, accumulated_submission_time=10685.6, global_step=3395, preemption_count=0, score=10685.6, test/ctc_loss=0.2346414476633072, test/num_examples=2472, test/wer=0.293766, total_duration=11529.7, train/ctc_loss=0.2349216341972351, train/wer=0.304106, validation/ctc_loss=0.3060733675956726, validation/num_examples=5348, validation/wer=0.349162
I0512 02:17:12.894409 139920023303936 logging_writer.py:48] [3400] global_step=3400, grad_norm=1.0671075582504272, loss=2.236664056777954
I0512 02:19:49.973867 139920031696640 logging_writer.py:48] [3500] global_step=3500, grad_norm=1.549944519996643, loss=2.249605417251587
I0512 02:23:55.820396 139920023303936 logging_writer.py:48] [3600] global_step=3600, grad_norm=0.7404742240905762, loss=2.1683998107910156
I0512 02:28:20.384735 139920031696640 logging_writer.py:48] [3700] global_step=3700, grad_norm=0.7967379093170166, loss=2.1778531074523926
I0512 02:33:33.556921 139920023303936 logging_writer.py:48] [3800] global_step=3800, grad_norm=1.0779725313186646, loss=2.156038522720337
I0512 02:39:40.298971 139920031696640 logging_writer.py:48] [3900] global_step=3900, grad_norm=0.8991180062294006, loss=2.152817726135254
I0512 02:45:50.632007 139920023303936 logging_writer.py:48] [4000] global_step=4000, grad_norm=1.2605419158935547, loss=2.1136906147003174
I0512 02:46:19.339586 139935194256576 spec.py:333] Evaluating on the training split.
I0512 02:47:03.076649 139935194256576 spec.py:346] Evaluating on the validation split.
/usr/local/lib/python3.11/multiprocessing/popen_fork.py:66: RuntimeWarning: os.fork() was called. os.fork() is incompatible with multithreaded code, and JAX is multithreaded, so this will likely lead to a deadlock.
  self.pid = os.fork()
I0512 02:47:42.867455 139935194256576 spec.py:363] Evaluating on the test split.
I0512 02:48:02.514943 139935194256576 submission_runner.py:516] Time since start: 13381.47s, 	Step: 4009, 	{'train/ctc_loss': Array(0.1870442, dtype=float32), 'train/wer': np.float64(0.24784634037393913), 'validation/ctc_loss': Array(0.26426658, dtype=float32), 'validation/wer': np.float64(0.30595278327620334), 'validation/num_examples': 5348, 'test/ctc_loss': Array(0.19318005, dtype=float32), 'test/wer': np.float64(0.24678569252330754), 'test/num_examples': 2472, 'score': 12434.100696086884, 'total_duration': 13381.469342947006, 'accumulated_submission_time': 12434.100696086884, 'accumulated_eval_time': 946.9113326072693, 'accumulated_logging_time': 0.40462446212768555}
I0512 02:48:02.564405 139920031696640 logging_writer.py:48] [4009] accumulated_eval_time=946.911, accumulated_logging_time=0.404624, accumulated_submission_time=12434.1, global_step=4009, preemption_count=0, score=12434.1, test/ctc_loss=0.19318005442619324, test/num_examples=2472, test/wer=0.246786, total_duration=13381.5, train/ctc_loss=0.1870442032814026, train/wer=0.247846, validation/ctc_loss=0.26426658034324646, validation/num_examples=5348, validation/wer=0.305953
I0512 02:52:16.620314 139920023303936 logging_writer.py:48] [4100] global_step=4100, grad_norm=0.7744108438491821, loss=2.0701792240142822
/usr/local/lib/python3.11/multiprocessing/popen_fork.py:66: RuntimeWarning: os.fork() was called. os.fork() is incompatible with multithreaded code, and JAX is multithreaded, so this will likely lead to a deadlock.
  self.pid = os.fork()
I0512 02:55:29.385514 139920031696640 logging_writer.py:48] [4200] global_step=4200, grad_norm=1.2417653799057007, loss=2.046191453933716
I0512 02:58:13.349303 139920023303936 logging_writer.py:48] [4300] global_step=4300, grad_norm=1.1693825721740723, loss=2.0835800170898438
I0512 03:01:07.207307 139920031696640 logging_writer.py:48] [4400] global_step=4400, grad_norm=1.302337884902954, loss=2.047593355178833
I0512 03:04:27.143576 139920023303936 logging_writer.py:48] [4500] global_step=4500, grad_norm=1.0938303470611572, loss=2.0045676231384277
I0512 03:08:19.976176 139920031696640 logging_writer.py:48] [4600] global_step=4600, grad_norm=0.751226544380188, loss=2.0154504776000977
I0512 03:12:51.604293 139920023303936 logging_writer.py:48] [4700] global_step=4700, grad_norm=1.1494656801223755, loss=2.0006611347198486
I0512 03:17:09.794184 139935194256576 spec.py:333] Evaluating on the training split.
I0512 03:17:53.411693 139935194256576 spec.py:346] Evaluating on the validation split.
/usr/local/lib/python3.11/multiprocessing/popen_fork.py:66: RuntimeWarning: os.fork() was called. os.fork() is incompatible with multithreaded code, and JAX is multithreaded, so this will likely lead to a deadlock.
  self.pid = os.fork()
I0512 03:18:33.343920 139935194256576 spec.py:363] Evaluating on the test split.
I0512 03:18:53.070208 139935194256576 submission_runner.py:516] Time since start: 15232.02s, 	Step: 4787, 	{'train/ctc_loss': Array(0.14749923, dtype=float32), 'train/wer': np.float64(0.20073844873761668), 'validation/ctc_loss': Array(0.2335357, dtype=float32), 'validation/wer': np.float64(0.27238932071645827), 'validation/num_examples': 5348, 'test/ctc_loss': Array(0.1640684, dtype=float32), 'test/wer': np.float64(0.21191071029593972), 'test/num_examples': 2472, 'score': 14181.313138723373, 'total_duration': 15232.024743795395, 'accumulated_submission_time': 14181.313138723373, 'accumulated_eval_time': 1050.1853024959564, 'accumulated_logging_time': 0.4641866683959961}
I0512 03:18:53.122390 139920031696640 logging_writer.py:48] [4787] accumulated_eval_time=1050.19, accumulated_logging_time=0.464187, accumulated_submission_time=14181.3, global_step=4787, preemption_count=0, score=14181.3, test/ctc_loss=0.16406840085983276, test/num_examples=2472, test/wer=0.211911, total_duration=15232, train/ctc_loss=0.1474992334842682, train/wer=0.200738, validation/ctc_loss=0.23353570699691772, validation/num_examples=5348, validation/wer=0.272389
I0512 03:18:57.897523 139920023303936 logging_writer.py:48] [4800] global_step=4800, grad_norm=0.8569239974021912, loss=1.9784384965896606
I0512 03:23:26.882243 139920031696640 logging_writer.py:48] [4900] global_step=4900, grad_norm=0.7069445252418518, loss=1.992423415184021
I0512 03:29:07.374897 139920023303936 logging_writer.py:48] [5000] global_step=5000, grad_norm=0.7653701305389404, loss=2.0179636478424072
I0512 03:35:08.276492 139920031696640 logging_writer.py:48] [5100] global_step=5100, grad_norm=0.9939514398574829, loss=1.9184696674346924
/usr/local/lib/python3.11/multiprocessing/popen_fork.py:66: RuntimeWarning: os.fork() was called. os.fork() is incompatible with multithreaded code, and JAX is multithreaded, so this will likely lead to a deadlock.
  self.pid = os.fork()
I0512 03:39:41.496579 139920031696640 logging_writer.py:48] [5200] global_step=5200, grad_norm=1.421248435974121, loss=1.912734866142273
I0512 03:42:21.292400 139920023303936 logging_writer.py:48] [5300] global_step=5300, grad_norm=0.922849178314209, loss=1.9584879875183105
I0512 03:45:22.448894 139920031696640 logging_writer.py:48] [5400] global_step=5400, grad_norm=0.9520630240440369, loss=1.9594470262527466
I0512 03:48:07.282412 139935194256576 spec.py:333] Evaluating on the training split.
I0512 03:48:50.616842 139935194256576 spec.py:346] Evaluating on the validation split.
/usr/local/lib/python3.11/multiprocessing/popen_fork.py:66: RuntimeWarning: os.fork() was called. os.fork() is incompatible with multithreaded code, and JAX is multithreaded, so this will likely lead to a deadlock.
  self.pid = os.fork()
I0512 03:50:03.332581 139935194256576 spec.py:363] Evaluating on the test split.
I0512 03:50:38.237154 139935194256576 submission_runner.py:516] Time since start: 17137.19s, 	Step: 5483, 	{'train/ctc_loss': Array(0.13145342, dtype=float32), 'train/wer': np.float64(0.17796551559033671), 'validation/ctc_loss': Array(0.2167657, dtype=float32), 'validation/wer': np.float64(0.2548640950127939), 'validation/num_examples': 5348, 'test/ctc_loss': Array(0.14840458, dtype=float32), 'test/wer': np.float64(0.19395527390165132), 'test/num_examples': 2472, 'score': 15935.455650568008, 'total_duration': 17137.191408634186, 'accumulated_submission_time': 15935.455650568008, 'accumulated_eval_time': 1201.1377303600311, 'accumulated_logging_time': 0.5273010730743408}
I0512 03:50:38.286164 139920031696640 logging_writer.py:48] [5483] accumulated_eval_time=1201.14, accumulated_logging_time=0.527301, accumulated_submission_time=15935.5, global_step=5483, preemption_count=0, score=15935.5, test/ctc_loss=0.1484045833349228, test/num_examples=2472, test/wer=0.193955, total_duration=17137.2, train/ctc_loss=0.13145342469215393, train/wer=0.177966, validation/ctc_loss=0.21676570177078247, validation/num_examples=5348, validation/wer=0.254864
I0512 03:50:44.285475 139920023303936 logging_writer.py:48] [5500] global_step=5500, grad_norm=1.3851258754730225, loss=1.9115663766860962
I0512 03:53:55.422962 139920031696640 logging_writer.py:48] [5600] global_step=5600, grad_norm=0.6577873229980469, loss=1.9230740070343018
I0512 03:58:09.766994 139920023303936 logging_writer.py:48] [5700] global_step=5700, grad_norm=0.5984147191047668, loss=1.9209396839141846
I0512 04:02:55.520692 139920031696640 logging_writer.py:48] [5800] global_step=5800, grad_norm=0.7654052972793579, loss=1.9059151411056519
I0512 04:08:35.078096 139920023303936 logging_writer.py:48] [5900] global_step=5900, grad_norm=0.6422359347343445, loss=1.8468823432922363
I0512 04:14:36.684040 139920031696640 logging_writer.py:48] [6000] global_step=6000, grad_norm=0.9403195381164551, loss=1.8746525049209595
I0512 04:19:45.556226 139935194256576 spec.py:333] Evaluating on the training split.
I0512 04:20:29.147545 139935194256576 spec.py:346] Evaluating on the validation split.
/usr/local/lib/python3.11/multiprocessing/popen_fork.py:66: RuntimeWarning: os.fork() was called. os.fork() is incompatible with multithreaded code, and JAX is multithreaded, so this will likely lead to a deadlock.
  self.pid = os.fork()
I0512 04:21:09.022692 139935194256576 spec.py:363] Evaluating on the test split.
I0512 04:21:29.044641 139935194256576 submission_runner.py:516] Time since start: 18988.00s, 	Step: 6075, 	{'train/ctc_loss': Array(0.12607458, dtype=float32), 'train/wer': np.float64(0.1762724771675417), 'validation/ctc_loss': Array(0.20534171, dtype=float32), 'validation/wer': np.float64(0.24266885530826052), 'validation/num_examples': 5348, 'test/ctc_loss': Array(0.13863637, dtype=float32), 'test/wer': np.float64(0.180894928198566), 'test/num_examples': 2472, 'score': 17682.709900856018, 'total_duration': 18987.998883008957, 'accumulated_submission_time': 17682.709900856018, 'accumulated_eval_time': 1304.623789548874, 'accumulated_logging_time': 0.5863757133483887}
I0512 04:21:29.095565 139920031696640 logging_writer.py:48] [6075] accumulated_eval_time=1304.62, accumulated_logging_time=0.586376, accumulated_submission_time=17682.7, global_step=6075, preemption_count=0, score=17682.7, test/ctc_loss=0.13863636553287506, test/num_examples=2472, test/wer=0.180895, total_duration=18988, train/ctc_loss=0.12607458233833313, train/wer=0.176272, validation/ctc_loss=0.20534171164035797, validation/num_examples=5348, validation/wer=0.242669
I0512 04:21:40.870744 139920023303936 logging_writer.py:48] [6100] global_step=6100, grad_norm=0.7172741293907166, loss=1.8267815113067627
