python submission_runner.py --framework=jax --workload=imagenet_vit --submission_path=submissions_algorithms/submissions/self_tuning/schedule_free_adamw_jax_v2/submission.py --data_dir=/data/imagenet/jax --experiment_dir=/experiment_runs --experiment_name=submissions_a100/schedule_free_adamw_jax_v2/study_2 --overwrite=True --save_checkpoints=False --rng_seed=-1928106475 --imagenet_v2_data_dir=/data/imagenet/jax --tuning_ruleset=self 2>&1 | tee -a /logs/imagenet_vit_jax_05-12-2026-21-31-00.log
2026-05-12 21:31:01.094185: E external/local_xla/xla/stream_executor/cuda/cuda_fft.cc:467] Unable to register cuFFT factory: Attempting to register factory for plugin cuFFT when one has already been registered
WARNING: All log messages before absl::InitializeLog() is called are written to STDERR
E0000 00:00:1778621461.116740      13 cuda_dnn.cc:8579] Unable to register cuDNN factory: Attempting to register factory for plugin cuDNN when one has already been registered
E0000 00:00:1778621461.124157      13 cuda_blas.cc:1407] Unable to register cuBLAS factory: Attempting to register factory for plugin cuBLAS when one has already been registered
W0000 00:00:1778621461.142089      13 computation_placer.cc:177] computation placer already registered. Please check linkage and avoid linking the same target more than once.
W0000 00:00:1778621461.142114      13 computation_placer.cc:177] computation placer already registered. Please check linkage and avoid linking the same target more than once.
W0000 00:00:1778621461.142117      13 computation_placer.cc:177] computation placer already registered. Please check linkage and avoid linking the same target more than once.
W0000 00:00:1778621461.142119      13 computation_placer.cc:177] computation placer already registered. Please check linkage and avoid linking the same target more than once.
/usr/local/lib/python3.11/site-packages/torch/__init__.py:1617: UserWarning: Please use the new API settings to control TF32 behavior, such as torch.backends.cudnn.conv.fp32_precision = 'tf32' or torch.backends.cuda.matmul.fp32_precision = 'ieee'. Old settings, e.g, torch.backends.cuda.matmul.allow_tf32 = True, torch.backends.cudnn.allow_tf32 = True, allowTF32CuDNN() and allowTF32CuBLAS() will be deprecated after Pytorch 2.9. Please see https://pytorch.org/docs/main/notes/cuda.html#tensorfloat-32-tf32-on-ampere-and-later-devices (Triggered internally at /pytorch/aten/src/ATen/Context.cpp:80.)
  _C._set_float32_matmul_precision(precision)
/usr/local/lib/python3.11/site-packages/pydantic/_internal/_generate_schema.py:2249: UnsupportedFieldAttributeWarning: The 'repr' attribute with value False was provided to the `Field()` function, which has no effect in the context it was used. 'repr' is field-specific metadata, and can only be attached to a model field using `Annotated` metadata or by assignment. This may have happened because an `Annotated` type alias using the `type` statement was used, or if the `Field()` function was attached to a single member of a union type.
  warnings.warn(
/usr/local/lib/python3.11/site-packages/pydantic/_internal/_generate_schema.py:2249: UnsupportedFieldAttributeWarning: The 'frozen' attribute with value True was provided to the `Field()` function, which has no effect in the context it was used. 'frozen' is field-specific metadata, and can only be attached to a model field using `Annotated` metadata or by assignment. This may have happened because an `Annotated` type alias using the `type` statement was used, or if the `Field()` function was attached to a single member of a union type.
  warnings.warn(
INFO:2026-05-12 21:31:10,886:jax._src.xla_bridge:830: Unable to initialize backend 'tpu': INTERNAL: Failed to open libtpu.so: libtpu.so: cannot open shared object file: No such file or directory
I0512 21:31:10.886732 140353626490048 xla_bridge.py:830] Unable to initialize backend 'tpu': INTERNAL: Failed to open libtpu.so: libtpu.so: cannot open shared object file: No such file or directory
I0512 21:31:11.621949 140353626490048 logger_utils.py:84] Creating experiment directory at /experiment_runs/submissions_a100/schedule_free_adamw_jax_v2/study_2/imagenet_vit_jax.
I0512 21:31:12.194907 140353626490048 submission_runner.py:741] Creating directory at /experiment_runs/submissions_a100/schedule_free_adamw_jax_v2/study_2/imagenet_vit_jax/trial_1.
I0512 21:31:12.458444 140353626490048 submission_runner.py:242] Initializing dataset.
I0512 21:31:12.974783 140353626490048 dataset_info.py:707] Load dataset info from /data/imagenet/jax/imagenet2012/5.1.0
I0512 21:31:13.037273 140353626490048 dataset_info.py:793] For 'imagenet2012/5.1.0': fields info.[splits, supervised_keys] differ on disk and in the code. Keeping the one from code.
I0512 21:31:13.314517 140353626490048 reader.py:262] Creating a tf.data.Dataset reading 1024 files located in folders: /data/imagenet/jax/imagenet2012/5.1.0.
I0512 21:31:13.392136 140353626490048 logging_logger.py:49] Constructing tf.data.Dataset imagenet2012 for split train, from /data/imagenet/jax/imagenet2012/5.1.0
I0512 21:31:19.828848 140353626490048 submission_runner.py:251] Initializing model.
I0512 21:31:56.408358 140353626490048 submission_runner.py:294] Initializing optimizer.
I0512 21:31:57.124674 140353626490048 submission_runner.py:299] Initializing metrics bundle.
I0512 21:31:57.124887 140353626490048 submission_runner.py:321] Initializing checkpoint and logger.
I0512 21:31:57.127610 140353626490048 checkpoints.py:1098] Found no checkpoint files in /experiment_runs/submissions_a100/schedule_free_adamw_jax_v2/study_2/imagenet_vit_jax/trial_1 with prefix checkpoint_
I0512 21:31:57.127730 140353626490048 submission_runner.py:344] Saving meta data to /experiment_runs/submissions_a100/schedule_free_adamw_jax_v2/study_2/imagenet_vit_jax/trial_1/meta_data_0.json.
I0512 21:31:57.369582 140353626490048 submission_runner.py:348] Saving flags to /experiment_runs/submissions_a100/schedule_free_adamw_jax_v2/study_2/imagenet_vit_jax/trial_1/flags_0.json.
I0512 21:31:57.380481 140353626490048 submission_runner.py:359] Starting training loop.
/usr/local/lib/python3.11/site-packages/jax/_src/interpreters/mlir.py:1268: UserWarning: Some donated buffers were not usable: float32[384], float32[384], float32[384], float32[384], float32[384], float32[384], float32[1536], float32[384,1536], float32[384], float32[1536,384], float32[6,64], float32[384,6,64], float32[384], float32[6,64,384], float32[6,64], float32[384,6,64], float32[6,64], float32[384,6,64], float32[384], float32[384], float32[384], float32[384], float32[1536], float32[384,1536], float32[384], float32[1536,384], float32[6,64], float32[384,6,64], float32[384], float32[6,64,384], float32[6,64], float32[384,6,64], float32[6,64], float32[384,6,64], float32[384], float32[384], float32[384], float32[384], float32[1536], float32[384,1536], float32[384], float32[1536,384], float32[6,64], float32[384,6,64], float32[384], float32[6,64,384], float32[6,64], float32[384,6,64], float32[6,64], float32[384,6,64], float32[384], float32[384], float32[384], float32[384], float32[1536], float32[384,1536], float32[384], float32[1536,384], float32[6,64], float32[384,6,64], float32[384], float32[6,64,384], float32[6,64], float32[384,6,64], float32[6,64], float32[384,6,64], float32[384], float32[384], float32[384], float32[384], float32[1536], float32[384,1536], float32[384], float32[1536,384], float32[6,64], float32[384,6,64], float32[384], float32[6,64,384], float32[6,64], float32[384,6,64], float32[6,64], float32[384,6,64], float32[384], float32[384], float32[384], float32[384], float32[1536], float32[384,1536], float32[384], float32[1536,384], float32[6,64], float32[384,6,64], float32[384], float32[6,64,384], float32[6,64], float32[384,6,64], float32[6,64], float32[384,6,64], float32[384], float32[384], float32[384], float32[384], float32[1536], float32[384,1536], float32[384], float32[1536,384], float32[6,64], float32[384,6,64], float32[384], float32[6,64,384], float32[6,64], float32[384,6,64], float32[6,64], float32[384,6,64], float32[384], float32[384], float32[384], float32[384], float32[1536], float32[384,1536], float32[384], float32[1536,384], float32[6,64], float32[384,6,64], float32[384], float32[6,64,384], float32[6,64], float32[384,6,64], float32[6,64], float32[384,6,64], float32[384], float32[384], float32[384], float32[384], float32[1536], float32[384,1536], float32[384], float32[1536,384], float32[6,64], float32[384,6,64], float32[384], float32[6,64,384], float32[6,64], float32[384,6,64], float32[6,64], float32[384,6,64], float32[384], float32[384], float32[384], float32[384], float32[1536], float32[384,1536], float32[384], float32[1536,384], float32[6,64], float32[384,6,64], float32[384], float32[6,64,384], float32[6,64], float32[384,6,64], float32[6,64], float32[384,6,64], float32[384], float32[384], float32[384], float32[384], float32[1536], float32[384,1536], float32[384], float32[1536,384], float32[6,64], float32[384,6,64], float32[384], float32[6,64,384], float32[6,64], float32[384,6,64], float32[6,64], float32[384,6,64], float32[384], float32[384], float32[384], float32[384], float32[1536], float32[384,1536], float32[384], float32[1536,384], float32[6,64], float32[384,6,64], float32[384], float32[6,64,384], float32[6,64], float32[384,6,64], float32[6,64], float32[384,6,64], float32[384], float32[16,16,3,384], float32[1000], float32[384,1000], float32[384], float32[384,384].
See an explanation at https://docs.jax.dev/en/latest/faq.html#buffer-donation.
  warnings.warn("Some donated buffers were not usable:"
I0512 21:32:50.441946 140338626819840 logging_writer.py:48] [0] global_step=0, grad_norm=0.3718965947628021, loss=6.9077558517456055
I0512 21:32:51.713343 140353626490048 spec.py:333] Evaluating on the training split.
I0512 21:32:51.717796 140353626490048 dataset_info.py:707] Load dataset info from /data/imagenet/jax/imagenet2012/5.1.0
I0512 21:32:51.723165 140353626490048 dataset_info.py:793] For 'imagenet2012/5.1.0': fields info.[splits, supervised_keys] differ on disk and in the code. Keeping the one from code.
I0512 21:32:51.741556 140353626490048 reader.py:262] Creating a tf.data.Dataset reading 1024 files located in folders: /data/imagenet/jax/imagenet2012/5.1.0.
I0512 21:32:51.784326 140353626490048 logging_logger.py:49] Constructing tf.data.Dataset imagenet2012 for split train, from /data/imagenet/jax/imagenet2012/5.1.0
I0512 21:33:17.672314 140353626490048 spec.py:346] Evaluating on the validation split.
I0512 21:33:17.676627 140353626490048 dataset_info.py:707] Load dataset info from /data/imagenet/jax/imagenet2012/5.1.0
I0512 21:33:17.708741 140353626490048 dataset_info.py:793] For 'imagenet2012/5.1.0': fields info.[splits, supervised_keys] differ on disk and in the code. Keeping the one from code.
I0512 21:33:17.711377 140353626490048 reader.py:262] Creating a tf.data.Dataset reading 64 files located in folders: /data/imagenet/jax/imagenet2012/5.1.0.
I0512 21:33:17.840258 140353626490048 logging_logger.py:49] Constructing tf.data.Dataset imagenet2012 for split validation, from /data/imagenet/jax/imagenet2012/5.1.0
I0512 21:33:51.402893 140353626490048 spec.py:363] Evaluating on the test split.
I0512 21:33:51.534804 140353626490048 dataset_info.py:707] Load dataset info from /data/imagenet/jax/imagenet_v2/matched-frequency/3.0.0
I0512 21:33:51.587404 140353626490048 reader.py:262] Creating a tf.data.Dataset reading 16 files located in folders: /data/imagenet/jax/imagenet_v2/matched-frequency/3.0.0.
I0512 21:33:51.637247 140353626490048 logging_logger.py:49] Constructing tf.data.Dataset imagenet_v2 for split test, from /data/imagenet/jax/imagenet_v2/matched-frequency/3.0.0
I0512 21:33:56.879651 140353626490048 submission_runner.py:516] Time since start: 119.50s, 	Step: 1, 	{'train/accuracy': Array(0.00095703, dtype=float32), 'train/loss': Array(6.907755, dtype=float32), 'validation/accuracy': Array(0.001, dtype=float32), 'validation/loss': Array(6.907755, dtype=float32), 'validation/num_examples': 50000, 'test/accuracy': Array(0.001, dtype=float32), 'test/loss': Array(6.907755, dtype=float32), 'test/num_examples': 10000, 'score': 54.33276605606079, 'total_duration': 119.49752497673035, 'accumulated_submission_time': 54.33276605606079, 'accumulated_eval_time': 65.16466951370239, 'accumulated_logging_time': 0}
I0512 21:33:56.898119 140121210869504 logging_writer.py:48] [1] accumulated_eval_time=65.1647, accumulated_logging_time=0, accumulated_submission_time=54.3328, global_step=1, preemption_count=0, score=54.3328, test/accuracy=0.0010000000474974513, test/loss=6.907754898071289, test/num_examples=10000, total_duration=119.498, train/accuracy=0.0009570312104187906, train/loss=6.907754898071289, validation/accuracy=0.0009999999310821295, validation/loss=6.907754898071289, validation/num_examples=50000
/usr/local/lib/python3.11/site-packages/jax/_src/interpreters/mlir.py:1268: UserWarning: Some donated buffers were not usable: float32[384], float32[384], float32[384], float32[384], float32[384], float32[384], float32[1536], float32[384,1536], float32[384], float32[1536,384], float32[6,64], float32[384,6,64], float32[384], float32[6,64,384], float32[6,64], float32[384,6,64], float32[6,64], float32[384,6,64], float32[384], float32[384], float32[384], float32[384], float32[1536], float32[384,1536], float32[384], float32[1536,384], float32[6,64], float32[384,6,64], float32[384], float32[6,64,384], float32[6,64], float32[384,6,64], float32[6,64], float32[384,6,64], float32[384], float32[384], float32[384], float32[384], float32[1536], float32[384,1536], float32[384], float32[1536,384], float32[6,64], float32[384,6,64], float32[384], float32[6,64,384], float32[6,64], float32[384,6,64], float32[6,64], float32[384,6,64], float32[384], float32[384], float32[384], float32[384], float32[1536], float32[384,1536], float32[384], float32[1536,384], float32[6,64], float32[384,6,64], float32[384], float32[6,64,384], float32[6,64], float32[384,6,64], float32[6,64], float32[384,6,64], float32[384], float32[384], float32[384], float32[384], float32[1536], float32[384,1536], float32[384], float32[1536,384], float32[6,64], float32[384,6,64], float32[384], float32[6,64,384], float32[6,64], float32[384,6,64], float32[6,64], float32[384,6,64], float32[384], float32[384], float32[384], float32[384], float32[1536], float32[384,1536], float32[384], float32[1536,384], float32[6,64], float32[384,6,64], float32[384], float32[6,64,384], float32[6,64], float32[384,6,64], float32[6,64], float32[384,6,64], float32[384], float32[384], float32[384], float32[384], float32[1536], float32[384,1536], float32[384], float32[1536,384], float32[6,64], float32[384,6,64], float32[384], float32[6,64,384], float32[6,64], float32[384,6,64], float32[6,64], float32[384,6,64], float32[384], float32[384], float32[384], float32[384], float32[1536], float32[384,1536], float32[384], float32[1536,384], float32[6,64], float32[384,6,64], float32[384], float32[6,64,384], float32[6,64], float32[384,6,64], float32[6,64], float32[384,6,64], float32[384], float32[384], float32[384], float32[384], float32[1536], float32[384,1536], float32[384], float32[1536,384], float32[6,64], float32[384,6,64], float32[384], float32[6,64,384], float32[6,64], float32[384,6,64], float32[6,64], float32[384,6,64], float32[384], float32[384], float32[384], float32[384], float32[1536], float32[384,1536], float32[384], float32[1536,384], float32[6,64], float32[384,6,64], float32[384], float32[6,64,384], float32[6,64], float32[384,6,64], float32[6,64], float32[384,6,64], float32[384], float32[384], float32[384], float32[384], float32[1536], float32[384,1536], float32[384], float32[1536,384], float32[6,64], float32[384,6,64], float32[384], float32[6,64,384], float32[6,64], float32[384,6,64], float32[6,64], float32[384,6,64], float32[384], float32[384], float32[384], float32[384], float32[1536], float32[384,1536], float32[384], float32[1536,384], float32[6,64], float32[384,6,64], float32[384], float32[6,64,384], float32[6,64], float32[384,6,64], float32[6,64], float32[384,6,64], float32[384], float32[16,16,3,384], float32[1000], float32[384,1000], float32[384], float32[384,384].
See an explanation at https://docs.jax.dev/en/latest/faq.html#buffer-donation.
  warnings.warn("Some donated buffers were not usable:"
I0512 21:35:11.520250 140121194084096 logging_writer.py:48] [100] global_step=100, grad_norm=0.5278902053833008, loss=6.855645179748535
I0512 21:35:59.696573 140121210869504 logging_writer.py:48] [200] global_step=200, grad_norm=0.8832110166549683, loss=6.750155925750732
I0512 21:36:47.481931 140121194084096 logging_writer.py:48] [300] global_step=300, grad_norm=0.9802632331848145, loss=6.63841438293457
I0512 21:37:35.437707 140121210869504 logging_writer.py:48] [400] global_step=400, grad_norm=1.5617151260375977, loss=6.733103275299072
I0512 21:38:24.136151 140121194084096 logging_writer.py:48] [500] global_step=500, grad_norm=1.3758283853530884, loss=6.444348335266113
I0512 21:39:14.321888 140121210869504 logging_writer.py:48] [600] global_step=600, grad_norm=1.241987705230713, loss=6.639033317565918
I0512 21:40:13.304729 140121194084096 logging_writer.py:48] [700] global_step=700, grad_norm=0.9848384857177734, loss=6.39138650894165
I0512 21:41:13.576652 140121210869504 logging_writer.py:48] [800] global_step=800, grad_norm=1.3267390727996826, loss=6.186459064483643
I0512 21:42:04.278466 140121194084096 logging_writer.py:48] [900] global_step=900, grad_norm=1.1585091352462769, loss=6.266968250274658
I0512 21:42:54.051310 140121210869504 logging_writer.py:48] [1000] global_step=1000, grad_norm=1.4175245761871338, loss=6.1616315841674805
I0512 21:43:43.402021 140121194084096 logging_writer.py:48] [1100] global_step=1100, grad_norm=2.1831393241882324, loss=6.104462146759033
I0512 21:44:32.747994 140121210869504 logging_writer.py:48] [1200] global_step=1200, grad_norm=1.0523836612701416, loss=6.010720252990723
I0512 21:45:20.696126 140121194084096 logging_writer.py:48] [1300] global_step=1300, grad_norm=1.2404910326004028, loss=6.112482070922852
I0512 21:46:08.420665 140121210869504 logging_writer.py:48] [1400] global_step=1400, grad_norm=1.0418781042099, loss=5.8662428855896
I0512 21:46:55.789873 140121194084096 logging_writer.py:48] [1500] global_step=1500, grad_norm=1.2650017738342285, loss=5.861262321472168
I0512 21:47:42.941322 140121210869504 logging_writer.py:48] [1600] global_step=1600, grad_norm=1.0133135318756104, loss=5.790785312652588
I0512 21:48:29.943326 140121194084096 logging_writer.py:48] [1700] global_step=1700, grad_norm=0.9811525940895081, loss=6.15701961517334
I0512 21:49:16.230030 140121210869504 logging_writer.py:48] [1800] global_step=1800, grad_norm=0.9045039415359497, loss=5.71818733215332
I0512 21:50:02.451188 140121194084096 logging_writer.py:48] [1900] global_step=1900, grad_norm=1.05557382106781, loss=5.743590354919434
I0512 21:50:48.728264 140121210869504 logging_writer.py:48] [2000] global_step=2000, grad_norm=1.1823594570159912, loss=5.8138427734375
I0512 21:51:34.868060 140121194084096 logging_writer.py:48] [2100] global_step=2100, grad_norm=1.031500220298767, loss=6.621992588043213
I0512 21:52:21.028034 140121210869504 logging_writer.py:48] [2200] global_step=2200, grad_norm=0.9037871360778809, loss=6.152575492858887
I0512 21:53:07.243651 140121194084096 logging_writer.py:48] [2300] global_step=2300, grad_norm=1.060102105140686, loss=5.863020896911621
I0512 21:53:53.371581 140121210869504 logging_writer.py:48] [2400] global_step=2400, grad_norm=0.9505425095558167, loss=5.523467063903809
I0512 21:54:39.491877 140121194084096 logging_writer.py:48] [2500] global_step=2500, grad_norm=1.1800435781478882, loss=5.331881523132324
I0512 21:55:25.436137 140121210869504 logging_writer.py:48] [2600] global_step=2600, grad_norm=1.202178716659546, loss=5.488372802734375
I0512 21:56:11.790950 140121194084096 logging_writer.py:48] [2700] global_step=2700, grad_norm=1.1413898468017578, loss=6.542930603027344
I0512 21:56:57.953669 140121210869504 logging_writer.py:48] [2800] global_step=2800, grad_norm=0.9439160823822021, loss=5.851271629333496
I0512 21:57:44.178426 140121194084096 logging_writer.py:48] [2900] global_step=2900, grad_norm=1.0053396224975586, loss=6.279908180236816
I0512 21:58:30.475239 140121210869504 logging_writer.py:48] [3000] global_step=3000, grad_norm=0.791685938835144, loss=6.072531223297119
I0512 21:59:16.701716 140121194084096 logging_writer.py:48] [3100] global_step=3100, grad_norm=1.0232151746749878, loss=5.121059417724609
I0512 22:00:02.813872 140121210869504 logging_writer.py:48] [3200] global_step=3200, grad_norm=0.9963734149932861, loss=4.977420806884766
I0512 22:00:48.963911 140121194084096 logging_writer.py:48] [3300] global_step=3300, grad_norm=0.9170476198196411, loss=5.39500617980957
I0512 22:01:35.206622 140121210869504 logging_writer.py:48] [3400] global_step=3400, grad_norm=1.0375436544418335, loss=5.778647422790527
I0512 22:02:21.405489 140121194084096 logging_writer.py:48] [3500] global_step=3500, grad_norm=0.9378206133842468, loss=4.877535343170166
I0512 22:03:07.603296 140121210869504 logging_writer.py:48] [3600] global_step=3600, grad_norm=1.1731352806091309, loss=5.014704704284668
I0512 22:03:53.887664 140121194084096 logging_writer.py:48] [3700] global_step=3700, grad_norm=0.9482812285423279, loss=6.132902145385742
I0512 22:04:40.004991 140121210869504 logging_writer.py:48] [3800] global_step=3800, grad_norm=1.0914148092269897, loss=6.295197010040283
I0512 22:05:26.339109 140121194084096 logging_writer.py:48] [3900] global_step=3900, grad_norm=1.1408485174179077, loss=5.134582996368408
I0512 22:06:12.723992 140121210869504 logging_writer.py:48] [4000] global_step=4000, grad_norm=1.1397770643234253, loss=6.14794397354126
I0512 22:06:58.884536 140121194084096 logging_writer.py:48] [4100] global_step=4100, grad_norm=1.1043777465820312, loss=4.7115020751953125
I0512 22:07:44.958250 140121210869504 logging_writer.py:48] [4200] global_step=4200, grad_norm=0.8954635858535767, loss=5.357938766479492
I0512 22:08:31.018460 140121194084096 logging_writer.py:48] [4300] global_step=4300, grad_norm=0.9478473663330078, loss=4.798069953918457
I0512 22:09:17.160294 140121210869504 logging_writer.py:48] [4400] global_step=4400, grad_norm=1.1046820878982544, loss=5.198925971984863
I0512 22:10:03.086228 140121194084096 logging_writer.py:48] [4500] global_step=4500, grad_norm=0.9438434839248657, loss=4.532907485961914
I0512 22:10:49.293300 140121210869504 logging_writer.py:48] [4600] global_step=4600, grad_norm=1.106553554534912, loss=4.5955400466918945
I0512 22:11:35.351281 140121194084096 logging_writer.py:48] [4700] global_step=4700, grad_norm=1.0291838645935059, loss=4.466221332550049
I0512 22:12:21.597750 140121210869504 logging_writer.py:48] [4800] global_step=4800, grad_norm=1.031782865524292, loss=4.524913311004639
I0512 22:13:07.501490 140121194084096 logging_writer.py:48] [4900] global_step=4900, grad_norm=1.0951236486434937, loss=4.371525287628174
I0512 22:13:53.150862 140121210869504 logging_writer.py:48] [5000] global_step=5000, grad_norm=0.9696153998374939, loss=5.18142032623291
I0512 22:14:38.642393 140121194084096 logging_writer.py:48] [5100] global_step=5100, grad_norm=1.097414493560791, loss=4.327963352203369
I0512 22:15:24.265239 140121210869504 logging_writer.py:48] [5200] global_step=5200, grad_norm=0.9242308139801025, loss=5.064452171325684
I0512 22:16:10.260211 140121194084096 logging_writer.py:48] [5300] global_step=5300, grad_norm=1.0265547037124634, loss=4.298398017883301
I0512 22:16:48.098730 140353626490048 spec.py:333] Evaluating on the training split.
I0512 22:17:02.776333 140353626490048 spec.py:346] Evaluating on the validation split.
I0512 22:17:12.667289 140353626490048 spec.py:363] Evaluating on the test split.
I0512 22:17:13.589302 140353626490048 submission_runner.py:516] Time since start: 2716.21s, 	Step: 5384, 	{'train/accuracy': Array(0.29310545, dtype=float32), 'train/loss': Array(3.4676025, dtype=float32), 'validation/accuracy': Array(0.2708, dtype=float32), 'validation/loss': Array(3.6034858, dtype=float32), 'validation/num_examples': 50000, 'test/accuracy': Array(0.2028, dtype=float32), 'test/loss': Array(4.0738306, dtype=float32), 'test/num_examples': 10000, 'score': 2625.439747095108, 'total_duration': 2716.2066242694855, 'accumulated_submission_time': 2625.439747095108, 'accumulated_eval_time': 90.6530590057373, 'accumulated_logging_time': 0.027042865753173828}
I0512 22:17:13.630210 140121219262208 logging_writer.py:48] [5384] accumulated_eval_time=90.6531, accumulated_logging_time=0.0270429, accumulated_submission_time=2625.44, global_step=5384, preemption_count=0, score=2625.44, test/accuracy=0.20280000567436218, test/loss=4.073830604553223, test/num_examples=10000, total_duration=2716.21, train/accuracy=0.29310545325279236, train/loss=3.467602491378784, validation/accuracy=0.27079999446868896, validation/loss=3.6034858226776123, validation/num_examples=50000
I0512 22:17:17.863011 140121227654912 logging_writer.py:48] [5400] global_step=5400, grad_norm=1.1503044366836548, loss=4.420411109924316
I0512 22:18:04.254476 140121219262208 logging_writer.py:48] [5500] global_step=5500, grad_norm=0.8857558965682983, loss=6.199021339416504
I0512 22:18:49.909915 140121227654912 logging_writer.py:48] [5600] global_step=5600, grad_norm=1.1343070268630981, loss=4.223787784576416
I0512 22:19:35.540670 140121219262208 logging_writer.py:48] [5700] global_step=5700, grad_norm=0.915579617023468, loss=5.647327423095703
I0512 22:20:21.210794 140121227654912 logging_writer.py:48] [5800] global_step=5800, grad_norm=1.064264178276062, loss=4.121528625488281
I0512 22:21:06.817415 140121219262208 logging_writer.py:48] [5900] global_step=5900, grad_norm=1.296764612197876, loss=4.2818145751953125
I0512 22:21:52.539261 140121227654912 logging_writer.py:48] [6000] global_step=6000, grad_norm=1.1392297744750977, loss=4.4468584060668945
I0512 22:22:38.194887 140121219262208 logging_writer.py:48] [6100] global_step=6100, grad_norm=0.6788530349731445, loss=6.105779647827148
I0512 22:23:23.804317 140121227654912 logging_writer.py:48] [6200] global_step=6200, grad_norm=1.2598711252212524, loss=4.236583232879639
I0512 22:24:09.137552 140121219262208 logging_writer.py:48] [6300] global_step=6300, grad_norm=1.0699352025985718, loss=4.139194488525391
I0512 22:24:54.538306 140121227654912 logging_writer.py:48] [6400] global_step=6400, grad_norm=1.1559257507324219, loss=4.168735504150391
I0512 22:25:40.357557 140121219262208 logging_writer.py:48] [6500] global_step=6500, grad_norm=1.1647429466247559, loss=4.157280445098877
I0512 22:26:26.192665 140121227654912 logging_writer.py:48] [6600] global_step=6600, grad_norm=0.8724865913391113, loss=5.809030532836914
I0512 22:27:11.552665 140121219262208 logging_writer.py:48] [6700] global_step=6700, grad_norm=1.1887378692626953, loss=4.1082634925842285
I0512 22:27:57.168868 140121227654912 logging_writer.py:48] [6800] global_step=6800, grad_norm=1.0524235963821411, loss=5.351245880126953
I0512 22:28:42.684319 140121219262208 logging_writer.py:48] [6900] global_step=6900, grad_norm=1.2578299045562744, loss=4.017601013183594
I0512 22:29:28.349808 140121227654912 logging_writer.py:48] [7000] global_step=7000, grad_norm=0.9642919301986694, loss=6.0898213386535645
I0512 22:30:13.837384 140121219262208 logging_writer.py:48] [7100] global_step=7100, grad_norm=0.8420490026473999, loss=6.012109756469727
I0512 22:30:59.401329 140121227654912 logging_writer.py:48] [7200] global_step=7200, grad_norm=1.3809173107147217, loss=3.990593910217285
I0512 22:31:45.039911 140121219262208 logging_writer.py:48] [7300] global_step=7300, grad_norm=1.2894302606582642, loss=4.010649681091309
I0512 22:32:30.684181 140121227654912 logging_writer.py:48] [7400] global_step=7400, grad_norm=0.9456173181533813, loss=5.0819902420043945
I0512 22:33:16.191883 140121219262208 logging_writer.py:48] [7500] global_step=7500, grad_norm=1.145939588546753, loss=4.160287857055664
I0512 22:34:01.662461 140121227654912 logging_writer.py:48] [7600] global_step=7600, grad_norm=1.1963882446289062, loss=3.8802249431610107
I0512 22:34:47.237625 140121219262208 logging_writer.py:48] [7700] global_step=7700, grad_norm=1.3356223106384277, loss=5.06528902053833
I0512 22:35:32.672241 140121227654912 logging_writer.py:48] [7800] global_step=7800, grad_norm=1.0850555896759033, loss=5.076369762420654
I0512 22:36:18.567800 140121219262208 logging_writer.py:48] [7900] global_step=7900, grad_norm=0.9258987307548523, loss=5.357316017150879
I0512 22:37:04.020473 140121227654912 logging_writer.py:48] [8000] global_step=8000, grad_norm=1.3500856161117554, loss=3.8526291847229004
I0512 22:37:49.517596 140121219262208 logging_writer.py:48] [8100] global_step=8100, grad_norm=1.0912017822265625, loss=4.020143032073975
I0512 22:38:34.920556 140121227654912 logging_writer.py:48] [8200] global_step=8200, grad_norm=1.7619227170944214, loss=4.212574005126953
I0512 22:39:20.401681 140121219262208 logging_writer.py:48] [8300] global_step=8300, grad_norm=1.2791637182235718, loss=4.248787879943848
I0512 22:40:05.864693 140121227654912 logging_writer.py:48] [8400] global_step=8400, grad_norm=1.3389065265655518, loss=3.782735824584961
I0512 22:40:51.388679 140121219262208 logging_writer.py:48] [8500] global_step=8500, grad_norm=1.0645655393600464, loss=3.7919769287109375
I0512 22:41:36.928459 140121227654912 logging_writer.py:48] [8600] global_step=8600, grad_norm=1.1479434967041016, loss=3.5881800651550293
I0512 22:42:22.474403 140121219262208 logging_writer.py:48] [8700] global_step=8700, grad_norm=1.2765763998031616, loss=3.6959285736083984
I0512 22:43:07.904538 140121227654912 logging_writer.py:48] [8800] global_step=8800, grad_norm=1.4742586612701416, loss=4.109412670135498
I0512 22:43:53.312938 140121219262208 logging_writer.py:48] [8900] global_step=8900, grad_norm=1.4560292959213257, loss=3.763214349746704
I0512 22:44:38.914684 140121227654912 logging_writer.py:48] [9000] global_step=9000, grad_norm=1.3125823736190796, loss=3.708261013031006
I0512 22:45:24.455989 140121219262208 logging_writer.py:48] [9100] global_step=9100, grad_norm=1.185903787612915, loss=3.5244109630584717
I0512 22:46:10.243691 140121227654912 logging_writer.py:48] [9200] global_step=9200, grad_norm=1.0028690099716187, loss=4.37680721282959
I0512 22:46:55.850344 140121219262208 logging_writer.py:48] [9300] global_step=9300, grad_norm=1.4846285581588745, loss=3.4994497299194336
I0512 22:47:41.211269 140121227654912 logging_writer.py:48] [9400] global_step=9400, grad_norm=1.0330737829208374, loss=4.1351165771484375
I0512 22:48:26.579188 140121219262208 logging_writer.py:48] [9500] global_step=9500, grad_norm=1.2961537837982178, loss=4.456657886505127
I0512 22:49:11.960536 140121227654912 logging_writer.py:48] [9600] global_step=9600, grad_norm=1.4179368019104004, loss=3.582367420196533
I0512 22:49:57.432693 140121219262208 logging_writer.py:48] [9700] global_step=9700, grad_norm=1.1283046007156372, loss=3.7364611625671387
I0512 22:50:42.804681 140121227654912 logging_writer.py:48] [9800] global_step=9800, grad_norm=1.1158506870269775, loss=3.982198476791382
I0512 22:51:28.414842 140121219262208 logging_writer.py:48] [9900] global_step=9900, grad_norm=1.1222652196884155, loss=4.411191940307617
I0512 22:52:13.862916 140121227654912 logging_writer.py:48] [10000] global_step=10000, grad_norm=0.9495702385902405, loss=5.822738170623779
I0512 22:52:59.190714 140121219262208 logging_writer.py:48] [10100] global_step=10100, grad_norm=1.2985634803771973, loss=3.4490559101104736
I0512 22:53:44.663418 140121227654912 logging_writer.py:48] [10200] global_step=10200, grad_norm=1.2112224102020264, loss=5.342996597290039
I0512 22:54:30.089175 140121219262208 logging_writer.py:48] [10300] global_step=10300, grad_norm=1.451033592224121, loss=4.2044196128845215
I0512 22:55:15.548091 140121227654912 logging_writer.py:48] [10400] global_step=10400, grad_norm=1.4634721279144287, loss=3.49685001373291
I0512 22:56:01.329718 140121219262208 logging_writer.py:48] [10500] global_step=10500, grad_norm=1.1368952989578247, loss=4.226232528686523
I0512 22:56:46.661469 140121227654912 logging_writer.py:48] [10600] global_step=10600, grad_norm=1.309509515762329, loss=3.567042350769043
I0512 22:57:32.082480 140121219262208 logging_writer.py:48] [10700] global_step=10700, grad_norm=1.4566682577133179, loss=3.458563804626465
I0512 22:58:17.396611 140121227654912 logging_writer.py:48] [10800] global_step=10800, grad_norm=1.2829701900482178, loss=3.487691640853882
I0512 22:59:02.828155 140121219262208 logging_writer.py:48] [10900] global_step=10900, grad_norm=1.124586820602417, loss=4.976785659790039
I0512 22:59:48.239826 140121227654912 logging_writer.py:48] [11000] global_step=11000, grad_norm=0.886755108833313, loss=5.10542106628418
I0512 23:00:04.951612 140353626490048 spec.py:333] Evaluating on the training split.
I0512 23:00:20.406681 140353626490048 spec.py:346] Evaluating on the validation split.
I0512 23:00:29.529248 140353626490048 spec.py:363] Evaluating on the test split.
I0512 23:00:30.486091 140353626490048 submission_runner.py:516] Time since start: 5313.10s, 	Step: 11038, 	{'train/accuracy': Array(0.4686328, dtype=float32), 'train/loss': Array(2.4096582, dtype=float32), 'validation/accuracy': Array(0.43032, dtype=float32), 'validation/loss': Array(2.59885, dtype=float32), 'validation/num_examples': 50000, 'test/accuracy': Array(0.33490002, dtype=float32), 'test/loss': Array(3.1943588, dtype=float32), 'test/num_examples': 10000, 'score': 5196.647485494614, 'total_duration': 5313.1033589839935, 'accumulated_submission_time': 5196.647485494614, 'accumulated_eval_time': 116.18529462814331, 'accumulated_logging_time': 0.09537625312805176}
I0512 23:00:30.517244 140121219262208 logging_writer.py:48] [11038] accumulated_eval_time=116.185, accumulated_logging_time=0.0953763, accumulated_submission_time=5196.65, global_step=11038, preemption_count=0, score=5196.65, test/accuracy=0.33490002155303955, test/loss=3.1943588256835938, test/num_examples=10000, total_duration=5313.1, train/accuracy=0.4686327874660492, train/loss=2.409658193588257, validation/accuracy=0.43031999468803406, validation/loss=2.5988500118255615, validation/num_examples=50000
I0512 23:00:57.038896 140121227654912 logging_writer.py:48] [11100] global_step=11100, grad_norm=1.4186526536941528, loss=3.355386734008789
I0512 23:01:42.472669 140121219262208 logging_writer.py:48] [11200] global_step=11200, grad_norm=0.8262020349502563, loss=5.494651794433594
I0512 23:02:27.908651 140121227654912 logging_writer.py:48] [11300] global_step=11300, grad_norm=1.894798755645752, loss=3.736638069152832
I0512 23:03:13.343591 140121219262208 logging_writer.py:48] [11400] global_step=11400, grad_norm=1.0343289375305176, loss=5.130260944366455
I0512 23:03:58.897693 140121227654912 logging_writer.py:48] [11500] global_step=11500, grad_norm=1.285437822341919, loss=5.146134853363037
I0512 23:04:44.308725 140121219262208 logging_writer.py:48] [11600] global_step=11600, grad_norm=1.4881973266601562, loss=3.873945713043213
I0512 23:05:29.751987 140121227654912 logging_writer.py:48] [11700] global_step=11700, grad_norm=1.4465514421463013, loss=3.381486415863037
I0512 23:06:15.688215 140121227654912 logging_writer.py:48] [11800] global_step=11800, grad_norm=1.365189790725708, loss=3.388354778289795
I0512 23:07:01.124968 140121219262208 logging_writer.py:48] [11900] global_step=11900, grad_norm=1.4603075981140137, loss=3.3457252979278564
I0512 23:07:46.677319 140121227654912 logging_writer.py:48] [12000] global_step=12000, grad_norm=1.280367374420166, loss=4.20208215713501
I0512 23:08:32.133743 140121219262208 logging_writer.py:48] [12100] global_step=12100, grad_norm=1.445089340209961, loss=3.4908244609832764
I0512 23:09:17.737369 140121227654912 logging_writer.py:48] [12200] global_step=12200, grad_norm=1.434892177581787, loss=3.3038296699523926
I0512 23:10:03.263031 140121219262208 logging_writer.py:48] [12300] global_step=12300, grad_norm=1.5527455806732178, loss=3.151412010192871
I0512 23:10:48.851957 140121227654912 logging_writer.py:48] [12400] global_step=12400, grad_norm=0.8955923914909363, loss=5.615516662597656
I0512 23:11:34.312171 140121219262208 logging_writer.py:48] [12500] global_step=12500, grad_norm=1.0527247190475464, loss=4.785316467285156
I0512 23:12:19.492036 140121227654912 logging_writer.py:48] [12600] global_step=12600, grad_norm=1.5019290447235107, loss=3.1757476329803467
I0512 23:13:04.983030 140121219262208 logging_writer.py:48] [12700] global_step=12700, grad_norm=1.5482832193374634, loss=3.1775965690612793
I0512 23:13:50.545035 140121227654912 logging_writer.py:48] [12800] global_step=12800, grad_norm=1.5798568725585938, loss=3.400155782699585
I0512 23:14:36.127805 140121219262208 logging_writer.py:48] [12900] global_step=12900, grad_norm=1.0554108619689941, loss=5.647466659545898
I0512 23:15:21.644364 140121227654912 logging_writer.py:48] [13000] global_step=13000, grad_norm=1.1957664489746094, loss=4.158628940582275
I0512 23:16:07.451145 140121219262208 logging_writer.py:48] [13100] global_step=13100, grad_norm=1.5346060991287231, loss=3.128054618835449
I0512 23:16:52.976130 140121227654912 logging_writer.py:48] [13200] global_step=13200, grad_norm=1.50669264793396, loss=3.201866626739502
I0512 23:17:38.365071 140121219262208 logging_writer.py:48] [13300] global_step=13300, grad_norm=1.9439184665679932, loss=3.1366941928863525
I0512 23:18:23.709029 140121227654912 logging_writer.py:48] [13400] global_step=13400, grad_norm=1.3461039066314697, loss=4.077657699584961
I0512 23:19:09.207805 140121219262208 logging_writer.py:48] [13500] global_step=13500, grad_norm=0.9936761856079102, loss=5.655735969543457
I0512 23:19:54.669738 140121227654912 logging_writer.py:48] [13600] global_step=13600, grad_norm=1.2388745546340942, loss=4.608188152313232
I0512 23:20:40.260689 140121219262208 logging_writer.py:48] [13700] global_step=13700, grad_norm=1.072509527206421, loss=5.056779861450195
I0512 23:21:25.650814 140121227654912 logging_writer.py:48] [13800] global_step=13800, grad_norm=1.4202961921691895, loss=3.054258346557617
I0512 23:22:11.183784 140121219262208 logging_writer.py:48] [13900] global_step=13900, grad_norm=1.6082220077514648, loss=3.2271556854248047
I0512 23:22:56.676062 140121227654912 logging_writer.py:48] [14000] global_step=14000, grad_norm=1.6616698503494263, loss=3.0659737586975098
I0512 23:23:42.099434 140121219262208 logging_writer.py:48] [14100] global_step=14100, grad_norm=1.0586425065994263, loss=5.597232341766357
I0512 23:24:27.573134 140121227654912 logging_writer.py:48] [14200] global_step=14200, grad_norm=1.1580467224121094, loss=3.5941810607910156
I0512 23:25:13.252684 140121219262208 logging_writer.py:48] [14300] global_step=14300, grad_norm=1.7240350246429443, loss=3.0957202911376953
I0512 23:25:59.060663 140121227654912 logging_writer.py:48] [14400] global_step=14400, grad_norm=1.145201325416565, loss=4.1499528884887695
I0512 23:26:44.508557 140121219262208 logging_writer.py:48] [14500] global_step=14500, grad_norm=1.5293008089065552, loss=3.0449562072753906
I0512 23:27:30.073712 140121227654912 logging_writer.py:48] [14600] global_step=14600, grad_norm=1.638708472251892, loss=3.1591429710388184
I0512 23:28:15.516289 140121219262208 logging_writer.py:48] [14700] global_step=14700, grad_norm=1.5012842416763306, loss=3.062547206878662
I0512 23:29:01.085013 140121227654912 logging_writer.py:48] [14800] global_step=14800, grad_norm=1.7350800037384033, loss=3.1747636795043945
I0512 23:29:46.638112 140121219262208 logging_writer.py:48] [14900] global_step=14900, grad_norm=1.4284456968307495, loss=3.793607711791992
I0512 23:30:32.086399 140121227654912 logging_writer.py:48] [15000] global_step=15000, grad_norm=1.3720036745071411, loss=3.2634177207946777
I0512 23:31:17.355443 140121219262208 logging_writer.py:48] [15100] global_step=15100, grad_norm=1.7612828016281128, loss=3.178360939025879
I0512 23:32:02.647752 140121227654912 logging_writer.py:48] [15200] global_step=15200, grad_norm=1.4394803047180176, loss=3.1494836807250977
I0512 23:32:48.305057 140121219262208 logging_writer.py:48] [15300] global_step=15300, grad_norm=1.6939634084701538, loss=2.9958863258361816
I0512 23:33:33.870372 140121227654912 logging_writer.py:48] [15400] global_step=15400, grad_norm=1.2007174491882324, loss=4.24364709854126
I0512 23:34:19.380659 140121219262208 logging_writer.py:48] [15500] global_step=15500, grad_norm=1.584088921546936, loss=3.082942247390747
I0512 23:35:04.787522 140121227654912 logging_writer.py:48] [15600] global_step=15600, grad_norm=1.617088794708252, loss=3.0021872520446777
I0512 23:35:50.633373 140121219262208 logging_writer.py:48] [15700] global_step=15700, grad_norm=1.7383718490600586, loss=2.924187183380127
I0512 23:36:36.161518 140121227654912 logging_writer.py:48] [15800] global_step=15800, grad_norm=1.059706687927246, loss=4.746603965759277
I0512 23:37:21.842056 140121219262208 logging_writer.py:48] [15900] global_step=15900, grad_norm=1.5822888612747192, loss=2.9173805713653564
I0512 23:38:07.125073 140121227654912 logging_writer.py:48] [16000] global_step=16000, grad_norm=0.9790387749671936, loss=5.6111040115356445
I0512 23:38:52.805925 140121219262208 logging_writer.py:48] [16100] global_step=16100, grad_norm=1.612087368965149, loss=3.132594585418701
I0512 23:39:38.414340 140121227654912 logging_writer.py:48] [16200] global_step=16200, grad_norm=1.4872803688049316, loss=3.0217843055725098
I0512 23:40:23.884664 140121219262208 logging_writer.py:48] [16300] global_step=16300, grad_norm=1.5234490633010864, loss=3.052215576171875
I0512 23:41:09.242153 140121227654912 logging_writer.py:48] [16400] global_step=16400, grad_norm=1.49787437915802, loss=3.274885892868042
I0512 23:41:54.712653 140121219262208 logging_writer.py:48] [16500] global_step=16500, grad_norm=1.6310234069824219, loss=3.3098292350769043
I0512 23:42:40.209022 140121227654912 logging_writer.py:48] [16600] global_step=16600, grad_norm=1.4896464347839355, loss=3.248945951461792
I0512 23:43:21.502156 140353626490048 spec.py:333] Evaluating on the training split.
I0512 23:43:36.996645 140353626490048 spec.py:346] Evaluating on the validation split.
I0512 23:43:45.750247 140353626490048 spec.py:363] Evaluating on the test split.
I0512 23:43:46.710863 140353626490048 submission_runner.py:516] Time since start: 7909.33s, 	Step: 16692, 	{'train/accuracy': Array(0.5623437, dtype=float32), 'train/loss': Array(1.9187963, dtype=float32), 'validation/accuracy': Array(0.51386, dtype=float32), 'validation/loss': Array(2.1432285, dtype=float32), 'validation/num_examples': 50000, 'test/accuracy': Array(0.40050003, dtype=float32), 'test/loss': Array(2.78238, dtype=float32), 'test/num_examples': 10000, 'score': 7767.532975912094, 'total_duration': 7909.327899694443, 'accumulated_submission_time': 7767.532975912094, 'accumulated_eval_time': 141.39152908325195, 'accumulated_logging_time': 0.1543264389038086}
I0512 23:43:46.752883 140121219262208 logging_writer.py:48] [16692] accumulated_eval_time=141.392, accumulated_logging_time=0.154326, accumulated_submission_time=7767.53, global_step=16692, preemption_count=0, score=7767.53, test/accuracy=0.40050002932548523, test/loss=2.7823801040649414, test/num_examples=10000, total_duration=7909.33, train/accuracy=0.5623437166213989, train/loss=1.9187963008880615, validation/accuracy=0.5138599872589111, validation/loss=2.143228530883789, validation/num_examples=50000
I0512 23:43:48.824837 140121227654912 logging_writer.py:48] [16700] global_step=16700, grad_norm=2.0841519832611084, loss=3.279801845550537
I0512 23:44:34.437097 140121227654912 logging_writer.py:48] [16800] global_step=16800, grad_norm=1.464864730834961, loss=2.8657875061035156
I0512 23:45:20.183614 140121219262208 logging_writer.py:48] [16900] global_step=16900, grad_norm=1.2902593612670898, loss=3.336899995803833
I0512 23:46:06.136248 140121227654912 logging_writer.py:48] [17000] global_step=17000, grad_norm=1.152828574180603, loss=4.1244282722473145
I0512 23:46:51.848641 140121219262208 logging_writer.py:48] [17100] global_step=17100, grad_norm=1.5470103025436401, loss=3.8019628524780273
I0512 23:47:37.562858 140121227654912 logging_writer.py:48] [17200] global_step=17200, grad_norm=1.1429827213287354, loss=3.599043607711792
I0512 23:48:23.096787 140121219262208 logging_writer.py:48] [17300] global_step=17300, grad_norm=1.2265119552612305, loss=3.9420313835144043
I0512 23:49:08.660687 140121227654912 logging_writer.py:48] [17400] global_step=17400, grad_norm=1.6385639905929565, loss=2.9131436347961426
I0512 23:49:54.293838 140121219262208 logging_writer.py:48] [17500] global_step=17500, grad_norm=1.5731453895568848, loss=3.0797102451324463
I0512 23:50:39.747865 140121227654912 logging_writer.py:48] [17600] global_step=17600, grad_norm=1.2974933385849, loss=5.326164245605469
I0512 23:51:25.301979 140121219262208 logging_writer.py:48] [17700] global_step=17700, grad_norm=1.8864129781723022, loss=3.0760865211486816
I0512 23:52:10.955476 140121227654912 logging_writer.py:48] [17800] global_step=17800, grad_norm=1.5787501335144043, loss=3.7684500217437744
I0512 23:52:56.312728 140121219262208 logging_writer.py:48] [17900] global_step=17900, grad_norm=1.6131412982940674, loss=3.093140125274658
I0512 23:53:41.811963 140121227654912 logging_writer.py:48] [18000] global_step=18000, grad_norm=1.5768948793411255, loss=2.9582860469818115
I0512 23:54:27.332578 140121219262208 logging_writer.py:48] [18100] global_step=18100, grad_norm=1.4364551305770874, loss=3.022268295288086
I0512 23:55:12.787967 140121227654912 logging_writer.py:48] [18200] global_step=18200, grad_norm=1.481501817703247, loss=3.305089235305786
I0512 23:55:58.675948 140121219262208 logging_writer.py:48] [18300] global_step=18300, grad_norm=1.7100485563278198, loss=2.951979160308838
I0512 23:56:44.017805 140121227654912 logging_writer.py:48] [18400] global_step=18400, grad_norm=1.6667448282241821, loss=2.893902540206909
I0512 23:57:29.709067 140121219262208 logging_writer.py:48] [18500] global_step=18500, grad_norm=1.4420664310455322, loss=4.690318584442139
I0512 23:58:15.298009 140121227654912 logging_writer.py:48] [18600] global_step=18600, grad_norm=1.5045738220214844, loss=2.8544673919677734
I0512 23:59:00.773215 140121219262208 logging_writer.py:48] [18700] global_step=18700, grad_norm=1.5950673818588257, loss=2.7604942321777344
I0512 23:59:46.309466 140121227654912 logging_writer.py:48] [18800] global_step=18800, grad_norm=1.5295411348342896, loss=2.8168959617614746
I0513 00:00:32.056705 140121219262208 logging_writer.py:48] [18900] global_step=18900, grad_norm=1.0751396417617798, loss=4.947797775268555
I0513 00:01:17.556821 140121227654912 logging_writer.py:48] [19000] global_step=19000, grad_norm=1.9742531776428223, loss=2.8285202980041504
I0513 00:02:03.031053 140121219262208 logging_writer.py:48] [19100] global_step=19100, grad_norm=1.4536480903625488, loss=3.5225627422332764
I0513 00:02:48.754564 140121227654912 logging_writer.py:48] [19200] global_step=19200, grad_norm=1.2839444875717163, loss=4.75538444519043
I0513 00:03:34.383955 140121219262208 logging_writer.py:48] [19300] global_step=19300, grad_norm=1.3352829217910767, loss=4.194459915161133
I0513 00:04:19.868002 140121227654912 logging_writer.py:48] [19400] global_step=19400, grad_norm=1.9079415798187256, loss=2.890256643295288
I0513 00:05:05.352750 140121219262208 logging_writer.py:48] [19500] global_step=19500, grad_norm=1.948525309562683, loss=3.7783126831054688
I0513 00:05:51.359377 140121227654912 logging_writer.py:48] [19600] global_step=19600, grad_norm=1.6034765243530273, loss=2.955665111541748
I0513 00:06:36.713359 140121219262208 logging_writer.py:48] [19700] global_step=19700, grad_norm=1.7195751667022705, loss=2.774237871170044
I0513 00:07:22.262341 140121227654912 logging_writer.py:48] [19800] global_step=19800, grad_norm=1.7027395963668823, loss=2.794104814529419
I0513 00:08:07.756674 140121219262208 logging_writer.py:48] [19900] global_step=19900, grad_norm=1.4219740629196167, loss=3.4826855659484863
I0513 00:08:53.194057 140121227654912 logging_writer.py:48] [20000] global_step=20000, grad_norm=1.341964602470398, loss=4.412649154663086
I0513 00:09:38.575603 140121219262208 logging_writer.py:48] [20100] global_step=20100, grad_norm=1.5209629535675049, loss=2.7180933952331543
I0513 00:10:24.030216 140121227654912 logging_writer.py:48] [20200] global_step=20200, grad_norm=1.7944669723510742, loss=2.864891767501831
I0513 00:11:09.581354 140121219262208 logging_writer.py:48] [20300] global_step=20300, grad_norm=1.209402322769165, loss=5.315464019775391
I0513 00:11:55.062368 140121227654912 logging_writer.py:48] [20400] global_step=20400, grad_norm=1.5929797887802124, loss=4.016458511352539
I0513 00:12:40.545472 140121219262208 logging_writer.py:48] [20500] global_step=20500, grad_norm=1.6445631980895996, loss=2.825070858001709
I0513 00:13:26.169266 140121227654912 logging_writer.py:48] [20600] global_step=20600, grad_norm=1.264615774154663, loss=4.131035804748535
I0513 00:14:11.790653 140121219262208 logging_writer.py:48] [20700] global_step=20700, grad_norm=0.9924527406692505, loss=5.51622200012207
I0513 00:14:57.186137 140121227654912 logging_writer.py:48] [20800] global_step=20800, grad_norm=1.661431908607483, loss=2.7443530559539795
I0513 00:15:42.997985 140121219262208 logging_writer.py:48] [20900] global_step=20900, grad_norm=1.1711395978927612, loss=5.478128910064697
I0513 00:16:28.615267 140121227654912 logging_writer.py:48] [21000] global_step=21000, grad_norm=1.4146126508712769, loss=4.576312065124512
I0513 00:17:14.162178 140121227654912 logging_writer.py:48] [21100] global_step=21100, grad_norm=1.3668404817581177, loss=4.449184894561768
