python submission_runner.py --framework=jax --workload=imagenet_resnet --submission_path=submissions_algorithms/submissions/self_tuning/schedule_free_adamw_jax/submission.py --data_dir=/data/imagenet/jax --experiment_dir=/experiment_runs --experiment_name=submissions_a100/schedule_free_adamw_jax/study_1 --overwrite=True --save_checkpoints=False --rng_seed=1980918211 --imagenet_v2_data_dir=/data/imagenet/jax --tuning_ruleset=self 2>&1 | tee -a /logs/imagenet_resnet_jax_05-13-2026-00-32-44.log
2026-05-13 00:32:45.414405: E external/local_xla/xla/stream_executor/cuda/cuda_fft.cc:467] Unable to register cuFFT factory: Attempting to register factory for plugin cuFFT when one has already been registered
WARNING: All log messages before absl::InitializeLog() is called are written to STDERR
E0000 00:00:1778632365.441369      13 cuda_dnn.cc:8579] Unable to register cuDNN factory: Attempting to register factory for plugin cuDNN when one has already been registered
E0000 00:00:1778632365.450359      13 cuda_blas.cc:1407] Unable to register cuBLAS factory: Attempting to register factory for plugin cuBLAS when one has already been registered
W0000 00:00:1778632365.480363      13 computation_placer.cc:177] computation placer already registered. Please check linkage and avoid linking the same target more than once.
W0000 00:00:1778632365.480409      13 computation_placer.cc:177] computation placer already registered. Please check linkage and avoid linking the same target more than once.
W0000 00:00:1778632365.480412      13 computation_placer.cc:177] computation placer already registered. Please check linkage and avoid linking the same target more than once.
W0000 00:00:1778632365.480414      13 computation_placer.cc:177] computation placer already registered. Please check linkage and avoid linking the same target more than once.
/usr/local/lib/python3.11/site-packages/torch/__init__.py:1617: UserWarning: Please use the new API settings to control TF32 behavior, such as torch.backends.cudnn.conv.fp32_precision = 'tf32' or torch.backends.cuda.matmul.fp32_precision = 'ieee'. Old settings, e.g, torch.backends.cuda.matmul.allow_tf32 = True, torch.backends.cudnn.allow_tf32 = True, allowTF32CuDNN() and allowTF32CuBLAS() will be deprecated after Pytorch 2.9. Please see https://pytorch.org/docs/main/notes/cuda.html#tensorfloat-32-tf32-on-ampere-and-later-devices (Triggered internally at /pytorch/aten/src/ATen/Context.cpp:80.)
  _C._set_float32_matmul_precision(precision)
/usr/local/lib/python3.11/site-packages/pydantic/_internal/_generate_schema.py:2249: UnsupportedFieldAttributeWarning: The 'repr' attribute with value False was provided to the `Field()` function, which has no effect in the context it was used. 'repr' is field-specific metadata, and can only be attached to a model field using `Annotated` metadata or by assignment. This may have happened because an `Annotated` type alias using the `type` statement was used, or if the `Field()` function was attached to a single member of a union type.
  warnings.warn(
/usr/local/lib/python3.11/site-packages/pydantic/_internal/_generate_schema.py:2249: UnsupportedFieldAttributeWarning: The 'frozen' attribute with value True was provided to the `Field()` function, which has no effect in the context it was used. 'frozen' is field-specific metadata, and can only be attached to a model field using `Annotated` metadata or by assignment. This may have happened because an `Annotated` type alias using the `type` statement was used, or if the `Field()` function was attached to a single member of a union type.
  warnings.warn(
INFO:2026-05-13 00:32:53,500:jax._src.xla_bridge:830: Unable to initialize backend 'tpu': INTERNAL: Failed to open libtpu.so: libtpu.so: cannot open shared object file: No such file or directory
I0513 00:32:53.500527 139899459335360 xla_bridge.py:830] Unable to initialize backend 'tpu': INTERNAL: Failed to open libtpu.so: libtpu.so: cannot open shared object file: No such file or directory
I0513 00:32:54.122393 139899459335360 logger_utils.py:59] Removing existing experiment directory /experiment_runs/submissions_a100/schedule_free_adamw_jax/study_1/imagenet_resnet_jax because --overwrite was set.
I0513 00:32:54.128068 139899459335360 logger_utils.py:84] Creating experiment directory at /experiment_runs/submissions_a100/schedule_free_adamw_jax/study_1/imagenet_resnet_jax.
I0513 00:32:54.562005 139899459335360 submission_runner.py:741] Creating directory at /experiment_runs/submissions_a100/schedule_free_adamw_jax/study_1/imagenet_resnet_jax/trial_1.
I0513 00:32:54.850584 139899459335360 submission_runner.py:242] Initializing dataset.
I0513 00:32:55.364816 139899459335360 dataset_info.py:707] Load dataset info from /data/imagenet/jax/imagenet2012/5.1.0
I0513 00:32:55.444634 139899459335360 dataset_info.py:793] For 'imagenet2012/5.1.0': fields info.[splits, supervised_keys] differ on disk and in the code. Keeping the one from code.
I0513 00:32:55.744489 139899459335360 reader.py:262] Creating a tf.data.Dataset reading 1024 files located in folders: /data/imagenet/jax/imagenet2012/5.1.0.
I0513 00:32:55.835064 139899459335360 logging_logger.py:49] Constructing tf.data.Dataset imagenet2012 for split train, from /data/imagenet/jax/imagenet2012/5.1.0
I0513 00:32:56.906294 139899459335360 submission_runner.py:251] Initializing model.
I0513 00:33:23.114037 139899459335360 submission_runner.py:294] Initializing optimizer.
I0513 00:33:24.973401 139899459335360 submission_runner.py:299] Initializing metrics bundle.
I0513 00:33:24.973659 139899459335360 submission_runner.py:321] Initializing checkpoint and logger.
I0513 00:33:24.983174 139899459335360 checkpoints.py:1098] Found no checkpoint files in /experiment_runs/submissions_a100/schedule_free_adamw_jax/study_1/imagenet_resnet_jax/trial_1 with prefix checkpoint_
I0513 00:33:24.983316 139899459335360 submission_runner.py:344] Saving meta data to /experiment_runs/submissions_a100/schedule_free_adamw_jax/study_1/imagenet_resnet_jax/trial_1/meta_data_0.json.
I0513 00:33:25.155690 139899459335360 submission_runner.py:348] Saving flags to /experiment_runs/submissions_a100/schedule_free_adamw_jax/study_1/imagenet_resnet_jax/trial_1/flags_0.json.
I0513 00:33:25.172077 139899459335360 submission_runner.py:359] Starting training loop.
/usr/local/lib/python3.11/site-packages/jax/_src/interpreters/mlir.py:1268: UserWarning: Some donated buffers were not usable: float32[64], float32[64], float32[64], float32[64], float32[64], float32[64], float32[256], float32[256], float32[256], float32[256], float32[1,1,64,64], float32[3,3,64,64], float32[1,1,64,256], float32[1,1,64,256], float32[64], float32[64], float32[64], float32[64], float32[256], float32[256], float32[1,1,256,64], float32[3,3,64,64], float32[1,1,64,256], float32[256], float32[256], float32[256], float32[256], float32[1024], float32[1024], float32[1,1,1024,256], float32[3,3,256,256], float32[1,1,256,1024], float32[256], float32[256], float32[256], float32[256], float32[1024], float32[1024], float32[1,1,1024,256], float32[3,3,256,256], float32[1,1,256,1024], float32[256], float32[256], float32[256], float32[256], float32[1024], float32[1024], float32[1,1,1024,256], float32[3,3,256,256], float32[1,1,256,1024], float32[512], float32[512], float32[512], float32[512], float32[2048], float32[2048], float32[2048], float32[2048], float32[1,1,1024,512], float32[3,3,512,512], float32[1,1,512,2048], float32[1,1,1024,2048], float32[512], float32[512], float32[512], float32[512], float32[2048], float32[2048], float32[1,1,2048,512], float32[3,3,512,512], float32[1,1,512,2048], float32[512], float32[512], float32[512], float32[512], float32[2048], float32[2048], float32[1,1,2048,512], float32[3,3,512,512], float32[1,1,512,2048], float32[64], float32[64], float32[64], float32[64], float32[256], float32[256], float32[1,1,256,64], float32[3,3,64,64], float32[1,1,64,256], float32[128], float32[128], float32[128], float32[128], float32[512], float32[512], float32[512], float32[512], float32[1,1,256,128], float32[3,3,128,128], float32[1,1,128,512], float32[1,1,256,512], float32[128], float32[128], float32[128], float32[128], float32[512], float32[512], float32[1,1,512,128], float32[3,3,128,128], float32[1,1,128,512], float32[128], float32[128], float32[128], float32[128], float32[512], float32[512], float32[1,1,512,128], float32[3,3,128,128], float32[1,1,128,512], float32[128], float32[128], float32[128], float32[128], float32[512], float32[512], float32[1,1,512,128], float32[3,3,128,128], float32[1,1,128,512], float32[256], float32[256], float32[256], float32[256], float32[1024], float32[1024], float32[1024], float32[1024], float32[1,1,512,256], float32[3,3,256,256], float32[1,1,256,1024], float32[1,1,512,1024], float32[256], float32[256], float32[256], float32[256], float32[1024], float32[1024], float32[1,1,1024,256], float32[3,3,256,256], float32[1,1,256,1024], float32[256], float32[256], float32[256], float32[256], float32[1024], float32[1024], float32[1,1,1024,256], float32[3,3,256,256], float32[1,1,256,1024], float32[7,7,3,64], float32[1000], float32[2048,1000].
See an explanation at https://docs.jax.dev/en/latest/faq.html#buffer-donation.
  warnings.warn("Some donated buffers were not usable:"
I0513 00:34:13.863212 139884159788800 logging_writer.py:48] [0] global_step=0, grad_norm=0.6667776107788086, loss=6.937641143798828
I0513 00:34:15.223894 139899459335360 spec.py:333] Evaluating on the training split.
I0513 00:34:15.517205 139899459335360 dataset_info.py:707] Load dataset info from /data/imagenet/jax/imagenet2012/5.1.0
I0513 00:34:15.522828 139899459335360 dataset_info.py:793] For 'imagenet2012/5.1.0': fields info.[splits, supervised_keys] differ on disk and in the code. Keeping the one from code.
I0513 00:34:15.541185 139899459335360 reader.py:262] Creating a tf.data.Dataset reading 1024 files located in folders: /data/imagenet/jax/imagenet2012/5.1.0.
I0513 00:34:15.585126 139899459335360 logging_logger.py:49] Constructing tf.data.Dataset imagenet2012 for split train, from /data/imagenet/jax/imagenet2012/5.1.0
I0513 00:34:36.425892 139899459335360 spec.py:346] Evaluating on the validation split.
I0513 00:34:36.431237 139899459335360 dataset_info.py:707] Load dataset info from /data/imagenet/jax/imagenet2012/5.1.0
I0513 00:34:36.445642 139899459335360 dataset_info.py:793] For 'imagenet2012/5.1.0': fields info.[splits, supervised_keys] differ on disk and in the code. Keeping the one from code.
I0513 00:34:36.449703 139899459335360 reader.py:262] Creating a tf.data.Dataset reading 64 files located in folders: /data/imagenet/jax/imagenet2012/5.1.0.
I0513 00:34:36.539339 139899459335360 logging_logger.py:49] Constructing tf.data.Dataset imagenet2012 for split validation, from /data/imagenet/jax/imagenet2012/5.1.0
I0513 00:35:02.705758 139899459335360 spec.py:363] Evaluating on the test split.
I0513 00:35:02.779971 139899459335360 dataset_info.py:707] Load dataset info from /data/imagenet/jax/imagenet_v2/matched-frequency/3.0.0
I0513 00:35:02.849363 139899459335360 reader.py:262] Creating a tf.data.Dataset reading 16 files located in folders: /data/imagenet/jax/imagenet_v2/matched-frequency/3.0.0.
I0513 00:35:02.903892 139899459335360 logging_logger.py:49] Constructing tf.data.Dataset imagenet_v2 for split test, from /data/imagenet/jax/imagenet_v2/matched-frequency/3.0.0
I0513 00:35:07.241291 139899459335360 submission_runner.py:516] Time since start: 102.07s, 	Step: 1, 	{'train/accuracy': Array(0.00099649, dtype=float32), 'train/loss': Array(6.911188, dtype=float32), 'validation/accuracy': Array(0.0011, dtype=float32), 'validation/loss': Array(6.9112005, dtype=float32), 'validation/num_examples': 50000, 'test/accuracy': Array(0.0016, dtype=float32), 'test/loss': Array(6.911452, dtype=float32), 'test/num_examples': 10000, 'score': 50.05170655250549, 'total_duration': 102.06706309318542, 'accumulated_submission_time': 50.05170655250549, 'accumulated_eval_time': 52.0152485370636, 'accumulated_logging_time': 0}
I0513 00:35:07.272395 139683963049728 logging_writer.py:48] [1] accumulated_eval_time=52.0152, accumulated_logging_time=0, accumulated_submission_time=50.0517, global_step=1, preemption_count=0, score=50.0517, test/accuracy=0.001600000075995922, test/loss=6.911451816558838, test/num_examples=10000, total_duration=102.067, train/accuracy=0.000996492337435484, train/loss=6.911188125610352, validation/accuracy=0.0010999999940395355, validation/loss=6.911200523376465, validation/num_examples=50000
/usr/local/lib/python3.11/site-packages/jax/_src/interpreters/mlir.py:1268: UserWarning: Some donated buffers were not usable: float32[64], float32[64], float32[64], float32[64], float32[64], float32[64], float32[256], float32[256], float32[256], float32[256], float32[1,1,64,64], float32[3,3,64,64], float32[1,1,64,256], float32[1,1,64,256], float32[64], float32[64], float32[64], float32[64], float32[256], float32[256], float32[1,1,256,64], float32[3,3,64,64], float32[1,1,64,256], float32[256], float32[256], float32[256], float32[256], float32[1024], float32[1024], float32[1,1,1024,256], float32[3,3,256,256], float32[1,1,256,1024], float32[256], float32[256], float32[256], float32[256], float32[1024], float32[1024], float32[1,1,1024,256], float32[3,3,256,256], float32[1,1,256,1024], float32[256], float32[256], float32[256], float32[256], float32[1024], float32[1024], float32[1,1,1024,256], float32[3,3,256,256], float32[1,1,256,1024], float32[512], float32[512], float32[512], float32[512], float32[2048], float32[2048], float32[2048], float32[2048], float32[1,1,1024,512], float32[3,3,512,512], float32[1,1,512,2048], float32[1,1,1024,2048], float32[512], float32[512], float32[512], float32[512], float32[2048], float32[2048], float32[1,1,2048,512], float32[3,3,512,512], float32[1,1,512,2048], float32[512], float32[512], float32[512], float32[512], float32[2048], float32[2048], float32[1,1,2048,512], float32[3,3,512,512], float32[1,1,512,2048], float32[64], float32[64], float32[64], float32[64], float32[256], float32[256], float32[1,1,256,64], float32[3,3,64,64], float32[1,1,64,256], float32[128], float32[128], float32[128], float32[128], float32[512], float32[512], float32[512], float32[512], float32[1,1,256,128], float32[3,3,128,128], float32[1,1,128,512], float32[1,1,256,512], float32[128], float32[128], float32[128], float32[128], float32[512], float32[512], float32[1,1,512,128], float32[3,3,128,128], float32[1,1,128,512], float32[128], float32[128], float32[128], float32[128], float32[512], float32[512], float32[1,1,512,128], float32[3,3,128,128], float32[1,1,128,512], float32[128], float32[128], float32[128], float32[128], float32[512], float32[512], float32[1,1,512,128], float32[3,3,128,128], float32[1,1,128,512], float32[256], float32[256], float32[256], float32[256], float32[1024], float32[1024], float32[1024], float32[1024], float32[1,1,512,256], float32[3,3,256,256], float32[1,1,256,1024], float32[1,1,512,1024], float32[256], float32[256], float32[256], float32[256], float32[1024], float32[1024], float32[1,1,1024,256], float32[3,3,256,256], float32[1,1,256,1024], float32[256], float32[256], float32[256], float32[256], float32[1024], float32[1024], float32[1,1,1024,256], float32[3,3,256,256], float32[1,1,256,1024], float32[7,7,3,64], float32[1000], float32[2048,1000].
See an explanation at https://docs.jax.dev/en/latest/faq.html#buffer-donation.
  warnings.warn("Some donated buffers were not usable:"
I0513 00:35:41.370469 139683845617408 logging_writer.py:48] [100] global_step=100, grad_norm=0.7070033550262451, loss=6.797484397888184
I0513 00:36:06.278742 139683854010112 logging_writer.py:48] [200] global_step=200, grad_norm=0.7996211051940918, loss=6.528869152069092
I0513 00:36:31.246736 139683845617408 logging_writer.py:48] [300] global_step=300, grad_norm=0.9258202910423279, loss=6.239401817321777
I0513 00:36:56.519635 139683854010112 logging_writer.py:48] [400] global_step=400, grad_norm=2.5952625274658203, loss=5.937039375305176
I0513 00:37:21.517570 139683845617408 logging_writer.py:48] [500] global_step=500, grad_norm=1.793770432472229, loss=5.889491558074951
I0513 00:37:46.521014 139683854010112 logging_writer.py:48] [600] global_step=600, grad_norm=2.7458012104034424, loss=5.562244892120361
I0513 00:38:14.901172 139683845617408 logging_writer.py:48] [700] global_step=700, grad_norm=3.082097053527832, loss=5.418310642242432
I0513 00:38:48.453503 139683854010112 logging_writer.py:48] [800] global_step=800, grad_norm=3.418203353881836, loss=5.385377407073975
I0513 00:39:21.365127 139683845617408 logging_writer.py:48] [900] global_step=900, grad_norm=4.713832855224609, loss=5.11298942565918
I0513 00:39:54.482919 139683854010112 logging_writer.py:48] [1000] global_step=1000, grad_norm=5.146892547607422, loss=4.955118179321289
I0513 00:40:27.515160 139683845617408 logging_writer.py:48] [1100] global_step=1100, grad_norm=3.2853996753692627, loss=4.8675761222839355
I0513 00:41:00.518248 139683854010112 logging_writer.py:48] [1200] global_step=1200, grad_norm=3.1442041397094727, loss=4.815650463104248
I0513 00:41:25.592004 139683845617408 logging_writer.py:48] [1300] global_step=1300, grad_norm=6.456387042999268, loss=4.77410364151001
I0513 00:41:50.572901 139683854010112 logging_writer.py:48] [1400] global_step=1400, grad_norm=5.005852699279785, loss=4.604963779449463
I0513 00:42:15.543559 139683845617408 logging_writer.py:48] [1500] global_step=1500, grad_norm=4.7375078201293945, loss=4.548623085021973
I0513 00:42:40.488746 139683854010112 logging_writer.py:48] [1600] global_step=1600, grad_norm=4.811679363250732, loss=4.321038722991943
I0513 00:43:05.458652 139683845617408 logging_writer.py:48] [1700] global_step=1700, grad_norm=4.352827548980713, loss=4.238214492797852
I0513 00:43:30.470072 139683854010112 logging_writer.py:48] [1800] global_step=1800, grad_norm=3.5224785804748535, loss=4.27874231338501
I0513 00:43:55.751968 139683845617408 logging_writer.py:48] [1900] global_step=1900, grad_norm=4.526607513427734, loss=4.0592451095581055
I0513 00:44:20.725900 139683854010112 logging_writer.py:48] [2000] global_step=2000, grad_norm=4.13992977142334, loss=4.146162986755371
I0513 00:44:45.735941 139683845617408 logging_writer.py:48] [2100] global_step=2100, grad_norm=4.744520664215088, loss=3.971083641052246
I0513 00:45:10.706739 139683854010112 logging_writer.py:48] [2200] global_step=2200, grad_norm=3.730397939682007, loss=3.9889416694641113
I0513 00:45:35.739613 139683845617408 logging_writer.py:48] [2300] global_step=2300, grad_norm=3.771702766418457, loss=3.7336976528167725
I0513 00:46:00.696443 139683854010112 logging_writer.py:48] [2400] global_step=2400, grad_norm=3.991665840148926, loss=3.7985496520996094
I0513 00:46:25.697741 139683845617408 logging_writer.py:48] [2500] global_step=2500, grad_norm=5.660723686218262, loss=3.6639440059661865
I0513 00:46:50.663485 139683854010112 logging_writer.py:48] [2600] global_step=2600, grad_norm=3.65556001663208, loss=3.6379647254943848
I0513 00:47:15.663375 139683845617408 logging_writer.py:48] [2700] global_step=2700, grad_norm=4.543540954589844, loss=3.5781521797180176
I0513 00:47:40.597109 139683854010112 logging_writer.py:48] [2800] global_step=2800, grad_norm=3.282742738723755, loss=3.501497745513916
I0513 00:48:05.565847 139683845617408 logging_writer.py:48] [2900] global_step=2900, grad_norm=3.270268440246582, loss=3.4290308952331543
I0513 00:48:30.529583 139683854010112 logging_writer.py:48] [3000] global_step=3000, grad_norm=3.6240551471710205, loss=3.2898905277252197
I0513 00:48:55.500169 139683845617408 logging_writer.py:48] [3100] global_step=3100, grad_norm=3.390552520751953, loss=3.2999987602233887
I0513 00:49:20.459715 139683854010112 logging_writer.py:48] [3200] global_step=3200, grad_norm=3.7247490882873535, loss=3.3394856452941895
I0513 00:49:45.683165 139683845617408 logging_writer.py:48] [3300] global_step=3300, grad_norm=3.6135683059692383, loss=3.3859944343566895
I0513 00:50:10.670125 139683854010112 logging_writer.py:48] [3400] global_step=3400, grad_norm=2.9023513793945312, loss=3.0397448539733887
I0513 00:50:35.634838 139683845617408 logging_writer.py:48] [3500] global_step=3500, grad_norm=4.066591262817383, loss=3.1181678771972656
I0513 00:51:00.632218 139683854010112 logging_writer.py:48] [3600] global_step=3600, grad_norm=4.919504165649414, loss=3.0716195106506348
I0513 00:51:25.632304 139683845617408 logging_writer.py:48] [3700] global_step=3700, grad_norm=3.264674425125122, loss=3.0457534790039062
I0513 00:51:50.602022 139683854010112 logging_writer.py:48] [3800] global_step=3800, grad_norm=3.23587703704834, loss=3.021745204925537
I0513 00:52:15.583214 139683845617408 logging_writer.py:48] [3900] global_step=3900, grad_norm=4.270281791687012, loss=2.800873279571533
I0513 00:52:40.565723 139683854010112 logging_writer.py:48] [4000] global_step=4000, grad_norm=2.8435893058776855, loss=2.7700607776641846
I0513 00:53:05.526993 139683845617408 logging_writer.py:48] [4100] global_step=4100, grad_norm=3.61502742767334, loss=2.9636900424957275
I0513 00:53:30.493130 139683854010112 logging_writer.py:48] [4200] global_step=4200, grad_norm=2.8023359775543213, loss=2.7194900512695312
I0513 00:53:55.458681 139683845617408 logging_writer.py:48] [4300] global_step=4300, grad_norm=2.6563010215759277, loss=2.6570539474487305
I0513 00:54:20.453901 139683854010112 logging_writer.py:48] [4400] global_step=4400, grad_norm=3.1723530292510986, loss=2.7614290714263916
I0513 00:54:45.443423 139683845617408 logging_writer.py:48] [4500] global_step=4500, grad_norm=2.0984654426574707, loss=2.5258359909057617
I0513 00:55:10.430210 139683854010112 logging_writer.py:48] [4600] global_step=4600, grad_norm=3.2663960456848145, loss=2.6706833839416504
I0513 00:55:35.421136 139683845617408 logging_writer.py:48] [4700] global_step=4700, grad_norm=2.871558904647827, loss=2.5051870346069336
I0513 00:56:00.661674 139683854010112 logging_writer.py:48] [4800] global_step=4800, grad_norm=2.84265398979187, loss=2.5376667976379395
I0513 00:56:25.614642 139683845617408 logging_writer.py:48] [4900] global_step=4900, grad_norm=2.7010672092437744, loss=2.519761800765991
I0513 00:56:50.565417 139683854010112 logging_writer.py:48] [5000] global_step=5000, grad_norm=2.6695396900177, loss=2.5349373817443848
I0513 00:57:15.507735 139683845617408 logging_writer.py:48] [5100] global_step=5100, grad_norm=3.137733221054077, loss=2.368284225463867
I0513 00:57:40.466737 139683854010112 logging_writer.py:48] [5200] global_step=5200, grad_norm=3.1457679271698, loss=2.3820531368255615
I0513 00:58:05.452182 139683845617408 logging_writer.py:48] [5300] global_step=5300, grad_norm=2.4172439575195312, loss=2.5557215213775635
I0513 00:58:30.429580 139683854010112 logging_writer.py:48] [5400] global_step=5400, grad_norm=2.768280267715454, loss=2.491746425628662
I0513 00:58:55.417320 139683845617408 logging_writer.py:48] [5500] global_step=5500, grad_norm=3.2734575271606445, loss=2.258885622024536
I0513 00:59:20.356678 139683854010112 logging_writer.py:48] [5600] global_step=5600, grad_norm=2.3876442909240723, loss=2.4653878211975098
I0513 00:59:45.329025 139683845617408 logging_writer.py:48] [5700] global_step=5700, grad_norm=1.9121043682098389, loss=2.3970437049865723
I0513 01:00:10.285888 139683854010112 logging_writer.py:48] [5800] global_step=5800, grad_norm=2.3045575618743896, loss=2.327448844909668
I0513 01:00:35.237670 139683845617408 logging_writer.py:48] [5900] global_step=5900, grad_norm=3.2354350090026855, loss=2.33007550239563
I0513 01:01:00.216110 139683854010112 logging_writer.py:48] [6000] global_step=6000, grad_norm=2.5250959396362305, loss=2.2748448848724365
I0513 01:01:25.179882 139683845617408 logging_writer.py:48] [6100] global_step=6100, grad_norm=2.423121213912964, loss=2.4144275188446045
I0513 01:01:50.140453 139683854010112 logging_writer.py:48] [6200] global_step=6200, grad_norm=2.473515033721924, loss=2.2247955799102783
I0513 01:02:15.362993 139683845617408 logging_writer.py:48] [6300] global_step=6300, grad_norm=2.5127570629119873, loss=2.2379493713378906
I0513 01:02:40.308659 139683854010112 logging_writer.py:48] [6400] global_step=6400, grad_norm=2.644035816192627, loss=2.2755825519561768
I0513 01:03:05.295712 139683845617408 logging_writer.py:48] [6500] global_step=6500, grad_norm=2.3202762603759766, loss=2.2377498149871826
I0513 01:03:30.251561 139683854010112 logging_writer.py:48] [6600] global_step=6600, grad_norm=2.5113677978515625, loss=2.203242063522339
I0513 01:03:55.228365 139683845617408 logging_writer.py:48] [6700] global_step=6700, grad_norm=2.160325288772583, loss=2.0019872188568115
I0513 01:04:20.195181 139683854010112 logging_writer.py:48] [6800] global_step=6800, grad_norm=2.9899330139160156, loss=2.2340023517608643
I0513 01:04:45.163086 139683845617408 logging_writer.py:48] [6900] global_step=6900, grad_norm=2.4992520809173584, loss=2.415271759033203
I0513 01:05:10.171232 139683854010112 logging_writer.py:48] [7000] global_step=7000, grad_norm=2.965790271759033, loss=2.2457146644592285
I0513 01:05:35.148473 139683845617408 logging_writer.py:48] [7100] global_step=7100, grad_norm=2.1668734550476074, loss=2.142665386199951
I0513 01:06:00.110766 139683854010112 logging_writer.py:48] [7200] global_step=7200, grad_norm=2.2761013507843018, loss=2.187819004058838
I0513 01:06:25.086725 139683845617408 logging_writer.py:48] [7300] global_step=7300, grad_norm=2.3357107639312744, loss=2.048485517501831
I0513 01:06:50.024213 139683854010112 logging_writer.py:48] [7400] global_step=7400, grad_norm=2.133319616317749, loss=2.087702512741089
I0513 01:07:15.007561 139683845617408 logging_writer.py:48] [7500] global_step=7500, grad_norm=2.149723768234253, loss=1.9834424257278442
I0513 01:07:39.942835 139683854010112 logging_writer.py:48] [7600] global_step=7600, grad_norm=2.041471242904663, loss=2.016115665435791
I0513 01:08:04.900615 139683845617408 logging_writer.py:48] [7700] global_step=7700, grad_norm=2.731818199157715, loss=2.1029772758483887
I0513 01:08:23.249292 139899459335360 spec.py:333] Evaluating on the training split.
I0513 01:08:35.593688 139899459335360 spec.py:346] Evaluating on the validation split.
I0513 01:08:45.504030 139899459335360 spec.py:363] Evaluating on the test split.
I0513 01:08:46.419370 139899459335360 submission_runner.py:516] Time since start: 2121.25s, 	Step: 7775, 	{'train/accuracy': Array(0.24701051, dtype=float32), 'train/loss': Array(4.324531, dtype=float32), 'validation/accuracy': Array(0.21968, dtype=float32), 'validation/loss': Array(4.684749, dtype=float32), 'validation/num_examples': 50000, 'test/accuracy': Array(0.172, dtype=float32), 'test/loss': Array(5.343633, dtype=float32), 'test/num_examples': 10000, 'score': 2045.9526224136353, 'total_duration': 2121.2451028823853, 'accumulated_submission_time': 2045.9526224136353, 'accumulated_eval_time': 75.18314480781555, 'accumulated_logging_time': 0.04072237014770508}
I0513 01:08:46.492646 139683971442432 logging_writer.py:48] [7775] accumulated_eval_time=75.1831, accumulated_logging_time=0.0407224, accumulated_submission_time=2045.95, global_step=7775, preemption_count=0, score=2045.95, test/accuracy=0.1720000058412552, test/loss=5.34363317489624, test/num_examples=10000, total_duration=2121.25, train/accuracy=0.2470105141401291, train/loss=4.324531078338623, validation/accuracy=0.21967999637126923, validation/loss=4.684749126434326, validation/num_examples=50000
I0513 01:08:53.561139 139683979835136 logging_writer.py:48] [7800] global_step=7800, grad_norm=2.5066726207733154, loss=2.0618836879730225
I0513 01:09:18.490862 139683971442432 logging_writer.py:48] [7900] global_step=7900, grad_norm=2.23935866355896, loss=1.9519908428192139
I0513 01:09:43.478275 139683979835136 logging_writer.py:48] [8000] global_step=8000, grad_norm=2.2426698207855225, loss=1.9967666864395142
I0513 01:10:08.473470 139683971442432 logging_writer.py:48] [8100] global_step=8100, grad_norm=2.495197296142578, loss=1.9619170427322388
I0513 01:10:33.408918 139683979835136 logging_writer.py:48] [8200] global_step=8200, grad_norm=2.2931790351867676, loss=1.981358528137207
I0513 01:10:58.374086 139683971442432 logging_writer.py:48] [8300] global_step=8300, grad_norm=2.311288833618164, loss=2.072434663772583
I0513 01:11:23.334790 139683979835136 logging_writer.py:48] [8400] global_step=8400, grad_norm=2.1802475452423096, loss=1.8818286657333374
I0513 01:11:48.285014 139683971442432 logging_writer.py:48] [8500] global_step=8500, grad_norm=2.6938633918762207, loss=1.9116135835647583
I0513 01:12:13.251682 139683979835136 logging_writer.py:48] [8600] global_step=8600, grad_norm=2.124498128890991, loss=1.878853440284729
I0513 01:12:38.235688 139683971442432 logging_writer.py:48] [8700] global_step=8700, grad_norm=2.171103000640869, loss=1.8036701679229736
I0513 01:13:03.208868 139683979835136 logging_writer.py:48] [8800] global_step=8800, grad_norm=2.4372293949127197, loss=1.9247896671295166
I0513 01:13:28.192836 139683971442432 logging_writer.py:48] [8900] global_step=8900, grad_norm=3.0795395374298096, loss=2.039393424987793
I0513 01:13:53.121113 139683979835136 logging_writer.py:48] [9000] global_step=9000, grad_norm=2.267164945602417, loss=2.026759147644043
I0513 01:14:18.072544 139683971442432 logging_writer.py:48] [9100] global_step=9100, grad_norm=2.295255661010742, loss=1.7863173484802246
I0513 01:14:43.042010 139683979835136 logging_writer.py:48] [9200] global_step=9200, grad_norm=1.9657148122787476, loss=1.8684945106506348
I0513 01:15:08.261996 139683971442432 logging_writer.py:48] [9300] global_step=9300, grad_norm=2.4311296939849854, loss=1.9080510139465332
I0513 01:15:33.183026 139683979835136 logging_writer.py:48] [9400] global_step=9400, grad_norm=2.3350253105163574, loss=1.7880322933197021
I0513 01:15:58.164700 139683971442432 logging_writer.py:48] [9500] global_step=9500, grad_norm=2.4852795600891113, loss=1.6965243816375732
I0513 01:16:23.114821 139683979835136 logging_writer.py:48] [9600] global_step=9600, grad_norm=2.7839884757995605, loss=1.8084325790405273
I0513 01:16:48.067563 139683971442432 logging_writer.py:48] [9700] global_step=9700, grad_norm=1.8872874975204468, loss=1.9294735193252563
I0513 01:17:13.029075 139683979835136 logging_writer.py:48] [9800] global_step=9800, grad_norm=2.1615726947784424, loss=1.831533432006836
I0513 01:17:37.986927 139683971442432 logging_writer.py:48] [9900] global_step=9900, grad_norm=2.178415536880493, loss=1.852230429649353
I0513 01:18:02.958074 139683979835136 logging_writer.py:48] [10000] global_step=10000, grad_norm=2.27012300491333, loss=1.7710309028625488
I0513 01:18:27.911620 139683971442432 logging_writer.py:48] [10100] global_step=10100, grad_norm=2.620927333831787, loss=1.8575472831726074
I0513 01:18:52.889144 139683979835136 logging_writer.py:48] [10200] global_step=10200, grad_norm=2.218714475631714, loss=1.8845431804656982
I0513 01:19:17.851494 139683971442432 logging_writer.py:48] [10300] global_step=10300, grad_norm=2.2962148189544678, loss=1.6983267068862915
I0513 01:19:42.780097 139683979835136 logging_writer.py:48] [10400] global_step=10400, grad_norm=2.341975450515747, loss=1.7371792793273926
I0513 01:20:07.786367 139683971442432 logging_writer.py:48] [10500] global_step=10500, grad_norm=2.4693310260772705, loss=1.8565759658813477
I0513 01:20:32.760607 139683979835136 logging_writer.py:48] [10600] global_step=10600, grad_norm=2.5222458839416504, loss=1.7106547355651855
I0513 01:20:57.724937 139683971442432 logging_writer.py:48] [10700] global_step=10700, grad_norm=2.355952501296997, loss=1.7313382625579834
I0513 01:21:22.921545 139683979835136 logging_writer.py:48] [10800] global_step=10800, grad_norm=2.0033397674560547, loss=1.8330434560775757
I0513 01:21:47.873327 139683971442432 logging_writer.py:48] [10900] global_step=10900, grad_norm=2.07808518409729, loss=1.8244647979736328
I0513 01:22:12.808688 139683979835136 logging_writer.py:48] [11000] global_step=11000, grad_norm=2.257915735244751, loss=1.700496792793274
I0513 01:22:37.772587 139683971442432 logging_writer.py:48] [11100] global_step=11100, grad_norm=2.3713977336883545, loss=1.6938347816467285
I0513 01:23:02.726213 139683979835136 logging_writer.py:48] [11200] global_step=11200, grad_norm=2.2725841999053955, loss=1.7999781370162964
I0513 01:23:27.707392 139683971442432 logging_writer.py:48] [11300] global_step=11300, grad_norm=2.179424285888672, loss=1.912837266921997
I0513 01:23:52.658869 139683979835136 logging_writer.py:48] [11400] global_step=11400, grad_norm=2.273851156234741, loss=1.755768060684204
I0513 01:24:17.608370 139683971442432 logging_writer.py:48] [11500] global_step=11500, grad_norm=2.398587465286255, loss=1.747143268585205
I0513 01:24:42.552015 139683979835136 logging_writer.py:48] [11600] global_step=11600, grad_norm=2.4095535278320312, loss=1.791557788848877
I0513 01:25:07.508772 139683971442432 logging_writer.py:48] [11700] global_step=11700, grad_norm=2.6197402477264404, loss=1.706908941268921
I0513 01:25:32.482832 139683979835136 logging_writer.py:48] [11800] global_step=11800, grad_norm=2.512732982635498, loss=1.7273306846618652
I0513 01:25:57.441598 139683971442432 logging_writer.py:48] [11900] global_step=11900, grad_norm=2.159174919128418, loss=1.6628214120864868
I0513 01:26:22.400457 139683979835136 logging_writer.py:48] [12000] global_step=12000, grad_norm=2.3751182556152344, loss=1.7933571338653564
I0513 01:26:47.345592 139683971442432 logging_writer.py:48] [12100] global_step=12100, grad_norm=2.8128888607025146, loss=1.843918800354004
I0513 01:27:12.309817 139683979835136 logging_writer.py:48] [12200] global_step=12200, grad_norm=2.3201727867126465, loss=1.6712234020233154
I0513 01:27:37.553894 139683971442432 logging_writer.py:48] [12300] global_step=12300, grad_norm=2.3345072269439697, loss=1.741602897644043
I0513 01:28:02.521861 139683979835136 logging_writer.py:48] [12400] global_step=12400, grad_norm=2.2517642974853516, loss=1.788073182106018
I0513 01:28:27.477237 139683971442432 logging_writer.py:48] [12500] global_step=12500, grad_norm=2.7506141662597656, loss=1.6171395778656006
I0513 01:28:52.454504 139683979835136 logging_writer.py:48] [12600] global_step=12600, grad_norm=2.6650490760803223, loss=1.7580456733703613
I0513 01:29:17.390354 139683971442432 logging_writer.py:48] [12700] global_step=12700, grad_norm=2.3648526668548584, loss=1.6493979692459106
I0513 01:29:42.360157 139683979835136 logging_writer.py:48] [12800] global_step=12800, grad_norm=2.5789592266082764, loss=1.6645176410675049
I0513 01:30:07.313795 139683971442432 logging_writer.py:48] [12900] global_step=12900, grad_norm=2.467005968093872, loss=1.7449541091918945
I0513 01:30:32.263852 139683979835136 logging_writer.py:48] [13000] global_step=13000, grad_norm=2.4162354469299316, loss=1.5541670322418213
I0513 01:30:57.235416 139683971442432 logging_writer.py:48] [13100] global_step=13100, grad_norm=2.2184693813323975, loss=1.7715694904327393
I0513 01:31:22.212736 139683979835136 logging_writer.py:48] [13200] global_step=13200, grad_norm=2.248535394668579, loss=1.5284847021102905
I0513 01:31:47.205712 139683971442432 logging_writer.py:48] [13300] global_step=13300, grad_norm=2.3599321842193604, loss=1.7125314474105835
I0513 01:32:12.144725 139683979835136 logging_writer.py:48] [13400] global_step=13400, grad_norm=2.4539456367492676, loss=1.7423343658447266
I0513 01:32:37.097548 139683971442432 logging_writer.py:48] [13500] global_step=13500, grad_norm=2.011733055114746, loss=1.583709955215454
I0513 01:33:02.052702 139683979835136 logging_writer.py:48] [13600] global_step=13600, grad_norm=2.4876859188079834, loss=1.7038776874542236
I0513 01:33:26.980404 139683971442432 logging_writer.py:48] [13700] global_step=13700, grad_norm=2.124800205230713, loss=1.541824221611023
I0513 01:33:52.206357 139683979835136 logging_writer.py:48] [13800] global_step=13800, grad_norm=2.28987979888916, loss=1.54549241065979
I0513 01:34:17.176518 139683971442432 logging_writer.py:48] [13900] global_step=13900, grad_norm=2.289109230041504, loss=1.6375806331634521
I0513 01:34:42.170781 139683979835136 logging_writer.py:48] [14000] global_step=14000, grad_norm=2.155855655670166, loss=1.6802656650543213
I0513 01:35:07.105896 139683971442432 logging_writer.py:48] [14100] global_step=14100, grad_norm=2.432671308517456, loss=1.6308202743530273
I0513 01:35:32.096461 139683979835136 logging_writer.py:48] [14200] global_step=14200, grad_norm=2.2925398349761963, loss=1.5700374841690063
I0513 01:35:57.025160 139683971442432 logging_writer.py:48] [14300] global_step=14300, grad_norm=2.4679555892944336, loss=1.5706391334533691
I0513 01:36:21.974866 139683979835136 logging_writer.py:48] [14400] global_step=14400, grad_norm=2.5086402893066406, loss=1.6105176210403442
I0513 01:36:46.923044 139683971442432 logging_writer.py:48] [14500] global_step=14500, grad_norm=2.6460437774658203, loss=1.6769733428955078
I0513 01:37:11.884835 139683979835136 logging_writer.py:48] [14600] global_step=14600, grad_norm=2.360032796859741, loss=1.5479745864868164
I0513 01:37:36.867012 139683971442432 logging_writer.py:48] [14700] global_step=14700, grad_norm=2.506040334701538, loss=1.4888159036636353
I0513 01:38:01.815441 139683979835136 logging_writer.py:48] [14800] global_step=14800, grad_norm=2.899703025817871, loss=1.535135269165039
I0513 01:38:26.754785 139683971442432 logging_writer.py:48] [14900] global_step=14900, grad_norm=2.705418825149536, loss=1.661186933517456
I0513 01:38:51.715809 139683979835136 logging_writer.py:48] [15000] global_step=15000, grad_norm=2.5154190063476562, loss=1.5726975202560425
I0513 01:39:16.675812 139683971442432 logging_writer.py:48] [15100] global_step=15100, grad_norm=2.5925607681274414, loss=1.5617486238479614
I0513 01:39:41.621686 139683979835136 logging_writer.py:48] [15200] global_step=15200, grad_norm=2.679150342941284, loss=1.5766186714172363
I0513 01:40:06.799965 139683971442432 logging_writer.py:48] [15300] global_step=15300, grad_norm=2.60282826423645, loss=1.555236577987671
I0513 01:40:31.770639 139683979835136 logging_writer.py:48] [15400] global_step=15400, grad_norm=3.021655321121216, loss=1.7167482376098633
I0513 01:40:56.710694 139683971442432 logging_writer.py:48] [15500] global_step=15500, grad_norm=2.8530802726745605, loss=1.5682895183563232
I0513 01:41:21.690194 139683979835136 logging_writer.py:48] [15600] global_step=15600, grad_norm=2.5806634426116943, loss=1.567167043685913
I0513 01:41:46.636466 139683971442432 logging_writer.py:48] [15700] global_step=15700, grad_norm=2.7097017765045166, loss=1.5436524152755737
I0513 01:42:02.438226 139899459335360 spec.py:333] Evaluating on the training split.
I0513 01:42:15.654045 139899459335360 spec.py:346] Evaluating on the validation split.
I0513 01:42:25.331935 139899459335360 spec.py:363] Evaluating on the test split.
I0513 01:42:26.195801 139899459335360 submission_runner.py:516] Time since start: 4141.02s, 	Step: 15765, 	{'train/accuracy': Array(0.00103635, dtype=float32), 'train/loss': Array(55.733185, dtype=float32), 'validation/accuracy': Array(0.00118, dtype=float32), 'validation/loss': Array(55.667545, dtype=float32), 'validation/num_examples': 50000, 'test/accuracy': Array(0.0013, dtype=float32), 'test/loss': Array(55.693047, dtype=float32), 'test/num_examples': 10000, 'score': 4041.7503666877747, 'total_duration': 4141.0219395160675, 'accumulated_submission_time': 4041.7503666877747, 'accumulated_eval_time': 98.9389328956604, 'accumulated_logging_time': 0.19453954696655273}
I0513 01:42:26.242763 139683979835136 logging_writer.py:48] [15765] accumulated_eval_time=98.9389, accumulated_logging_time=0.19454, accumulated_submission_time=4041.75, global_step=15765, preemption_count=0, score=4041.75, test/accuracy=0.0013000001199543476, test/loss=55.69304656982422, test/num_examples=10000, total_duration=4141.02, train/accuracy=0.0010363520123064518, train/loss=55.733184814453125, validation/accuracy=0.001180000021122396, validation/loss=55.667545318603516, validation/num_examples=50000
I0513 01:42:35.410224 139683971442432 logging_writer.py:48] [15800] global_step=15800, grad_norm=2.864259958267212, loss=1.5882352590560913
I0513 01:43:00.325983 139683979835136 logging_writer.py:48] [15900] global_step=15900, grad_norm=2.820903778076172, loss=1.5894036293029785
I0513 01:43:25.262690 139683971442432 logging_writer.py:48] [16000] global_step=16000, grad_norm=2.9901440143585205, loss=1.5349335670471191
I0513 01:43:50.220411 139683979835136 logging_writer.py:48] [16100] global_step=16100, grad_norm=3.1552345752716064, loss=1.6455247402191162
I0513 01:44:15.158393 139683971442432 logging_writer.py:48] [16200] global_step=16200, grad_norm=2.896428108215332, loss=1.520369529724121
I0513 01:44:40.159084 139683979835136 logging_writer.py:48] [16300] global_step=16300, grad_norm=3.0460524559020996, loss=1.5339319705963135
I0513 01:45:05.094454 139683971442432 logging_writer.py:48] [16400] global_step=16400, grad_norm=2.6554718017578125, loss=1.463310956954956
I0513 01:45:30.055446 139683979835136 logging_writer.py:48] [16500] global_step=16500, grad_norm=2.967989683151245, loss=1.6804800033569336
I0513 01:45:55.023907 139683971442432 logging_writer.py:48] [16600] global_step=16600, grad_norm=2.691934585571289, loss=1.4094817638397217
I0513 01:46:19.965927 139683979835136 logging_writer.py:48] [16700] global_step=16700, grad_norm=3.423870801925659, loss=1.5113931894302368
I0513 01:46:45.212114 139683971442432 logging_writer.py:48] [16800] global_step=16800, grad_norm=3.2738521099090576, loss=1.547229290008545
I0513 01:47:10.143938 139683979835136 logging_writer.py:48] [16900] global_step=16900, grad_norm=3.240602493286133, loss=1.4952232837677002
I0513 01:47:35.101191 139683971442432 logging_writer.py:48] [17000] global_step=17000, grad_norm=3.3722825050354004, loss=1.542384386062622
I0513 01:48:00.037739 139683979835136 logging_writer.py:48] [17100] global_step=17100, grad_norm=3.0762345790863037, loss=1.4868850708007812
I0513 01:48:25.017284 139683971442432 logging_writer.py:48] [17200] global_step=17200, grad_norm=3.3583877086639404, loss=1.5060395002365112
I0513 01:48:49.964058 139683979835136 logging_writer.py:48] [17300] global_step=17300, grad_norm=3.1965982913970947, loss=1.5912731885910034
I0513 01:49:14.896706 139683971442432 logging_writer.py:48] [17400] global_step=17400, grad_norm=3.5968081951141357, loss=1.4834338426589966
I0513 01:49:39.843035 139683979835136 logging_writer.py:48] [17500] global_step=17500, grad_norm=3.6675047874450684, loss=1.4977991580963135
I0513 01:50:04.815690 139683971442432 logging_writer.py:48] [17600] global_step=17600, grad_norm=3.647460460662842, loss=1.5075091123580933
I0513 01:50:29.762247 139683979835136 logging_writer.py:48] [17700] global_step=17700, grad_norm=3.8157756328582764, loss=1.642482876777649
I0513 01:50:54.720480 139683971442432 logging_writer.py:48] [17800] global_step=17800, grad_norm=3.97342848777771, loss=1.6104637384414673
I0513 01:51:19.638398 139683979835136 logging_writer.py:48] [17900] global_step=17900, grad_norm=3.4305522441864014, loss=1.5261852741241455
I0513 01:51:44.592978 139683971442432 logging_writer.py:48] [18000] global_step=18000, grad_norm=3.279510498046875, loss=1.3900136947631836
I0513 01:52:09.530715 139683979835136 logging_writer.py:48] [18100] global_step=18100, grad_norm=3.8024120330810547, loss=1.4626188278198242
I0513 01:52:34.478893 139683971442432 logging_writer.py:48] [18200] global_step=18200, grad_norm=4.046526908874512, loss=1.5058428049087524
I0513 01:52:59.696606 139683979835136 logging_writer.py:48] [18300] global_step=18300, grad_norm=3.7736871242523193, loss=1.5069997310638428
I0513 01:53:24.648232 139683971442432 logging_writer.py:48] [18400] global_step=18400, grad_norm=4.116940975189209, loss=1.5352156162261963
I0513 01:53:49.567016 139683979835136 logging_writer.py:48] [18500] global_step=18500, grad_norm=4.167466640472412, loss=1.584414005279541
I0513 01:54:14.502605 139683971442432 logging_writer.py:48] [18600] global_step=18600, grad_norm=4.193141460418701, loss=1.5411349534988403
I0513 01:54:39.449395 139683979835136 logging_writer.py:48] [18700] global_step=18700, grad_norm=4.296220779418945, loss=1.5416533946990967
I0513 01:55:04.396443 139683971442432 logging_writer.py:48] [18800] global_step=18800, grad_norm=4.464824676513672, loss=1.5316150188446045
I0513 01:55:29.373107 139683979835136 logging_writer.py:48] [18900] global_step=18900, grad_norm=4.68308162689209, loss=1.4888691902160645
I0513 01:55:54.303960 139683971442432 logging_writer.py:48] [19000] global_step=19000, grad_norm=4.899673938751221, loss=1.520668625831604
I0513 01:56:19.274722 139683979835136 logging_writer.py:48] [19100] global_step=19100, grad_norm=4.836031913757324, loss=1.5225260257720947
I0513 01:56:44.216171 139683971442432 logging_writer.py:48] [19200] global_step=19200, grad_norm=4.709629058837891, loss=1.526376485824585
I0513 01:57:09.145037 139683979835136 logging_writer.py:48] [19300] global_step=19300, grad_norm=5.106845378875732, loss=1.4575536251068115
I0513 01:57:34.068696 139683971442432 logging_writer.py:48] [19400] global_step=19400, grad_norm=4.931451320648193, loss=1.5145719051361084
I0513 01:57:59.011269 139683979835136 logging_writer.py:48] [19500] global_step=19500, grad_norm=5.379499435424805, loss=1.4985833168029785
I0513 01:58:23.966596 139683971442432 logging_writer.py:48] [19600] global_step=19600, grad_norm=5.1976423263549805, loss=1.5067793130874634
I0513 01:58:48.896973 139683979835136 logging_writer.py:48] [19700] global_step=19700, grad_norm=5.693191051483154, loss=1.3973488807678223
I0513 01:59:14.158778 139683971442432 logging_writer.py:48] [19800] global_step=19800, grad_norm=6.259669780731201, loss=1.5586388111114502
I0513 01:59:39.121040 139683979835136 logging_writer.py:48] [19900] global_step=19900, grad_norm=5.893059253692627, loss=1.5522081851959229
I0513 02:00:04.071337 139683971442432 logging_writer.py:48] [20000] global_step=20000, grad_norm=6.1893110275268555, loss=1.5184657573699951
I0513 02:00:28.999687 139683979835136 logging_writer.py:48] [20100] global_step=20100, grad_norm=6.633000373840332, loss=1.522831678390503
I0513 02:00:53.932241 139683971442432 logging_writer.py:48] [20200] global_step=20200, grad_norm=6.748872756958008, loss=1.4614484310150146
I0513 02:01:18.900775 139683979835136 logging_writer.py:48] [20300] global_step=20300, grad_norm=6.984236240386963, loss=1.5108304023742676
I0513 02:01:43.851857 139683971442432 logging_writer.py:48] [20400] global_step=20400, grad_norm=6.79063081741333, loss=1.4886481761932373
I0513 02:02:08.790564 139683979835136 logging_writer.py:48] [20500] global_step=20500, grad_norm=7.093725681304932, loss=1.4356749057769775
I0513 02:02:33.736441 139683971442432 logging_writer.py:48] [20600] global_step=20600, grad_norm=7.872988700866699, loss=1.4470210075378418
I0513 02:02:58.651966 139683979835136 logging_writer.py:48] [20700] global_step=20700, grad_norm=7.78604793548584, loss=1.411048412322998
I0513 02:03:23.598043 139683971442432 logging_writer.py:48] [20800] global_step=20800, grad_norm=7.793144702911377, loss=1.4924513101577759
I0513 02:03:48.545734 139683979835136 logging_writer.py:48] [20900] global_step=20900, grad_norm=8.17805004119873, loss=1.4346963167190552
I0513 02:04:13.527305 139683971442432 logging_writer.py:48] [21000] global_step=21000, grad_norm=8.680327415466309, loss=1.492864966392517
I0513 02:04:38.486476 139683979835136 logging_writer.py:48] [21100] global_step=21100, grad_norm=9.451899528503418, loss=1.5606307983398438
I0513 02:05:03.430701 139683971442432 logging_writer.py:48] [21200] global_step=21200, grad_norm=9.586155891418457, loss=1.611131191253662
I0513 02:05:28.623171 139683979835136 logging_writer.py:48] [21300] global_step=21300, grad_norm=9.76069450378418, loss=1.5839616060256958
I0513 02:05:53.572701 139683971442432 logging_writer.py:48] [21400] global_step=21400, grad_norm=10.5150728225708, loss=1.549717664718628
I0513 02:06:18.507028 139683979835136 logging_writer.py:48] [21500] global_step=21500, grad_norm=10.75136661529541, loss=1.5131535530090332
I0513 02:06:43.455387 139683971442432 logging_writer.py:48] [21600] global_step=21600, grad_norm=10.55440902709961, loss=1.415393590927124
I0513 02:07:08.398998 139683979835136 logging_writer.py:48] [21700] global_step=21700, grad_norm=10.994972229003906, loss=1.5106451511383057
I0513 02:07:33.341938 139683971442432 logging_writer.py:48] [21800] global_step=21800, grad_norm=11.071306228637695, loss=1.4671294689178467
I0513 02:07:58.286060 139683979835136 logging_writer.py:48] [21900] global_step=21900, grad_norm=11.664287567138672, loss=1.4539175033569336
I0513 02:08:23.276127 139683971442432 logging_writer.py:48] [22000] global_step=22000, grad_norm=11.02231216430664, loss=1.5367671251296997
I0513 02:08:48.236697 139683979835136 logging_writer.py:48] [22100] global_step=22100, grad_norm=12.147039413452148, loss=1.5382697582244873
I0513 02:09:13.171033 139683971442432 logging_writer.py:48] [22200] global_step=22200, grad_norm=12.60750675201416, loss=1.5714199542999268
I0513 02:09:38.125902 139683979835136 logging_writer.py:48] [22300] global_step=22300, grad_norm=12.626761436462402, loss=1.6619596481323242
I0513 02:10:03.096457 139683971442432 logging_writer.py:48] [22400] global_step=22400, grad_norm=12.12719440460205, loss=1.5073411464691162
I0513 02:10:28.065978 139683979835136 logging_writer.py:48] [22500] global_step=22500, grad_norm=12.979290962219238, loss=1.5725979804992676
I0513 02:10:53.019181 139683971442432 logging_writer.py:48] [22600] global_step=22600, grad_norm=12.877211570739746, loss=1.5583086013793945
I0513 02:11:17.950823 139683979835136 logging_writer.py:48] [22700] global_step=22700, grad_norm=12.795981407165527, loss=1.3915588855743408
