python submission_runner.py --framework=jax --workload=librispeech_deepspeech --submission_path=submissions_algorithms/submissions/self_tuning/schedule_free_adamw_jax_v2/submission.py --data_dir=/data/librispeech --experiment_dir=/experiment_runs --experiment_name=submissions_a100/schedule_free_adamw_jax_v2/study_1 --overwrite=True --save_checkpoints=False --rng_seed=358311444 --librispeech_tokenizer_vocab_path=/data/librispeech/spm_model.vocab --tuning_ruleset=self 2>&1 | tee -a /logs/librispeech_deepspeech_jax_05-14-2026-17-26-18.log
2026-05-14 17:26:31.225066: E external/local_xla/xla/stream_executor/cuda/cuda_fft.cc:467] Unable to register cuFFT factory: Attempting to register factory for plugin cuFFT when one has already been registered
WARNING: All log messages before absl::InitializeLog() is called are written to STDERR
E0000 00:00:1778779592.009312      13 cuda_dnn.cc:8579] Unable to register cuDNN factory: Attempting to register factory for plugin cuDNN when one has already been registered
E0000 00:00:1778779592.179120      13 cuda_blas.cc:1407] Unable to register cuBLAS factory: Attempting to register factory for plugin cuBLAS when one has already been registered
W0000 00:00:1778779594.306589      13 computation_placer.cc:177] computation placer already registered. Please check linkage and avoid linking the same target more than once.
W0000 00:00:1778779594.306637      13 computation_placer.cc:177] computation placer already registered. Please check linkage and avoid linking the same target more than once.
W0000 00:00:1778779594.306640      13 computation_placer.cc:177] computation placer already registered. Please check linkage and avoid linking the same target more than once.
W0000 00:00:1778779594.306642      13 computation_placer.cc:177] computation placer already registered. Please check linkage and avoid linking the same target more than once.
/usr/local/lib/python3.11/site-packages/torch/__init__.py:1617: UserWarning: Please use the new API settings to control TF32 behavior, such as torch.backends.cudnn.conv.fp32_precision = 'tf32' or torch.backends.cuda.matmul.fp32_precision = 'ieee'. Old settings, e.g, torch.backends.cuda.matmul.allow_tf32 = True, torch.backends.cudnn.allow_tf32 = True, allowTF32CuDNN() and allowTF32CuBLAS() will be deprecated after Pytorch 2.9. Please see https://pytorch.org/docs/main/notes/cuda.html#tensorfloat-32-tf32-on-ampere-and-later-devices (Triggered internally at /pytorch/aten/src/ATen/Context.cpp:80.)
  _C._set_float32_matmul_precision(precision)
/usr/local/lib/python3.11/site-packages/pydantic/_internal/_generate_schema.py:2249: UnsupportedFieldAttributeWarning: The 'repr' attribute with value False was provided to the `Field()` function, which has no effect in the context it was used. 'repr' is field-specific metadata, and can only be attached to a model field using `Annotated` metadata or by assignment. This may have happened because an `Annotated` type alias using the `type` statement was used, or if the `Field()` function was attached to a single member of a union type.
  warnings.warn(
/usr/local/lib/python3.11/site-packages/pydantic/_internal/_generate_schema.py:2249: UnsupportedFieldAttributeWarning: The 'frozen' attribute with value True was provided to the `Field()` function, which has no effect in the context it was used. 'frozen' is field-specific metadata, and can only be attached to a model field using `Annotated` metadata or by assignment. This may have happened because an `Annotated` type alias using the `type` statement was used, or if the `Field()` function was attached to a single member of a union type.
  warnings.warn(
INFO:2026-05-14 17:27:29,389:jax._src.xla_bridge:830: Unable to initialize backend 'tpu': INTERNAL: Failed to open libtpu.so: libtpu.so: cannot open shared object file: No such file or directory
I0514 17:27:29.389170 139861311354048 xla_bridge.py:830] Unable to initialize backend 'tpu': INTERNAL: Failed to open libtpu.so: libtpu.so: cannot open shared object file: No such file or directory
I0514 17:27:30.518377 139861311354048 logger_utils.py:84] Creating experiment directory at /experiment_runs/submissions_a100/schedule_free_adamw_jax_v2/study_1/librispeech_deepspeech_jax.
I0514 17:27:34.590271 139861311354048 submission_runner.py:741] Creating directory at /experiment_runs/submissions_a100/schedule_free_adamw_jax_v2/study_1/librispeech_deepspeech_jax/trial_1.
I0514 17:27:34.977513 139861311354048 submission_runner.py:242] Initializing dataset.
I0514 17:27:34.977728 139861311354048 submission_runner.py:251] Initializing model.
I0514 17:28:29.183191 139861311354048 submission_runner.py:294] Initializing optimizer.
I0514 17:28:30.167787 139861311354048 submission_runner.py:299] Initializing metrics bundle.
I0514 17:28:30.168052 139861311354048 submission_runner.py:321] Initializing checkpoint and logger.
I0514 17:28:30.171057 139861311354048 checkpoints.py:1098] Found no checkpoint files in /experiment_runs/submissions_a100/schedule_free_adamw_jax_v2/study_1/librispeech_deepspeech_jax/trial_1 with prefix checkpoint_
I0514 17:28:30.171198 139861311354048 submission_runner.py:344] Saving meta data to /experiment_runs/submissions_a100/schedule_free_adamw_jax_v2/study_1/librispeech_deepspeech_jax/trial_1/meta_data_0.json.
I0514 17:28:30.171402 139861311354048 logger_utils.py:283] Unable to record workload.train_mean information. Continuing without it.
I0514 17:28:30.171463 139861311354048 logger_utils.py:283] Unable to record workload.train_stddev information. Continuing without it.
I0514 17:28:30.672270 139861311354048 submission_runner.py:348] Saving flags to /experiment_runs/submissions_a100/schedule_free_adamw_jax_v2/study_1/librispeech_deepspeech_jax/trial_1/flags_0.json.
I0514 17:28:30.693422 139861311354048 submission_runner.py:359] Starting training loop.
I0514 17:28:30.901021 139861311354048 input_pipeline.py:19] Loading split = train-clean-100
I0514 17:28:30.951698 139861311354048 input_pipeline.py:19] Loading split = train-clean-360
I0514 17:28:31.398022 139861311354048 input_pipeline.py:19] Loading split = train-other-500
/usr/local/lib/python3.11/multiprocessing/popen_fork.py:66: RuntimeWarning: os.fork() was called. os.fork() is incompatible with multithreaded code, and JAX is multithreaded, so this will likely lead to a deadlock.
  self.pid = os.fork()
2026-05-14 17:29:02.693145: E external/xla/xla/service/slow_operation_alarm.cc:73] Trying algorithm eng0{} for conv (f32[32,512,500,20]{3,2,1,0}, u8[0]{0}) custom-call(f32[32,512,1001,41]{3,2,1,0}, f32[512,512,3,3]{3,2,1,0}), window={size=3x3 stride=2x2}, dim_labels=bf01_oi01->bf01, custom_call_target="__cudnn$convForward", backend_config={"operation_queue_id":"0","wait_on_operation_queues":[],"cudnn_conv_backend_config":{"activation_mode":"kNone","conv_result_scale":1,"side_input_scale":0,"leakyrelu_alpha":0},"force_earliest_schedule":false,"reification_cost":[]} is taking a while...
2026-05-14 17:29:06.340568: E external/xla/xla/service/slow_operation_alarm.cc:140] The operation took 4.647634384s
Trying algorithm eng0{} for conv (f32[32,512,500,20]{3,2,1,0}, u8[0]{0}) custom-call(f32[32,512,1001,41]{3,2,1,0}, f32[512,512,3,3]{3,2,1,0}), window={size=3x3 stride=2x2}, dim_labels=bf01_oi01->bf01, custom_call_target="__cudnn$convForward", backend_config={"operation_queue_id":"0","wait_on_operation_queues":[],"cudnn_conv_backend_config":{"activation_mode":"kNone","conv_result_scale":1,"side_input_scale":0,"leakyrelu_alpha":0},"force_earliest_schedule":false,"reification_cost":[]} is taking a while...
2026-05-14 17:29:29.589515: E external/xla/xla/service/slow_operation_alarm.cc:73] Trying algorithm eng0{} for conv (f32[32,512,999,41]{3,2,1,0}, u8[0]{0}) custom-call(f32[32,512,500,20]{3,2,1,0}, f32[512,512,3,3]{3,2,1,0}), window={size=3x3 stride=2x2 pad=1_1x0_0}, dim_labels=bf01_oi01->bf01, custom_call_target="__cudnn$convBackwardInput", backend_config={"operation_queue_id":"0","wait_on_operation_queues":[],"cudnn_conv_backend_config":{"activation_mode":"kNone","conv_result_scale":1,"side_input_scale":0,"leakyrelu_alpha":0},"force_earliest_schedule":false,"reification_cost":[]} is taking a while...
2026-05-14 17:29:47.168866: E external/xla/xla/service/slow_operation_alarm.cc:140] The operation took 18.579506684s
Trying algorithm eng0{} for conv (f32[32,512,999,41]{3,2,1,0}, u8[0]{0}) custom-call(f32[32,512,500,20]{3,2,1,0}, f32[512,512,3,3]{3,2,1,0}), window={size=3x3 stride=2x2 pad=1_1x0_0}, dim_labels=bf01_oi01->bf01, custom_call_target="__cudnn$convBackwardInput", backend_config={"operation_queue_id":"0","wait_on_operation_queues":[],"cudnn_conv_backend_config":{"activation_mode":"kNone","conv_result_scale":1,"side_input_scale":0,"leakyrelu_alpha":0},"force_earliest_schedule":false,"reification_cost":[]} is taking a while...
2026-05-14 17:29:53.777262: E external/xla/xla/service/slow_operation_alarm.cc:73] Trying algorithm eng0{} for conv (f32[512,512,3,3]{3,2,1,0}, u8[0]{0}) custom-call(f32[32,512,999,41]{3,2,1,0}, f32[32,512,500,20]{3,2,1,0}), window={size=3x3 stride=2x2 pad=1_1x0_0}, dim_labels=bf01_oi01->bf01, custom_call_target="__cudnn$convBackwardFilter", backend_config={"operation_queue_id":"0","wait_on_operation_queues":[],"cudnn_conv_backend_config":{"activation_mode":"kNone","conv_result_scale":1,"side_input_scale":0,"leakyrelu_alpha":0},"force_earliest_schedule":false,"reification_cost":[]} is taking a while...
2026-05-14 17:29:59.660167: E external/xla/xla/service/slow_operation_alarm.cc:140] The operation took 6.882989599s
Trying algorithm eng0{} for conv (f32[512,512,3,3]{3,2,1,0}, u8[0]{0}) custom-call(f32[32,512,999,41]{3,2,1,0}, f32[32,512,500,20]{3,2,1,0}), window={size=3x3 stride=2x2 pad=1_1x0_0}, dim_labels=bf01_oi01->bf01, custom_call_target="__cudnn$convBackwardFilter", backend_config={"operation_queue_id":"0","wait_on_operation_queues":[],"cudnn_conv_backend_config":{"activation_mode":"kNone","conv_result_scale":1,"side_input_scale":0,"leakyrelu_alpha":0},"force_earliest_schedule":false,"reification_cost":[]} is taking a while...
/usr/local/lib/python3.11/site-packages/jax/_src/interpreters/mlir.py:1268: UserWarning: Some donated buffers were not usable: float32[512], float32[512], float32[256], float32[256,256], float32[256], float32[256,256], float32[256], float32[256,256], float32[256], float32[256,256], float32[512,256], float32[512,256], float32[512,256], float32[512,256], float32[256], float32[256,256], float32[256], float32[256,256], float32[256], float32[256,256], float32[256], float32[256,256], float32[512,256], float32[512,256], float32[512,256], float32[512,256], float32[512], float32[512], float32[256], float32[256,256], float32[256], float32[256,256], float32[256], float32[256,256], float32[256], float32[256,256], float32[512,256], float32[512,256], float32[512,256], float32[512,256], float32[256], float32[256,256], float32[256], float32[256,256], float32[256], float32[256,256], float32[256], float32[256,256], float32[512,256], float32[512,256], float32[512,256], float32[512,256], float32[512], float32[512], float32[256], float32[256,256], float32[256], float32[256,256], float32[256], float32[256,256], float32[256], float32[256,256], float32[512,256], float32[512,256], float32[512,256], float32[512,256], float32[256], float32[256,256], float32[256], float32[256,256], float32[256], float32[256,256], float32[256], float32[256,256], float32[512,256], float32[512,256], float32[512,256], float32[512,256], float32[512], float32[512], float32[256], float32[256,256], float32[256], float32[256,256], float32[256], float32[256,256], float32[256], float32[256,256], float32[512,256], float32[512,256], float32[512,256], float32[512,256], float32[256], float32[256,256], float32[256], float32[256,256], float32[256], float32[256,256], float32[256], float32[256,256], float32[512,256], float32[512,256], float32[512,256], float32[512,256], float32[512], float32[512], float32[256], float32[256,256], float32[256], float32[256,256], float32[256], float32[256,256], float32[256], float32[256,256], float32[512,256], float32[512,256], float32[512,256], float32[512,256], float32[256], float32[256,256], float32[256], float32[256,256], float32[256], float32[256,256], float32[256], float32[256,256], float32[512,256], float32[512,256], float32[512,256], float32[512,256], float32[512], float32[512], float32[256], float32[256,256], float32[256], float32[256,256], float32[256], float32[256,256], float32[256], float32[256,256], float32[512,256], float32[512,256], float32[512,256], float32[512,256], float32[256], float32[256,256], float32[256], float32[256,256], float32[256], float32[256,256], float32[256], float32[256,256], float32[512,256], float32[512,256], float32[512,256], float32[512,256], float32[1024], float32[512,1024], float32[512], float32[512], float32[512], float32[512,512], float32[512], float32[512], float32[512], float32[512,512], float32[512], float32[512], float32[512], float32[512,512], float32[512], float32[512], float32[512], float32[3,3,1,512], float32[512], float32[3,3,512,512], float32[512], float32[10240,512].
See an explanation at https://docs.jax.dev/en/latest/faq.html#buffer-donation.
  warnings.warn("Some donated buffers were not usable:"
I0514 17:30:29.545702 139846441629440 logging_writer.py:48] [0] global_step=0, grad_norm=22.921545028686523, loss=34.14555358886719
I0514 17:30:31.002882 139861311354048 spec.py:333] Evaluating on the training split.
I0514 17:30:31.003099 139861311354048 input_pipeline.py:19] Loading split = train-clean-100
I0514 17:30:31.029263 139861311354048 input_pipeline.py:19] Loading split = train-clean-360
I0514 17:30:31.125383 139861311354048 input_pipeline.py:19] Loading split = train-other-500
/usr/local/lib/python3.11/multiprocessing/popen_fork.py:66: RuntimeWarning: os.fork() was called. os.fork() is incompatible with multithreaded code, and JAX is multithreaded, so this will likely lead to a deadlock.
  self.pid = os.fork()
/usr/local/lib/python3.11/site-packages/jax/_src/ops/scatter.py:110: FutureWarning: scatter inputs have incompatible types: cannot safely cast value from dtype=float32 to dtype=int32 with jax_numpy_dtype_promotion='standard'. In future JAX releases this will result in an error.
  warnings.warn(
2026-05-14 17:30:40.931061: E external/xla/xla/service/slow_operation_alarm.cc:73] Constant folding an instruction is taking > 1s:

  %reduce-window.10 = f32[256,500]{1,0} reduce-window(%broadcast.248, %constant.119), window={size=1x500 pad=0_0x499_0}, to_apply=%region_35.2517.clone, metadata={op_name="jit(_eval_step)/jit(cumsum)/LibriSpeechConformerWorkload.sequence_mask/reduce_window_sum" source_file="/algorithmic-efficiency/algoperf/workloads/librispeech_conformer/librispeech_jax/workload.py" source_line=251}

This isn't necessarily a bug; constant-folding is inherently a trade-off between compilation time and speed at runtime. XLA has some guards that attempt to keep constant folding from taking too long, but fundamentally you'll always be able to come up with an input program that takes a long time.

If you'd like to file a bug, run with envvar XLA_FLAGS=--xla_dump_to=/tmp/foo and attach the results.
2026-05-14 17:30:47.236641: E external/xla/xla/service/slow_operation_alarm.cc:140] The operation took 7.305772702s
Constant folding an instruction is taking > 1s:

  %reduce-window.10 = f32[256,500]{1,0} reduce-window(%broadcast.248, %constant.119), window={size=1x500 pad=0_0x499_0}, to_apply=%region_35.2517.clone, metadata={op_name="jit(_eval_step)/jit(cumsum)/LibriSpeechConformerWorkload.sequence_mask/reduce_window_sum" source_file="/algorithmic-efficiency/algoperf/workloads/librispeech_conformer/librispeech_jax/workload.py" source_line=251}

This isn't necessarily a bug; constant-folding is inherently a trade-off between compilation time and speed at runtime. XLA has some guards that attempt to keep constant folding from taking too long, but fundamentally you'll always be able to come up with an input program that takes a long time.

If you'd like to file a bug, run with envvar XLA_FLAGS=--xla_dump_to=/tmp/foo and attach the results.
2026-05-14 17:30:49.236784: E external/xla/xla/service/slow_operation_alarm.cc:73] Constant folding an instruction is taking > 2s:

  %reduce-window.11 = f32[256,500]{1,0} reduce-window(%broadcast.248, %constant.122), window={size=1x500 pad=0_0x499_0}, to_apply=%region_35.2517, metadata={op_name="jit(_eval_step)/jit(cumsum)/LibriSpeechConformerWorkload.sequence_mask/reduce_window_sum" source_file="/algorithmic-efficiency/algoperf/workloads/librispeech_conformer/librispeech_jax/workload.py" source_line=251}

This isn't necessarily a bug; constant-folding is inherently a trade-off between compilation time and speed at runtime. XLA has some guards that attempt to keep constant folding from taking too long, but fundamentally you'll always be able to come up with an input program that takes a long time.

If you'd like to file a bug, run with envvar XLA_FLAGS=--xla_dump_to=/tmp/foo and attach the results.
2026-05-14 17:30:54.568424: E external/xla/xla/service/slow_operation_alarm.cc:140] The operation took 7.33172969s
Constant folding an instruction is taking > 2s:

  %reduce-window.11 = f32[256,500]{1,0} reduce-window(%broadcast.248, %constant.122), window={size=1x500 pad=0_0x499_0}, to_apply=%region_35.2517, metadata={op_name="jit(_eval_step)/jit(cumsum)/LibriSpeechConformerWorkload.sequence_mask/reduce_window_sum" source_file="/algorithmic-efficiency/algoperf/workloads/librispeech_conformer/librispeech_jax/workload.py" source_line=251}

This isn't necessarily a bug; constant-folding is inherently a trade-off between compilation time and speed at runtime. XLA has some guards that attempt to keep constant folding from taking too long, but fundamentally you'll always be able to come up with an input program that takes a long time.

If you'd like to file a bug, run with envvar XLA_FLAGS=--xla_dump_to=/tmp/foo and attach the results.
I0514 17:32:31.686570 139861311354048 spec.py:346] Evaluating on the validation split.
I0514 17:32:31.687216 139861311354048 input_pipeline.py:19] Loading split = dev-clean
I0514 17:32:31.710831 139861311354048 input_pipeline.py:19] Loading split = dev-other
2026-05-14 17:33:20.953984: E external/xla/xla/service/slow_operation_alarm.cc:73] Constant folding an instruction is taking > 4s:

  %reduce-window.10 = f32[228,500]{1,0} reduce-window(%broadcast.245, %constant.119), window={size=1x500 pad=0_0x499_0}, to_apply=%region_35.2514.clone, metadata={op_name="jit(_eval_step)/jit(cumsum)/LibriSpeechConformerWorkload.sequence_mask/reduce_window_sum" source_file="/algorithmic-efficiency/algoperf/workloads/librispeech_conformer/librispeech_jax/workload.py" source_line=251}

This isn't necessarily a bug; constant-folding is inherently a trade-off between compilation time and speed at runtime. XLA has some guards that attempt to keep constant folding from taking too long, but fundamentally you'll always be able to come up with an input program that takes a long time.

If you'd like to file a bug, run with envvar XLA_FLAGS=--xla_dump_to=/tmp/foo and attach the results.
2026-05-14 17:33:23.251815: E external/xla/xla/service/slow_operation_alarm.cc:140] The operation took 6.297999301s
Constant folding an instruction is taking > 4s:

  %reduce-window.10 = f32[228,500]{1,0} reduce-window(%broadcast.245, %constant.119), window={size=1x500 pad=0_0x499_0}, to_apply=%region_35.2514.clone, metadata={op_name="jit(_eval_step)/jit(cumsum)/LibriSpeechConformerWorkload.sequence_mask/reduce_window_sum" source_file="/algorithmic-efficiency/algoperf/workloads/librispeech_conformer/librispeech_jax/workload.py" source_line=251}

This isn't necessarily a bug; constant-folding is inherently a trade-off between compilation time and speed at runtime. XLA has some guards that attempt to keep constant folding from taking too long, but fundamentally you'll always be able to come up with an input program that takes a long time.

If you'd like to file a bug, run with envvar XLA_FLAGS=--xla_dump_to=/tmp/foo and attach the results.
I0514 17:34:22.080711 139861311354048 spec.py:363] Evaluating on the test split.
I0514 17:34:22.081581 139861311354048 input_pipeline.py:19] Loading split = test-clean
I0514 17:35:23.082385 139861311354048 submission_runner.py:516] Time since start: 412.39s, 	Step: 1, 	{'train/ctc_loss': Array(7.886663, dtype=float32), 'train/wer': np.float64(4.535722466318223), 'validation/ctc_loss': Array(7.57745, dtype=float32), 'validation/wer': np.float64(4.132148892000193), 'validation/num_examples': 5348, 'test/ctc_loss': Array(7.5903873, dtype=float32), 'test/wer': np.float64(4.370259785103488), 'test/num_examples': 2472, 'score': 120.3093535900116, 'total_duration': 412.38555669784546, 'accumulated_submission_time': 120.3093535900116, 'accumulated_eval_time': 292.07610416412354, 'accumulated_logging_time': 0}
I0514 17:35:23.112704 139688501307136 logging_writer.py:48] [1] accumulated_eval_time=292.076, accumulated_logging_time=0, accumulated_submission_time=120.309, global_step=1, preemption_count=0, score=120.309, test/ctc_loss=7.590387344360352, test/num_examples=2472, test/wer=4.37026, total_duration=412.386, train/ctc_loss=7.88666296005249, train/wer=4.53572, validation/ctc_loss=7.577449798583984, validation/num_examples=5348, validation/wer=4.13215
/usr/local/lib/python3.11/site-packages/jax/_src/interpreters/mlir.py:1268: UserWarning: Some donated buffers were not usable: float32[512], float32[512], float32[256], float32[256,256], float32[256], float32[256,256], float32[256], float32[256,256], float32[256], float32[256,256], float32[512,256], float32[512,256], float32[512,256], float32[512,256], float32[256], float32[256,256], float32[256], float32[256,256], float32[256], float32[256,256], float32[256], float32[256,256], float32[512,256], float32[512,256], float32[512,256], float32[512,256], float32[512], float32[512], float32[256], float32[256,256], float32[256], float32[256,256], float32[256], float32[256,256], float32[256], float32[256,256], float32[512,256], float32[512,256], float32[512,256], float32[512,256], float32[256], float32[256,256], float32[256], float32[256,256], float32[256], float32[256,256], float32[256], float32[256,256], float32[512,256], float32[512,256], float32[512,256], float32[512,256], float32[512], float32[512], float32[256], float32[256,256], float32[256], float32[256,256], float32[256], float32[256,256], float32[256], float32[256,256], float32[512,256], float32[512,256], float32[512,256], float32[512,256], float32[256], float32[256,256], float32[256], float32[256,256], float32[256], float32[256,256], float32[256], float32[256,256], float32[512,256], float32[512,256], float32[512,256], float32[512,256], float32[512], float32[512], float32[256], float32[256,256], float32[256], float32[256,256], float32[256], float32[256,256], float32[256], float32[256,256], float32[512,256], float32[512,256], float32[512,256], float32[512,256], float32[256], float32[256,256], float32[256], float32[256,256], float32[256], float32[256,256], float32[256], float32[256,256], float32[512,256], float32[512,256], float32[512,256], float32[512,256], float32[512], float32[512], float32[256], float32[256,256], float32[256], float32[256,256], float32[256], float32[256,256], float32[256], float32[256,256], float32[512,256], float32[512,256], float32[512,256], float32[512,256], float32[256], float32[256,256], float32[256], float32[256,256], float32[256], float32[256,256], float32[256], float32[256,256], float32[512,256], float32[512,256], float32[512,256], float32[512,256], float32[512], float32[512], float32[256], float32[256,256], float32[256], float32[256,256], float32[256], float32[256,256], float32[256], float32[256,256], float32[512,256], float32[512,256], float32[512,256], float32[512,256], float32[256], float32[256,256], float32[256], float32[256,256], float32[256], float32[256,256], float32[256], float32[256,256], float32[512,256], float32[512,256], float32[512,256], float32[512,256], float32[1024], float32[512,1024], float32[512], float32[512], float32[512], float32[512,512], float32[512], float32[512], float32[512], float32[512,512], float32[512], float32[512], float32[512], float32[512,512], float32[512], float32[512], float32[512], float32[3,3,1,512], float32[512], float32[3,3,512,512], float32[512], float32[10240,512].
See an explanation at https://docs.jax.dev/en/latest/faq.html#buffer-donation.
  warnings.warn("Some donated buffers were not usable:"
I0514 17:39:00.806920 139802338879232 logging_writer.py:48] [100] global_step=100, grad_norm=1.9189318418502808, loss=6.046215534210205
I0514 17:42:34.593736 139803618154240 logging_writer.py:48] [200] global_step=200, grad_norm=0.48883116245269775, loss=5.798152923583984
I0514 17:46:21.263368 139802338879232 logging_writer.py:48] [300] global_step=300, grad_norm=2.6194562911987305, loss=5.63828706741333
I0514 17:50:11.089016 139803618154240 logging_writer.py:48] [400] global_step=400, grad_norm=2.430603504180908, loss=5.313892841339111
I0514 17:54:08.522740 139802338879232 logging_writer.py:48] [500] global_step=500, grad_norm=1.91829514503479, loss=4.573120594024658
I0514 17:58:14.114675 139803618154240 logging_writer.py:48] [600] global_step=600, grad_norm=1.7178406715393066, loss=3.9949607849121094
I0514 17:59:33.731159 139861311354048 spec.py:333] Evaluating on the training split.
I0514 18:00:26.472345 139861311354048 spec.py:346] Evaluating on the validation split.
/usr/local/lib/python3.11/multiprocessing/popen_fork.py:66: RuntimeWarning: os.fork() was called. os.fork() is incompatible with multithreaded code, and JAX is multithreaded, so this will likely lead to a deadlock.
  self.pid = os.fork()
I0514 18:01:34.042317 139861311354048 spec.py:363] Evaluating on the test split.
I0514 18:02:07.618227 139861311354048 submission_runner.py:516] Time since start: 2016.92s, 	Step: 634, 	{'train/ctc_loss': Array(1.6670026, dtype=float32), 'train/wer': np.float64(1.1096784824205475), 'validation/ctc_loss': Array(1.5971037, dtype=float32), 'validation/wer': np.float64(1.0488292376768213), 'validation/num_examples': 5348, 'test/ctc_loss': Array(1.551974, dtype=float32), 'test/wer': np.float64(1.064976743241322), 'test/num_examples': 2472, 'score': 1570.8978261947632, 'total_duration': 2016.9221646785736, 'accumulated_submission_time': 1570.8978261947632, 'accumulated_eval_time': 445.9605395793915, 'accumulated_logging_time': 0.05407071113586426}
I0514 18:02:07.654108 139803618154240 logging_writer.py:48] [634] accumulated_eval_time=445.961, accumulated_logging_time=0.0540707, accumulated_submission_time=1570.9, global_step=634, preemption_count=0, score=1570.9, test/ctc_loss=1.5519740581512451, test/num_examples=2472, test/wer=1.06498, total_duration=2016.92, train/ctc_loss=1.667002558708191, train/wer=1.10968, validation/ctc_loss=1.5971037149429321, validation/num_examples=5348, validation/wer=1.04883
I0514 18:04:51.101675 139802338879232 logging_writer.py:48] [700] global_step=700, grad_norm=2.3535473346710205, loss=3.700139284133911
I0514 18:08:53.794120 139803618154240 logging_writer.py:48] [800] global_step=800, grad_norm=2.0911831855773926, loss=3.3933303356170654
I0514 18:13:03.319637 139802338879232 logging_writer.py:48] [900] global_step=900, grad_norm=2.429912567138672, loss=3.297654628753662
I0514 18:17:08.491099 139803618154240 logging_writer.py:48] [1000] global_step=1000, grad_norm=2.1741485595703125, loss=3.1581478118896484
I0514 18:21:18.577114 139802338879232 logging_writer.py:48] [1100] global_step=1100, grad_norm=1.5076097249984741, loss=3.119802951812744
I0514 18:25:30.973147 139803618154240 logging_writer.py:48] [1200] global_step=1200, grad_norm=2.961348295211792, loss=2.956033945083618
I0514 18:26:15.612597 139861311354048 spec.py:333] Evaluating on the training split.
I0514 18:27:07.115837 139861311354048 spec.py:346] Evaluating on the validation split.
/usr/local/lib/python3.11/multiprocessing/popen_fork.py:66: RuntimeWarning: os.fork() was called. os.fork() is incompatible with multithreaded code, and JAX is multithreaded, so this will likely lead to a deadlock.
  self.pid = os.fork()
I0514 18:27:53.842693 139861311354048 spec.py:363] Evaluating on the test split.
I0514 18:28:17.042756 139861311354048 submission_runner.py:516] Time since start: 3586.35s, 	Step: 1219, 	{'train/ctc_loss': Array(0.7908021, dtype=float32), 'train/wer': np.float64(0.7283275177796127), 'validation/ctc_loss': Array(0.859292, dtype=float32), 'validation/wer': np.float64(0.7274368753922658), 'validation/num_examples': 5348, 'test/ctc_loss': Array(0.77204025, dtype=float32), 'test/wer': np.float64(0.694331038124835), 'test/num_examples': 2472, 'score': 3018.8398072719574, 'total_duration': 3586.3467445373535, 'accumulated_submission_time': 3018.8398072719574, 'accumulated_eval_time': 567.388117313385, 'accumulated_logging_time': 0.10059952735900879}
I0514 18:28:17.079649 139803618154240 logging_writer.py:48] [1219] accumulated_eval_time=567.388, accumulated_logging_time=0.1006, accumulated_submission_time=3018.84, global_step=1219, preemption_count=0, score=3018.84, test/ctc_loss=0.7720402479171753, test/num_examples=2472, test/wer=0.694331, total_duration=3586.35, train/ctc_loss=0.7908021211624146, train/wer=0.728328, validation/ctc_loss=0.8592919707298279, validation/num_examples=5348, validation/wer=0.727437
I0514 18:31:44.032750 139802338879232 logging_writer.py:48] [1300] global_step=1300, grad_norm=1.8590892553329468, loss=2.831696033477783
I0514 18:35:55.025714 139803618154240 logging_writer.py:48] [1400] global_step=1400, grad_norm=2.3498597145080566, loss=2.7315680980682373
I0514 18:40:10.152289 139802338879232 logging_writer.py:48] [1500] global_step=1500, grad_norm=2.0162839889526367, loss=2.6541426181793213
I0514 18:44:24.236363 139803618154240 logging_writer.py:48] [1600] global_step=1600, grad_norm=2.1299936771392822, loss=2.569537878036499
I0514 18:48:37.417914 139802338879232 logging_writer.py:48] [1700] global_step=1700, grad_norm=2.227274179458618, loss=2.6154613494873047
I0514 18:52:24.563707 139861311354048 spec.py:333] Evaluating on the training split.
I0514 18:53:14.682897 139861311354048 spec.py:346] Evaluating on the validation split.
/usr/local/lib/python3.11/multiprocessing/popen_fork.py:66: RuntimeWarning: os.fork() was called. os.fork() is incompatible with multithreaded code, and JAX is multithreaded, so this will likely lead to a deadlock.
  self.pid = os.fork()
I0514 18:54:01.173906 139861311354048 spec.py:363] Evaluating on the test split.
I0514 18:54:24.322057 139861311354048 submission_runner.py:516] Time since start: 5153.63s, 	Step: 1791, 	{'train/ctc_loss': Array(0.42054507, dtype=float32), 'train/wer': np.float64(0.4472803369335463), 'validation/ctc_loss': Array(0.5192453, dtype=float32), 'validation/wer': np.float64(0.4896345290397335), 'validation/num_examples': 5348, 'test/ctc_loss': Array(0.4166957, dtype=float32), 'test/wer': np.float64(0.43052424187029026), 'test/num_examples': 2472, 'score': 4466.3066256046295, 'total_duration': 5153.626024723053, 'accumulated_submission_time': 4466.3066256046295, 'accumulated_eval_time': 687.1438636779785, 'accumulated_logging_time': 0.14892983436584473}
I0514 18:54:24.360177 139803618154240 logging_writer.py:48] [1791] accumulated_eval_time=687.144, accumulated_logging_time=0.14893, accumulated_submission_time=4466.31, global_step=1791, preemption_count=0, score=4466.31, test/ctc_loss=0.4166957139968872, test/num_examples=2472, test/wer=0.430524, total_duration=5153.63, train/ctc_loss=0.4205450713634491, train/wer=0.44728, validation/ctc_loss=0.5192453265190125, validation/num_examples=5348, validation/wer=0.489635
I0514 18:54:54.562804 139802338879232 logging_writer.py:48] [1800] global_step=1800, grad_norm=2.440859317779541, loss=2.4004034996032715
I0514 18:59:10.113533 139803618154240 logging_writer.py:48] [1900] global_step=1900, grad_norm=2.282618522644043, loss=2.4962210655212402
I0514 19:03:22.937073 139802338879232 logging_writer.py:48] [2000] global_step=2000, grad_norm=2.471379280090332, loss=2.426286220550537
/usr/local/lib/python3.11/multiprocessing/popen_fork.py:66: RuntimeWarning: os.fork() was called. os.fork() is incompatible with multithreaded code, and JAX is multithreaded, so this will likely lead to a deadlock.
  self.pid = os.fork()
I0514 19:07:53.856837 139802338879232 logging_writer.py:48] [2100] global_step=2100, grad_norm=2.859779119491577, loss=2.3748419284820557
I0514 19:12:12.225222 139801267246848 logging_writer.py:48] [2200] global_step=2200, grad_norm=3.3027737140655518, loss=2.3842036724090576
I0514 19:16:28.352052 139802338879232 logging_writer.py:48] [2300] global_step=2300, grad_norm=4.957517623901367, loss=2.289963960647583
I0514 19:18:31.790812 139861311354048 spec.py:333] Evaluating on the training split.
I0514 19:19:22.628166 139861311354048 spec.py:346] Evaluating on the validation split.
/usr/local/lib/python3.11/multiprocessing/popen_fork.py:66: RuntimeWarning: os.fork() was called. os.fork() is incompatible with multithreaded code, and JAX is multithreaded, so this will likely lead to a deadlock.
  self.pid = os.fork()
I0514 19:20:09.478741 139861311354048 spec.py:363] Evaluating on the test split.
I0514 19:20:32.550745 139861311354048 submission_runner.py:516] Time since start: 6721.85s, 	Step: 2347, 	{'train/ctc_loss': Array(0.26983884, dtype=float32), 'train/wer': np.float64(0.31640817266910326), 'validation/ctc_loss': Array(0.36018512, dtype=float32), 'validation/wer': np.float64(0.3778593154057838), 'validation/num_examples': 5348, 'test/ctc_loss': Array(0.2707998, dtype=float32), 'test/wer': np.float64(0.31042187150894723), 'test/num_examples': 2472, 'score': 5913.720007181168, 'total_duration': 6721.854607343674, 'accumulated_submission_time': 5913.720007181168, 'accumulated_eval_time': 807.9010875225067, 'accumulated_logging_time': 0.19854259490966797}
I0514 19:20:32.588660 139802338879232 logging_writer.py:48] [2347] accumulated_eval_time=807.901, accumulated_logging_time=0.198543, accumulated_submission_time=5913.72, global_step=2347, preemption_count=0, score=5913.72, test/ctc_loss=0.27079978585243225, test/num_examples=2472, test/wer=0.310422, total_duration=6721.85, train/ctc_loss=0.2698388397693634, train/wer=0.316408, validation/ctc_loss=0.3601851165294647, validation/num_examples=5348, validation/wer=0.377859
I0514 19:22:53.896405 139801267246848 logging_writer.py:48] [2400] global_step=2400, grad_norm=2.555558681488037, loss=2.286418914794922
I0514 19:27:13.462031 139802338879232 logging_writer.py:48] [2500] global_step=2500, grad_norm=3.211916446685791, loss=2.2923178672790527
I0514 19:31:32.908080 139801267246848 logging_writer.py:48] [2600] global_step=2600, grad_norm=2.8028526306152344, loss=2.2236905097961426
I0514 19:35:58.862629 139802338879232 logging_writer.py:48] [2700] global_step=2700, grad_norm=2.789403200149536, loss=2.184945821762085
I0514 19:40:18.835820 139801267246848 logging_writer.py:48] [2800] global_step=2800, grad_norm=2.926656723022461, loss=2.244415283203125
I0514 19:44:36.401814 139802338879232 logging_writer.py:48] [2900] global_step=2900, grad_norm=2.5594229698181152, loss=2.173419952392578
I0514 19:44:42.556409 139861311354048 spec.py:333] Evaluating on the training split.
I0514 19:45:31.634063 139861311354048 spec.py:346] Evaluating on the validation split.
/usr/local/lib/python3.11/multiprocessing/popen_fork.py:66: RuntimeWarning: os.fork() was called. os.fork() is incompatible with multithreaded code, and JAX is multithreaded, so this will likely lead to a deadlock.
  self.pid = os.fork()
I0514 19:46:17.754216 139861311354048 spec.py:363] Evaluating on the test split.
I0514 19:46:40.867027 139861311354048 submission_runner.py:516] Time since start: 8290.17s, 	Step: 2902, 	{'train/ctc_loss': Array(0.20959072, dtype=float32), 'train/wer': np.float64(0.25930657331100915), 'validation/ctc_loss': Array(0.29354337, dtype=float32), 'validation/wer': np.float64(0.3207550813498769), 'validation/num_examples': 5348, 'test/ctc_loss': Array(0.21282363, dtype=float32), 'test/wer': np.float64(0.25594621493713565), 'test/num_examples': 2472, 'score': 7363.670387744904, 'total_duration': 8290.17096233368, 'accumulated_submission_time': 7363.670387744904, 'accumulated_eval_time': 926.2090744972229, 'accumulated_logging_time': 0.24807524681091309}
I0514 19:46:40.910986 139802338879232 logging_writer.py:48] [2902] accumulated_eval_time=926.209, accumulated_logging_time=0.248075, accumulated_submission_time=7363.67, global_step=2902, preemption_count=0, score=7363.67, test/ctc_loss=0.21282362937927246, test/num_examples=2472, test/wer=0.255946, total_duration=8290.17, train/ctc_loss=0.20959071815013885, train/wer=0.259307, validation/ctc_loss=0.29354336857795715, validation/num_examples=5348, validation/wer=0.320755
I0514 19:51:03.739567 139801267246848 logging_writer.py:48] [3000] global_step=3000, grad_norm=3.90059494972229, loss=2.1713409423828125
I0514 19:55:27.031872 139802338879232 logging_writer.py:48] [3100] global_step=3100, grad_norm=2.3090996742248535, loss=2.1219587326049805
I0514 19:59:48.141573 139801267246848 logging_writer.py:48] [3200] global_step=3200, grad_norm=3.3333609104156494, loss=2.1595914363861084
I0514 20:04:17.113881 139802338879232 logging_writer.py:48] [3300] global_step=3300, grad_norm=3.2611498832702637, loss=2.1128320693969727
I0514 20:08:39.755763 139801267246848 logging_writer.py:48] [3400] global_step=3400, grad_norm=3.6825954914093018, loss=2.0205302238464355
I0514 20:10:52.318101 139861311354048 spec.py:333] Evaluating on the training split.
I0514 20:11:43.442001 139861311354048 spec.py:346] Evaluating on the validation split.
/usr/local/lib/python3.11/multiprocessing/popen_fork.py:66: RuntimeWarning: os.fork() was called. os.fork() is incompatible with multithreaded code, and JAX is multithreaded, so this will likely lead to a deadlock.
  self.pid = os.fork()
I0514 20:12:29.450170 139861311354048 spec.py:363] Evaluating on the test split.
I0514 20:12:52.752671 139861311354048 submission_runner.py:516] Time since start: 9862.06s, 	Step: 3451, 	{'train/ctc_loss': Array(0.18326345, dtype=float32), 'train/wer': np.float64(0.23050823948658583), 'validation/ctc_loss': Array(0.25973186, dtype=float32), 'validation/wer': np.float64(0.2898373002462222), 'validation/num_examples': 5348, 'test/ctc_loss': Array(0.18244545, dtype=float32), 'test/wer': np.float64(0.22322426015071192), 'test/num_examples': 2472, 'score': 8815.060587644577, 'total_duration': 9862.056524038315, 'accumulated_submission_time': 8815.060587644577, 'accumulated_eval_time': 1046.6409261226654, 'accumulated_logging_time': 0.30343198776245117}
I0514 20:12:52.792799 139802338879232 logging_writer.py:48] [3451] accumulated_eval_time=1046.64, accumulated_logging_time=0.303432, accumulated_submission_time=8815.06, global_step=3451, preemption_count=0, score=8815.06, test/ctc_loss=0.1824454516172409, test/num_examples=2472, test/wer=0.223224, total_duration=9862.06, train/ctc_loss=0.18326345086097717, train/wer=0.230508, validation/ctc_loss=0.25973185896873474, validation/num_examples=5348, validation/wer=0.289837
I0514 20:15:03.587955 139801267246848 logging_writer.py:48] [3500] global_step=3500, grad_norm=2.5790786743164062, loss=2.111680269241333
I0514 20:19:35.832198 139802338879232 logging_writer.py:48] [3600] global_step=3600, grad_norm=2.81536602973938, loss=1.9909201860427856
I0514 20:24:00.724612 139801267246848 logging_writer.py:48] [3700] global_step=3700, grad_norm=4.154580593109131, loss=2.026709794998169
I0514 20:28:23.944479 139802338879232 logging_writer.py:48] [3800] global_step=3800, grad_norm=2.547767162322998, loss=1.912444829940796
I0514 20:32:54.339355 139801267246848 logging_writer.py:48] [3900] global_step=3900, grad_norm=3.896637439727783, loss=2.0061469078063965
I0514 20:37:01.323889 139861311354048 spec.py:333] Evaluating on the training split.
I0514 20:37:52.291467 139861311354048 spec.py:346] Evaluating on the validation split.
/usr/local/lib/python3.11/multiprocessing/popen_fork.py:66: RuntimeWarning: os.fork() was called. os.fork() is incompatible with multithreaded code, and JAX is multithreaded, so this will likely lead to a deadlock.
  self.pid = os.fork()
I0514 20:38:38.502844 139861311354048 spec.py:363] Evaluating on the test split.
I0514 20:39:01.872060 139861311354048 submission_runner.py:516] Time since start: 11431.18s, 	Step: 3994, 	{'train/ctc_loss': Array(0.15805885, dtype=float32), 'train/wer': np.float64(0.2014123753004488), 'validation/ctc_loss': Array(0.24013391, dtype=float32), 'validation/wer': np.float64(0.2691642929561145), 'validation/num_examples': 5348, 'test/ctc_loss': Array(0.1639173, dtype=float32), 'test/wer': np.float64(0.20264862998395386), 'test/num_examples': 2472, 'score': 10263.574322223663, 'total_duration': 11431.176018476486, 'accumulated_submission_time': 10263.574322223663, 'accumulated_eval_time': 1167.1864833831787, 'accumulated_logging_time': 0.3553440570831299}
I0514 20:39:01.908620 139802338879232 logging_writer.py:48] [3994] accumulated_eval_time=1167.19, accumulated_logging_time=0.355344, accumulated_submission_time=10263.6, global_step=3994, preemption_count=0, score=10263.6, test/ctc_loss=0.16391730308532715, test/num_examples=2472, test/wer=0.202649, total_duration=11431.2, train/ctc_loss=0.15805885195732117, train/wer=0.201412, validation/ctc_loss=0.24013391137123108, validation/num_examples=5348, validation/wer=0.269164
I0514 20:39:20.048120 139801267246848 logging_writer.py:48] [4000] global_step=4000, grad_norm=3.0769243240356445, loss=2.051203966140747
I0514 20:43:47.238150 139802338879232 logging_writer.py:48] [4100] global_step=4100, grad_norm=2.390812635421753, loss=1.9886893033981323
/usr/local/lib/python3.11/multiprocessing/popen_fork.py:66: RuntimeWarning: os.fork() was called. os.fork() is incompatible with multithreaded code, and JAX is multithreaded, so this will likely lead to a deadlock.
  self.pid = os.fork()
I0514 20:48:27.737240 139802338879232 logging_writer.py:48] [4200] global_step=4200, grad_norm=2.813324213027954, loss=1.857484221458435
I0514 20:52:54.097266 139801267246848 logging_writer.py:48] [4300] global_step=4300, grad_norm=2.090062379837036, loss=1.8956295251846313
I0514 20:57:17.744733 139802338879232 logging_writer.py:48] [4400] global_step=4400, grad_norm=4.444631099700928, loss=1.7876513004302979
I0514 21:01:48.801460 139801267246848 logging_writer.py:48] [4500] global_step=4500, grad_norm=4.017588138580322, loss=1.7872895002365112
I0514 21:03:09.420034 139861311354048 spec.py:333] Evaluating on the training split.
I0514 21:04:01.294947 139861311354048 spec.py:346] Evaluating on the validation split.
/usr/local/lib/python3.11/multiprocessing/popen_fork.py:66: RuntimeWarning: os.fork() was called. os.fork() is incompatible with multithreaded code, and JAX is multithreaded, so this will likely lead to a deadlock.
  self.pid = os.fork()
I0514 21:04:47.372964 139861311354048 spec.py:363] Evaluating on the test split.
I0514 21:05:10.450925 139861311354048 submission_runner.py:516] Time since start: 12999.75s, 	Step: 4532, 	{'train/ctc_loss': Array(0.13449107, dtype=float32), 'train/wer': np.float64(0.17584440573077822), 'validation/ctc_loss': Array(0.22635467, dtype=float32), 'validation/wer': np.float64(0.2552599816540337), 'validation/num_examples': 5348, 'test/ctc_loss': Array(0.15092531, dtype=float32), 'test/wer': np.float64(0.1868665326102411), 'test/num_examples': 2472, 'score': 11711.068865776062, 'total_duration': 12999.754776716232, 'accumulated_submission_time': 11711.068865776062, 'accumulated_eval_time': 1288.2146549224854, 'accumulated_logging_time': 0.4032933712005615}
I0514 21:05:10.490546 139802338879232 logging_writer.py:48] [4532] accumulated_eval_time=1288.21, accumulated_logging_time=0.403293, accumulated_submission_time=11711.1, global_step=4532, preemption_count=0, score=11711.1, test/ctc_loss=0.15092530846595764, test/num_examples=2472, test/wer=0.186867, total_duration=12999.8, train/ctc_loss=0.13449107110500336, train/wer=0.175844, validation/ctc_loss=0.2263546735048294, validation/num_examples=5348, validation/wer=0.25526
I0514 21:08:20.946934 139801267246848 logging_writer.py:48] [4600] global_step=4600, grad_norm=3.7312796115875244, loss=1.8676913976669312
I0514 21:12:48.468227 139802338879232 logging_writer.py:48] [4700] global_step=4700, grad_norm=3.2779080867767334, loss=1.8710323572158813
I0514 21:17:23.621111 139801267246848 logging_writer.py:48] [4800] global_step=4800, grad_norm=3.748518228530884, loss=1.958905816078186
I0514 21:21:52.489461 139802338879232 logging_writer.py:48] [4900] global_step=4900, grad_norm=3.3877463340759277, loss=1.867165446281433
I0514 21:26:19.997509 139801267246848 logging_writer.py:48] [5000] global_step=5000, grad_norm=3.9014055728912354, loss=1.8373345136642456
I0514 21:29:18.735271 139861311354048 spec.py:333] Evaluating on the training split.
I0514 21:30:09.624042 139861311354048 spec.py:346] Evaluating on the validation split.
/usr/local/lib/python3.11/multiprocessing/popen_fork.py:66: RuntimeWarning: os.fork() was called. os.fork() is incompatible with multithreaded code, and JAX is multithreaded, so this will likely lead to a deadlock.
  self.pid = os.fork()
I0514 21:30:56.129519 139861311354048 spec.py:363] Evaluating on the test split.
I0514 21:31:19.633289 139861311354048 submission_runner.py:516] Time since start: 14568.94s, 	Step: 5065, 	{'train/ctc_loss': Array(0.12308557, dtype=float32), 'train/wer': np.float64(0.16077651102043422), 'validation/ctc_loss': Array(0.21492779, dtype=float32), 'validation/wer': np.float64(0.2429778400038623), 'validation/num_examples': 5348, 'test/ctc_loss': Array(0.14088774, dtype=float32), 'test/wer': np.float64(0.17545142485731116), 'test/num_examples': 2472, 'score': 13159.2951567173, 'total_duration': 14568.937299251556, 'accumulated_submission_time': 13159.2951567173, 'accumulated_eval_time': 1409.1101100444794, 'accumulated_logging_time': 0.45573973655700684}
I0514 21:31:19.672777 139802338879232 logging_writer.py:48] [5065] accumulated_eval_time=1409.11, accumulated_logging_time=0.45574, accumulated_submission_time=13159.3, global_step=5065, preemption_count=0, score=13159.3, test/ctc_loss=0.14088773727416992, test/num_examples=2472, test/wer=0.175451, total_duration=14568.9, train/ctc_loss=0.12308557331562042, train/wer=0.160777, validation/ctc_loss=0.2149277925491333, validation/num_examples=5348, validation/wer=0.242978
I0514 21:33:00.858630 139801267246848 logging_writer.py:48] [5100] global_step=5100, grad_norm=2.5814733505249023, loss=1.8440585136413574
I0514 21:37:34.776094 139802338879232 logging_writer.py:48] [5200] global_step=5200, grad_norm=5.607965469360352, loss=1.887675404548645
I0514 21:42:06.141331 139801267246848 logging_writer.py:48] [5300] global_step=5300, grad_norm=2.859909772872925, loss=1.8662382364273071
I0514 21:46:43.653694 139802338879232 logging_writer.py:48] [5400] global_step=5400, grad_norm=3.7020111083984375, loss=1.8531125783920288
I0514 21:51:15.647055 139801267246848 logging_writer.py:48] [5500] global_step=5500, grad_norm=3.703394889831543, loss=1.797300934791565
I0514 21:55:27.430274 139861311354048 spec.py:333] Evaluating on the training split.
I0514 21:56:18.564359 139861311354048 spec.py:346] Evaluating on the validation split.
/usr/local/lib/python3.11/multiprocessing/popen_fork.py:66: RuntimeWarning: os.fork() was called. os.fork() is incompatible with multithreaded code, and JAX is multithreaded, so this will likely lead to a deadlock.
  self.pid = os.fork()
I0514 21:57:05.255960 139861311354048 spec.py:363] Evaluating on the test split.
I0514 21:57:28.878910 139861311354048 submission_runner.py:516] Time since start: 16138.18s, 	Step: 5593, 	{'train/ctc_loss': Array(0.12154644, dtype=float32), 'train/wer': np.float64(0.1620608472276596), 'validation/ctc_loss': Array(0.20555106, dtype=float32), 'validation/wer': np.float64(0.23218268720127455), 'validation/num_examples': 5348, 'test/ctc_loss': Array(0.13231736, dtype=float32), 'test/wer': np.float64(0.16604716348790446), 'test/num_examples': 2472, 'score': 14607.03544139862, 'total_duration': 16138.182441711426, 'accumulated_submission_time': 14607.03544139862, 'accumulated_eval_time': 1530.5557057857513, 'accumulated_logging_time': 0.5071125030517578}
I0514 21:57:28.920487 139802338879232 logging_writer.py:48] [5593] accumulated_eval_time=1530.56, accumulated_logging_time=0.507113, accumulated_submission_time=14607, global_step=5593, preemption_count=0, score=14607, test/ctc_loss=0.13231736421585083, test/num_examples=2472, test/wer=0.166047, total_duration=16138.2, train/ctc_loss=0.1215464398264885, train/wer=0.162061, validation/ctc_loss=0.20555105805397034, validation/num_examples=5348, validation/wer=0.232183
I0514 21:57:48.650521 139801267246848 logging_writer.py:48] [5600] global_step=5600, grad_norm=3.3417086601257324, loss=1.8394116163253784
I0514 22:02:31.942379 139802338879232 logging_writer.py:48] [5700] global_step=5700, grad_norm=3.7850286960601807, loss=1.8418306112289429
I0514 22:07:06.755382 139801267246848 logging_writer.py:48] [5800] global_step=5800, grad_norm=6.34740686416626, loss=1.79362154006958
I0514 22:11:40.652424 139802338879232 logging_writer.py:48] [5900] global_step=5900, grad_norm=3.895723819732666, loss=1.7794322967529297
I0514 22:16:21.483303 139801267246848 logging_writer.py:48] [6000] global_step=6000, grad_norm=2.68172025680542, loss=1.8335421085357666
I0514 22:20:56.294081 139802338879232 logging_writer.py:48] [6100] global_step=6100, grad_norm=3.0305984020233154, loss=1.7980847358703613
I0514 22:21:36.647627 139861311354048 spec.py:333] Evaluating on the training split.
