python submission_runner.py --framework=jax --workload=librispeech_deepspeech --submission_path=submissions_algorithms/submissions/self_tuning/schedule_free_adamw_jax/submission.py --data_dir=/data/librispeech --experiment_dir=/experiment_runs --experiment_name=submissions_a100/schedule_free_adamw_jax/study_0 --overwrite=True --save_checkpoints=False --rng_seed=-255136838 --librispeech_tokenizer_vocab_path=/data/librispeech/spm_model.vocab --tuning_ruleset=self 2>&1 | tee -a /logs/librispeech_deepspeech_jax_05-14-2026-09-26-25.log
2026-05-14 09:26:25.929905: E external/local_xla/xla/stream_executor/cuda/cuda_fft.cc:467] Unable to register cuFFT factory: Attempting to register factory for plugin cuFFT when one has already been registered
WARNING: All log messages before absl::InitializeLog() is called are written to STDERR
E0000 00:00:1778750785.957351      13 cuda_dnn.cc:8579] Unable to register cuDNN factory: Attempting to register factory for plugin cuDNN when one has already been registered
E0000 00:00:1778750785.966581      13 cuda_blas.cc:1407] Unable to register cuBLAS factory: Attempting to register factory for plugin cuBLAS when one has already been registered
W0000 00:00:1778750785.997464      13 computation_placer.cc:177] computation placer already registered. Please check linkage and avoid linking the same target more than once.
W0000 00:00:1778750785.997497      13 computation_placer.cc:177] computation placer already registered. Please check linkage and avoid linking the same target more than once.
W0000 00:00:1778750785.997500      13 computation_placer.cc:177] computation placer already registered. Please check linkage and avoid linking the same target more than once.
W0000 00:00:1778750785.997501      13 computation_placer.cc:177] computation placer already registered. Please check linkage and avoid linking the same target more than once.
/usr/local/lib/python3.11/site-packages/torch/__init__.py:1617: UserWarning: Please use the new API settings to control TF32 behavior, such as torch.backends.cudnn.conv.fp32_precision = 'tf32' or torch.backends.cuda.matmul.fp32_precision = 'ieee'. Old settings, e.g, torch.backends.cuda.matmul.allow_tf32 = True, torch.backends.cudnn.allow_tf32 = True, allowTF32CuDNN() and allowTF32CuBLAS() will be deprecated after Pytorch 2.9. Please see https://pytorch.org/docs/main/notes/cuda.html#tensorfloat-32-tf32-on-ampere-and-later-devices (Triggered internally at /pytorch/aten/src/ATen/Context.cpp:80.)
  _C._set_float32_matmul_precision(precision)
/usr/local/lib/python3.11/site-packages/pydantic/_internal/_generate_schema.py:2249: UnsupportedFieldAttributeWarning: The 'repr' attribute with value False was provided to the `Field()` function, which has no effect in the context it was used. 'repr' is field-specific metadata, and can only be attached to a model field using `Annotated` metadata or by assignment. This may have happened because an `Annotated` type alias using the `type` statement was used, or if the `Field()` function was attached to a single member of a union type.
  warnings.warn(
/usr/local/lib/python3.11/site-packages/pydantic/_internal/_generate_schema.py:2249: UnsupportedFieldAttributeWarning: The 'frozen' attribute with value True was provided to the `Field()` function, which has no effect in the context it was used. 'frozen' is field-specific metadata, and can only be attached to a model field using `Annotated` metadata or by assignment. This may have happened because an `Annotated` type alias using the `type` statement was used, or if the `Field()` function was attached to a single member of a union type.
  warnings.warn(
INFO:2026-05-14 09:26:33,812:jax._src.xla_bridge:830: Unable to initialize backend 'tpu': INTERNAL: Failed to open libtpu.so: libtpu.so: cannot open shared object file: No such file or directory
I0514 09:26:33.812145 140247171491008 xla_bridge.py:830] Unable to initialize backend 'tpu': INTERNAL: Failed to open libtpu.so: libtpu.so: cannot open shared object file: No such file or directory
I0514 09:26:34.748250 140247171491008 logger_utils.py:59] Removing existing experiment directory /experiment_runs/submissions_a100/schedule_free_adamw_jax/study_0/librispeech_deepspeech_jax because --overwrite was set.
I0514 09:26:34.754078 140247171491008 logger_utils.py:84] Creating experiment directory at /experiment_runs/submissions_a100/schedule_free_adamw_jax/study_0/librispeech_deepspeech_jax.
I0514 09:26:35.201734 140247171491008 submission_runner.py:741] Creating directory at /experiment_runs/submissions_a100/schedule_free_adamw_jax/study_0/librispeech_deepspeech_jax/trial_1.
I0514 09:26:35.758635 140247171491008 submission_runner.py:242] Initializing dataset.
I0514 09:26:35.758862 140247171491008 submission_runner.py:251] Initializing model.
I0514 09:27:30.186486 140247171491008 submission_runner.py:294] Initializing optimizer.
I0514 09:27:31.097909 140247171491008 submission_runner.py:299] Initializing metrics bundle.
I0514 09:27:31.098160 140247171491008 submission_runner.py:321] Initializing checkpoint and logger.
I0514 09:27:31.106484 140247171491008 checkpoints.py:1098] Found no checkpoint files in /experiment_runs/submissions_a100/schedule_free_adamw_jax/study_0/librispeech_deepspeech_jax/trial_1 with prefix checkpoint_
I0514 09:27:31.106624 140247171491008 submission_runner.py:344] Saving meta data to /experiment_runs/submissions_a100/schedule_free_adamw_jax/study_0/librispeech_deepspeech_jax/trial_1/meta_data_0.json.
I0514 09:27:31.106835 140247171491008 logger_utils.py:283] Unable to record workload.train_mean information. Continuing without it.
I0514 09:27:31.106900 140247171491008 logger_utils.py:283] Unable to record workload.train_stddev information. Continuing without it.
I0514 09:27:31.278881 140247171491008 submission_runner.py:348] Saving flags to /experiment_runs/submissions_a100/schedule_free_adamw_jax/study_0/librispeech_deepspeech_jax/trial_1/flags_0.json.
I0514 09:27:31.302286 140247171491008 submission_runner.py:359] Starting training loop.
I0514 09:27:31.514205 140247171491008 input_pipeline.py:19] Loading split = train-clean-100
I0514 09:27:31.615139 140247171491008 input_pipeline.py:19] Loading split = train-clean-360
I0514 09:27:32.074792 140247171491008 input_pipeline.py:19] Loading split = train-other-500
/usr/local/lib/python3.11/multiprocessing/popen_fork.py:66: RuntimeWarning: os.fork() was called. os.fork() is incompatible with multithreaded code, and JAX is multithreaded, so this will likely lead to a deadlock.
  self.pid = os.fork()
2026-05-14 09:28:06.996488: E external/xla/xla/service/slow_operation_alarm.cc:73] Trying algorithm eng0{} for conv (f32[32,512,999,41]{3,2,1,0}, u8[0]{0}) custom-call(f32[32,512,500,20]{3,2,1,0}, f32[512,512,3,3]{3,2,1,0}), window={size=3x3 stride=2x2 pad=1_1x0_0}, dim_labels=bf01_oi01->bf01, custom_call_target="__cudnn$convBackwardInput", backend_config={"operation_queue_id":"0","wait_on_operation_queues":[],"cudnn_conv_backend_config":{"activation_mode":"kNone","conv_result_scale":1,"side_input_scale":0,"leakyrelu_alpha":0},"force_earliest_schedule":false,"reification_cost":[]} is taking a while...
2026-05-14 09:28:24.518548: E external/xla/xla/service/slow_operation_alarm.cc:140] The operation took 18.522248071s
Trying algorithm eng0{} for conv (f32[32,512,999,41]{3,2,1,0}, u8[0]{0}) custom-call(f32[32,512,500,20]{3,2,1,0}, f32[512,512,3,3]{3,2,1,0}), window={size=3x3 stride=2x2 pad=1_1x0_0}, dim_labels=bf01_oi01->bf01, custom_call_target="__cudnn$convBackwardInput", backend_config={"operation_queue_id":"0","wait_on_operation_queues":[],"cudnn_conv_backend_config":{"activation_mode":"kNone","conv_result_scale":1,"side_input_scale":0,"leakyrelu_alpha":0},"force_earliest_schedule":false,"reification_cost":[]} is taking a while...
2026-05-14 09:28:30.968773: E external/xla/xla/service/slow_operation_alarm.cc:73] Trying algorithm eng0{} for conv (f32[512,512,3,3]{3,2,1,0}, u8[0]{0}) custom-call(f32[32,512,999,41]{3,2,1,0}, f32[32,512,500,20]{3,2,1,0}), window={size=3x3 stride=2x2 pad=1_1x0_0}, dim_labels=bf01_oi01->bf01, custom_call_target="__cudnn$convBackwardFilter", backend_config={"operation_queue_id":"0","wait_on_operation_queues":[],"cudnn_conv_backend_config":{"activation_mode":"kNone","conv_result_scale":1,"side_input_scale":0,"leakyrelu_alpha":0},"force_earliest_schedule":false,"reification_cost":[]} is taking a while...
2026-05-14 09:28:36.862409: E external/xla/xla/service/slow_operation_alarm.cc:140] The operation took 6.893731843s
Trying algorithm eng0{} for conv (f32[512,512,3,3]{3,2,1,0}, u8[0]{0}) custom-call(f32[32,512,999,41]{3,2,1,0}, f32[32,512,500,20]{3,2,1,0}), window={size=3x3 stride=2x2 pad=1_1x0_0}, dim_labels=bf01_oi01->bf01, custom_call_target="__cudnn$convBackwardFilter", backend_config={"operation_queue_id":"0","wait_on_operation_queues":[],"cudnn_conv_backend_config":{"activation_mode":"kNone","conv_result_scale":1,"side_input_scale":0,"leakyrelu_alpha":0},"force_earliest_schedule":false,"reification_cost":[]} is taking a while...
/usr/local/lib/python3.11/site-packages/jax/_src/interpreters/mlir.py:1268: UserWarning: Some donated buffers were not usable: float32[512], float32[512], float32[256], float32[256,256], float32[256], float32[256,256], float32[256], float32[256,256], float32[256], float32[256,256], float32[512,256], float32[512,256], float32[512,256], float32[512,256], float32[256], float32[256,256], float32[256], float32[256,256], float32[256], float32[256,256], float32[256], float32[256,256], float32[512,256], float32[512,256], float32[512,256], float32[512,256], float32[512], float32[512], float32[256], float32[256,256], float32[256], float32[256,256], float32[256], float32[256,256], float32[256], float32[256,256], float32[512,256], float32[512,256], float32[512,256], float32[512,256], float32[256], float32[256,256], float32[256], float32[256,256], float32[256], float32[256,256], float32[256], float32[256,256], float32[512,256], float32[512,256], float32[512,256], float32[512,256], float32[512], float32[512], float32[256], float32[256,256], float32[256], float32[256,256], float32[256], float32[256,256], float32[256], float32[256,256], float32[512,256], float32[512,256], float32[512,256], float32[512,256], float32[256], float32[256,256], float32[256], float32[256,256], float32[256], float32[256,256], float32[256], float32[256,256], float32[512,256], float32[512,256], float32[512,256], float32[512,256], float32[512], float32[512], float32[256], float32[256,256], float32[256], float32[256,256], float32[256], float32[256,256], float32[256], float32[256,256], float32[512,256], float32[512,256], float32[512,256], float32[512,256], float32[256], float32[256,256], float32[256], float32[256,256], float32[256], float32[256,256], float32[256], float32[256,256], float32[512,256], float32[512,256], float32[512,256], float32[512,256], float32[512], float32[512], float32[256], float32[256,256], float32[256], float32[256,256], float32[256], float32[256,256], float32[256], float32[256,256], float32[512,256], float32[512,256], float32[512,256], float32[512,256], float32[256], float32[256,256], float32[256], float32[256,256], float32[256], float32[256,256], float32[256], float32[256,256], float32[512,256], float32[512,256], float32[512,256], float32[512,256], float32[512], float32[512], float32[256], float32[256,256], float32[256], float32[256,256], float32[256], float32[256,256], float32[256], float32[256,256], float32[512,256], float32[512,256], float32[512,256], float32[512,256], float32[256], float32[256,256], float32[256], float32[256,256], float32[256], float32[256,256], float32[256], float32[256,256], float32[512,256], float32[512,256], float32[512,256], float32[512,256], float32[1024], float32[512,1024], float32[512], float32[512], float32[512], float32[512,512], float32[512], float32[512], float32[512], float32[512,512], float32[512], float32[512], float32[512], float32[512,512], float32[512], float32[512], float32[512], float32[3,3,1,512], float32[512], float32[3,3,512,512], float32[512], float32[10240,512].
See an explanation at https://docs.jax.dev/en/latest/faq.html#buffer-donation.
  warnings.warn("Some donated buffers were not usable:"
I0514 09:29:12.070672 140232384706304 logging_writer.py:48] [0] global_step=0, grad_norm=21.57634162902832, loss=32.848995208740234
I0514 09:29:13.678925 140247171491008 spec.py:333] Evaluating on the training split.
I0514 09:29:13.679162 140247171491008 input_pipeline.py:19] Loading split = train-clean-100
I0514 09:29:13.708606 140247171491008 input_pipeline.py:19] Loading split = train-clean-360
I0514 09:29:13.810105 140247171491008 input_pipeline.py:19] Loading split = train-other-500
/usr/local/lib/python3.11/multiprocessing/popen_fork.py:66: RuntimeWarning: os.fork() was called. os.fork() is incompatible with multithreaded code, and JAX is multithreaded, so this will likely lead to a deadlock.
  self.pid = os.fork()
/usr/local/lib/python3.11/site-packages/jax/_src/ops/scatter.py:110: FutureWarning: scatter inputs have incompatible types: cannot safely cast value from dtype=float32 to dtype=int32 with jax_numpy_dtype_promotion='standard'. In future JAX releases this will result in an error.
  warnings.warn(
2026-05-14 09:29:29.157213: E external/xla/xla/service/slow_operation_alarm.cc:73] Constant folding an instruction is taking > 1s:

  %reduce-window.10 = f32[256,500]{1,0} reduce-window(%broadcast.248, %constant.119), window={size=1x500 pad=0_0x499_0}, to_apply=%region_35.2517.clone, metadata={op_name="jit(_eval_step)/jit(cumsum)/LibriSpeechConformerWorkload.sequence_mask/reduce_window_sum" source_file="/algorithmic-efficiency/algoperf/workloads/librispeech_conformer/librispeech_jax/workload.py" source_line=251}

This isn't necessarily a bug; constant-folding is inherently a trade-off between compilation time and speed at runtime. XLA has some guards that attempt to keep constant folding from taking too long, but fundamentally you'll always be able to come up with an input program that takes a long time.

If you'd like to file a bug, run with envvar XLA_FLAGS=--xla_dump_to=/tmp/foo and attach the results.
2026-05-14 09:29:36.104413: E external/xla/xla/service/slow_operation_alarm.cc:140] The operation took 7.947425147s
Constant folding an instruction is taking > 1s:

  %reduce-window.10 = f32[256,500]{1,0} reduce-window(%broadcast.248, %constant.119), window={size=1x500 pad=0_0x499_0}, to_apply=%region_35.2517.clone, metadata={op_name="jit(_eval_step)/jit(cumsum)/LibriSpeechConformerWorkload.sequence_mask/reduce_window_sum" source_file="/algorithmic-efficiency/algoperf/workloads/librispeech_conformer/librispeech_jax/workload.py" source_line=251}

This isn't necessarily a bug; constant-folding is inherently a trade-off between compilation time and speed at runtime. XLA has some guards that attempt to keep constant folding from taking too long, but fundamentally you'll always be able to come up with an input program that takes a long time.

If you'd like to file a bug, run with envvar XLA_FLAGS=--xla_dump_to=/tmp/foo and attach the results.
2026-05-14 09:29:38.104556: E external/xla/xla/service/slow_operation_alarm.cc:73] Constant folding an instruction is taking > 2s:

  %reduce-window.11 = f32[256,500]{1,0} reduce-window(%broadcast.248, %constant.122), window={size=1x500 pad=0_0x499_0}, to_apply=%region_35.2517, metadata={op_name="jit(_eval_step)/jit(cumsum)/LibriSpeechConformerWorkload.sequence_mask/reduce_window_sum" source_file="/algorithmic-efficiency/algoperf/workloads/librispeech_conformer/librispeech_jax/workload.py" source_line=251}

This isn't necessarily a bug; constant-folding is inherently a trade-off between compilation time and speed at runtime. XLA has some guards that attempt to keep constant folding from taking too long, but fundamentally you'll always be able to come up with an input program that takes a long time.

If you'd like to file a bug, run with envvar XLA_FLAGS=--xla_dump_to=/tmp/foo and attach the results.
2026-05-14 09:29:43.341181: E external/xla/xla/service/slow_operation_alarm.cc:140] The operation took 7.236710886s
Constant folding an instruction is taking > 2s:

  %reduce-window.11 = f32[256,500]{1,0} reduce-window(%broadcast.248, %constant.122), window={size=1x500 pad=0_0x499_0}, to_apply=%region_35.2517, metadata={op_name="jit(_eval_step)/jit(cumsum)/LibriSpeechConformerWorkload.sequence_mask/reduce_window_sum" source_file="/algorithmic-efficiency/algoperf/workloads/librispeech_conformer/librispeech_jax/workload.py" source_line=251}

This isn't necessarily a bug; constant-folding is inherently a trade-off between compilation time and speed at runtime. XLA has some guards that attempt to keep constant folding from taking too long, but fundamentally you'll always be able to come up with an input program that takes a long time.

If you'd like to file a bug, run with envvar XLA_FLAGS=--xla_dump_to=/tmp/foo and attach the results.
I0514 09:31:31.892316 140247171491008 spec.py:346] Evaluating on the validation split.
I0514 09:31:31.892817 140247171491008 input_pipeline.py:19] Loading split = dev-clean
I0514 09:31:31.897409 140247171491008 input_pipeline.py:19] Loading split = dev-other
2026-05-14 09:32:18.254098: E external/xla/xla/service/slow_operation_alarm.cc:73] Constant folding an instruction is taking > 4s:

  %reduce-window.10 = f32[228,500]{1,0} reduce-window(%broadcast.245, %constant.119), window={size=1x500 pad=0_0x499_0}, to_apply=%region_35.2514.clone, metadata={op_name="jit(_eval_step)/jit(cumsum)/LibriSpeechConformerWorkload.sequence_mask/reduce_window_sum" source_file="/algorithmic-efficiency/algoperf/workloads/librispeech_conformer/librispeech_jax/workload.py" source_line=251}

This isn't necessarily a bug; constant-folding is inherently a trade-off between compilation time and speed at runtime. XLA has some guards that attempt to keep constant folding from taking too long, but fundamentally you'll always be able to come up with an input program that takes a long time.

If you'd like to file a bug, run with envvar XLA_FLAGS=--xla_dump_to=/tmp/foo and attach the results.
2026-05-14 09:32:20.333687: E external/xla/xla/service/slow_operation_alarm.cc:140] The operation took 6.079784153s
Constant folding an instruction is taking > 4s:

  %reduce-window.10 = f32[228,500]{1,0} reduce-window(%broadcast.245, %constant.119), window={size=1x500 pad=0_0x499_0}, to_apply=%region_35.2514.clone, metadata={op_name="jit(_eval_step)/jit(cumsum)/LibriSpeechConformerWorkload.sequence_mask/reduce_window_sum" source_file="/algorithmic-efficiency/algoperf/workloads/librispeech_conformer/librispeech_jax/workload.py" source_line=251}

This isn't necessarily a bug; constant-folding is inherently a trade-off between compilation time and speed at runtime. XLA has some guards that attempt to keep constant folding from taking too long, but fundamentally you'll always be able to come up with an input program that takes a long time.

If you'd like to file a bug, run with envvar XLA_FLAGS=--xla_dump_to=/tmp/foo and attach the results.
I0514 09:33:20.507750 140247171491008 spec.py:363] Evaluating on the test split.
I0514 09:33:20.508514 140247171491008 input_pipeline.py:19] Loading split = test-clean
I0514 09:34:18.258143 140247171491008 submission_runner.py:516] Time since start: 406.95s, 	Step: 1, 	{'train/ctc_loss': Array(7.6999955, dtype=float32), 'train/wer': np.float64(4.455349520021656), 'validation/ctc_loss': Array(7.41381, dtype=float32), 'validation/wer': np.float64(4.032684787331627), 'validation/num_examples': 5348, 'test/ctc_loss': Array(7.403621, dtype=float32), 'test/wer': np.float64(4.305181483964008), 'test/num_examples': 2472, 'score': 102.37653636932373, 'total_duration': 406.9516236782074, 'accumulated_submission_time': 102.37653636932373, 'accumulated_eval_time': 304.57498955726624, 'accumulated_logging_time': 0}
I0514 09:34:18.300328 140186088355584 logging_writer.py:48] [1] accumulated_eval_time=304.575, accumulated_logging_time=0, accumulated_submission_time=102.377, global_step=1, preemption_count=0, score=102.377, test/ctc_loss=7.403621196746826, test/num_examples=2472, test/wer=4.30518, total_duration=406.952, train/ctc_loss=7.699995517730713, train/wer=4.45535, validation/ctc_loss=7.413809776306152, validation/num_examples=5348, validation/wer=4.03268
/usr/local/lib/python3.11/site-packages/jax/_src/interpreters/mlir.py:1268: UserWarning: Some donated buffers were not usable: float32[512], float32[512], float32[256], float32[256,256], float32[256], float32[256,256], float32[256], float32[256,256], float32[256], float32[256,256], float32[512,256], float32[512,256], float32[512,256], float32[512,256], float32[256], float32[256,256], float32[256], float32[256,256], float32[256], float32[256,256], float32[256], float32[256,256], float32[512,256], float32[512,256], float32[512,256], float32[512,256], float32[512], float32[512], float32[256], float32[256,256], float32[256], float32[256,256], float32[256], float32[256,256], float32[256], float32[256,256], float32[512,256], float32[512,256], float32[512,256], float32[512,256], float32[256], float32[256,256], float32[256], float32[256,256], float32[256], float32[256,256], float32[256], float32[256,256], float32[512,256], float32[512,256], float32[512,256], float32[512,256], float32[512], float32[512], float32[256], float32[256,256], float32[256], float32[256,256], float32[256], float32[256,256], float32[256], float32[256,256], float32[512,256], float32[512,256], float32[512,256], float32[512,256], float32[256], float32[256,256], float32[256], float32[256,256], float32[256], float32[256,256], float32[256], float32[256,256], float32[512,256], float32[512,256], float32[512,256], float32[512,256], float32[512], float32[512], float32[256], float32[256,256], float32[256], float32[256,256], float32[256], float32[256,256], float32[256], float32[256,256], float32[512,256], float32[512,256], float32[512,256], float32[512,256], float32[256], float32[256,256], float32[256], float32[256,256], float32[256], float32[256,256], float32[256], float32[256,256], float32[512,256], float32[512,256], float32[512,256], float32[512,256], float32[512], float32[512], float32[256], float32[256,256], float32[256], float32[256,256], float32[256], float32[256,256], float32[256], float32[256,256], float32[512,256], float32[512,256], float32[512,256], float32[512,256], float32[256], float32[256,256], float32[256], float32[256,256], float32[256], float32[256,256], float32[256], float32[256,256], float32[512,256], float32[512,256], float32[512,256], float32[512,256], float32[512], float32[512], float32[256], float32[256,256], float32[256], float32[256,256], float32[256], float32[256,256], float32[256], float32[256,256], float32[512,256], float32[512,256], float32[512,256], float32[512,256], float32[256], float32[256,256], float32[256], float32[256,256], float32[256], float32[256,256], float32[256], float32[256,256], float32[512,256], float32[512,256], float32[512,256], float32[512,256], float32[1024], float32[512,1024], float32[512], float32[512], float32[512], float32[512,512], float32[512], float32[512], float32[512], float32[512,512], float32[512], float32[512], float32[512], float32[512,512], float32[512], float32[512], float32[512], float32[3,3,1,512], float32[512], float32[3,3,512,512], float32[512], float32[10240,512].
See an explanation at https://docs.jax.dev/en/latest/faq.html#buffer-donation.
  warnings.warn("Some donated buffers were not usable:"
I0514 09:36:53.345205 140232351143680 logging_writer.py:48] [100] global_step=100, grad_norm=1.2314618825912476, loss=5.99044132232666
I0514 09:40:04.311696 140232359536384 logging_writer.py:48] [200] global_step=200, grad_norm=1.5458966493606567, loss=5.815279483795166
I0514 09:43:15.575308 140232351143680 logging_writer.py:48] [300] global_step=300, grad_norm=1.4468735456466675, loss=5.614009380340576
I0514 09:46:20.627724 140232359536384 logging_writer.py:48] [400] global_step=400, grad_norm=2.931211233139038, loss=5.254201412200928
I0514 09:49:31.258674 140232351143680 logging_writer.py:48] [500] global_step=500, grad_norm=1.2690083980560303, loss=4.4491682052612305
I0514 09:52:42.362494 140232359536384 logging_writer.py:48] [600] global_step=600, grad_norm=1.9766066074371338, loss=3.9741828441619873
I0514 09:55:48.198868 140232351143680 logging_writer.py:48] [700] global_step=700, grad_norm=2.100848436355591, loss=3.688673496246338
I0514 09:58:25.375068 140247171491008 spec.py:333] Evaluating on the training split.
I0514 09:59:16.318214 140247171491008 spec.py:346] Evaluating on the validation split.
/usr/local/lib/python3.11/multiprocessing/popen_fork.py:66: RuntimeWarning: os.fork() was called. os.fork() is incompatible with multithreaded code, and JAX is multithreaded, so this will likely lead to a deadlock.
  self.pid = os.fork()
I0514 09:59:59.719991 140247171491008 spec.py:363] Evaluating on the test split.
I0514 10:00:21.380657 140247171491008 submission_runner.py:516] Time since start: 1970.08s, 	Step: 789, 	{'train/ctc_loss': Array(1.3150111, dtype=float32), 'train/wer': np.float64(0.9415254062738152), 'validation/ctc_loss': Array(1.284577, dtype=float32), 'validation/wer': np.float64(0.8925891951914257), 'validation/num_examples': 5348, 'test/ctc_loss': Array(1.2196025, dtype=float32), 'test/wer': np.float64(0.8887128551987488), 'test/num_examples': 2472, 'score': 1549.4199659824371, 'total_duration': 1970.0759365558624, 'accumulated_submission_time': 1549.4199659824371, 'accumulated_eval_time': 420.5781497955322, 'accumulated_logging_time': 0.06619429588317871}
I0514 10:00:21.430311 140232359536384 logging_writer.py:48] [789] accumulated_eval_time=420.578, accumulated_logging_time=0.0661943, accumulated_submission_time=1549.42, global_step=789, preemption_count=0, score=1549.42, test/ctc_loss=1.2196024656295776, test/num_examples=2472, test/wer=0.888713, total_duration=1970.08, train/ctc_loss=1.3150111436843872, train/wer=0.941525, validation/ctc_loss=1.2845770120620728, validation/num_examples=5348, validation/wer=0.892589
I0514 10:00:31.038910 140232351143680 logging_writer.py:48] [800] global_step=800, grad_norm=2.4181320667266846, loss=3.485497236251831
I0514 10:02:36.601169 140232359536384 logging_writer.py:48] [900] global_step=900, grad_norm=1.946474552154541, loss=3.33848237991333
I0514 10:05:35.083575 140232351143680 logging_writer.py:48] [1000] global_step=1000, grad_norm=1.9535801410675049, loss=3.0716090202331543
I0514 10:08:33.992206 140232359536384 logging_writer.py:48] [1100] global_step=1100, grad_norm=2.6322579383850098, loss=3.148632526397705
I0514 10:11:37.618872 140232351143680 logging_writer.py:48] [1200] global_step=1200, grad_norm=3.121335983276367, loss=2.9865291118621826
I0514 10:14:44.180924 140232359536384 logging_writer.py:48] [1300] global_step=1300, grad_norm=2.946251630783081, loss=2.8625102043151855
I0514 10:17:53.410411 140232351143680 logging_writer.py:48] [1400] global_step=1400, grad_norm=2.116354465484619, loss=2.7147014141082764
I0514 10:21:05.281238 140232359536384 logging_writer.py:48] [1500] global_step=1500, grad_norm=2.17620587348938, loss=2.6954357624053955
I0514 10:24:18.469871 140232351143680 logging_writer.py:48] [1600] global_step=1600, grad_norm=2.830143451690674, loss=2.712368965148926
I0514 10:24:29.762738 140247171491008 spec.py:333] Evaluating on the training split.
I0514 10:25:20.513401 140247171491008 spec.py:346] Evaluating on the validation split.
/usr/local/lib/python3.11/multiprocessing/popen_fork.py:66: RuntimeWarning: os.fork() was called. os.fork() is incompatible with multithreaded code, and JAX is multithreaded, so this will likely lead to a deadlock.
  self.pid = os.fork()
I0514 10:26:05.080142 140247171491008 spec.py:363] Evaluating on the test split.
I0514 10:26:27.044463 140247171491008 submission_runner.py:516] Time since start: 3535.74s, 	Step: 1606, 	{'train/ctc_loss': Array(0.7145784, dtype=float32), 'train/wer': np.float64(0.645894041499081), 'validation/ctc_loss': Array(0.7789574, dtype=float32), 'validation/wer': np.float64(0.6576063341862598), 'validation/num_examples': 5348, 'test/ctc_loss': Array(0.6824632, dtype=float32), 'test/wer': np.float64(0.6190969471695814), 'test/num_examples': 2472, 'score': 2997.733995437622, 'total_duration': 3535.739326238632, 'accumulated_submission_time': 2997.733995437622, 'accumulated_eval_time': 537.8570268154144, 'accumulated_logging_time': 0.1261601448059082}
I0514 10:26:27.092556 140232359536384 logging_writer.py:48] [1606] accumulated_eval_time=537.857, accumulated_logging_time=0.12616, accumulated_submission_time=2997.73, global_step=1606, preemption_count=0, score=2997.73, test/ctc_loss=0.6824632287025452, test/num_examples=2472, test/wer=0.619097, total_duration=3535.74, train/ctc_loss=0.71457839012146, train/wer=0.645894, validation/ctc_loss=0.7789574265480042, validation/num_examples=5348, validation/wer=0.657606
I0514 10:28:12.558089 140232351143680 logging_writer.py:48] [1700] global_step=1700, grad_norm=2.737072467803955, loss=2.603538751602173
I0514 10:31:17.924002 140232359536384 logging_writer.py:48] [1800] global_step=1800, grad_norm=3.867891550064087, loss=2.4514644145965576
I0514 10:34:22.532556 140232351143680 logging_writer.py:48] [1900] global_step=1900, grad_norm=3.936887264251709, loss=2.5680692195892334
I0514 10:37:32.788775 140232359536384 logging_writer.py:48] [2000] global_step=2000, grad_norm=2.791776418685913, loss=2.4308440685272217
/usr/local/lib/python3.11/multiprocessing/popen_fork.py:66: RuntimeWarning: os.fork() was called. os.fork() is incompatible with multithreaded code, and JAX is multithreaded, so this will likely lead to a deadlock.
  self.pid = os.fork()
I0514 10:39:59.391981 140232358487808 logging_writer.py:48] [2100] global_step=2100, grad_norm=3.023648262023926, loss=2.3395421504974365
I0514 10:41:28.681888 140232350095104 logging_writer.py:48] [2200] global_step=2200, grad_norm=3.765864849090576, loss=2.408859968185425
I0514 10:42:58.456378 140232358487808 logging_writer.py:48] [2300] global_step=2300, grad_norm=2.9474434852600098, loss=2.292360782623291
I0514 10:44:33.797329 140232350095104 logging_writer.py:48] [2400] global_step=2400, grad_norm=3.9452857971191406, loss=2.284755229949951
I0514 10:46:09.829606 140232358487808 logging_writer.py:48] [2500] global_step=2500, grad_norm=4.2644944190979, loss=2.4030497074127197
I0514 10:47:50.191631 140232350095104 logging_writer.py:48] [2600] global_step=2600, grad_norm=3.982328414916992, loss=2.321570873260498
I0514 10:49:37.173678 140232358487808 logging_writer.py:48] [2700] global_step=2700, grad_norm=2.8504574298858643, loss=2.3017830848693848
I0514 10:50:34.466796 140247171491008 spec.py:333] Evaluating on the training split.
I0514 10:51:23.823071 140247171491008 spec.py:346] Evaluating on the validation split.
/usr/local/lib/python3.11/multiprocessing/popen_fork.py:66: RuntimeWarning: os.fork() was called. os.fork() is incompatible with multithreaded code, and JAX is multithreaded, so this will likely lead to a deadlock.
  self.pid = os.fork()
I0514 10:52:07.906964 140247171491008 spec.py:363] Evaluating on the test split.
I0514 10:52:29.695555 140247171491008 submission_runner.py:516] Time since start: 5098.39s, 	Step: 2753, 	{'train/ctc_loss': Array(0.2549867, dtype=float32), 'train/wer': np.float64(0.30532757720954506), 'validation/ctc_loss': Array(0.35871878, dtype=float32), 'validation/wer': np.float64(0.3716313426350601), 'validation/num_examples': 5348, 'test/ctc_loss': Array(0.26378787, dtype=float32), 'test/wer': np.float64(0.30313001442122156), 'test/num_examples': 2472, 'score': 4445.087796926498, 'total_duration': 5098.39088511467, 'accumulated_submission_time': 4445.087796926498, 'accumulated_eval_time': 653.0834727287292, 'accumulated_logging_time': 0.18475818634033203}
I0514 10:52:29.742985 140232358487808 logging_writer.py:48] [2753] accumulated_eval_time=653.083, accumulated_logging_time=0.184758, accumulated_submission_time=4445.09, global_step=2753, preemption_count=0, score=4445.09, test/ctc_loss=0.2637878656387329, test/num_examples=2472, test/wer=0.30313, total_duration=5098.39, train/ctc_loss=0.2549867033958435, train/wer=0.305328, validation/ctc_loss=0.35871878266334534, validation/num_examples=5348, validation/wer=0.371631
I0514 10:53:07.697940 140232350095104 logging_writer.py:48] [2800] global_step=2800, grad_norm=2.0837230682373047, loss=2.108659505844116
I0514 10:54:48.073880 140232358487808 logging_writer.py:48] [2900] global_step=2900, grad_norm=3.687458038330078, loss=2.185525894165039
I0514 10:56:53.111991 140232350095104 logging_writer.py:48] [3000] global_step=3000, grad_norm=4.156014442443848, loss=2.142049789428711
I0514 10:59:07.655878 140232358487808 logging_writer.py:48] [3100] global_step=3100, grad_norm=3.284212112426758, loss=2.248573064804077
I0514 11:01:23.845531 140232350095104 logging_writer.py:48] [3200] global_step=3200, grad_norm=3.069845676422119, loss=2.2087316513061523
I0514 11:03:53.903838 140232358487808 logging_writer.py:48] [3300] global_step=3300, grad_norm=2.4257490634918213, loss=2.149632692337036
I0514 11:06:33.993836 140232350095104 logging_writer.py:48] [3400] global_step=3400, grad_norm=3.3481204509735107, loss=2.111276149749756
I0514 11:09:18.929754 140232358487808 logging_writer.py:48] [3500] global_step=3500, grad_norm=2.6590607166290283, loss=2.095454692840576
I0514 11:12:11.417724 140232350095104 logging_writer.py:48] [3600] global_step=3600, grad_norm=3.240105152130127, loss=1.971860647201538
I0514 11:15:04.132848 140232358487808 logging_writer.py:48] [3700] global_step=3700, grad_norm=3.0012834072113037, loss=2.080679416656494
I0514 11:16:40.476136 140247171491008 spec.py:333] Evaluating on the training split.
I0514 11:17:31.142390 140247171491008 spec.py:346] Evaluating on the validation split.
/usr/local/lib/python3.11/multiprocessing/popen_fork.py:66: RuntimeWarning: os.fork() was called. os.fork() is incompatible with multithreaded code, and JAX is multithreaded, so this will likely lead to a deadlock.
  self.pid = os.fork()
I0514 11:18:16.681808 140247171491008 spec.py:363] Evaluating on the test split.
I0514 11:18:38.644670 140247171491008 submission_runner.py:516] Time since start: 6667.34s, 	Step: 3755, 	{'train/ctc_loss': Array(0.17715189, dtype=float32), 'train/wer': np.float64(0.2216747478767188), 'validation/ctc_loss': Array(0.26296136, dtype=float32), 'validation/wer': np.float64(0.2929561145174528), 'validation/num_examples': 5348, 'test/ctc_loss': Array(0.1827379, dtype=float32), 'test/wer': np.float64(0.22436170861007862), 'test/num_examples': 2472, 'score': 5895.801869392395, 'total_duration': 6667.339935541153, 'accumulated_submission_time': 5895.801869392395, 'accumulated_eval_time': 771.2495627403259, 'accumulated_logging_time': 0.2427828311920166}
I0514 11:18:38.694549 140232358487808 logging_writer.py:48] [3755] accumulated_eval_time=771.25, accumulated_logging_time=0.242783, accumulated_submission_time=5895.8, global_step=3755, preemption_count=0, score=5895.8, test/ctc_loss=0.18273790180683136, test/num_examples=2472, test/wer=0.224362, total_duration=6667.34, train/ctc_loss=0.1771518886089325, train/wer=0.221675, validation/ctc_loss=0.26296135783195496, validation/num_examples=5348, validation/wer=0.292956
I0514 11:19:15.100538 140232350095104 logging_writer.py:48] [3800] global_step=3800, grad_norm=2.9085140228271484, loss=1.9567787647247314
I0514 11:21:48.561382 140232358487808 logging_writer.py:48] [3900] global_step=3900, grad_norm=3.7769596576690674, loss=2.07981014251709
I0514 11:24:43.988456 140232350095104 logging_writer.py:48] [4000] global_step=4000, grad_norm=3.1020188331604004, loss=2.0694692134857178
I0514 11:27:33.971912 140232358487808 logging_writer.py:48] [4100] global_step=4100, grad_norm=3.3676421642303467, loss=2.0004117488861084
/usr/local/lib/python3.11/multiprocessing/popen_fork.py:66: RuntimeWarning: os.fork() was called. os.fork() is incompatible with multithreaded code, and JAX is multithreaded, so this will likely lead to a deadlock.
  self.pid = os.fork()
I0514 11:29:17.422308 140232357439232 logging_writer.py:48] [4200] global_step=4200, grad_norm=8.810521125793457, loss=1.939549207687378
I0514 11:30:36.358584 140232338564864 logging_writer.py:48] [4300] global_step=4300, grad_norm=2.619919538497925, loss=2.0597305297851562
I0514 11:31:55.289494 140232357439232 logging_writer.py:48] [4400] global_step=4400, grad_norm=4.846154689788818, loss=1.955843210220337
I0514 11:33:14.217419 140232338564864 logging_writer.py:48] [4500] global_step=4500, grad_norm=6.354593753814697, loss=2.078143835067749
I0514 11:34:33.157178 140232357439232 logging_writer.py:48] [4600] global_step=4600, grad_norm=5.607414722442627, loss=1.9508605003356934
I0514 11:35:53.698260 140232338564864 logging_writer.py:48] [4700] global_step=4700, grad_norm=6.087795257568359, loss=2.0283255577087402
I0514 11:37:25.289952 140232357439232 logging_writer.py:48] [4800] global_step=4800, grad_norm=4.242692470550537, loss=1.932356595993042
I0514 11:39:02.700351 140232338564864 logging_writer.py:48] [4900] global_step=4900, grad_norm=2.5436277389526367, loss=1.9205012321472168
I0514 11:40:44.017943 140232357439232 logging_writer.py:48] [5000] global_step=5000, grad_norm=2.6999051570892334, loss=1.7964587211608887
I0514 11:42:32.811538 140232338564864 logging_writer.py:48] [5100] global_step=5100, grad_norm=9.334895133972168, loss=1.916196346282959
I0514 11:42:46.157396 140247171491008 spec.py:333] Evaluating on the training split.
I0514 11:43:34.830298 140247171491008 spec.py:346] Evaluating on the validation split.
/usr/local/lib/python3.11/multiprocessing/popen_fork.py:66: RuntimeWarning: os.fork() was called. os.fork() is incompatible with multithreaded code, and JAX is multithreaded, so this will likely lead to a deadlock.
  self.pid = os.fork()
I0514 11:44:19.053355 140247171491008 spec.py:363] Evaluating on the test split.
I0514 11:44:41.056632 140247171491008 submission_runner.py:516] Time since start: 8229.75s, 	Step: 5113, 	{'train/ctc_loss': Array(0.14214092, dtype=float32), 'train/wer': np.float64(0.18343516927961034), 'validation/ctc_loss': Array(0.22565387, dtype=float32), 'validation/wer': np.float64(0.2542557813933279), 'validation/num_examples': 5348, 'test/ctc_loss': Array(0.14879258, dtype=float32), 'test/wer': np.float64(0.18637905469908395), 'test/num_examples': 2472, 'score': 7343.242719173431, 'total_duration': 8229.7517619133, 'accumulated_submission_time': 7343.242719173431, 'accumulated_eval_time': 886.1462149620056, 'accumulated_logging_time': 0.30311107635498047}
I0514 11:44:41.106843 140232357439232 logging_writer.py:48] [5113] accumulated_eval_time=886.146, accumulated_logging_time=0.303111, accumulated_submission_time=7343.24, global_step=5113, preemption_count=0, score=7343.24, test/ctc_loss=0.1487925797700882, test/num_examples=2472, test/wer=0.186379, total_duration=8229.75, train/ctc_loss=0.1421409249305725, train/wer=0.183435, validation/ctc_loss=0.22565387189388275, validation/num_examples=5348, validation/wer=0.254256
I0514 11:45:50.679510 140232338564864 logging_writer.py:48] [5200] global_step=5200, grad_norm=6.677427291870117, loss=1.8844385147094727
I0514 11:48:06.641178 140232357439232 logging_writer.py:48] [5300] global_step=5300, grad_norm=2.843888998031616, loss=1.972516655921936
I0514 11:50:25.096021 140232338564864 logging_writer.py:48] [5400] global_step=5400, grad_norm=6.043964862823486, loss=1.8950139284133911
I0514 11:52:52.793413 140232357439232 logging_writer.py:48] [5500] global_step=5500, grad_norm=4.730964183807373, loss=1.958053469657898
I0514 11:55:34.993483 140232338564864 logging_writer.py:48] [5600] global_step=5600, grad_norm=4.571946144104004, loss=1.8943183422088623
I0514 11:58:27.668257 140232357439232 logging_writer.py:48] [5700] global_step=5700, grad_norm=4.011158466339111, loss=1.8123313188552856
I0514 12:01:16.937897 140232338564864 logging_writer.py:48] [5800] global_step=5800, grad_norm=3.4679553508758545, loss=1.7878690958023071
I0514 12:04:03.282969 140232357439232 logging_writer.py:48] [5900] global_step=5900, grad_norm=3.8605971336364746, loss=1.8555868864059448
I0514 12:06:50.493275 140232338564864 logging_writer.py:48] [6000] global_step=6000, grad_norm=5.710244178771973, loss=1.7798975706100464
I0514 12:08:52.234945 140247171491008 spec.py:333] Evaluating on the training split.
I0514 12:09:41.398254 140247171491008 spec.py:346] Evaluating on the validation split.
/usr/local/lib/python3.11/multiprocessing/popen_fork.py:66: RuntimeWarning: os.fork() was called. os.fork() is incompatible with multithreaded code, and JAX is multithreaded, so this will likely lead to a deadlock.
  self.pid = os.fork()
I0514 12:10:26.188126 140247171491008 spec.py:363] Evaluating on the test split.
I0514 12:10:48.121295 140247171491008 submission_runner.py:516] Time since start: 9796.82s, 	Step: 6070, 	{'train/ctc_loss': Array(0.13198702, dtype=float32), 'train/wer': np.float64(0.16867874804615607), 'validation/ctc_loss': Array(0.20851512, dtype=float32), 'validation/wer': np.float64(0.23675952300487615), 'validation/num_examples': 5348, 'test/ctc_loss': Array(0.13387208, dtype=float32), 'test/wer': np.float64(0.16714398878800804), 'test/num_examples': 2472, 'score': 8794.35047364235, 'total_duration': 9796.816777229309, 'accumulated_submission_time': 8794.35047364235, 'accumulated_eval_time': 1002.0303444862366, 'accumulated_logging_time': 0.3650805950164795}
I0514 12:10:48.174396 140232357439232 logging_writer.py:48] [6070] accumulated_eval_time=1002.03, accumulated_logging_time=0.365081, accumulated_submission_time=8794.35, global_step=6070, preemption_count=0, score=8794.35, test/ctc_loss=0.13387207686901093, test/num_examples=2472, test/wer=0.167144, total_duration=9796.82, train/ctc_loss=0.13198702037334442, train/wer=0.168679, validation/ctc_loss=0.20851512253284454, validation/num_examples=5348, validation/wer=0.23676
I0514 12:11:13.383176 140232338564864 logging_writer.py:48] [6100] global_step=6100, grad_norm=3.863379716873169, loss=1.9243028163909912
/usr/local/lib/python3.11/multiprocessing/popen_fork.py:66: RuntimeWarning: os.fork() was called. os.fork() is incompatible with multithreaded code, and JAX is multithreaded, so this will likely lead to a deadlock.
  self.pid = os.fork()
I0514 12:13:20.745009 140232357439232 logging_writer.py:48] [6200] global_step=6200, grad_norm=4.814029693603516, loss=1.8968157768249512
I0514 12:14:39.807211 140232338564864 logging_writer.py:48] [6300] global_step=6300, grad_norm=3.1222050189971924, loss=1.8264343738555908
I0514 12:15:58.881825 140232357439232 logging_writer.py:48] [6400] global_step=6400, grad_norm=4.43092155456543, loss=1.8445559740066528
I0514 12:17:17.948606 140232338564864 logging_writer.py:48] [6500] global_step=6500, grad_norm=4.049622058868408, loss=1.8077462911605835
I0514 12:18:37.175730 140232357439232 logging_writer.py:48] [6600] global_step=6600, grad_norm=3.8143880367279053, loss=1.7527921199798584
I0514 12:19:56.237878 140232338564864 logging_writer.py:48] [6700] global_step=6700, grad_norm=2.7138712406158447, loss=1.740377426147461
I0514 12:21:23.976423 140232357439232 logging_writer.py:48] [6800] global_step=6800, grad_norm=3.7179079055786133, loss=1.764743685722351
I0514 12:23:00.897634 140232338564864 logging_writer.py:48] [6900] global_step=6900, grad_norm=7.426610469818115, loss=1.8479704856872559
I0514 12:24:43.195276 140232357439232 logging_writer.py:48] [7000] global_step=7000, grad_norm=5.311731338500977, loss=1.7678128480911255
I0514 12:26:25.779052 140232338564864 logging_writer.py:48] [7100] global_step=7100, grad_norm=3.8279190063476562, loss=1.766743779182434
I0514 12:28:18.567668 140232357439232 logging_writer.py:48] [7200] global_step=7200, grad_norm=3.2831928730010986, loss=1.681330680847168
I0514 12:30:16.265197 140232338564864 logging_writer.py:48] [7300] global_step=7300, grad_norm=4.624608516693115, loss=1.7295318841934204
I0514 12:32:24.406715 140232357439232 logging_writer.py:48] [7400] global_step=7400, grad_norm=4.350882053375244, loss=1.7360670566558838
I0514 12:34:40.100291 140232338564864 logging_writer.py:48] [7500] global_step=7500, grad_norm=6.855016708374023, loss=1.7440180778503418
I0514 12:34:55.327020 140247171491008 spec.py:333] Evaluating on the training split.
I0514 12:35:45.034662 140247171491008 spec.py:346] Evaluating on the validation split.
/usr/local/lib/python3.11/multiprocessing/popen_fork.py:66: RuntimeWarning: os.fork() was called. os.fork() is incompatible with multithreaded code, and JAX is multithreaded, so this will likely lead to a deadlock.
  self.pid = os.fork()
I0514 12:36:29.956272 140247171491008 spec.py:363] Evaluating on the test split.
I0514 12:36:52.023933 140247171491008 submission_runner.py:516] Time since start: 11360.72s, 	Step: 7511, 	{'train/ctc_loss': Array(0.11124025, dtype=float32), 'train/wer': np.float64(0.1447791036521813), 'validation/ctc_loss': Array(0.19040592, dtype=float32), 'validation/wer': np.float64(0.2178052430840535), 'validation/num_examples': 5348, 'test/ctc_loss': Array(0.11889865, dtype=float32), 'test/wer': np.float64(0.14969634188450837), 'test/num_examples': 2472, 'score': 10241.480082273483, 'total_duration': 11360.719284772873, 'accumulated_submission_time': 10241.480082273483, 'accumulated_eval_time': 1118.7248978614807, 'accumulated_logging_time': 0.42871570587158203}
I0514 12:36:52.074305 140232357439232 logging_writer.py:48] [7511] accumulated_eval_time=1118.72, accumulated_logging_time=0.428716, accumulated_submission_time=10241.5, global_step=7511, preemption_count=0, score=10241.5, test/ctc_loss=0.11889864504337311, test/num_examples=2472, test/wer=0.149696, total_duration=11360.7, train/ctc_loss=0.11124024540185928, train/wer=0.144779, validation/ctc_loss=0.1904059201478958, validation/num_examples=5348, validation/wer=0.217805
I0514 12:38:17.640236 140232338564864 logging_writer.py:48] [7600] global_step=7600, grad_norm=3.878444194793701, loss=1.7366544008255005
I0514 12:41:00.775907 140232357439232 logging_writer.py:48] [7700] global_step=7700, grad_norm=5.014256954193115, loss=1.6509634256362915
I0514 12:43:50.461318 140232338564864 logging_writer.py:48] [7800] global_step=7800, grad_norm=5.627992153167725, loss=1.746192216873169
I0514 12:46:34.450480 140232357439232 logging_writer.py:48] [7900] global_step=7900, grad_norm=3.8914287090301514, loss=1.7094483375549316
I0514 12:49:16.331829 140232338564864 logging_writer.py:48] [8000] global_step=8000, grad_norm=7.272555828094482, loss=1.6585451364517212
I0514 12:52:06.344681 140232357439232 logging_writer.py:48] [8100] global_step=8100, grad_norm=2.690537929534912, loss=1.6820721626281738
I0514 12:54:58.862814 140232338564864 logging_writer.py:48] [8200] global_step=8200, grad_norm=8.77331829071045, loss=1.7578294277191162
/usr/local/lib/python3.11/multiprocessing/popen_fork.py:66: RuntimeWarning: os.fork() was called. os.fork() is incompatible with multithreaded code, and JAX is multithreaded, so this will likely lead to a deadlock.
  self.pid = os.fork()
I0514 12:57:02.656160 140232357439232 logging_writer.py:48] [8300] global_step=8300, grad_norm=5.30743408203125, loss=1.6560982465744019
I0514 12:58:22.232985 140232338564864 logging_writer.py:48] [8400] global_step=8400, grad_norm=4.067818641662598, loss=1.6231836080551147
I0514 12:59:41.198467 140232357439232 logging_writer.py:48] [8500] global_step=8500, grad_norm=3.045703649520874, loss=1.681491732597351
I0514 13:00:59.295524 140247171491008 spec.py:333] Evaluating on the training split.
I0514 13:01:49.567039 140247171491008 spec.py:346] Evaluating on the validation split.
/usr/local/lib/python3.11/multiprocessing/popen_fork.py:66: RuntimeWarning: os.fork() was called. os.fork() is incompatible with multithreaded code, and JAX is multithreaded, so this will likely lead to a deadlock.
  self.pid = os.fork()
I0514 13:02:34.201102 140247171491008 spec.py:363] Evaluating on the test split.
I0514 13:02:56.083384 140247171491008 submission_runner.py:516] Time since start: 12924.78s, 	Step: 8600, 	{'train/ctc_loss': Array(0.09402651, dtype=float32), 'train/wer': np.float64(0.12759562131100652), 'validation/ctc_loss': Array(0.18048789, dtype=float32), 'validation/wer': np.float64(0.20739632115096798), 'validation/num_examples': 5348, 'test/ctc_loss': Array(0.11116003, dtype=float32), 'test/wer': np.float64(0.14116547843925822), 'test/num_examples': 2472, 'score': 11688.681015491486, 'total_duration': 12924.77863073349, 'accumulated_submission_time': 11688.681015491486, 'accumulated_eval_time': 1235.5102951526642, 'accumulated_logging_time': 0.4895627498626709}
I0514 13:02:56.136360 140232357439232 logging_writer.py:48] [8600] accumulated_eval_time=1235.51, accumulated_logging_time=0.489563, accumulated_submission_time=11688.7, global_step=8600, preemption_count=0, score=11688.7, test/ctc_loss=0.1111600324511528, test/num_examples=2472, test/wer=0.141165, total_duration=12924.8, train/ctc_loss=0.09402650594711304, train/wer=0.127596, validation/ctc_loss=0.18048788607120514, validation/num_examples=5348, validation/wer=0.207396
I0514 13:02:57.050466 140232338564864 logging_writer.py:48] [8600] global_step=8600, grad_norm=8.687620162963867, loss=1.6422940492630005
I0514 13:04:16.152683 140232357439232 logging_writer.py:48] [8700] global_step=8700, grad_norm=7.006331920623779, loss=1.6694233417510986
I0514 13:05:35.286707 140232338564864 logging_writer.py:48] [8800] global_step=8800, grad_norm=3.5836973190307617, loss=1.72628915309906
I0514 13:06:54.402949 140232357439232 logging_writer.py:48] [8900] global_step=8900, grad_norm=9.0465669631958, loss=1.6380149126052856
