python submission_runner.py --framework=jax --workload=librispeech_conformer --submission_path=submissions_algorithms/submissions/self_tuning/schedule_free_adamw_jax_v2/submission.py --data_dir=/data/librispeech --experiment_dir=/experiment_runs --experiment_name=submissions_a100/schedule_free_adamw_jax_v2/study_1 --overwrite=True --save_checkpoints=False --rng_seed=890137433 --librispeech_tokenizer_vocab_path=/data/librispeech/spm_model.vocab --tuning_ruleset=self 2>&1 | tee -a /logs/librispeech_conformer_jax_05-12-2026-00-03-38.log
2026-05-12 00:03:39.329389: E external/local_xla/xla/stream_executor/cuda/cuda_fft.cc:467] Unable to register cuFFT factory: Attempting to register factory for plugin cuFFT when one has already been registered
WARNING: All log messages before absl::InitializeLog() is called are written to STDERR
E0000 00:00:1778544219.353018      13 cuda_dnn.cc:8579] Unable to register cuDNN factory: Attempting to register factory for plugin cuDNN when one has already been registered
E0000 00:00:1778544219.360828      13 cuda_blas.cc:1407] Unable to register cuBLAS factory: Attempting to register factory for plugin cuBLAS when one has already been registered
W0000 00:00:1778544219.379208      13 computation_placer.cc:177] computation placer already registered. Please check linkage and avoid linking the same target more than once.
W0000 00:00:1778544219.379234      13 computation_placer.cc:177] computation placer already registered. Please check linkage and avoid linking the same target more than once.
W0000 00:00:1778544219.379236      13 computation_placer.cc:177] computation placer already registered. Please check linkage and avoid linking the same target more than once.
W0000 00:00:1778544219.379238      13 computation_placer.cc:177] computation placer already registered. Please check linkage and avoid linking the same target more than once.
/usr/local/lib/python3.11/site-packages/torch/__init__.py:1617: UserWarning: Please use the new API settings to control TF32 behavior, such as torch.backends.cudnn.conv.fp32_precision = 'tf32' or torch.backends.cuda.matmul.fp32_precision = 'ieee'. Old settings, e.g, torch.backends.cuda.matmul.allow_tf32 = True, torch.backends.cudnn.allow_tf32 = True, allowTF32CuDNN() and allowTF32CuBLAS() will be deprecated after Pytorch 2.9. Please see https://pytorch.org/docs/main/notes/cuda.html#tensorfloat-32-tf32-on-ampere-and-later-devices (Triggered internally at /pytorch/aten/src/ATen/Context.cpp:80.)
  _C._set_float32_matmul_precision(precision)
/usr/local/lib/python3.11/site-packages/pydantic/_internal/_generate_schema.py:2249: UnsupportedFieldAttributeWarning: The 'repr' attribute with value False was provided to the `Field()` function, which has no effect in the context it was used. 'repr' is field-specific metadata, and can only be attached to a model field using `Annotated` metadata or by assignment. This may have happened because an `Annotated` type alias using the `type` statement was used, or if the `Field()` function was attached to a single member of a union type.
  warnings.warn(
/usr/local/lib/python3.11/site-packages/pydantic/_internal/_generate_schema.py:2249: UnsupportedFieldAttributeWarning: The 'frozen' attribute with value True was provided to the `Field()` function, which has no effect in the context it was used. 'frozen' is field-specific metadata, and can only be attached to a model field using `Annotated` metadata or by assignment. This may have happened because an `Annotated` type alias using the `type` statement was used, or if the `Field()` function was attached to a single member of a union type.
  warnings.warn(
INFO:2026-05-12 00:03:48,424:jax._src.xla_bridge:830: Unable to initialize backend 'tpu': INTERNAL: Failed to open libtpu.so: libtpu.so: cannot open shared object file: No such file or directory
I0512 00:03:48.424635 139710838592704 xla_bridge.py:830] Unable to initialize backend 'tpu': INTERNAL: Failed to open libtpu.so: libtpu.so: cannot open shared object file: No such file or directory
I0512 00:03:49.105441 139710838592704 logger_utils.py:84] Creating experiment directory at /experiment_runs/submissions_a100/schedule_free_adamw_jax_v2/study_1/librispeech_conformer_jax.
I0512 00:03:49.492480 139710838592704 submission_runner.py:741] Creating directory at /experiment_runs/submissions_a100/schedule_free_adamw_jax_v2/study_1/librispeech_conformer_jax/trial_1.
I0512 00:03:49.756716 139710838592704 submission_runner.py:242] Initializing dataset.
I0512 00:03:49.756923 139710838592704 submission_runner.py:251] Initializing model.
I0512 00:04:11.896386 139710838592704 submission_runner.py:294] Initializing optimizer.
I0512 00:04:12.823291 139710838592704 submission_runner.py:299] Initializing metrics bundle.
I0512 00:04:12.823533 139710838592704 submission_runner.py:321] Initializing checkpoint and logger.
I0512 00:04:12.825511 139710838592704 checkpoints.py:1098] Found no checkpoint files in /experiment_runs/submissions_a100/schedule_free_adamw_jax_v2/study_1/librispeech_conformer_jax/trial_1 with prefix checkpoint_
I0512 00:04:12.825651 139710838592704 submission_runner.py:344] Saving meta data to /experiment_runs/submissions_a100/schedule_free_adamw_jax_v2/study_1/librispeech_conformer_jax/trial_1/meta_data_0.json.
I0512 00:04:12.825834 139710838592704 logger_utils.py:283] Unable to record workload.train_mean information. Continuing without it.
I0512 00:04:12.825892 139710838592704 logger_utils.py:283] Unable to record workload.train_stddev information. Continuing without it.
I0512 00:04:12.991113 139710838592704 submission_runner.py:348] Saving flags to /experiment_runs/submissions_a100/schedule_free_adamw_jax_v2/study_1/librispeech_conformer_jax/trial_1/flags_0.json.
I0512 00:04:13.004232 139710838592704 submission_runner.py:359] Starting training loop.
I0512 00:04:13.189497 139710838592704 input_pipeline.py:19] Loading split = train-clean-100
I0512 00:04:13.255166 139710838592704 input_pipeline.py:19] Loading split = train-clean-360
I0512 00:04:13.376016 139710838592704 input_pipeline.py:19] Loading split = train-other-500
/usr/local/lib/python3.11/multiprocessing/popen_fork.py:66: RuntimeWarning: os.fork() was called. os.fork() is incompatible with multithreaded code, and JAX is multithreaded, so this will likely lead to a deadlock.
  self.pid = os.fork()
2026-05-12 00:04:57.720038: E external/xla/xla/service/slow_operation_alarm.cc:73] Trying algorithm eng0{} for conv (f32[64,512,500,20]{3,2,1,0}, u8[0]{0}) custom-call(f32[64,512,1001,41]{3,2,1,0}, f32[512,512,3,3]{3,2,1,0}), window={size=3x3 stride=2x2}, dim_labels=bf01_oi01->bf01, custom_call_target="__cudnn$convForward", backend_config={"operation_queue_id":"0","wait_on_operation_queues":[],"cudnn_conv_backend_config":{"activation_mode":"kNone","conv_result_scale":1,"side_input_scale":0,"leakyrelu_alpha":0},"force_earliest_schedule":false,"reification_cost":[]} is taking a while...
2026-05-12 00:05:06.026685: E external/xla/xla/service/slow_operation_alarm.cc:140] The operation took 9.306850921s
Trying algorithm eng0{} for conv (f32[64,512,500,20]{3,2,1,0}, u8[0]{0}) custom-call(f32[64,512,1001,41]{3,2,1,0}, f32[512,512,3,3]{3,2,1,0}), window={size=3x3 stride=2x2}, dim_labels=bf01_oi01->bf01, custom_call_target="__cudnn$convForward", backend_config={"operation_queue_id":"0","wait_on_operation_queues":[],"cudnn_conv_backend_config":{"activation_mode":"kNone","conv_result_scale":1,"side_input_scale":0,"leakyrelu_alpha":0},"force_earliest_schedule":false,"reification_cost":[]} is taking a while...
2026-05-12 00:05:12.934821: E external/xla/xla/stream_executor/cuda/cuda_timer.cc:86] Delay kernel timed out: measured time has sub-optimal accuracy. There may be a missing warmup execution, please investigate in Nsight Systems.
2026-05-12 00:05:13.095567: E external/xla/xla/stream_executor/cuda/cuda_timer.cc:86] Delay kernel timed out: measured time has sub-optimal accuracy. There may be a missing warmup execution, please investigate in Nsight Systems.
2026-05-12 00:05:34.539041: E external/xla/xla/service/slow_operation_alarm.cc:73] Trying algorithm eng0{} for conv (f32[64,512,999,41]{3,2,1,0}, u8[0]{0}) custom-call(f32[64,512,500,20]{3,2,1,0}, f32[512,512,3,3]{3,2,1,0}), window={size=3x3 stride=2x2 pad=1_1x0_0}, dim_labels=bf01_oi01->bf01, custom_call_target="__cudnn$convBackwardInput", backend_config={"operation_queue_id":"0","wait_on_operation_queues":[],"cudnn_conv_backend_config":{"activation_mode":"kNone","conv_result_scale":1,"side_input_scale":0,"leakyrelu_alpha":0},"force_earliest_schedule":false,"reification_cost":[]} is taking a while...
2026-05-12 00:06:10.061146: E external/xla/xla/service/slow_operation_alarm.cc:140] The operation took 36.52221112s
Trying algorithm eng0{} for conv (f32[64,512,999,41]{3,2,1,0}, u8[0]{0}) custom-call(f32[64,512,500,20]{3,2,1,0}, f32[512,512,3,3]{3,2,1,0}), window={size=3x3 stride=2x2 pad=1_1x0_0}, dim_labels=bf01_oi01->bf01, custom_call_target="__cudnn$convBackwardInput", backend_config={"operation_queue_id":"0","wait_on_operation_queues":[],"cudnn_conv_backend_config":{"activation_mode":"kNone","conv_result_scale":1,"side_input_scale":0,"leakyrelu_alpha":0},"force_earliest_schedule":false,"reification_cost":[]} is taking a while...
2026-05-12 00:06:20.370779: E external/xla/xla/service/slow_operation_alarm.cc:73] Trying algorithm eng0{} for conv (f32[512,512,3,3]{3,2,1,0}, u8[0]{0}) custom-call(f32[64,512,999,41]{3,2,1,0}, f32[64,512,500,20]{3,2,1,0}), window={size=3x3 stride=2x2 pad=1_1x0_0}, dim_labels=bf01_oi01->bf01, custom_call_target="__cudnn$convBackwardFilter", backend_config={"operation_queue_id":"0","wait_on_operation_queues":[],"cudnn_conv_backend_config":{"activation_mode":"kNone","conv_result_scale":1,"side_input_scale":0,"leakyrelu_alpha":0},"force_earliest_schedule":false,"reification_cost":[]} is taking a while...
2026-05-12 00:06:36.040137: E external/xla/xla/service/slow_operation_alarm.cc:140] The operation took 16.669462329s
Trying algorithm eng0{} for conv (f32[512,512,3,3]{3,2,1,0}, u8[0]{0}) custom-call(f32[64,512,999,41]{3,2,1,0}, f32[64,512,500,20]{3,2,1,0}), window={size=3x3 stride=2x2 pad=1_1x0_0}, dim_labels=bf01_oi01->bf01, custom_call_target="__cudnn$convBackwardFilter", backend_config={"operation_queue_id":"0","wait_on_operation_queues":[],"cudnn_conv_backend_config":{"activation_mode":"kNone","conv_result_scale":1,"side_input_scale":0,"leakyrelu_alpha":0},"force_earliest_schedule":false,"reification_cost":[]} is taking a while...
/usr/local/lib/python3.11/site-packages/jax/_src/interpreters/mlir.py:1268: UserWarning: Some donated buffers were not usable: float32[512], float32[512], float32[5,1,512], float32[512], float32[512,512], float32[512], float32[512,512], float32[512], float32[512,512], float32[512], float32[512], float32[2048], float32[512,2048], float32[512], float32[2048,512], float32[512], float32[512], float32[2048], float32[512,2048], float32[512], float32[2048,512], float32[512], float32[512], float32[512], float32[512], float32[512], float32[512], float32[64], float32[8,64], float32[512,8,64], float32[512], float32[8,64,512], float32[8,64], float32[512,8,64], float32[8,64], float32[512,8,64], float32[512], float32[512], float32[5,1,512], float32[512], float32[512,512], float32[512], float32[512,512], float32[512], float32[512,512], float32[512], float32[512], float32[2048], float32[512,2048], float32[512], float32[2048,512], float32[512], float32[512], float32[2048], float32[512,2048], float32[512], float32[2048,512], float32[512], float32[512], float32[512], float32[512], float32[512], float32[512], float32[64], float32[8,64], float32[512,8,64], float32[512], float32[8,64,512], float32[8,64], float32[512,8,64], float32[8,64], float32[512,8,64], float32[512], float32[512], float32[5,1,512], float32[512], float32[512,512], float32[512], float32[512,512], float32[512], float32[512,512], float32[512], float32[512], float32[2048], float32[512,2048], float32[512], float32[2048,512], float32[512], float32[512], float32[2048], float32[512,2048], float32[512], float32[2048,512], float32[512], float32[512], float32[512], float32[512], float32[512], float32[512], float32[64], float32[8,64], float32[512,8,64], float32[512], float32[8,64,512], float32[8,64], float32[512,8,64], float32[8,64], float32[512,8,64], float32[512], float32[512], float32[5,1,512], float32[512], float32[512,512], float32[512], float32[512,512], float32[512], float32[512,512], float32[512], float32[512], float32[2048], float32[512,2048], float32[512], float32[2048,512], float32[512], float32[512], float32[2048], float32[512,2048], float32[512], float32[2048,512], float32[512], float32[512], float32[512], float32[512], float32[512], float32[512], float32[64], float32[8,64], float32[512,8,64], float32[512], float32[8,64,512], float32[8,64], float32[512,8,64], float32[8,64], float32[512,8,64], float32[1024], float32[512,1024], float32[512], float32[512], float32[512], float32[3,3,1,512], float32[512], float32[3,3,512,512], float32[512], float32[10240,512].
See an explanation at https://docs.jax.dev/en/latest/faq.html#buffer-donation.
  warnings.warn("Some donated buffers were not usable:"
I0512 00:07:42.049249 139695677724416 logging_writer.py:48] [0] global_step=0, grad_norm=54.558189392089844, loss=32.077205657958984
I0512 00:07:43.546151 139710838592704 spec.py:333] Evaluating on the training split.
I0512 00:07:43.546344 139710838592704 input_pipeline.py:19] Loading split = train-clean-100
I0512 00:07:43.572069 139710838592704 input_pipeline.py:19] Loading split = train-clean-360
I0512 00:07:43.660207 139710838592704 input_pipeline.py:19] Loading split = train-other-500
/usr/local/lib/python3.11/multiprocessing/popen_fork.py:66: RuntimeWarning: os.fork() was called. os.fork() is incompatible with multithreaded code, and JAX is multithreaded, so this will likely lead to a deadlock.
  self.pid = os.fork()
/usr/local/lib/python3.11/site-packages/jax/_src/ops/scatter.py:110: FutureWarning: scatter inputs have incompatible types: cannot safely cast value from dtype=float32 to dtype=int32 with jax_numpy_dtype_promotion='standard'. In future JAX releases this will result in an error.
  warnings.warn(
2026-05-12 00:07:54.464431: E external/xla/xla/service/slow_operation_alarm.cc:73] Constant folding an instruction is taking > 1s:

  %reduce-window.10 = f32[256,500]{1,0} reduce-window(%broadcast.219, %constant.69), window={size=1x500 pad=0_0x499_0}, to_apply=%region_53.2129.clone, metadata={op_name="jit(_eval_step)/jit(cumsum)/LibriSpeechConformerWorkload.sequence_mask/reduce_window_sum" source_file="/algorithmic-efficiency/algoperf/workloads/librispeech_conformer/librispeech_jax/workload.py" source_line=251}

This isn't necessarily a bug; constant-folding is inherently a trade-off between compilation time and speed at runtime. XLA has some guards that attempt to keep constant folding from taking too long, but fundamentally you'll always be able to come up with an input program that takes a long time.

If you'd like to file a bug, run with envvar XLA_FLAGS=--xla_dump_to=/tmp/foo and attach the results.
2026-05-12 00:08:01.373703: E external/xla/xla/service/slow_operation_alarm.cc:140] The operation took 7.909487009s
Constant folding an instruction is taking > 1s:

  %reduce-window.10 = f32[256,500]{1,0} reduce-window(%broadcast.219, %constant.69), window={size=1x500 pad=0_0x499_0}, to_apply=%region_53.2129.clone, metadata={op_name="jit(_eval_step)/jit(cumsum)/LibriSpeechConformerWorkload.sequence_mask/reduce_window_sum" source_file="/algorithmic-efficiency/algoperf/workloads/librispeech_conformer/librispeech_jax/workload.py" source_line=251}

This isn't necessarily a bug; constant-folding is inherently a trade-off between compilation time and speed at runtime. XLA has some guards that attempt to keep constant folding from taking too long, but fundamentally you'll always be able to come up with an input program that takes a long time.

If you'd like to file a bug, run with envvar XLA_FLAGS=--xla_dump_to=/tmp/foo and attach the results.
2026-05-12 00:08:03.373836: E external/xla/xla/service/slow_operation_alarm.cc:73] Constant folding an instruction is taking > 2s:

  %reduce-window.11 = f32[256,500]{1,0} reduce-window(%broadcast.219, %constant.72), window={size=1x500 pad=0_0x499_0}, to_apply=%region_53.2129, metadata={op_name="jit(_eval_step)/jit(cumsum)/LibriSpeechConformerWorkload.sequence_mask/reduce_window_sum" source_file="/algorithmic-efficiency/algoperf/workloads/librispeech_conformer/librispeech_jax/workload.py" source_line=251}

This isn't necessarily a bug; constant-folding is inherently a trade-off between compilation time and speed at runtime. XLA has some guards that attempt to keep constant folding from taking too long, but fundamentally you'll always be able to come up with an input program that takes a long time.

If you'd like to file a bug, run with envvar XLA_FLAGS=--xla_dump_to=/tmp/foo and attach the results.
2026-05-12 00:08:09.019854: E external/xla/xla/service/slow_operation_alarm.cc:140] The operation took 7.646102865s
Constant folding an instruction is taking > 2s:

  %reduce-window.11 = f32[256,500]{1,0} reduce-window(%broadcast.219, %constant.72), window={size=1x500 pad=0_0x499_0}, to_apply=%region_53.2129, metadata={op_name="jit(_eval_step)/jit(cumsum)/LibriSpeechConformerWorkload.sequence_mask/reduce_window_sum" source_file="/algorithmic-efficiency/algoperf/workloads/librispeech_conformer/librispeech_jax/workload.py" source_line=251}

This isn't necessarily a bug; constant-folding is inherently a trade-off between compilation time and speed at runtime. XLA has some guards that attempt to keep constant folding from taking too long, but fundamentally you'll always be able to come up with an input program that takes a long time.

If you'd like to file a bug, run with envvar XLA_FLAGS=--xla_dump_to=/tmp/foo and attach the results.
I0512 00:09:05.300902 139710838592704 spec.py:346] Evaluating on the validation split.
I0512 00:09:05.301364 139710838592704 input_pipeline.py:19] Loading split = dev-clean
I0512 00:09:05.305699 139710838592704 input_pipeline.py:19] Loading split = dev-other
2026-05-12 00:09:51.693547: E external/xla/xla/service/slow_operation_alarm.cc:73] Constant folding an instruction is taking > 4s:

  %reduce-window.10 = f32[228,500]{1,0} reduce-window(%broadcast.216, %constant.69), window={size=1x500 pad=0_0x499_0}, to_apply=%region_53.2126.clone, metadata={op_name="jit(_eval_step)/jit(cumsum)/LibriSpeechConformerWorkload.sequence_mask/reduce_window_sum" source_file="/algorithmic-efficiency/algoperf/workloads/librispeech_conformer/librispeech_jax/workload.py" source_line=251}

This isn't necessarily a bug; constant-folding is inherently a trade-off between compilation time and speed at runtime. XLA has some guards that attempt to keep constant folding from taking too long, but fundamentally you'll always be able to come up with an input program that takes a long time.

If you'd like to file a bug, run with envvar XLA_FLAGS=--xla_dump_to=/tmp/foo and attach the results.
2026-05-12 00:09:53.995990: E external/xla/xla/service/slow_operation_alarm.cc:140] The operation took 6.302616332s
Constant folding an instruction is taking > 4s:

  %reduce-window.10 = f32[228,500]{1,0} reduce-window(%broadcast.216, %constant.69), window={size=1x500 pad=0_0x499_0}, to_apply=%region_53.2126.clone, metadata={op_name="jit(_eval_step)/jit(cumsum)/LibriSpeechConformerWorkload.sequence_mask/reduce_window_sum" source_file="/algorithmic-efficiency/algoperf/workloads/librispeech_conformer/librispeech_jax/workload.py" source_line=251}

This isn't necessarily a bug; constant-folding is inherently a trade-off between compilation time and speed at runtime. XLA has some guards that attempt to keep constant folding from taking too long, but fundamentally you'll always be able to come up with an input program that takes a long time.

If you'd like to file a bug, run with envvar XLA_FLAGS=--xla_dump_to=/tmp/foo and attach the results.
2026-05-12 00:10:08.571911: E external/xla/xla/stream_executor/cuda/cuda_timer.cc:86] Delay kernel timed out: measured time has sub-optimal accuracy. There may be a missing warmup execution, please investigate in Nsight Systems.
2026-05-12 00:10:08.732726: E external/xla/xla/stream_executor/cuda/cuda_timer.cc:86] Delay kernel timed out: measured time has sub-optimal accuracy. There may be a missing warmup execution, please investigate in Nsight Systems.
I0512 00:10:43.303289 139710838592704 spec.py:363] Evaluating on the test split.
I0512 00:10:43.303833 139710838592704 input_pipeline.py:19] Loading split = test-clean
2026-05-12 00:11:12.640683: E external/xla/xla/stream_executor/cuda/cuda_timer.cc:86] Delay kernel timed out: measured time has sub-optimal accuracy. There may be a missing warmup execution, please investigate in Nsight Systems.
2026-05-12 00:11:12.801493: E external/xla/xla/stream_executor/cuda/cuda_timer.cc:86] Delay kernel timed out: measured time has sub-optimal accuracy. There may be a missing warmup execution, please investigate in Nsight Systems.
I0512 00:11:32.595385 139710838592704 submission_runner.py:516] Time since start: 439.59s, 	Step: 1, 	{'train/ctc_loss': Array(7.9469433, dtype=float32), 'train/wer': np.float64(1.0443068946129979), 'validation/ctc_loss': Array(7.6784267, dtype=float32), 'validation/wer': np.float64(0.9375175010862743), 'validation/num_examples': 5348, 'test/ctc_loss': Array(7.7219095, dtype=float32), 'test/wer': np.float64(0.9610017671074279), 'test/num_examples': 2472, 'score': 210.54182243347168, 'total_duration': 439.5891168117523, 'accumulated_submission_time': 210.54182243347168, 'accumulated_eval_time': 229.04721355438232, 'accumulated_logging_time': 0}
I0512 00:11:32.621496 139537934178048 logging_writer.py:48] [1] accumulated_eval_time=229.047, accumulated_logging_time=0, accumulated_submission_time=210.542, global_step=1, preemption_count=0, score=210.542, test/ctc_loss=7.721909523010254, test/num_examples=2472, test/wer=0.961002, total_duration=439.589, train/ctc_loss=7.946943283081055, train/wer=1.04431, validation/ctc_loss=7.678426742553711, validation/num_examples=5348, validation/wer=0.937518
/usr/local/lib/python3.11/site-packages/jax/_src/interpreters/mlir.py:1268: UserWarning: Some donated buffers were not usable: float32[512], float32[512], float32[5,1,512], float32[512], float32[512,512], float32[512], float32[512,512], float32[512], float32[512,512], float32[512], float32[512], float32[2048], float32[512,2048], float32[512], float32[2048,512], float32[512], float32[512], float32[2048], float32[512,2048], float32[512], float32[2048,512], float32[512], float32[512], float32[512], float32[512], float32[512], float32[512], float32[64], float32[8,64], float32[512,8,64], float32[512], float32[8,64,512], float32[8,64], float32[512,8,64], float32[8,64], float32[512,8,64], float32[512], float32[512], float32[5,1,512], float32[512], float32[512,512], float32[512], float32[512,512], float32[512], float32[512,512], float32[512], float32[512], float32[2048], float32[512,2048], float32[512], float32[2048,512], float32[512], float32[512], float32[2048], float32[512,2048], float32[512], float32[2048,512], float32[512], float32[512], float32[512], float32[512], float32[512], float32[512], float32[64], float32[8,64], float32[512,8,64], float32[512], float32[8,64,512], float32[8,64], float32[512,8,64], float32[8,64], float32[512,8,64], float32[512], float32[512], float32[5,1,512], float32[512], float32[512,512], float32[512], float32[512,512], float32[512], float32[512,512], float32[512], float32[512], float32[2048], float32[512,2048], float32[512], float32[2048,512], float32[512], float32[512], float32[2048], float32[512,2048], float32[512], float32[2048,512], float32[512], float32[512], float32[512], float32[512], float32[512], float32[512], float32[64], float32[8,64], float32[512,8,64], float32[512], float32[8,64,512], float32[8,64], float32[512,8,64], float32[8,64], float32[512,8,64], float32[512], float32[512], float32[5,1,512], float32[512], float32[512,512], float32[512], float32[512,512], float32[512], float32[512,512], float32[512], float32[512], float32[2048], float32[512,2048], float32[512], float32[2048,512], float32[512], float32[512], float32[2048], float32[512,2048], float32[512], float32[2048,512], float32[512], float32[512], float32[512], float32[512], float32[512], float32[512], float32[64], float32[8,64], float32[512,8,64], float32[512], float32[8,64,512], float32[8,64], float32[512,8,64], float32[8,64], float32[512,8,64], float32[1024], float32[512,1024], float32[512], float32[512], float32[512], float32[3,3,1,512], float32[512], float32[3,3,512,512], float32[512], float32[10240,512].
See an explanation at https://docs.jax.dev/en/latest/faq.html#buffer-donation.
  warnings.warn("Some donated buffers were not usable:"
I0512 00:16:10.821020 139695538566912 logging_writer.py:48] [100] global_step=100, grad_norm=0.6139397025108337, loss=5.939970970153809
I0512 00:23:42.554132 139695638923008 logging_writer.py:48] [200] global_step=200, grad_norm=1.728165864944458, loss=5.8571367263793945
I0512 00:31:10.663307 139695538566912 logging_writer.py:48] [300] global_step=300, grad_norm=1.9417593479156494, loss=5.809269428253174
I0512 00:38:35.691333 139695638923008 logging_writer.py:48] [400] global_step=400, grad_norm=1.4696749448776245, loss=5.794548511505127
I0512 00:40:40.668359 139710838592704 spec.py:333] Evaluating on the training split.
I0512 00:41:12.958191 139710838592704 spec.py:346] Evaluating on the validation split.
/usr/local/lib/python3.11/multiprocessing/popen_fork.py:66: RuntimeWarning: os.fork() was called. os.fork() is incompatible with multithreaded code, and JAX is multithreaded, so this will likely lead to a deadlock.
  self.pid = os.fork()
I0512 00:41:50.864535 139710838592704 spec.py:363] Evaluating on the test split.
I0512 00:42:16.730579 139710838592704 submission_runner.py:516] Time since start: 2283.72s, 	Step: 429, 	{'train/ctc_loss': Array(1.4678591, dtype=float32), 'train/wer': np.float64(0.944635537887994), 'validation/ctc_loss': Array(1.4717903, dtype=float32), 'validation/wer': np.float64(0.8967218654950997), 'validation/num_examples': 5348, 'test/ctc_loss': Array(1.469696, dtype=float32), 'test/wer': np.float64(0.899579550301627), 'test/num_examples': 2472, 'score': 1958.5652182102203, 'total_duration': 2283.72403550148, 'accumulated_submission_time': 1958.5652182102203, 'accumulated_eval_time': 325.10712933540344, 'accumulated_logging_time': 0.04531145095825195}
I0512 00:42:16.762566 139695638923008 logging_writer.py:48] [429] accumulated_eval_time=325.107, accumulated_logging_time=0.0453115, accumulated_submission_time=1958.57, global_step=429, preemption_count=0, score=1958.57, test/ctc_loss=1.469696044921875, test/num_examples=2472, test/wer=0.89958, total_duration=2283.72, train/ctc_loss=1.467859148979187, train/wer=0.944636, validation/ctc_loss=1.4717903137207031, validation/num_examples=5348, validation/wer=0.896722
I0512 00:46:05.811079 139695538566912 logging_writer.py:48] [500] global_step=500, grad_norm=0.5711783766746521, loss=5.783337116241455
I0512 00:53:50.976091 139695638923008 logging_writer.py:48] [600] global_step=600, grad_norm=0.8071147799491882, loss=5.808620929718018
I0512 01:01:56.248903 139695538566912 logging_writer.py:48] [700] global_step=700, grad_norm=1.7658554315567017, loss=5.717531681060791
I0512 01:09:56.599662 139695638923008 logging_writer.py:48] [800] global_step=800, grad_norm=2.1285202503204346, loss=5.597855567932129
I0512 01:11:29.511351 139710838592704 spec.py:333] Evaluating on the training split.
I0512 01:12:02.091313 139710838592704 spec.py:346] Evaluating on the validation split.
/usr/local/lib/python3.11/multiprocessing/popen_fork.py:66: RuntimeWarning: os.fork() was called. os.fork() is incompatible with multithreaded code, and JAX is multithreaded, so this will likely lead to a deadlock.
  self.pid = os.fork()
I0512 01:12:37.625823 139710838592704 spec.py:363] Evaluating on the test split.
I0512 01:12:55.543529 139710838592704 submission_runner.py:516] Time since start: 4122.54s, 	Step: 821, 	{'train/ctc_loss': Array(1.4934036, dtype=float32), 'train/wer': np.float64(0.9427216791412514), 'validation/ctc_loss': Array(1.488873, dtype=float32), 'validation/wer': np.float64(0.8967218654950997), 'validation/num_examples': 5348, 'test/ctc_loss': Array(1.4844515, dtype=float32), 'test/wer': np.float64(0.899579550301627), 'test/num_examples': 2472, 'score': 3711.2995948791504, 'total_duration': 4122.536984205246, 'accumulated_submission_time': 3711.2995948791504, 'accumulated_eval_time': 411.1370029449463, 'accumulated_logging_time': 0.0877230167388916}
I0512 01:12:55.573658 139695638923008 logging_writer.py:48] [821] accumulated_eval_time=411.137, accumulated_logging_time=0.087723, accumulated_submission_time=3711.3, global_step=821, preemption_count=0, score=3711.3, test/ctc_loss=1.4844515323638916, test/num_examples=2472, test/wer=0.89958, total_duration=4122.54, train/ctc_loss=1.4934035539627075, train/wer=0.942722, validation/ctc_loss=1.48887300491333, validation/num_examples=5348, validation/wer=0.896722
I0512 01:17:52.711469 139695538566912 logging_writer.py:48] [900] global_step=900, grad_norm=5.935338497161865, loss=5.89314603805542
I0512 01:25:47.563069 139695638923008 logging_writer.py:48] [1000] global_step=1000, grad_norm=0.36157092452049255, loss=5.81379508972168
/usr/local/lib/python3.11/multiprocessing/popen_fork.py:66: RuntimeWarning: os.fork() was called. os.fork() is incompatible with multithreaded code, and JAX is multithreaded, so this will likely lead to a deadlock.
  self.pid = os.fork()
I0512 01:31:01.946878 139695538566912 logging_writer.py:48] [1100] global_step=1100, grad_norm=0.7816357612609863, loss=5.823641777038574
I0512 01:35:44.252264 139651745289984 logging_writer.py:48] [1200] global_step=1200, grad_norm=1.8300565481185913, loss=5.802708625793457
I0512 01:40:39.351913 139695538566912 logging_writer.py:48] [1300] global_step=1300, grad_norm=0.3464937210083008, loss=5.803826332092285
I0512 01:42:04.729718 139710838592704 spec.py:333] Evaluating on the training split.
I0512 01:42:37.852546 139710838592704 spec.py:346] Evaluating on the validation split.
/usr/local/lib/python3.11/multiprocessing/popen_fork.py:66: RuntimeWarning: os.fork() was called. os.fork() is incompatible with multithreaded code, and JAX is multithreaded, so this will likely lead to a deadlock.
  self.pid = os.fork()
I0512 01:43:13.512023 139710838592704 spec.py:363] Evaluating on the test split.
I0512 01:43:31.318439 139710838592704 submission_runner.py:516] Time since start: 5958.31s, 	Step: 1327, 	{'train/ctc_loss': Array(1.4973278, dtype=float32), 'train/wer': np.float64(0.9433243196230056), 'validation/ctc_loss': Array(1.5197185, dtype=float32), 'validation/wer': np.float64(0.8967218654950997), 'validation/num_examples': 5348, 'test/ctc_loss': Array(1.5153385, dtype=float32), 'test/wer': np.float64(0.899579550301627), 'test/num_examples': 2472, 'score': 5460.440075874329, 'total_duration': 5958.311966180801, 'accumulated_submission_time': 5460.440075874329, 'accumulated_eval_time': 497.72351145744324, 'accumulated_logging_time': 0.12836647033691406}
I0512 01:43:31.348732 139695538566912 logging_writer.py:48] [1327] accumulated_eval_time=497.724, accumulated_logging_time=0.128366, accumulated_submission_time=5460.44, global_step=1327, preemption_count=0, score=5460.44, test/ctc_loss=1.5153385400772095, test/num_examples=2472, test/wer=0.89958, total_duration=5958.31, train/ctc_loss=1.4973278045654297, train/wer=0.943324, validation/ctc_loss=1.5197185277938843, validation/num_examples=5348, validation/wer=0.896722
I0512 01:46:16.848971 139651745289984 logging_writer.py:48] [1400] global_step=1400, grad_norm=1.3251776695251465, loss=5.78347635269165
I0512 01:52:19.541307 139695538566912 logging_writer.py:48] [1500] global_step=1500, grad_norm=1.0807907581329346, loss=5.7817583084106445
I0512 01:59:15.706292 139651745289984 logging_writer.py:48] [1600] global_step=1600, grad_norm=0.48455873131752014, loss=5.79854154586792
I0512 02:06:47.242785 139695538566912 logging_writer.py:48] [1700] global_step=1700, grad_norm=1.0646864175796509, loss=5.773725509643555
I0512 02:12:50.943403 139710838592704 spec.py:333] Evaluating on the training split.
I0512 02:13:23.909740 139710838592704 spec.py:346] Evaluating on the validation split.
/usr/local/lib/python3.11/multiprocessing/popen_fork.py:66: RuntimeWarning: os.fork() was called. os.fork() is incompatible with multithreaded code, and JAX is multithreaded, so this will likely lead to a deadlock.
  self.pid = os.fork()
I0512 02:13:59.515101 139710838592704 spec.py:363] Evaluating on the test split.
I0512 02:14:17.529232 139710838592704 submission_runner.py:516] Time since start: 7804.52s, 	Step: 1779, 	{'train/ctc_loss': Array(1.4646087, dtype=float32), 'train/wer': np.float64(0.9437003215030003), 'validation/ctc_loss': Array(1.4603739, dtype=float32), 'validation/wer': np.float64(0.8967218654950997), 'validation/num_examples': 5348, 'test/ctc_loss': Array(1.459085, dtype=float32), 'test/wer': np.float64(0.899579550301627), 'test/num_examples': 2472, 'score': 7220.019873380661, 'total_duration': 7804.522786855698, 'accumulated_submission_time': 7220.019873380661, 'accumulated_eval_time': 584.307135105133, 'accumulated_logging_time': 0.16894316673278809}
I0512 02:14:17.561576 139695538566912 logging_writer.py:48] [1779] accumulated_eval_time=584.307, accumulated_logging_time=0.168943, accumulated_submission_time=7220.02, global_step=1779, preemption_count=0, score=7220.02, test/ctc_loss=1.4590849876403809, test/num_examples=2472, test/wer=0.89958, total_duration=7804.52, train/ctc_loss=1.4646086692810059, train/wer=0.9437, validation/ctc_loss=1.460373878479004, validation/num_examples=5348, validation/wer=0.896722
I0512 02:14:29.045842 139651745289984 logging_writer.py:48] [1800] global_step=1800, grad_norm=2.1743476390838623, loss=5.7942962646484375
I0512 02:22:13.098125 139695538566912 logging_writer.py:48] [1900] global_step=1900, grad_norm=1.0011316537857056, loss=5.764904022216797
I0512 02:30:00.367828 139651745289984 logging_writer.py:48] [2000] global_step=2000, grad_norm=0.19123853743076324, loss=5.7862091064453125
/usr/local/lib/python3.11/multiprocessing/popen_fork.py:66: RuntimeWarning: os.fork() was called. os.fork() is incompatible with multithreaded code, and JAX is multithreaded, so this will likely lead to a deadlock.
  self.pid = os.fork()
I0512 02:36:13.293601 139695635777280 logging_writer.py:48] [2100] global_step=2100, grad_norm=1.9827200174331665, loss=5.785975456237793
I0512 02:39:50.742777 139695538566912 logging_writer.py:48] [2200] global_step=2200, grad_norm=0.3581705093383789, loss=5.7835822105407715
I0512 02:43:31.367094 139710838592704 spec.py:333] Evaluating on the training split.
I0512 02:44:04.443849 139710838592704 spec.py:346] Evaluating on the validation split.
/usr/local/lib/python3.11/multiprocessing/popen_fork.py:66: RuntimeWarning: os.fork() was called. os.fork() is incompatible with multithreaded code, and JAX is multithreaded, so this will likely lead to a deadlock.
  self.pid = os.fork()
I0512 02:44:40.522602 139710838592704 spec.py:363] Evaluating on the test split.
I0512 02:44:58.549486 139710838592704 submission_runner.py:516] Time since start: 9645.54s, 	Step: 2290, 	{'train/ctc_loss': Array(1.4534584, dtype=float32), 'train/wer': np.float64(0.9415512405140359), 'validation/ctc_loss': Array(1.4368334, dtype=float32), 'validation/wer': np.float64(0.8967218654950997), 'validation/num_examples': 5348, 'test/ctc_loss': Array(1.4365015, dtype=float32), 'test/wer': np.float64(0.899579550301627), 'test/num_examples': 2472, 'score': 8973.809955835342, 'total_duration': 9645.543063879013, 'accumulated_submission_time': 8973.809955835342, 'accumulated_eval_time': 671.4873688220978, 'accumulated_logging_time': 0.21141576766967773}
I0512 02:44:58.579952 139695635777280 logging_writer.py:48] [2290] accumulated_eval_time=671.487, accumulated_logging_time=0.211416, accumulated_submission_time=8973.81, global_step=2290, preemption_count=0, score=8973.81, test/ctc_loss=1.4365015029907227, test/num_examples=2472, test/wer=0.89958, total_duration=9645.54, train/ctc_loss=1.4534584283828735, train/wer=0.941551, validation/ctc_loss=1.436833381652832, validation/num_examples=5348, validation/wer=0.896722
I0512 02:45:03.889534 139695538566912 logging_writer.py:48] [2300] global_step=2300, grad_norm=0.3307647705078125, loss=5.802844047546387
I0512 02:48:31.311650 139695635777280 logging_writer.py:48] [2400] global_step=2400, grad_norm=0.31121692061424255, loss=5.791814804077148
I0512 02:53:24.686718 139695538566912 logging_writer.py:48] [2500] global_step=2500, grad_norm=0.6944226622581482, loss=5.801559925079346
I0512 02:58:47.794678 139695635777280 logging_writer.py:48] [2600] global_step=2600, grad_norm=2.842477560043335, loss=5.811099529266357
I0512 03:05:03.049493 139695538566912 logging_writer.py:48] [2700] global_step=2700, grad_norm=2.0925793647766113, loss=5.732463359832764
I0512 03:11:58.157837 139695635777280 logging_writer.py:48] [2800] global_step=2800, grad_norm=2.516880512237549, loss=5.621259689331055
I0512 03:14:08.868340 139710838592704 spec.py:333] Evaluating on the training split.
I0512 03:14:42.889153 139710838592704 spec.py:346] Evaluating on the validation split.
/usr/local/lib/python3.11/multiprocessing/popen_fork.py:66: RuntimeWarning: os.fork() was called. os.fork() is incompatible with multithreaded code, and JAX is multithreaded, so this will likely lead to a deadlock.
  self.pid = os.fork()
I0512 03:15:19.173246 139710838592704 spec.py:363] Evaluating on the test split.
I0512 03:15:37.323614 139710838592704 submission_runner.py:516] Time since start: 11484.32s, 	Step: 2830, 	{'train/ctc_loss': Array(1.5058166, dtype=float32), 'train/wer': np.float64(0.9426410101839947), 'validation/ctc_loss': Array(1.4817427, dtype=float32), 'validation/wer': np.float64(0.8967218654950997), 'validation/num_examples': 5348, 'test/ctc_loss': Array(1.4881244, dtype=float32), 'test/wer': np.float64(0.899579550301627), 'test/num_examples': 2472, 'score': 10724.082638263702, 'total_duration': 11484.317168712616, 'accumulated_submission_time': 10724.082638263702, 'accumulated_eval_time': 759.9404380321503, 'accumulated_logging_time': 0.25211429595947266}
I0512 03:15:37.355164 139695635777280 logging_writer.py:48] [2830] accumulated_eval_time=759.94, accumulated_logging_time=0.252114, accumulated_submission_time=10724.1, global_step=2830, preemption_count=0, score=10724.1, test/ctc_loss=1.4881243705749512, test/num_examples=2472, test/wer=0.89958, total_duration=11484.3, train/ctc_loss=1.5058165788650513, train/wer=0.942641, validation/ctc_loss=1.4817427396774292, validation/num_examples=5348, validation/wer=0.896722
I0512 03:19:12.990244 139695538566912 logging_writer.py:48] [2900] global_step=2900, grad_norm=0.4411731958389282, loss=5.599256992340088
I0512 03:26:37.447430 139695635777280 logging_writer.py:48] [3000] global_step=3000, grad_norm=2.4970622062683105, loss=5.612039089202881
/usr/local/lib/python3.11/multiprocessing/popen_fork.py:66: RuntimeWarning: os.fork() was called. os.fork() is incompatible with multithreaded code, and JAX is multithreaded, so this will likely lead to a deadlock.
  self.pid = os.fork()
I0512 03:33:45.010855 139695635777280 logging_writer.py:48] [3100] global_step=3100, grad_norm=1.30376136302948, loss=5.58074426651001
I0512 03:36:53.783726 139695538566912 logging_writer.py:48] [3200] global_step=3200, grad_norm=2.631150484085083, loss=5.613199234008789
I0512 03:40:18.351604 139695635777280 logging_writer.py:48] [3300] global_step=3300, grad_norm=0.5141904354095459, loss=5.6284661293029785
I0512 03:44:08.480873 139695538566912 logging_writer.py:48] [3400] global_step=3400, grad_norm=1.632060170173645, loss=5.602846622467041
I0512 03:44:46.718619 139710838592704 spec.py:333] Evaluating on the training split.
I0512 03:45:20.464557 139710838592704 spec.py:346] Evaluating on the validation split.
/usr/local/lib/python3.11/multiprocessing/popen_fork.py:66: RuntimeWarning: os.fork() was called. os.fork() is incompatible with multithreaded code, and JAX is multithreaded, so this will likely lead to a deadlock.
  self.pid = os.fork()
I0512 03:45:56.610817 139710838592704 spec.py:363] Evaluating on the test split.
I0512 03:46:14.704336 139710838592704 submission_runner.py:516] Time since start: 13321.70s, 	Step: 3416, 	{'train/ctc_loss': Array(1.932819, dtype=float32), 'train/wer': np.float64(0.9428243251866505), 'validation/ctc_loss': Array(1.8834337, dtype=float32), 'validation/wer': np.float64(0.8967218654950997), 'validation/num_examples': 5348, 'test/ctc_loss': Array(1.8861715, dtype=float32), 'test/wer': np.float64(0.899579550301627), 'test/num_examples': 2472, 'score': 12473.429861783981, 'total_duration': 13321.697832345963, 'accumulated_submission_time': 12473.429861783981, 'accumulated_eval_time': 847.9238979816437, 'accumulated_logging_time': 0.29386472702026367}
I0512 03:46:14.734182 139695635777280 logging_writer.py:48] [3416] accumulated_eval_time=847.924, accumulated_logging_time=0.293865, accumulated_submission_time=12473.4, global_step=3416, preemption_count=0, score=12473.4, test/ctc_loss=1.8861714601516724, test/num_examples=2472, test/wer=0.89958, total_duration=13321.7, train/ctc_loss=1.9328190088272095, train/wer=0.942824, validation/ctc_loss=1.8834336996078491, validation/num_examples=5348, validation/wer=0.896722
I0512 03:48:33.229370 139695538566912 logging_writer.py:48] [3500] global_step=3500, grad_norm=0.2852262854576111, loss=5.583747863769531
I0512 03:53:15.309960 139695635777280 logging_writer.py:48] [3600] global_step=3600, grad_norm=0.5757426619529724, loss=5.572327136993408
I0512 03:58:32.432657 139695538566912 logging_writer.py:48] [3700] global_step=3700, grad_norm=2.170780897140503, loss=5.555673122406006
I0512 04:04:45.477590 139695635777280 logging_writer.py:48] [3800] global_step=3800, grad_norm=0.3349434733390808, loss=5.5328826904296875
I0512 04:11:28.634135 139695538566912 logging_writer.py:48] [3900] global_step=3900, grad_norm=1.020708441734314, loss=5.502840518951416
I0512 04:15:22.434293 139710838592704 spec.py:333] Evaluating on the training split.
I0512 04:15:55.705825 139710838592704 spec.py:346] Evaluating on the validation split.
/usr/local/lib/python3.11/multiprocessing/popen_fork.py:66: RuntimeWarning: os.fork() was called. os.fork() is incompatible with multithreaded code, and JAX is multithreaded, so this will likely lead to a deadlock.
  self.pid = os.fork()
I0512 04:16:31.549094 139710838592704 spec.py:363] Evaluating on the test split.
I0512 04:16:49.621341 139710838592704 submission_runner.py:516] Time since start: 15156.61s, 	Step: 3958, 	{'train/ctc_loss': Array(1.6519754, dtype=float32), 'train/wer': np.float64(0.9440859096700382), 'validation/ctc_loss': Array(1.610791, dtype=float32), 'validation/wer': np.float64(0.8967218654950997), 'validation/num_examples': 5348, 'test/ctc_loss': Array(1.6294675, dtype=float32), 'test/wer': np.float64(0.899579550301627), 'test/num_examples': 2472, 'score': 14221.114128828049, 'total_duration': 15156.614933729172, 'accumulated_submission_time': 14221.114128828049, 'accumulated_eval_time': 935.1087772846222, 'accumulated_logging_time': 0.3340315818786621}
I0512 04:16:49.652354 139695635777280 logging_writer.py:48] [3958] accumulated_eval_time=935.109, accumulated_logging_time=0.334032, accumulated_submission_time=14221.1, global_step=3958, preemption_count=0, score=14221.1, test/ctc_loss=1.629467487335205, test/num_examples=2472, test/wer=0.89958, total_duration=15156.6, train/ctc_loss=1.651975393295288, train/wer=0.944086, validation/ctc_loss=1.6107909679412842, validation/num_examples=5348, validation/wer=0.896722
I0512 04:18:23.370360 139695538566912 logging_writer.py:48] [4000] global_step=4000, grad_norm=2.489352226257324, loss=5.5199079513549805
I0512 04:25:33.696335 139695635777280 logging_writer.py:48] [4100] global_step=4100, grad_norm=0.5840581655502319, loss=5.5287580490112305
/usr/local/lib/python3.11/multiprocessing/popen_fork.py:66: RuntimeWarning: os.fork() was called. os.fork() is incompatible with multithreaded code, and JAX is multithreaded, so this will likely lead to a deadlock.
  self.pid = os.fork()
I0512 04:29:29.223409 139695635777280 logging_writer.py:48] [4200] global_step=4200, grad_norm=0.31584370136260986, loss=5.520005702972412
I0512 04:32:37.185882 139695538566912 logging_writer.py:48] [4300] global_step=4300, grad_norm=0.571773886680603, loss=5.487969875335693
I0512 04:36:11.041347 139695635777280 logging_writer.py:48] [4400] global_step=4400, grad_norm=0.48872849345207214, loss=5.479761123657227
I0512 04:39:57.896921 139695538566912 logging_writer.py:48] [4500] global_step=4500, grad_norm=0.7073042988777161, loss=5.491392135620117
I0512 04:44:14.385214 139695635777280 logging_writer.py:48] [4600] global_step=4600, grad_norm=1.1204330921173096, loss=5.535465717315674
I0512 04:46:04.318507 139710838592704 spec.py:333] Evaluating on the training split.
I0512 04:46:37.942490 139710838592704 spec.py:346] Evaluating on the validation split.
/usr/local/lib/python3.11/multiprocessing/popen_fork.py:66: RuntimeWarning: os.fork() was called. os.fork() is incompatible with multithreaded code, and JAX is multithreaded, so this will likely lead to a deadlock.
  self.pid = os.fork()
I0512 04:47:14.192497 139710838592704 spec.py:363] Evaluating on the test split.
I0512 04:47:32.151961 139710838592704 submission_runner.py:516] Time since start: 16999.15s, 	Step: 4639, 	{'train/ctc_loss': Array(1.4257389, dtype=float32), 'train/wer': np.float64(0.9427990785714666), 'validation/ctc_loss': Array(1.4275572, dtype=float32), 'validation/wer': np.float64(0.8967218654950997), 'validation/num_examples': 5348, 'test/ctc_loss': Array(1.4249071, dtype=float32), 'test/wer': np.float64(0.899579550301627), 'test/num_examples': 2472, 'score': 15975.763199329376, 'total_duration': 16999.145350933075, 'accumulated_submission_time': 15975.763199329376, 'accumulated_eval_time': 1022.9398798942566, 'accumulated_logging_time': 0.3753840923309326}
I0512 04:47:32.184718 139695635777280 logging_writer.py:48] [4639] accumulated_eval_time=1022.94, accumulated_logging_time=0.375384, accumulated_submission_time=15975.8, global_step=4639, preemption_count=0, score=15975.8, test/ctc_loss=1.4249070882797241, test/num_examples=2472, test/wer=0.89958, total_duration=16999.1, train/ctc_loss=1.4257389307022095, train/wer=0.942799, validation/ctc_loss=1.4275572299957275, validation/num_examples=5348, validation/wer=0.896722
I0512 04:49:14.800693 139695538566912 logging_writer.py:48] [4700] global_step=4700, grad_norm=1.5886605978012085, loss=5.503622055053711
I0512 04:54:53.274847 139695635777280 logging_writer.py:48] [4800] global_step=4800, grad_norm=0.2969689667224884, loss=5.491669654846191
I0512 05:01:17.234148 139695538566912 logging_writer.py:48] [4900] global_step=4900, grad_norm=1.4881236553192139, loss=5.478866100311279
I0512 05:07:59.541701 139695635777280 logging_writer.py:48] [5000] global_step=5000, grad_norm=0.3093811869621277, loss=5.473548412322998
I0512 05:14:46.747597 139695538566912 logging_writer.py:48] [5100] global_step=5100, grad_norm=0.3834097385406494, loss=5.487671375274658
I0512 05:16:40.396013 139710838592704 spec.py:333] Evaluating on the training split.
I0512 05:17:13.935659 139710838592704 spec.py:346] Evaluating on the validation split.
/usr/local/lib/python3.11/multiprocessing/popen_fork.py:66: RuntimeWarning: os.fork() was called. os.fork() is incompatible with multithreaded code, and JAX is multithreaded, so this will likely lead to a deadlock.
  self.pid = os.fork()
I0512 05:17:50.300918 139710838592704 spec.py:363] Evaluating on the test split.
I0512 05:18:08.412608 139710838592704 submission_runner.py:516] Time since start: 18835.41s, 	Step: 5127, 	{'train/ctc_loss': Array(1.3858825, dtype=float32), 'train/wer': np.float64(0.9423383225986367), 'validation/ctc_loss': Array(1.3852079, dtype=float32), 'validation/wer': np.float64(0.8967218654950997), 'validation/num_examples': 5348, 'test/ctc_loss': Array(1.3746111, dtype=float32), 'test/wer': np.float64(0.899579550301627), 'test/num_examples': 2472, 'score': 17723.95907330513, 'total_duration': 18835.406282186508, 'accumulated_submission_time': 17723.95907330513, 'accumulated_eval_time': 1110.954391002655, 'accumulated_logging_time': 0.4185211658477783}
I0512 05:18:08.446974 139695635777280 logging_writer.py:48] [5127] accumulated_eval_time=1110.95, accumulated_logging_time=0.418521, accumulated_submission_time=17724, global_step=5127, preemption_count=0, score=17724, test/ctc_loss=1.3746111392974854, test/num_examples=2472, test/wer=0.89958, total_duration=18835.4, train/ctc_loss=1.3858824968338013, train/wer=0.942338, validation/ctc_loss=1.3852078914642334, validation/num_examples=5348, validation/wer=0.896722
/usr/local/lib/python3.11/multiprocessing/popen_fork.py:66: RuntimeWarning: os.fork() was called. os.fork() is incompatible with multithreaded code, and JAX is multithreaded, so this will likely lead to a deadlock.
  self.pid = os.fork()
I0512 05:19:59.019886 139695635777280 logging_writer.py:48] [5200] global_step=5200, grad_norm=1.276830792427063, loss=5.469765663146973
I0512 05:22:59.242539 139695538566912 logging_writer.py:48] [5300] global_step=5300, grad_norm=0.5503823161125183, loss=5.481235504150391
I0512 05:26:18.582509 139695635777280 logging_writer.py:48] [5400] global_step=5400, grad_norm=1.679169774055481, loss=5.488344192504883
