python submission_runner.py --framework=jax --workload=imagenet_vit --submission_path=submissions_algorithms/submissions/self_tuning/schedule_free_adamw_jax_v2/submission.py --data_dir=/data/imagenet/jax --experiment_dir=/experiment_runs --experiment_name=submissions_a100/schedule_free_adamw_jax_v2/study_1 --overwrite=True --save_checkpoints=False --rng_seed=1148016544 --imagenet_v2_data_dir=/data/imagenet/jax --tuning_ruleset=self 2>&1 | tee -a /logs/imagenet_vit_jax_05-13-2026-17-27-38.log
2026-05-13 17:27:48.552023: E external/local_xla/xla/stream_executor/cuda/cuda_fft.cc:467] Unable to register cuFFT factory: Attempting to register factory for plugin cuFFT when one has already been registered
WARNING: All log messages before absl::InitializeLog() is called are written to STDERR
E0000 00:00:1778693268.990284      13 cuda_dnn.cc:8579] Unable to register cuDNN factory: Attempting to register factory for plugin cuDNN when one has already been registered
E0000 00:00:1778693269.069749      13 cuda_blas.cc:1407] Unable to register cuBLAS factory: Attempting to register factory for plugin cuBLAS when one has already been registered
W0000 00:00:1778693270.060371      13 computation_placer.cc:177] computation placer already registered. Please check linkage and avoid linking the same target more than once.
W0000 00:00:1778693270.060432      13 computation_placer.cc:177] computation placer already registered. Please check linkage and avoid linking the same target more than once.
W0000 00:00:1778693270.060436      13 computation_placer.cc:177] computation placer already registered. Please check linkage and avoid linking the same target more than once.
W0000 00:00:1778693270.060438      13 computation_placer.cc:177] computation placer already registered. Please check linkage and avoid linking the same target more than once.
/usr/local/lib/python3.11/site-packages/torch/__init__.py:1617: UserWarning: Please use the new API settings to control TF32 behavior, such as torch.backends.cudnn.conv.fp32_precision = 'tf32' or torch.backends.cuda.matmul.fp32_precision = 'ieee'. Old settings, e.g, torch.backends.cuda.matmul.allow_tf32 = True, torch.backends.cudnn.allow_tf32 = True, allowTF32CuDNN() and allowTF32CuBLAS() will be deprecated after Pytorch 2.9. Please see https://pytorch.org/docs/main/notes/cuda.html#tensorfloat-32-tf32-on-ampere-and-later-devices (Triggered internally at /pytorch/aten/src/ATen/Context.cpp:80.)
  _C._set_float32_matmul_precision(precision)
/usr/local/lib/python3.11/site-packages/pydantic/_internal/_generate_schema.py:2249: UnsupportedFieldAttributeWarning: The 'repr' attribute with value False was provided to the `Field()` function, which has no effect in the context it was used. 'repr' is field-specific metadata, and can only be attached to a model field using `Annotated` metadata or by assignment. This may have happened because an `Annotated` type alias using the `type` statement was used, or if the `Field()` function was attached to a single member of a union type.
  warnings.warn(
/usr/local/lib/python3.11/site-packages/pydantic/_internal/_generate_schema.py:2249: UnsupportedFieldAttributeWarning: The 'frozen' attribute with value True was provided to the `Field()` function, which has no effect in the context it was used. 'frozen' is field-specific metadata, and can only be attached to a model field using `Annotated` metadata or by assignment. This may have happened because an `Annotated` type alias using the `type` statement was used, or if the `Field()` function was attached to a single member of a union type.
  warnings.warn(
INFO:2026-05-13 17:28:38,446:jax._src.xla_bridge:830: Unable to initialize backend 'tpu': INTERNAL: Failed to open libtpu.so: libtpu.so: cannot open shared object file: No such file or directory
I0513 17:28:38.446087 139959917020352 xla_bridge.py:830] Unable to initialize backend 'tpu': INTERNAL: Failed to open libtpu.so: libtpu.so: cannot open shared object file: No such file or directory
I0513 17:28:39.367763 139959917020352 logger_utils.py:84] Creating experiment directory at /experiment_runs/submissions_a100/schedule_free_adamw_jax_v2/study_1/imagenet_vit_jax.
I0513 17:28:42.512621 139959917020352 submission_runner.py:741] Creating directory at /experiment_runs/submissions_a100/schedule_free_adamw_jax_v2/study_1/imagenet_vit_jax/trial_1.
I0513 17:28:42.898057 139959917020352 submission_runner.py:242] Initializing dataset.
I0513 17:28:44.114634 139959917020352 dataset_info.py:707] Load dataset info from /data/imagenet/jax/imagenet2012/5.1.0
I0513 17:28:44.224867 139959917020352 dataset_info.py:793] For 'imagenet2012/5.1.0': fields info.[splits, supervised_keys] differ on disk and in the code. Keeping the one from code.
I0513 17:28:44.518811 139959917020352 reader.py:262] Creating a tf.data.Dataset reading 1024 files located in folders: /data/imagenet/jax/imagenet2012/5.1.0.
I0513 17:28:44.720960 139959917020352 logging_logger.py:49] Constructing tf.data.Dataset imagenet2012 for split train, from /data/imagenet/jax/imagenet2012/5.1.0
I0513 17:28:53.029013 139959917020352 submission_runner.py:251] Initializing model.
I0513 17:29:32.403787 139959917020352 submission_runner.py:294] Initializing optimizer.
I0513 17:29:33.361202 139959917020352 submission_runner.py:299] Initializing metrics bundle.
I0513 17:29:33.361438 139959917020352 submission_runner.py:321] Initializing checkpoint and logger.
I0513 17:29:33.364326 139959917020352 checkpoints.py:1098] Found no checkpoint files in /experiment_runs/submissions_a100/schedule_free_adamw_jax_v2/study_1/imagenet_vit_jax/trial_1 with prefix checkpoint_
I0513 17:29:33.364454 139959917020352 submission_runner.py:344] Saving meta data to /experiment_runs/submissions_a100/schedule_free_adamw_jax_v2/study_1/imagenet_vit_jax/trial_1/meta_data_0.json.
I0513 17:29:33.781293 139959917020352 submission_runner.py:348] Saving flags to /experiment_runs/submissions_a100/schedule_free_adamw_jax_v2/study_1/imagenet_vit_jax/trial_1/flags_0.json.
I0513 17:29:33.797787 139959917020352 submission_runner.py:359] Starting training loop.
/usr/local/lib/python3.11/site-packages/jax/_src/interpreters/mlir.py:1268: UserWarning: Some donated buffers were not usable: float32[384], float32[384], float32[384], float32[384], float32[384], float32[384], float32[1536], float32[384,1536], float32[384], float32[1536,384], float32[6,64], float32[384,6,64], float32[384], float32[6,64,384], float32[6,64], float32[384,6,64], float32[6,64], float32[384,6,64], float32[384], float32[384], float32[384], float32[384], float32[1536], float32[384,1536], float32[384], float32[1536,384], float32[6,64], float32[384,6,64], float32[384], float32[6,64,384], float32[6,64], float32[384,6,64], float32[6,64], float32[384,6,64], float32[384], float32[384], float32[384], float32[384], float32[1536], float32[384,1536], float32[384], float32[1536,384], float32[6,64], float32[384,6,64], float32[384], float32[6,64,384], float32[6,64], float32[384,6,64], float32[6,64], float32[384,6,64], float32[384], float32[384], float32[384], float32[384], float32[1536], float32[384,1536], float32[384], float32[1536,384], float32[6,64], float32[384,6,64], float32[384], float32[6,64,384], float32[6,64], float32[384,6,64], float32[6,64], float32[384,6,64], float32[384], float32[384], float32[384], float32[384], float32[1536], float32[384,1536], float32[384], float32[1536,384], float32[6,64], float32[384,6,64], float32[384], float32[6,64,384], float32[6,64], float32[384,6,64], float32[6,64], float32[384,6,64], float32[384], float32[384], float32[384], float32[384], float32[1536], float32[384,1536], float32[384], float32[1536,384], float32[6,64], float32[384,6,64], float32[384], float32[6,64,384], float32[6,64], float32[384,6,64], float32[6,64], float32[384,6,64], float32[384], float32[384], float32[384], float32[384], float32[1536], float32[384,1536], float32[384], float32[1536,384], float32[6,64], float32[384,6,64], float32[384], float32[6,64,384], float32[6,64], float32[384,6,64], float32[6,64], float32[384,6,64], float32[384], float32[384], float32[384], float32[384], float32[1536], float32[384,1536], float32[384], float32[1536,384], float32[6,64], float32[384,6,64], float32[384], float32[6,64,384], float32[6,64], float32[384,6,64], float32[6,64], float32[384,6,64], float32[384], float32[384], float32[384], float32[384], float32[1536], float32[384,1536], float32[384], float32[1536,384], float32[6,64], float32[384,6,64], float32[384], float32[6,64,384], float32[6,64], float32[384,6,64], float32[6,64], float32[384,6,64], float32[384], float32[384], float32[384], float32[384], float32[1536], float32[384,1536], float32[384], float32[1536,384], float32[6,64], float32[384,6,64], float32[384], float32[6,64,384], float32[6,64], float32[384,6,64], float32[6,64], float32[384,6,64], float32[384], float32[384], float32[384], float32[384], float32[1536], float32[384,1536], float32[384], float32[1536,384], float32[6,64], float32[384,6,64], float32[384], float32[6,64,384], float32[6,64], float32[384,6,64], float32[6,64], float32[384,6,64], float32[384], float32[384], float32[384], float32[384], float32[1536], float32[384,1536], float32[384], float32[1536,384], float32[6,64], float32[384,6,64], float32[384], float32[6,64,384], float32[6,64], float32[384,6,64], float32[6,64], float32[384,6,64], float32[384], float32[16,16,3,384], float32[1000], float32[384,1000], float32[384], float32[384,384].
See an explanation at https://docs.jax.dev/en/latest/faq.html#buffer-donation.
  warnings.warn("Some donated buffers were not usable:"
I0513 17:30:27.769642 139770382513920 logging_writer.py:48] [0] global_step=0, grad_norm=0.3459712862968445, loss=6.9077558517456055
I0513 17:30:29.289955 139959917020352 spec.py:333] Evaluating on the training split.
I0513 17:30:29.294839 139959917020352 dataset_info.py:707] Load dataset info from /data/imagenet/jax/imagenet2012/5.1.0
I0513 17:30:29.300508 139959917020352 dataset_info.py:793] For 'imagenet2012/5.1.0': fields info.[splits, supervised_keys] differ on disk and in the code. Keeping the one from code.
I0513 17:30:29.318940 139959917020352 reader.py:262] Creating a tf.data.Dataset reading 1024 files located in folders: /data/imagenet/jax/imagenet2012/5.1.0.
I0513 17:30:29.366381 139959917020352 logging_logger.py:49] Constructing tf.data.Dataset imagenet2012 for split train, from /data/imagenet/jax/imagenet2012/5.1.0
I0513 17:31:06.196964 139959917020352 spec.py:346] Evaluating on the validation split.
I0513 17:31:06.201402 139959917020352 dataset_info.py:707] Load dataset info from /data/imagenet/jax/imagenet2012/5.1.0
I0513 17:31:06.250950 139959917020352 dataset_info.py:793] For 'imagenet2012/5.1.0': fields info.[splits, supervised_keys] differ on disk and in the code. Keeping the one from code.
I0513 17:31:06.253916 139959917020352 reader.py:262] Creating a tf.data.Dataset reading 64 files located in folders: /data/imagenet/jax/imagenet2012/5.1.0.
I0513 17:31:06.402650 139959917020352 logging_logger.py:49] Constructing tf.data.Dataset imagenet2012 for split validation, from /data/imagenet/jax/imagenet2012/5.1.0
I0513 17:31:37.599054 139959917020352 spec.py:363] Evaluating on the test split.
I0513 17:31:37.692281 139959917020352 dataset_info.py:707] Load dataset info from /data/imagenet/jax/imagenet_v2/matched-frequency/3.0.0
I0513 17:31:37.798010 139959917020352 reader.py:262] Creating a tf.data.Dataset reading 16 files located in folders: /data/imagenet/jax/imagenet_v2/matched-frequency/3.0.0.
I0513 17:31:37.852554 139959917020352 logging_logger.py:49] Constructing tf.data.Dataset imagenet_v2 for split test, from /data/imagenet/jax/imagenet_v2/matched-frequency/3.0.0
I0513 17:31:44.160922 139959917020352 submission_runner.py:516] Time since start: 130.36s, 	Step: 1, 	{'train/accuracy': Array(0.00076172, dtype=float32), 'train/loss': Array(6.907755, dtype=float32), 'validation/accuracy': Array(0.001, dtype=float32), 'validation/loss': Array(6.907755, dtype=float32), 'validation/num_examples': 50000, 'test/accuracy': Array(0.001, dtype=float32), 'test/loss': Array(6.907755, dtype=float32), 'test/num_examples': 10000, 'score': 55.49204921722412, 'total_duration': 130.3555634021759, 'accumulated_submission_time': 55.49204921722412, 'accumulated_eval_time': 74.86340236663818, 'accumulated_logging_time': 0}
I0513 17:31:44.222877 139727718029056 logging_writer.py:48] [1] accumulated_eval_time=74.8634, accumulated_logging_time=0, accumulated_submission_time=55.492, global_step=1, preemption_count=0, score=55.492, test/accuracy=0.0010000000474974513, test/loss=6.907754898071289, test/num_examples=10000, total_duration=130.356, train/accuracy=0.0007617187220603228, train/loss=6.907754898071289, validation/accuracy=0.0009999999310821295, validation/loss=6.907754898071289, validation/num_examples=50000
/usr/local/lib/python3.11/site-packages/jax/_src/interpreters/mlir.py:1268: UserWarning: Some donated buffers were not usable: float32[384], float32[384], float32[384], float32[384], float32[384], float32[384], float32[1536], float32[384,1536], float32[384], float32[1536,384], float32[6,64], float32[384,6,64], float32[384], float32[6,64,384], float32[6,64], float32[384,6,64], float32[6,64], float32[384,6,64], float32[384], float32[384], float32[384], float32[384], float32[1536], float32[384,1536], float32[384], float32[1536,384], float32[6,64], float32[384,6,64], float32[384], float32[6,64,384], float32[6,64], float32[384,6,64], float32[6,64], float32[384,6,64], float32[384], float32[384], float32[384], float32[384], float32[1536], float32[384,1536], float32[384], float32[1536,384], float32[6,64], float32[384,6,64], float32[384], float32[6,64,384], float32[6,64], float32[384,6,64], float32[6,64], float32[384,6,64], float32[384], float32[384], float32[384], float32[384], float32[1536], float32[384,1536], float32[384], float32[1536,384], float32[6,64], float32[384,6,64], float32[384], float32[6,64,384], float32[6,64], float32[384,6,64], float32[6,64], float32[384,6,64], float32[384], float32[384], float32[384], float32[384], float32[1536], float32[384,1536], float32[384], float32[1536,384], float32[6,64], float32[384,6,64], float32[384], float32[6,64,384], float32[6,64], float32[384,6,64], float32[6,64], float32[384,6,64], float32[384], float32[384], float32[384], float32[384], float32[1536], float32[384,1536], float32[384], float32[1536,384], float32[6,64], float32[384,6,64], float32[384], float32[6,64,384], float32[6,64], float32[384,6,64], float32[6,64], float32[384,6,64], float32[384], float32[384], float32[384], float32[384], float32[1536], float32[384,1536], float32[384], float32[1536,384], float32[6,64], float32[384,6,64], float32[384], float32[6,64,384], float32[6,64], float32[384,6,64], float32[6,64], float32[384,6,64], float32[384], float32[384], float32[384], float32[384], float32[1536], float32[384,1536], float32[384], float32[1536,384], float32[6,64], float32[384,6,64], float32[384], float32[6,64,384], float32[6,64], float32[384,6,64], float32[6,64], float32[384,6,64], float32[384], float32[384], float32[384], float32[384], float32[1536], float32[384,1536], float32[384], float32[1536,384], float32[6,64], float32[384,6,64], float32[384], float32[6,64,384], float32[6,64], float32[384,6,64], float32[6,64], float32[384,6,64], float32[384], float32[384], float32[384], float32[384], float32[1536], float32[384,1536], float32[384], float32[1536,384], float32[6,64], float32[384,6,64], float32[384], float32[6,64,384], float32[6,64], float32[384,6,64], float32[6,64], float32[384,6,64], float32[384], float32[384], float32[384], float32[384], float32[1536], float32[384,1536], float32[384], float32[1536,384], float32[6,64], float32[384,6,64], float32[384], float32[6,64,384], float32[6,64], float32[384,6,64], float32[6,64], float32[384,6,64], float32[384], float32[384], float32[384], float32[384], float32[1536], float32[384,1536], float32[384], float32[1536,384], float32[6,64], float32[384,6,64], float32[384], float32[6,64,384], float32[6,64], float32[384,6,64], float32[6,64], float32[384,6,64], float32[384], float32[16,16,3,384], float32[1000], float32[384,1000], float32[384], float32[384,384].
See an explanation at https://docs.jax.dev/en/latest/faq.html#buffer-donation.
  warnings.warn("Some donated buffers were not usable:"
I0513 17:33:46.683708 139726560425728 logging_writer.py:48] [100] global_step=100, grad_norm=0.5120879411697388, loss=6.869838714599609
I0513 17:34:34.324785 139727718029056 logging_writer.py:48] [200] global_step=200, grad_norm=0.7066653966903687, loss=6.7315168380737305
I0513 17:35:21.983426 139726560425728 logging_writer.py:48] [300] global_step=300, grad_norm=0.6830241680145264, loss=6.625214576721191
I0513 17:36:09.811513 139727718029056 logging_writer.py:48] [400] global_step=400, grad_norm=1.6041125059127808, loss=6.58315896987915
I0513 17:36:57.502323 139726560425728 logging_writer.py:48] [500] global_step=500, grad_norm=1.48012375831604, loss=6.4231343269348145
I0513 17:37:45.304883 139727718029056 logging_writer.py:48] [600] global_step=600, grad_norm=1.5636907815933228, loss=6.387997150421143
I0513 17:38:34.888687 139726560425728 logging_writer.py:48] [700] global_step=700, grad_norm=1.3055824041366577, loss=6.251257419586182
I0513 17:39:22.937534 139727718029056 logging_writer.py:48] [800] global_step=800, grad_norm=2.257891893386841, loss=6.8163604736328125
I0513 17:40:10.915163 139726560425728 logging_writer.py:48] [900] global_step=900, grad_norm=0.965549111366272, loss=6.663873195648193
I0513 17:40:59.018198 139727718029056 logging_writer.py:48] [1000] global_step=1000, grad_norm=0.8604428768157959, loss=6.485869407653809
I0513 17:41:46.920776 139726560425728 logging_writer.py:48] [1100] global_step=1100, grad_norm=1.4638230800628662, loss=6.564993381500244
I0513 17:42:35.339802 139727718029056 logging_writer.py:48] [1200] global_step=1200, grad_norm=1.0499564409255981, loss=6.028696537017822
I0513 17:43:23.906782 139726560425728 logging_writer.py:48] [1300] global_step=1300, grad_norm=1.477401614189148, loss=5.944926738739014
I0513 17:44:11.754386 139727718029056 logging_writer.py:48] [1400] global_step=1400, grad_norm=1.2053630352020264, loss=5.933524131774902
I0513 17:44:59.548258 139726560425728 logging_writer.py:48] [1500] global_step=1500, grad_norm=1.4271116256713867, loss=5.848393440246582
I0513 17:45:47.534213 139727718029056 logging_writer.py:48] [1600] global_step=1600, grad_norm=0.963740348815918, loss=5.902647495269775
I0513 17:46:35.284150 139726560425728 logging_writer.py:48] [1700] global_step=1700, grad_norm=1.2741775512695312, loss=5.874167442321777
I0513 17:47:22.983736 139727718029056 logging_writer.py:48] [1800] global_step=1800, grad_norm=0.9890058636665344, loss=6.180568218231201
I0513 17:48:11.126781 139727718029056 logging_writer.py:48] [1900] global_step=1900, grad_norm=1.2574599981307983, loss=5.786903381347656
I0513 17:48:59.052257 139726560425728 logging_writer.py:48] [2000] global_step=2000, grad_norm=1.299247145652771, loss=5.67291784286499
I0513 17:49:46.843982 139727718029056 logging_writer.py:48] [2100] global_step=2100, grad_norm=0.8710770606994629, loss=6.215250015258789
I0513 17:50:34.696863 139726560425728 logging_writer.py:48] [2200] global_step=2200, grad_norm=0.9925616383552551, loss=6.115658283233643
I0513 17:51:22.460010 139727718029056 logging_writer.py:48] [2300] global_step=2300, grad_norm=1.062955617904663, loss=6.282101631164551
I0513 17:52:09.586884 139726560425728 logging_writer.py:48] [2400] global_step=2400, grad_norm=0.9520712494850159, loss=5.295116901397705
I0513 17:52:56.009049 139727718029056 logging_writer.py:48] [2500] global_step=2500, grad_norm=0.7559189200401306, loss=6.4094085693359375
I0513 17:53:42.447403 139726560425728 logging_writer.py:48] [2600] global_step=2600, grad_norm=0.9758478999137878, loss=5.360444068908691
I0513 17:54:28.903582 139727718029056 logging_writer.py:48] [2700] global_step=2700, grad_norm=1.1042712926864624, loss=5.925827503204346
I0513 17:55:15.492923 139726560425728 logging_writer.py:48] [2800] global_step=2800, grad_norm=1.140085220336914, loss=6.191461563110352
I0513 17:56:02.230085 139727718029056 logging_writer.py:48] [2900] global_step=2900, grad_norm=1.111242413520813, loss=5.248660087585449
I0513 17:56:48.596185 139726560425728 logging_writer.py:48] [3000] global_step=3000, grad_norm=1.0235469341278076, loss=5.279839038848877
I0513 17:57:34.962907 139727718029056 logging_writer.py:48] [3100] global_step=3100, grad_norm=1.195755124092102, loss=5.157098770141602
I0513 17:58:21.585106 139726560425728 logging_writer.py:48] [3200] global_step=3200, grad_norm=1.1959363222122192, loss=5.036837577819824
I0513 17:59:07.941468 139727718029056 logging_writer.py:48] [3300] global_step=3300, grad_norm=1.1624475717544556, loss=5.133711338043213
I0513 17:59:54.331249 139726560425728 logging_writer.py:48] [3400] global_step=3400, grad_norm=0.9836754202842712, loss=5.04239559173584
I0513 18:00:40.585870 139727718029056 logging_writer.py:48] [3500] global_step=3500, grad_norm=0.7548919320106506, loss=5.9748311042785645
I0513 18:01:27.017564 139726560425728 logging_writer.py:48] [3600] global_step=3600, grad_norm=0.9727839827537537, loss=4.995841979980469
I0513 18:02:13.377508 139727718029056 logging_writer.py:48] [3700] global_step=3700, grad_norm=0.9847738742828369, loss=5.084939002990723
I0513 18:02:59.328613 139726560425728 logging_writer.py:48] [3800] global_step=3800, grad_norm=0.8710993528366089, loss=4.898442268371582
I0513 18:03:45.673557 139727718029056 logging_writer.py:48] [3900] global_step=3900, grad_norm=0.9494816064834595, loss=4.681432247161865
I0513 18:04:31.936662 139726560425728 logging_writer.py:48] [4000] global_step=4000, grad_norm=0.8927069306373596, loss=4.995344161987305
I0513 18:05:18.214772 139727718029056 logging_writer.py:48] [4100] global_step=4100, grad_norm=1.050726056098938, loss=4.939154148101807
I0513 18:06:04.535981 139726560425728 logging_writer.py:48] [4200] global_step=4200, grad_norm=1.0378873348236084, loss=4.816760540008545
I0513 18:06:50.911292 139727718029056 logging_writer.py:48] [4300] global_step=4300, grad_norm=0.9517505764961243, loss=5.983427047729492
I0513 18:07:36.905853 139726560425728 logging_writer.py:48] [4400] global_step=4400, grad_norm=1.1205674409866333, loss=5.142557144165039
I0513 18:08:23.469451 139727718029056 logging_writer.py:48] [4500] global_step=4500, grad_norm=1.1120166778564453, loss=4.605569839477539
I0513 18:09:09.618509 139726560425728 logging_writer.py:48] [4600] global_step=4600, grad_norm=1.0429476499557495, loss=6.199459552764893
I0513 18:09:55.625755 139727718029056 logging_writer.py:48] [4700] global_step=4700, grad_norm=0.9681015610694885, loss=4.615259647369385
I0513 18:10:41.796724 139726560425728 logging_writer.py:48] [4800] global_step=4800, grad_norm=0.9295533299446106, loss=5.131298542022705
I0513 18:11:28.144910 139727718029056 logging_writer.py:48] [4900] global_step=4900, grad_norm=0.8264923691749573, loss=6.212095737457275
I0513 18:12:14.193449 139726560425728 logging_writer.py:48] [5000] global_step=5000, grad_norm=0.7978929281234741, loss=5.9721221923828125
I0513 18:12:59.926662 139727718029056 logging_writer.py:48] [5100] global_step=5100, grad_norm=1.0330891609191895, loss=4.3523759841918945
I0513 18:13:46.029617 139726560425728 logging_writer.py:48] [5200] global_step=5200, grad_norm=0.8336590528488159, loss=5.730055809020996
I0513 18:14:32.183537 139727718029056 logging_writer.py:48] [5300] global_step=5300, grad_norm=0.8846191167831421, loss=6.05497932434082
I0513 18:14:35.449453 139959917020352 spec.py:333] Evaluating on the training split.
I0513 18:14:49.344961 139959917020352 spec.py:346] Evaluating on the validation split.
I0513 18:14:58.416167 139959917020352 spec.py:363] Evaluating on the test split.
I0513 18:14:59.354293 139959917020352 submission_runner.py:516] Time since start: 2725.55s, 	Step: 5308, 	{'train/accuracy': Array(0.2923047, dtype=float32), 'train/loss': Array(3.4831302, dtype=float32), 'validation/accuracy': Array(0.26856, dtype=float32), 'validation/loss': Array(3.6185699, dtype=float32), 'validation/num_examples': 50000, 'test/accuracy': Array(0.19970001, dtype=float32), 'test/loss': Array(4.094911, dtype=float32), 'test/num_examples': 10000, 'score': 2626.603167295456, 'total_duration': 2725.5542089939117, 'accumulated_submission_time': 2626.603167295456, 'accumulated_eval_time': 98.76595664024353, 'accumulated_logging_time': 0.11619830131530762}
I0513 18:14:59.484757 139727726421760 logging_writer.py:48] [5308] accumulated_eval_time=98.766, accumulated_logging_time=0.116198, accumulated_submission_time=2626.6, global_step=5308, preemption_count=0, score=2626.6, test/accuracy=0.1997000128030777, test/loss=4.094911098480225, test/num_examples=10000, total_duration=2725.55, train/accuracy=0.2923046946525574, train/loss=3.4831302165985107, validation/accuracy=0.268559992313385, validation/loss=3.618569850921631, validation/num_examples=50000
I0513 18:15:40.316306 139727734814464 logging_writer.py:48] [5400] global_step=5400, grad_norm=0.8465121984481812, loss=5.492880821228027
I0513 18:16:26.288595 139727726421760 logging_writer.py:48] [5500] global_step=5500, grad_norm=1.2127916812896729, loss=4.230339527130127
I0513 18:17:12.455178 139727734814464 logging_writer.py:48] [5600] global_step=5600, grad_norm=1.1972028017044067, loss=4.269295692443848
I0513 18:17:58.901448 139727726421760 logging_writer.py:48] [5700] global_step=5700, grad_norm=1.0445841550827026, loss=4.235687255859375
I0513 18:18:45.041051 139727734814464 logging_writer.py:48] [5800] global_step=5800, grad_norm=0.9136313796043396, loss=5.481188774108887
I0513 18:19:31.196469 139727726421760 logging_writer.py:48] [5900] global_step=5900, grad_norm=1.1374965906143188, loss=4.213962554931641
I0513 18:20:17.230527 139727734814464 logging_writer.py:48] [6000] global_step=6000, grad_norm=0.9131035804748535, loss=6.044936656951904
I0513 18:21:03.479769 139727726421760 logging_writer.py:48] [6100] global_step=6100, grad_norm=1.0554897785186768, loss=4.000324249267578
I0513 18:21:49.592786 139727734814464 logging_writer.py:48] [6200] global_step=6200, grad_norm=1.2289773225784302, loss=4.145356178283691
I0513 18:22:35.404036 139727726421760 logging_writer.py:48] [6300] global_step=6300, grad_norm=1.0652246475219727, loss=4.044053077697754
I0513 18:23:21.291300 139727734814464 logging_writer.py:48] [6400] global_step=6400, grad_norm=1.2348068952560425, loss=4.10630464553833
I0513 18:24:07.412469 139727726421760 logging_writer.py:48] [6500] global_step=6500, grad_norm=0.7756310701370239, loss=6.036987781524658
I0513 18:24:53.771840 139727734814464 logging_writer.py:48] [6600] global_step=6600, grad_norm=0.9915239810943604, loss=5.937774181365967
I0513 18:25:39.868323 139727726421760 logging_writer.py:48] [6700] global_step=6700, grad_norm=1.1588202714920044, loss=4.247020721435547
I0513 18:26:25.998956 139727734814464 logging_writer.py:48] [6800] global_step=6800, grad_norm=1.0688915252685547, loss=6.113434791564941
I0513 18:27:12.175632 139727726421760 logging_writer.py:48] [6900] global_step=6900, grad_norm=1.0862467288970947, loss=4.002715110778809
I0513 18:27:58.605783 139727734814464 logging_writer.py:48] [7000] global_step=7000, grad_norm=1.079726219177246, loss=3.980623483657837
I0513 18:28:44.867891 139727726421760 logging_writer.py:48] [7100] global_step=7100, grad_norm=0.7703104615211487, loss=6.048633098602295
I0513 18:29:31.006397 139727734814464 logging_writer.py:48] [7200] global_step=7200, grad_norm=0.7813277840614319, loss=5.655091285705566
I0513 18:30:17.561168 139727726421760 logging_writer.py:48] [7300] global_step=7300, grad_norm=1.1674319505691528, loss=3.8665120601654053
I0513 18:31:03.782537 139727734814464 logging_writer.py:48] [7400] global_step=7400, grad_norm=0.9172161817550659, loss=5.908562660217285
I0513 18:31:49.986979 139727726421760 logging_writer.py:48] [7500] global_step=7500, grad_norm=1.176533579826355, loss=3.876208782196045
I0513 18:32:35.998911 139727734814464 logging_writer.py:48] [7600] global_step=7600, grad_norm=1.0100429058074951, loss=4.122570514678955
I0513 18:33:22.165745 139727726421760 logging_writer.py:48] [7700] global_step=7700, grad_norm=0.7198922634124756, loss=5.9934916496276855
I0513 18:34:08.395252 139727734814464 logging_writer.py:48] [7800] global_step=7800, grad_norm=1.238345980644226, loss=3.881357431411743
I0513 18:34:54.379220 139727726421760 logging_writer.py:48] [7900] global_step=7900, grad_norm=1.033413052558899, loss=4.232251167297363
I0513 18:35:40.622085 139727734814464 logging_writer.py:48] [8000] global_step=8000, grad_norm=1.1551322937011719, loss=4.682909965515137
I0513 18:36:26.665802 139727726421760 logging_writer.py:48] [8100] global_step=8100, grad_norm=0.9352442026138306, loss=4.0460638999938965
I0513 18:37:12.704634 139727734814464 logging_writer.py:48] [8200] global_step=8200, grad_norm=0.9399380087852478, loss=5.96186637878418
I0513 18:37:59.186187 139727726421760 logging_writer.py:48] [8300] global_step=8300, grad_norm=0.877581775188446, loss=5.735288619995117
I0513 18:38:45.286328 139727734814464 logging_writer.py:48] [8400] global_step=8400, grad_norm=1.3321213722229004, loss=3.656311511993408
I0513 18:39:31.625157 139727726421760 logging_writer.py:48] [8500] global_step=8500, grad_norm=1.0120588541030884, loss=4.508746147155762
I0513 18:40:17.694980 139727734814464 logging_writer.py:48] [8600] global_step=8600, grad_norm=1.1406389474868774, loss=3.567232608795166
I0513 18:41:03.724509 139727726421760 logging_writer.py:48] [8700] global_step=8700, grad_norm=0.9470593929290771, loss=5.757765769958496
I0513 18:41:49.843616 139727734814464 logging_writer.py:48] [8800] global_step=8800, grad_norm=0.8849390149116516, loss=4.521979331970215
I0513 18:42:35.801185 139727726421760 logging_writer.py:48] [8900] global_step=8900, grad_norm=0.8767269849777222, loss=5.775032043457031
I0513 18:43:21.805819 139727734814464 logging_writer.py:48] [9000] global_step=9000, grad_norm=1.601231336593628, loss=3.6424782276153564
I0513 18:44:07.940851 139727726421760 logging_writer.py:48] [9100] global_step=9100, grad_norm=0.8342064619064331, loss=5.807161331176758
I0513 18:44:54.182055 139727734814464 logging_writer.py:48] [9200] global_step=9200, grad_norm=1.3057230710983276, loss=3.648366928100586
I0513 18:45:40.368927 139727726421760 logging_writer.py:48] [9300] global_step=9300, grad_norm=1.032463550567627, loss=4.427849769592285
I0513 18:46:26.362774 139727734814464 logging_writer.py:48] [9400] global_step=9400, grad_norm=1.175262212753296, loss=3.7424752712249756
I0513 18:47:12.832257 139727726421760 logging_writer.py:48] [9500] global_step=9500, grad_norm=1.4528801441192627, loss=3.6892223358154297
I0513 18:47:59.181136 139727734814464 logging_writer.py:48] [9600] global_step=9600, grad_norm=1.200270175933838, loss=3.5235438346862793
I0513 18:48:45.224870 139727726421760 logging_writer.py:48] [9700] global_step=9700, grad_norm=1.3015942573547363, loss=4.065333366394043
I0513 18:49:31.492238 139727734814464 logging_writer.py:48] [9800] global_step=9800, grad_norm=0.9169437885284424, loss=5.8978142738342285
I0513 18:50:17.635315 139727726421760 logging_writer.py:48] [9900] global_step=9900, grad_norm=1.0155963897705078, loss=5.777197360992432
I0513 18:51:03.788502 139727734814464 logging_writer.py:48] [10000] global_step=10000, grad_norm=1.346874475479126, loss=3.5024404525756836
I0513 18:51:49.718162 139727726421760 logging_writer.py:48] [10100] global_step=10100, grad_norm=0.8682766556739807, loss=5.851978302001953
I0513 18:52:35.904683 139727734814464 logging_writer.py:48] [10200] global_step=10200, grad_norm=1.2122560739517212, loss=3.3936080932617188
I0513 18:53:22.220869 139727726421760 logging_writer.py:48] [10300] global_step=10300, grad_norm=0.8468058705329895, loss=5.860260009765625
I0513 18:54:08.554029 139727734814464 logging_writer.py:48] [10400] global_step=10400, grad_norm=1.3235816955566406, loss=3.510580539703369
I0513 18:54:54.678002 139727726421760 logging_writer.py:48] [10500] global_step=10500, grad_norm=1.4064233303070068, loss=3.413423776626587
I0513 18:55:40.774833 139727734814464 logging_writer.py:48] [10600] global_step=10600, grad_norm=0.9600368142127991, loss=4.899584770202637
I0513 18:56:26.944969 139727726421760 logging_writer.py:48] [10700] global_step=10700, grad_norm=1.4036818742752075, loss=3.291726589202881
I0513 18:57:13.198726 139727734814464 logging_writer.py:48] [10800] global_step=10800, grad_norm=1.3121720552444458, loss=3.8628485202789307
I0513 18:57:50.641977 139959917020352 spec.py:333] Evaluating on the training split.
I0513 18:58:05.703956 139959917020352 spec.py:346] Evaluating on the validation split.
I0513 18:58:14.587333 139959917020352 spec.py:363] Evaluating on the test split.
I0513 18:58:15.556139 139959917020352 submission_runner.py:516] Time since start: 5321.76s, 	Step: 10882, 	{'train/accuracy': Array(0.47158203, dtype=float32), 'train/loss': Array(2.3944376, dtype=float32), 'validation/accuracy': Array(0.4331, dtype=float32), 'validation/loss': Array(2.5947328, dtype=float32), 'validation/num_examples': 50000, 'test/accuracy': Array(0.3323, dtype=float32), 'test/loss': Array(3.206667, dtype=float32), 'test/num_examples': 10000, 'score': 5197.671504735947, 'total_duration': 5321.7557945251465, 'accumulated_submission_time': 5197.671504735947, 'accumulated_eval_time': 123.6775712966919, 'accumulated_logging_time': 0.26563119888305664}
I0513 18:58:15.614158 139727726421760 logging_writer.py:48] [10882] accumulated_eval_time=123.678, accumulated_logging_time=0.265631, accumulated_submission_time=5197.67, global_step=10882, preemption_count=0, score=5197.67, test/accuracy=0.33230000734329224, test/loss=3.206666946411133, test/num_examples=10000, total_duration=5321.76, train/accuracy=0.4715820252895355, train/loss=2.394437551498413, validation/accuracy=0.43309998512268066, validation/loss=2.5947327613830566, validation/num_examples=50000
I0513 18:58:19.748235 139727734814464 logging_writer.py:48] [10900] global_step=10900, grad_norm=1.3443644046783447, loss=3.4432826042175293
I0513 18:59:08.703149 139727734814464 logging_writer.py:48] [11000] global_step=11000, grad_norm=1.4536340236663818, loss=3.408041000366211
I0513 18:59:54.736191 139727726421760 logging_writer.py:48] [11100] global_step=11100, grad_norm=1.4176405668258667, loss=3.396477699279785
I0513 19:00:40.730758 139727734814464 logging_writer.py:48] [11200] global_step=11200, grad_norm=1.5030357837677002, loss=4.140925407409668
I0513 19:01:26.837677 139727726421760 logging_writer.py:48] [11300] global_step=11300, grad_norm=0.932957649230957, loss=5.058313369750977
I0513 19:02:12.780671 139727734814464 logging_writer.py:48] [11400] global_step=11400, grad_norm=1.1420013904571533, loss=4.898306846618652
I0513 19:02:59.001312 139727726421760 logging_writer.py:48] [11500] global_step=11500, grad_norm=1.4038735628128052, loss=3.408916711807251
I0513 19:03:45.356889 139727734814464 logging_writer.py:48] [11600] global_step=11600, grad_norm=0.8619006276130676, loss=5.521487236022949
I0513 19:04:31.423543 139727726421760 logging_writer.py:48] [11700] global_step=11700, grad_norm=1.1607286930084229, loss=4.022465705871582
I0513 19:05:17.748436 139727734814464 logging_writer.py:48] [11800] global_step=11800, grad_norm=1.0846223831176758, loss=5.814993858337402
I0513 19:06:03.767081 139727726421760 logging_writer.py:48] [11900] global_step=11900, grad_norm=1.1857699155807495, loss=3.2195181846618652
I0513 19:06:49.815229 139727734814464 logging_writer.py:48] [12000] global_step=12000, grad_norm=1.1636844873428345, loss=5.759396553039551
I0513 19:07:36.078666 139727726421760 logging_writer.py:48] [12100] global_step=12100, grad_norm=1.238129734992981, loss=3.4926156997680664
I0513 19:08:22.576763 139727734814464 logging_writer.py:48] [12200] global_step=12200, grad_norm=1.4187779426574707, loss=3.2945985794067383
I0513 19:09:08.899163 139727726421760 logging_writer.py:48] [12300] global_step=12300, grad_norm=1.7638040781021118, loss=3.2339391708374023
I0513 19:09:55.182561 139727734814464 logging_writer.py:48] [12400] global_step=12400, grad_norm=1.5041576623916626, loss=3.2992634773254395
I0513 19:10:41.188768 139727726421760 logging_writer.py:48] [12500] global_step=12500, grad_norm=1.4655801057815552, loss=3.2516613006591797
I0513 19:11:27.031552 139727734814464 logging_writer.py:48] [12600] global_step=12600, grad_norm=1.5332640409469604, loss=3.1278557777404785
I0513 19:12:13.218483 139727726421760 logging_writer.py:48] [12700] global_step=12700, grad_norm=1.7064430713653564, loss=3.310802936553955
I0513 19:12:59.528483 139727734814464 logging_writer.py:48] [12800] global_step=12800, grad_norm=1.5893322229385376, loss=3.298618793487549
I0513 19:13:45.649770 139727726421760 logging_writer.py:48] [12900] global_step=12900, grad_norm=1.5182048082351685, loss=3.9532947540283203
I0513 19:14:31.688630 139727734814464 logging_writer.py:48] [13000] global_step=13000, grad_norm=1.5393977165222168, loss=3.382050037384033
I0513 19:15:17.825417 139727726421760 logging_writer.py:48] [13100] global_step=13100, grad_norm=1.2214890718460083, loss=3.9420599937438965
I0513 19:16:04.134433 139727734814464 logging_writer.py:48] [13200] global_step=13200, grad_norm=1.3865951299667358, loss=5.050207614898682
I0513 19:16:50.371476 139727726421760 logging_writer.py:48] [13300] global_step=13300, grad_norm=1.5737135410308838, loss=3.438262939453125
I0513 19:17:36.690000 139727734814464 logging_writer.py:48] [13400] global_step=13400, grad_norm=1.3295594453811646, loss=4.324321269989014
I0513 19:18:23.093031 139727726421760 logging_writer.py:48] [13500] global_step=13500, grad_norm=1.134150743484497, loss=5.62419319152832
I0513 19:19:09.396963 139727734814464 logging_writer.py:48] [13600] global_step=13600, grad_norm=1.400342583656311, loss=3.201364040374756
I0513 19:19:55.436281 139727726421760 logging_writer.py:48] [13700] global_step=13700, grad_norm=1.1549745798110962, loss=4.959068298339844
I0513 19:20:41.352016 139727734814464 logging_writer.py:48] [13800] global_step=13800, grad_norm=1.6125415563583374, loss=3.869361162185669
I0513 19:21:27.423112 139727726421760 logging_writer.py:48] [13900] global_step=13900, grad_norm=1.6774007081985474, loss=4.1763105392456055
I0513 19:22:13.622149 139727734814464 logging_writer.py:48] [14000] global_step=14000, grad_norm=1.414886474609375, loss=3.1052470207214355
I0513 19:22:59.975134 139727726421760 logging_writer.py:48] [14100] global_step=14100, grad_norm=1.031529188156128, loss=5.6501054763793945
I0513 19:23:46.194163 139727734814464 logging_writer.py:48] [14200] global_step=14200, grad_norm=1.658462643623352, loss=3.159672260284424
I0513 19:24:32.447247 139727726421760 logging_writer.py:48] [14300] global_step=14300, grad_norm=1.5030685663223267, loss=3.832397937774658
I0513 19:25:18.520432 139727734814464 logging_writer.py:48] [14400] global_step=14400, grad_norm=1.5435659885406494, loss=3.0691986083984375
I0513 19:26:04.334192 139727726421760 logging_writer.py:48] [14500] global_step=14500, grad_norm=1.246039867401123, loss=5.771661758422852
I0513 19:26:50.417400 139727734814464 logging_writer.py:48] [14600] global_step=14600, grad_norm=1.1283785104751587, loss=5.358902931213379
I0513 19:27:36.536206 139727726421760 logging_writer.py:48] [14700] global_step=14700, grad_norm=1.403188943862915, loss=3.7663073539733887
I0513 19:28:22.960938 139727734814464 logging_writer.py:48] [14800] global_step=14800, grad_norm=1.0312905311584473, loss=5.116702079772949
I0513 19:29:09.171479 139727726421760 logging_writer.py:48] [14900] global_step=14900, grad_norm=1.1271125078201294, loss=5.627499580383301
I0513 19:29:55.292282 139727734814464 logging_writer.py:48] [15000] global_step=15000, grad_norm=1.5220286846160889, loss=2.988748550415039
I0513 19:30:41.430514 139727726421760 logging_writer.py:48] [15100] global_step=15100, grad_norm=1.622506022453308, loss=3.71354603767395
I0513 19:31:27.459939 139727734814464 logging_writer.py:48] [15200] global_step=15200, grad_norm=1.4756808280944824, loss=2.968721628189087
I0513 19:32:13.547727 139727726421760 logging_writer.py:48] [15300] global_step=15300, grad_norm=1.4831379652023315, loss=3.020745277404785
I0513 19:32:59.775987 139727734814464 logging_writer.py:48] [15400] global_step=15400, grad_norm=1.3942710161209106, loss=5.435762405395508
I0513 19:33:45.810622 139727726421760 logging_writer.py:48] [15500] global_step=15500, grad_norm=1.4962663650512695, loss=3.1863150596618652
I0513 19:34:32.041433 139727734814464 logging_writer.py:48] [15600] global_step=15600, grad_norm=1.1781162023544312, loss=5.6743364334106445
I0513 19:35:18.219347 139727726421760 logging_writer.py:48] [15700] global_step=15700, grad_norm=2.029672622680664, loss=3.0265533924102783
I0513 19:36:04.562093 139727734814464 logging_writer.py:48] [15800] global_step=15800, grad_norm=1.4828548431396484, loss=2.9897384643554688
I0513 19:36:50.724184 139727726421760 logging_writer.py:48] [15900] global_step=15900, grad_norm=1.620695948600769, loss=2.9263079166412354
I0513 19:37:36.927419 139727734814464 logging_writer.py:48] [16000] global_step=16000, grad_norm=1.804205060005188, loss=3.0104076862335205
I0513 19:38:23.690655 139727726421760 logging_writer.py:48] [16100] global_step=16100, grad_norm=1.3098254203796387, loss=3.876626491546631
I0513 19:39:09.852209 139727734814464 logging_writer.py:48] [16200] global_step=16200, grad_norm=1.5251047611236572, loss=3.167480945587158
I0513 19:39:55.807855 139727726421760 logging_writer.py:48] [16300] global_step=16300, grad_norm=1.5909205675125122, loss=2.939995765686035
I0513 19:40:41.705847 139727734814464 logging_writer.py:48] [16400] global_step=16400, grad_norm=1.522778868675232, loss=2.8939223289489746
I0513 19:41:07.013858 139959917020352 spec.py:333] Evaluating on the training split.
I0513 19:41:21.746814 139959917020352 spec.py:346] Evaluating on the validation split.
I0513 19:41:30.912459 139959917020352 spec.py:363] Evaluating on the test split.
I0513 19:41:32.101233 139959917020352 submission_runner.py:516] Time since start: 7918.30s, 	Step: 16456, 	{'train/accuracy': Array(0.5622461, dtype=float32), 'train/loss': Array(1.9141209, dtype=float32), 'validation/accuracy': Array(0.51382, dtype=float32), 'validation/loss': Array(2.1412883, dtype=float32), 'validation/num_examples': 50000, 'test/accuracy': Array(0.39560002, dtype=float32), 'test/loss': Array(2.7926784, dtype=float32), 'test/num_examples': 10000, 'score': 7768.994223356247, 'total_duration': 7918.298373937607, 'accumulated_submission_time': 7768.994223356247, 'accumulated_eval_time': 148.75988221168518, 'accumulated_logging_time': 0.33654308319091797}
I0513 19:41:32.137790 139727726421760 logging_writer.py:48] [16456] accumulated_eval_time=148.76, accumulated_logging_time=0.336543, accumulated_submission_time=7768.99, global_step=16456, preemption_count=0, score=7768.99, test/accuracy=0.39560002088546753, test/loss=2.7926783561706543, test/num_examples=10000, total_duration=7918.3, train/accuracy=0.5622460842132568, train/loss=1.9141209125518799, validation/accuracy=0.5138199925422668, validation/loss=2.1412882804870605, validation/num_examples=50000
I0513 19:41:49.827078 139727734814464 logging_writer.py:48] [16500] global_step=16500, grad_norm=1.3992186784744263, loss=4.224156379699707
I0513 19:42:35.732136 139727726421760 logging_writer.py:48] [16600] global_step=16600, grad_norm=1.4435813426971436, loss=2.937474250793457
I0513 19:43:22.002716 139727734814464 logging_writer.py:48] [16700] global_step=16700, grad_norm=2.0260441303253174, loss=3.0265517234802246
I0513 19:44:08.032198 139727726421760 logging_writer.py:48] [16800] global_step=16800, grad_norm=1.3583165407180786, loss=3.3428502082824707
I0513 19:44:54.091579 139727734814464 logging_writer.py:48] [16900] global_step=16900, grad_norm=1.091905951499939, loss=5.57496976852417
I0513 19:45:40.175484 139727726421760 logging_writer.py:48] [17000] global_step=17000, grad_norm=1.7696694135665894, loss=3.0466818809509277
I0513 19:46:26.154531 139727734814464 logging_writer.py:48] [17100] global_step=17100, grad_norm=1.5591344833374023, loss=3.0387988090515137
I0513 19:47:12.205942 139727726421760 logging_writer.py:48] [17200] global_step=17200, grad_norm=1.561990737915039, loss=2.970099925994873
I0513 19:47:58.565818 139727734814464 logging_writer.py:48] [17300] global_step=17300, grad_norm=1.6875667572021484, loss=4.930550575256348
I0513 19:48:44.613329 139727726421760 logging_writer.py:48] [17400] global_step=17400, grad_norm=1.3604233264923096, loss=4.020339012145996
I0513 19:49:30.787934 139727734814464 logging_writer.py:48] [17500] global_step=17500, grad_norm=1.1647263765335083, loss=4.461767196655273
I0513 19:50:16.606969 139727726421760 logging_writer.py:48] [17600] global_step=17600, grad_norm=1.749819278717041, loss=2.991788864135742
I0513 19:51:02.702933 139727734814464 logging_writer.py:48] [17700] global_step=17700, grad_norm=1.571643352508545, loss=2.8642256259918213
I0513 19:51:48.859252 139727726421760 logging_writer.py:48] [17800] global_step=17800, grad_norm=1.2716925144195557, loss=5.0368804931640625
I0513 19:52:34.955985 139727734814464 logging_writer.py:48] [17900] global_step=17900, grad_norm=1.3880606889724731, loss=2.7655630111694336
I0513 19:53:20.950009 139727726421760 logging_writer.py:48] [18000] global_step=18000, grad_norm=1.1423357725143433, loss=4.2299041748046875
I0513 19:54:06.860181 139727734814464 logging_writer.py:48] [18100] global_step=18100, grad_norm=1.3596124649047852, loss=3.767547607421875
I0513 19:54:52.935148 139727726421760 logging_writer.py:48] [18200] global_step=18200, grad_norm=1.3269331455230713, loss=3.3318467140197754
I0513 19:55:38.999581 139727734814464 logging_writer.py:48] [18300] global_step=18300, grad_norm=1.6091593503952026, loss=3.925081729888916
I0513 19:56:25.000824 139727726421760 logging_writer.py:48] [18400] global_step=18400, grad_norm=1.2261483669281006, loss=5.615251541137695
I0513 19:57:11.118343 139727734814464 logging_writer.py:48] [18500] global_step=18500, grad_norm=1.723358392715454, loss=2.8550589084625244
I0513 19:57:57.235450 139727726421760 logging_writer.py:48] [18600] global_step=18600, grad_norm=1.13331139087677, loss=5.611950874328613
I0513 19:58:43.337332 139727734814464 logging_writer.py:48] [18700] global_step=18700, grad_norm=1.394384741783142, loss=3.111252546310425
I0513 19:59:29.325590 139727726421760 logging_writer.py:48] [18800] global_step=18800, grad_norm=1.477060317993164, loss=2.8504698276519775
I0513 20:00:15.204167 139727734814464 logging_writer.py:48] [18900] global_step=18900, grad_norm=1.5799318552017212, loss=2.9563794136047363
I0513 20:01:01.148682 139727726421760 logging_writer.py:48] [19000] global_step=19000, grad_norm=1.5983002185821533, loss=2.7298343181610107
I0513 20:01:47.019814 139727734814464 logging_writer.py:48] [19100] global_step=19100, grad_norm=1.6348916292190552, loss=2.7729692459106445
I0513 20:02:33.096213 139727726421760 logging_writer.py:48] [19200] global_step=19200, grad_norm=1.4359817504882812, loss=3.081514835357666
I0513 20:03:19.175006 139727734814464 logging_writer.py:48] [19300] global_step=19300, grad_norm=1.3746588230133057, loss=4.815149307250977
I0513 20:04:05.124356 139727726421760 logging_writer.py:48] [19400] global_step=19400, grad_norm=1.0496869087219238, loss=5.333341598510742
I0513 20:04:51.118627 139727734814464 logging_writer.py:48] [19500] global_step=19500, grad_norm=1.6742193698883057, loss=3.0052289962768555
I0513 20:05:37.219220 139727726421760 logging_writer.py:48] [19600] global_step=19600, grad_norm=1.5457926988601685, loss=3.3705360889434814
I0513 20:06:23.089514 139727734814464 logging_writer.py:48] [19700] global_step=19700, grad_norm=2.0775837898254395, loss=2.7580626010894775
I0513 20:07:09.215450 139727726421760 logging_writer.py:48] [19800] global_step=19800, grad_norm=1.4865164756774902, loss=3.358665704727173
I0513 20:07:55.814594 139727734814464 logging_writer.py:48] [19900] global_step=19900, grad_norm=1.9417918920516968, loss=2.8360233306884766
I0513 20:08:41.790456 139727726421760 logging_writer.py:48] [20000] global_step=20000, grad_norm=1.3480569124221802, loss=3.6752893924713135
I0513 20:09:27.701036 139727734814464 logging_writer.py:48] [20100] global_step=20100, grad_norm=1.9501348733901978, loss=2.7850375175476074
I0513 20:10:13.607522 139727726421760 logging_writer.py:48] [20200] global_step=20200, grad_norm=1.7440159320831299, loss=4.211156845092773
I0513 20:10:59.636033 139727734814464 logging_writer.py:48] [20300] global_step=20300, grad_norm=1.6650779247283936, loss=2.7743706703186035
I0513 20:11:45.690685 139727726421760 logging_writer.py:48] [20400] global_step=20400, grad_norm=1.2465217113494873, loss=4.539275169372559
I0513 20:12:31.641296 139727734814464 logging_writer.py:48] [20500] global_step=20500, grad_norm=1.55282461643219, loss=2.5999279022216797
I0513 20:13:17.490440 139727726421760 logging_writer.py:48] [20600] global_step=20600, grad_norm=1.8077597618103027, loss=2.745490074157715
I0513 20:14:03.419921 139727726421760 logging_writer.py:48] [20700] global_step=20700, grad_norm=1.1569523811340332, loss=4.633421897888184
I0513 20:14:49.460772 139727734814464 logging_writer.py:48] [20800] global_step=20800, grad_norm=1.1489993333816528, loss=5.369718074798584
I0513 20:15:35.426999 139727726421760 logging_writer.py:48] [20900] global_step=20900, grad_norm=2.121009588241577, loss=2.7799508571624756
I0513 20:16:21.332459 139727734814464 logging_writer.py:48] [21000] global_step=21000, grad_norm=1.2559466361999512, loss=5.358633041381836
I0513 20:17:07.166699 139727726421760 logging_writer.py:48] [21100] global_step=21100, grad_norm=1.6689399480819702, loss=2.8461122512817383
