python submission_runner.py --framework=jax --workload=imagenet_vit --submission_path=submissions_algorithms/submissions/self_tuning/schedule_free_adamw_jax/submission.py --data_dir=/data/imagenet/jax --experiment_dir=/experiment_runs --experiment_name=submissions_a100/schedule_free_adamw_jax/study_0 --overwrite=True --save_checkpoints=False --rng_seed=487621901 --imagenet_v2_data_dir=/data/imagenet/jax --tuning_ruleset=self 2>&1 | tee -a /logs/imagenet_vit_jax_05-13-2026-02-32-58.log
2026-05-13 02:33:07.842842: E external/local_xla/xla/stream_executor/cuda/cuda_fft.cc:467] Unable to register cuFFT factory: Attempting to register factory for plugin cuFFT when one has already been registered
WARNING: All log messages before absl::InitializeLog() is called are written to STDERR
E0000 00:00:1778639588.305737      13 cuda_dnn.cc:8579] Unable to register cuDNN factory: Attempting to register factory for plugin cuDNN when one has already been registered
E0000 00:00:1778639588.626552      13 cuda_blas.cc:1407] Unable to register cuBLAS factory: Attempting to register factory for plugin cuBLAS when one has already been registered
W0000 00:00:1778639589.862983      13 computation_placer.cc:177] computation placer already registered. Please check linkage and avoid linking the same target more than once.
W0000 00:00:1778639589.863095      13 computation_placer.cc:177] computation placer already registered. Please check linkage and avoid linking the same target more than once.
W0000 00:00:1778639589.863098      13 computation_placer.cc:177] computation placer already registered. Please check linkage and avoid linking the same target more than once.
W0000 00:00:1778639589.863100      13 computation_placer.cc:177] computation placer already registered. Please check linkage and avoid linking the same target more than once.
/usr/local/lib/python3.11/site-packages/torch/__init__.py:1617: UserWarning: Please use the new API settings to control TF32 behavior, such as torch.backends.cudnn.conv.fp32_precision = 'tf32' or torch.backends.cuda.matmul.fp32_precision = 'ieee'. Old settings, e.g, torch.backends.cuda.matmul.allow_tf32 = True, torch.backends.cudnn.allow_tf32 = True, allowTF32CuDNN() and allowTF32CuBLAS() will be deprecated after Pytorch 2.9. Please see https://pytorch.org/docs/main/notes/cuda.html#tensorfloat-32-tf32-on-ampere-and-later-devices (Triggered internally at /pytorch/aten/src/ATen/Context.cpp:80.)
  _C._set_float32_matmul_precision(precision)
/usr/local/lib/python3.11/site-packages/pydantic/_internal/_generate_schema.py:2249: UnsupportedFieldAttributeWarning: The 'repr' attribute with value False was provided to the `Field()` function, which has no effect in the context it was used. 'repr' is field-specific metadata, and can only be attached to a model field using `Annotated` metadata or by assignment. This may have happened because an `Annotated` type alias using the `type` statement was used, or if the `Field()` function was attached to a single member of a union type.
  warnings.warn(
/usr/local/lib/python3.11/site-packages/pydantic/_internal/_generate_schema.py:2249: UnsupportedFieldAttributeWarning: The 'frozen' attribute with value True was provided to the `Field()` function, which has no effect in the context it was used. 'frozen' is field-specific metadata, and can only be attached to a model field using `Annotated` metadata or by assignment. This may have happened because an `Annotated` type alias using the `type` statement was used, or if the `Field()` function was attached to a single member of a union type.
  warnings.warn(
INFO:2026-05-13 02:33:56,587:jax._src.xla_bridge:830: Unable to initialize backend 'tpu': INTERNAL: Failed to open libtpu.so: libtpu.so: cannot open shared object file: No such file or directory
I0513 02:33:56.587929 140285915374784 xla_bridge.py:830] Unable to initialize backend 'tpu': INTERNAL: Failed to open libtpu.so: libtpu.so: cannot open shared object file: No such file or directory
I0513 02:33:57.760368 140285915374784 logger_utils.py:59] Removing existing experiment directory /experiment_runs/submissions_a100/schedule_free_adamw_jax/study_0/imagenet_vit_jax because --overwrite was set.
I0513 02:33:57.766068 140285915374784 logger_utils.py:84] Creating experiment directory at /experiment_runs/submissions_a100/schedule_free_adamw_jax/study_0/imagenet_vit_jax.
I0513 02:34:00.979084 140285915374784 submission_runner.py:741] Creating directory at /experiment_runs/submissions_a100/schedule_free_adamw_jax/study_0/imagenet_vit_jax/trial_1.
I0513 02:34:01.289866 140285915374784 submission_runner.py:242] Initializing dataset.
I0513 02:34:02.120504 140285915374784 dataset_info.py:707] Load dataset info from /data/imagenet/jax/imagenet2012/5.1.0
I0513 02:34:02.224430 140285915374784 dataset_info.py:793] For 'imagenet2012/5.1.0': fields info.[splits, supervised_keys] differ on disk and in the code. Keeping the one from code.
I0513 02:34:02.514642 140285915374784 reader.py:262] Creating a tf.data.Dataset reading 1024 files located in folders: /data/imagenet/jax/imagenet2012/5.1.0.
I0513 02:34:02.737860 140285915374784 logging_logger.py:49] Constructing tf.data.Dataset imagenet2012 for split train, from /data/imagenet/jax/imagenet2012/5.1.0
I0513 02:34:11.022345 140285915374784 submission_runner.py:251] Initializing model.
I0513 02:34:50.332473 140285915374784 submission_runner.py:294] Initializing optimizer.
I0513 02:34:51.403296 140285915374784 submission_runner.py:299] Initializing metrics bundle.
I0513 02:34:51.403543 140285915374784 submission_runner.py:321] Initializing checkpoint and logger.
I0513 02:34:51.412929 140285915374784 checkpoints.py:1098] Found no checkpoint files in /experiment_runs/submissions_a100/schedule_free_adamw_jax/study_0/imagenet_vit_jax/trial_1 with prefix checkpoint_
I0513 02:34:51.413062 140285915374784 submission_runner.py:344] Saving meta data to /experiment_runs/submissions_a100/schedule_free_adamw_jax/study_0/imagenet_vit_jax/trial_1/meta_data_0.json.
I0513 02:34:51.851573 140285915374784 submission_runner.py:348] Saving flags to /experiment_runs/submissions_a100/schedule_free_adamw_jax/study_0/imagenet_vit_jax/trial_1/flags_0.json.
I0513 02:34:51.868387 140285915374784 submission_runner.py:359] Starting training loop.
/usr/local/lib/python3.11/site-packages/jax/_src/interpreters/mlir.py:1268: UserWarning: Some donated buffers were not usable: float32[384], float32[384], float32[384], float32[384], float32[384], float32[384], float32[1536], float32[384,1536], float32[384], float32[1536,384], float32[6,64], float32[384,6,64], float32[384], float32[6,64,384], float32[6,64], float32[384,6,64], float32[6,64], float32[384,6,64], float32[384], float32[384], float32[384], float32[384], float32[1536], float32[384,1536], float32[384], float32[1536,384], float32[6,64], float32[384,6,64], float32[384], float32[6,64,384], float32[6,64], float32[384,6,64], float32[6,64], float32[384,6,64], float32[384], float32[384], float32[384], float32[384], float32[1536], float32[384,1536], float32[384], float32[1536,384], float32[6,64], float32[384,6,64], float32[384], float32[6,64,384], float32[6,64], float32[384,6,64], float32[6,64], float32[384,6,64], float32[384], float32[384], float32[384], float32[384], float32[1536], float32[384,1536], float32[384], float32[1536,384], float32[6,64], float32[384,6,64], float32[384], float32[6,64,384], float32[6,64], float32[384,6,64], float32[6,64], float32[384,6,64], float32[384], float32[384], float32[384], float32[384], float32[1536], float32[384,1536], float32[384], float32[1536,384], float32[6,64], float32[384,6,64], float32[384], float32[6,64,384], float32[6,64], float32[384,6,64], float32[6,64], float32[384,6,64], float32[384], float32[384], float32[384], float32[384], float32[1536], float32[384,1536], float32[384], float32[1536,384], float32[6,64], float32[384,6,64], float32[384], float32[6,64,384], float32[6,64], float32[384,6,64], float32[6,64], float32[384,6,64], float32[384], float32[384], float32[384], float32[384], float32[1536], float32[384,1536], float32[384], float32[1536,384], float32[6,64], float32[384,6,64], float32[384], float32[6,64,384], float32[6,64], float32[384,6,64], float32[6,64], float32[384,6,64], float32[384], float32[384], float32[384], float32[384], float32[1536], float32[384,1536], float32[384], float32[1536,384], float32[6,64], float32[384,6,64], float32[384], float32[6,64,384], float32[6,64], float32[384,6,64], float32[6,64], float32[384,6,64], float32[384], float32[384], float32[384], float32[384], float32[1536], float32[384,1536], float32[384], float32[1536,384], float32[6,64], float32[384,6,64], float32[384], float32[6,64,384], float32[6,64], float32[384,6,64], float32[6,64], float32[384,6,64], float32[384], float32[384], float32[384], float32[384], float32[1536], float32[384,1536], float32[384], float32[1536,384], float32[6,64], float32[384,6,64], float32[384], float32[6,64,384], float32[6,64], float32[384,6,64], float32[6,64], float32[384,6,64], float32[384], float32[384], float32[384], float32[384], float32[1536], float32[384,1536], float32[384], float32[1536,384], float32[6,64], float32[384,6,64], float32[384], float32[6,64,384], float32[6,64], float32[384,6,64], float32[6,64], float32[384,6,64], float32[384], float32[384], float32[384], float32[384], float32[1536], float32[384,1536], float32[384], float32[1536,384], float32[6,64], float32[384,6,64], float32[384], float32[6,64,384], float32[6,64], float32[384,6,64], float32[6,64], float32[384,6,64], float32[384], float32[16,16,3,384], float32[1000], float32[384,1000], float32[384], float32[384,384].
See an explanation at https://docs.jax.dev/en/latest/faq.html#buffer-donation.
  warnings.warn("Some donated buffers were not usable:"
I0513 02:35:46.419772 140270597789440 logging_writer.py:48] [0] global_step=0, grad_norm=0.36378344893455505, loss=6.9077558517456055
I0513 02:35:48.017636 140285915374784 spec.py:333] Evaluating on the training split.
I0513 02:35:48.022530 140285915374784 dataset_info.py:707] Load dataset info from /data/imagenet/jax/imagenet2012/5.1.0
I0513 02:35:48.028181 140285915374784 dataset_info.py:793] For 'imagenet2012/5.1.0': fields info.[splits, supervised_keys] differ on disk and in the code. Keeping the one from code.
I0513 02:35:48.046557 140285915374784 reader.py:262] Creating a tf.data.Dataset reading 1024 files located in folders: /data/imagenet/jax/imagenet2012/5.1.0.
I0513 02:35:48.093431 140285915374784 logging_logger.py:49] Constructing tf.data.Dataset imagenet2012 for split train, from /data/imagenet/jax/imagenet2012/5.1.0
I0513 02:36:16.093114 140285915374784 spec.py:346] Evaluating on the validation split.
I0513 02:36:16.097716 140285915374784 dataset_info.py:707] Load dataset info from /data/imagenet/jax/imagenet2012/5.1.0
I0513 02:36:16.138575 140285915374784 dataset_info.py:793] For 'imagenet2012/5.1.0': fields info.[splits, supervised_keys] differ on disk and in the code. Keeping the one from code.
I0513 02:36:16.141549 140285915374784 reader.py:262] Creating a tf.data.Dataset reading 64 files located in folders: /data/imagenet/jax/imagenet2012/5.1.0.
I0513 02:36:16.281428 140285915374784 logging_logger.py:49] Constructing tf.data.Dataset imagenet2012 for split validation, from /data/imagenet/jax/imagenet2012/5.1.0
I0513 02:36:48.711715 140285915374784 spec.py:363] Evaluating on the test split.
I0513 02:36:48.831802 140285915374784 dataset_info.py:707] Load dataset info from /data/imagenet/jax/imagenet_v2/matched-frequency/3.0.0
I0513 02:36:48.881607 140285915374784 reader.py:262] Creating a tf.data.Dataset reading 16 files located in folders: /data/imagenet/jax/imagenet_v2/matched-frequency/3.0.0.
I0513 02:36:48.932629 140285915374784 logging_logger.py:49] Constructing tf.data.Dataset imagenet_v2 for split test, from /data/imagenet/jax/imagenet_v2/matched-frequency/3.0.0
I0513 02:36:54.681787 140285915374784 submission_runner.py:516] Time since start: 122.81s, 	Step: 1, 	{'train/accuracy': Array(0.00099609, dtype=float32), 'train/loss': Array(6.907755, dtype=float32), 'validation/accuracy': Array(0.001, dtype=float32), 'validation/loss': Array(6.907755, dtype=float32), 'validation/num_examples': 50000, 'test/accuracy': Array(0.001, dtype=float32), 'test/loss': Array(6.907755, dtype=float32), 'test/num_examples': 10000, 'score': 56.1491334438324, 'total_duration': 122.81159806251526, 'accumulated_submission_time': 56.1491334438324, 'accumulated_eval_time': 66.66235852241516, 'accumulated_logging_time': 0}
I0513 02:36:54.714450 140053103765248 logging_writer.py:48] [1] accumulated_eval_time=66.6624, accumulated_logging_time=0, accumulated_submission_time=56.1491, global_step=1, preemption_count=0, score=56.1491, test/accuracy=0.0010000000474974513, test/loss=6.907754898071289, test/num_examples=10000, total_duration=122.812, train/accuracy=0.0009960937313735485, train/loss=6.907754898071289, validation/accuracy=0.0009999999310821295, validation/loss=6.907754898071289, validation/num_examples=50000
/usr/local/lib/python3.11/site-packages/jax/_src/interpreters/mlir.py:1268: UserWarning: Some donated buffers were not usable: float32[384], float32[384], float32[384], float32[384], float32[384], float32[384], float32[1536], float32[384,1536], float32[384], float32[1536,384], float32[6,64], float32[384,6,64], float32[384], float32[6,64,384], float32[6,64], float32[384,6,64], float32[6,64], float32[384,6,64], float32[384], float32[384], float32[384], float32[384], float32[1536], float32[384,1536], float32[384], float32[1536,384], float32[6,64], float32[384,6,64], float32[384], float32[6,64,384], float32[6,64], float32[384,6,64], float32[6,64], float32[384,6,64], float32[384], float32[384], float32[384], float32[384], float32[1536], float32[384,1536], float32[384], float32[1536,384], float32[6,64], float32[384,6,64], float32[384], float32[6,64,384], float32[6,64], float32[384,6,64], float32[6,64], float32[384,6,64], float32[384], float32[384], float32[384], float32[384], float32[1536], float32[384,1536], float32[384], float32[1536,384], float32[6,64], float32[384,6,64], float32[384], float32[6,64,384], float32[6,64], float32[384,6,64], float32[6,64], float32[384,6,64], float32[384], float32[384], float32[384], float32[384], float32[1536], float32[384,1536], float32[384], float32[1536,384], float32[6,64], float32[384,6,64], float32[384], float32[6,64,384], float32[6,64], float32[384,6,64], float32[6,64], float32[384,6,64], float32[384], float32[384], float32[384], float32[384], float32[1536], float32[384,1536], float32[384], float32[1536,384], float32[6,64], float32[384,6,64], float32[384], float32[6,64,384], float32[6,64], float32[384,6,64], float32[6,64], float32[384,6,64], float32[384], float32[384], float32[384], float32[384], float32[1536], float32[384,1536], float32[384], float32[1536,384], float32[6,64], float32[384,6,64], float32[384], float32[6,64,384], float32[6,64], float32[384,6,64], float32[6,64], float32[384,6,64], float32[384], float32[384], float32[384], float32[384], float32[1536], float32[384,1536], float32[384], float32[1536,384], float32[6,64], float32[384,6,64], float32[384], float32[6,64,384], float32[6,64], float32[384,6,64], float32[6,64], float32[384,6,64], float32[384], float32[384], float32[384], float32[384], float32[1536], float32[384,1536], float32[384], float32[1536,384], float32[6,64], float32[384,6,64], float32[384], float32[6,64,384], float32[6,64], float32[384,6,64], float32[6,64], float32[384,6,64], float32[384], float32[384], float32[384], float32[384], float32[1536], float32[384,1536], float32[384], float32[1536,384], float32[6,64], float32[384,6,64], float32[384], float32[6,64,384], float32[6,64], float32[384,6,64], float32[6,64], float32[384,6,64], float32[384], float32[384], float32[384], float32[384], float32[1536], float32[384,1536], float32[384], float32[1536,384], float32[6,64], float32[384,6,64], float32[384], float32[6,64,384], float32[6,64], float32[384,6,64], float32[6,64], float32[384,6,64], float32[384], float32[384], float32[384], float32[384], float32[1536], float32[384,1536], float32[384], float32[1536,384], float32[6,64], float32[384,6,64], float32[384], float32[6,64,384], float32[6,64], float32[384,6,64], float32[6,64], float32[384,6,64], float32[384], float32[16,16,3,384], float32[1000], float32[384,1000], float32[384], float32[384,384].
See an explanation at https://docs.jax.dev/en/latest/faq.html#buffer-donation.
  warnings.warn("Some donated buffers were not usable:"
I0513 02:38:13.035045 140053095372544 logging_writer.py:48] [100] global_step=100, grad_norm=0.5101162195205688, loss=6.863605976104736
I0513 02:39:01.414921 140053103765248 logging_writer.py:48] [200] global_step=200, grad_norm=0.5822154879570007, loss=6.816839218139648
I0513 02:39:49.524267 140053095372544 logging_writer.py:48] [300] global_step=300, grad_norm=0.9260724186897278, loss=6.697656631469727
I0513 02:40:37.372800 140053103765248 logging_writer.py:48] [400] global_step=400, grad_norm=0.7840719223022461, loss=6.756597518920898
I0513 02:41:25.246471 140053095372544 logging_writer.py:48] [500] global_step=500, grad_norm=1.3453463315963745, loss=6.528749942779541
I0513 02:42:12.879014 140053103765248 logging_writer.py:48] [600] global_step=600, grad_norm=0.995121955871582, loss=6.376430988311768
I0513 02:43:00.777417 140053095372544 logging_writer.py:48] [700] global_step=700, grad_norm=1.1329270601272583, loss=6.302268981933594
I0513 02:43:50.743222 140053103765248 logging_writer.py:48] [800] global_step=800, grad_norm=1.31132972240448, loss=6.30848503112793
I0513 02:44:39.671541 140053095372544 logging_writer.py:48] [900] global_step=900, grad_norm=2.239091157913208, loss=6.220248222351074
I0513 02:45:28.059311 140053103765248 logging_writer.py:48] [1000] global_step=1000, grad_norm=1.0492242574691772, loss=6.104003429412842
I0513 02:46:15.905097 140053095372544 logging_writer.py:48] [1100] global_step=1100, grad_norm=0.8828398585319519, loss=6.254538059234619
I0513 02:47:03.592771 140053103765248 logging_writer.py:48] [1200] global_step=1200, grad_norm=0.8558513522148132, loss=6.668611526489258
I0513 02:47:51.268595 140053095372544 logging_writer.py:48] [1300] global_step=1300, grad_norm=1.3907865285873413, loss=5.984743118286133
I0513 02:48:39.021647 140053103765248 logging_writer.py:48] [1400] global_step=1400, grad_norm=1.0668836832046509, loss=6.4091949462890625
I0513 02:49:27.017593 140053095372544 logging_writer.py:48] [1500] global_step=1500, grad_norm=1.015964150428772, loss=6.135534763336182
I0513 02:50:15.041112 140053095372544 logging_writer.py:48] [1600] global_step=1600, grad_norm=1.055728793144226, loss=5.732096195220947
I0513 02:51:02.971431 140053103765248 logging_writer.py:48] [1700] global_step=1700, grad_norm=1.055371880531311, loss=5.809689044952393
I0513 02:51:50.455348 140053095372544 logging_writer.py:48] [1800] global_step=1800, grad_norm=1.1255898475646973, loss=5.703120231628418
I0513 02:52:37.686676 140053103765248 logging_writer.py:48] [1900] global_step=1900, grad_norm=1.370469331741333, loss=6.537147521972656
I0513 02:53:24.396490 140053095372544 logging_writer.py:48] [2000] global_step=2000, grad_norm=1.483994960784912, loss=5.585618019104004
I0513 02:54:10.998981 140053103765248 logging_writer.py:48] [2100] global_step=2100, grad_norm=1.2627391815185547, loss=5.627784252166748
I0513 02:54:58.009717 140053095372544 logging_writer.py:48] [2200] global_step=2200, grad_norm=1.0102171897888184, loss=5.535364627838135
I0513 02:55:44.817439 140053103765248 logging_writer.py:48] [2300] global_step=2300, grad_norm=1.0665299892425537, loss=5.710130214691162
I0513 02:56:31.332653 140053095372544 logging_writer.py:48] [2400] global_step=2400, grad_norm=1.3094158172607422, loss=5.351410865783691
I0513 02:57:18.066371 140053103765248 logging_writer.py:48] [2500] global_step=2500, grad_norm=0.7274121642112732, loss=6.509826183319092
I0513 02:58:04.777518 140053095372544 logging_writer.py:48] [2600] global_step=2600, grad_norm=1.1651331186294556, loss=5.389889240264893
I0513 02:58:51.264727 140053103765248 logging_writer.py:48] [2700] global_step=2700, grad_norm=0.7500525712966919, loss=6.465240955352783
I0513 02:59:38.121697 140053095372544 logging_writer.py:48] [2800] global_step=2800, grad_norm=1.373860239982605, loss=5.330351829528809
I0513 03:00:24.899474 140053103765248 logging_writer.py:48] [2900] global_step=2900, grad_norm=1.0386148691177368, loss=5.18492317199707
I0513 03:01:11.506952 140053095372544 logging_writer.py:48] [3000] global_step=3000, grad_norm=2.457084894180298, loss=5.209466934204102
I0513 03:01:58.148709 140053103765248 logging_writer.py:48] [3100] global_step=3100, grad_norm=1.0071516036987305, loss=5.075203895568848
I0513 03:02:44.746834 140053095372544 logging_writer.py:48] [3200] global_step=3200, grad_norm=0.7849375009536743, loss=6.008939743041992
I0513 03:03:31.286147 140053103765248 logging_writer.py:48] [3300] global_step=3300, grad_norm=0.8957135081291199, loss=5.122567653656006
I0513 03:04:17.874654 140053095372544 logging_writer.py:48] [3400] global_step=3400, grad_norm=1.0239347219467163, loss=4.925537586212158
I0513 03:05:04.851601 140053103765248 logging_writer.py:48] [3500] global_step=3500, grad_norm=1.7212454080581665, loss=4.971864700317383
I0513 03:05:51.597404 140053095372544 logging_writer.py:48] [3600] global_step=3600, grad_norm=1.2711536884307861, loss=4.920882701873779
I0513 03:06:38.506321 140053103765248 logging_writer.py:48] [3700] global_step=3700, grad_norm=1.2915127277374268, loss=5.074901580810547
I0513 03:07:24.960829 140053095372544 logging_writer.py:48] [3800] global_step=3800, grad_norm=1.0341252088546753, loss=4.7272796630859375
I0513 03:08:11.359472 140053103765248 logging_writer.py:48] [3900] global_step=3900, grad_norm=1.1677297353744507, loss=5.055990219116211
I0513 03:08:58.020192 140053095372544 logging_writer.py:48] [4000] global_step=4000, grad_norm=0.9818897247314453, loss=4.90623664855957
I0513 03:09:44.567151 140053103765248 logging_writer.py:48] [4100] global_step=4100, grad_norm=2.040339946746826, loss=4.847497940063477
I0513 03:10:31.084348 140053095372544 logging_writer.py:48] [4200] global_step=4200, grad_norm=1.1776783466339111, loss=4.623416423797607
I0513 03:11:17.649090 140053103765248 logging_writer.py:48] [4300] global_step=4300, grad_norm=0.9829070568084717, loss=4.640566825866699
I0513 03:12:04.084617 140053095372544 logging_writer.py:48] [4400] global_step=4400, grad_norm=1.385201096534729, loss=4.839931964874268
I0513 03:12:50.668597 140053095372544 logging_writer.py:48] [4500] global_step=4500, grad_norm=1.278075933456421, loss=4.548224449157715
I0513 03:13:37.167936 140053103765248 logging_writer.py:48] [4600] global_step=4600, grad_norm=1.0921690464019775, loss=4.625329971313477
I0513 03:14:23.823565 140053095372544 logging_writer.py:48] [4700] global_step=4700, grad_norm=1.0773932933807373, loss=4.52235221862793
I0513 03:15:10.781734 140053103765248 logging_writer.py:48] [4800] global_step=4800, grad_norm=0.8933560848236084, loss=4.434426784515381
I0513 03:15:57.547368 140053095372544 logging_writer.py:48] [4900] global_step=4900, grad_norm=1.251775860786438, loss=4.416672706604004
I0513 03:16:44.092756 140053103765248 logging_writer.py:48] [5000] global_step=5000, grad_norm=0.8593649864196777, loss=6.208148956298828
I0513 03:17:30.617173 140053095372544 logging_writer.py:48] [5100] global_step=5100, grad_norm=1.2267118692398071, loss=4.822442054748535
I0513 03:18:17.134187 140053103765248 logging_writer.py:48] [5200] global_step=5200, grad_norm=0.9576086401939392, loss=5.54266357421875
I0513 03:19:03.632547 140053095372544 logging_writer.py:48] [5300] global_step=5300, grad_norm=1.1252808570861816, loss=4.34086275100708
I0513 03:19:46.034266 140285915374784 spec.py:333] Evaluating on the training split.
I0513 03:20:00.428643 140285915374784 spec.py:346] Evaluating on the validation split.
I0513 03:20:09.510189 140285915374784 spec.py:363] Evaluating on the test split.
I0513 03:20:10.468484 140285915374784 submission_runner.py:516] Time since start: 2718.60s, 	Step: 5392, 	{'train/accuracy': Array(0.29964843, dtype=float32), 'train/loss': Array(3.459098, dtype=float32), 'validation/accuracy': Array(0.27032, dtype=float32), 'validation/loss': Array(3.6059773, dtype=float32), 'validation/num_examples': 50000, 'test/accuracy': Array(0.20080002, dtype=float32), 'test/loss': Array(4.085756, dtype=float32), 'test/num_examples': 10000, 'score': 2627.396884918213, 'total_duration': 2718.5980603694916, 'accumulated_submission_time': 2627.396884918213, 'accumulated_eval_time': 91.09455060958862, 'accumulated_logging_time': 0.042571306228637695}
I0513 03:20:10.653490 140053112157952 logging_writer.py:48] [5392] accumulated_eval_time=91.0946, accumulated_logging_time=0.0425713, accumulated_submission_time=2627.4, global_step=5392, preemption_count=0, score=2627.4, test/accuracy=0.20080001652240753, test/loss=4.085755825042725, test/num_examples=10000, total_duration=2718.6, train/accuracy=0.2996484339237213, train/loss=3.4590981006622314, validation/accuracy=0.27031999826431274, validation/loss=3.6059772968292236, validation/num_examples=50000
I0513 03:20:12.644177 140053464454912 logging_writer.py:48] [5400] global_step=5400, grad_norm=1.2146791219711304, loss=4.354270935058594
I0513 03:20:58.909579 140053112157952 logging_writer.py:48] [5500] global_step=5500, grad_norm=1.1508032083511353, loss=4.339097023010254
I0513 03:21:45.505266 140053464454912 logging_writer.py:48] [5600] global_step=5600, grad_norm=0.908137857913971, loss=4.338106632232666
I0513 03:22:32.058555 140053112157952 logging_writer.py:48] [5700] global_step=5700, grad_norm=1.4923310279846191, loss=4.278670310974121
I0513 03:23:18.632790 140053464454912 logging_writer.py:48] [5800] global_step=5800, grad_norm=1.01887047290802, loss=4.950650691986084
I0513 03:24:05.123281 140053112157952 logging_writer.py:48] [5900] global_step=5900, grad_norm=1.4383784532546997, loss=4.642161846160889
I0513 03:24:51.967117 140053464454912 logging_writer.py:48] [6000] global_step=6000, grad_norm=0.734969973564148, loss=5.898090362548828
I0513 03:25:38.666024 140053112157952 logging_writer.py:48] [6100] global_step=6100, grad_norm=0.9889546632766724, loss=4.18082332611084
I0513 03:26:25.449309 140053464454912 logging_writer.py:48] [6200] global_step=6200, grad_norm=1.2537990808486938, loss=4.1340131759643555
I0513 03:27:11.736472 140053112157952 logging_writer.py:48] [6300] global_step=6300, grad_norm=1.1996183395385742, loss=4.176599979400635
I0513 03:27:58.265863 140053464454912 logging_writer.py:48] [6400] global_step=6400, grad_norm=1.1158027648925781, loss=4.135552406311035
I0513 03:28:44.664056 140053112157952 logging_writer.py:48] [6500] global_step=6500, grad_norm=0.9361627101898193, loss=5.980503082275391
I0513 03:29:31.182396 140053464454912 logging_writer.py:48] [6600] global_step=6600, grad_norm=1.2089760303497314, loss=3.9158706665039062
I0513 03:30:17.850679 140053112157952 logging_writer.py:48] [6700] global_step=6700, grad_norm=1.1118693351745605, loss=4.140167236328125
I0513 03:31:04.414706 140053464454912 logging_writer.py:48] [6800] global_step=6800, grad_norm=1.1768770217895508, loss=4.274613857269287
I0513 03:31:50.913950 140053112157952 logging_writer.py:48] [6900] global_step=6900, grad_norm=1.208675503730774, loss=4.182289123535156
I0513 03:32:37.389107 140053464454912 logging_writer.py:48] [7000] global_step=7000, grad_norm=1.864717960357666, loss=4.019472122192383
I0513 03:33:24.038033 140053112157952 logging_writer.py:48] [7100] global_step=7100, grad_norm=1.2292457818984985, loss=4.037435531616211
I0513 03:34:10.543930 140053464454912 logging_writer.py:48] [7200] global_step=7200, grad_norm=0.9535225629806519, loss=5.3491973876953125
I0513 03:34:57.472203 140053112157952 logging_writer.py:48] [7300] global_step=7300, grad_norm=1.0294901132583618, loss=3.9621024131774902
I0513 03:35:44.343317 140053464454912 logging_writer.py:48] [7400] global_step=7400, grad_norm=0.9451401233673096, loss=4.016900062561035
I0513 03:36:31.057135 140053112157952 logging_writer.py:48] [7500] global_step=7500, grad_norm=1.1459522247314453, loss=3.9082846641540527
I0513 03:37:17.327390 140053464454912 logging_writer.py:48] [7600] global_step=7600, grad_norm=1.3864539861679077, loss=3.8525683879852295
I0513 03:38:03.760253 140053112157952 logging_writer.py:48] [7700] global_step=7700, grad_norm=1.2916852235794067, loss=3.8989667892456055
I0513 03:38:50.278054 140053464454912 logging_writer.py:48] [7800] global_step=7800, grad_norm=1.24921452999115, loss=3.8410792350769043
I0513 03:39:36.701842 140053112157952 logging_writer.py:48] [7900] global_step=7900, grad_norm=1.1091145277023315, loss=3.7513821125030518
I0513 03:40:23.390805 140053464454912 logging_writer.py:48] [8000] global_step=8000, grad_norm=1.3844568729400635, loss=3.8963632583618164
I0513 03:41:09.923870 140053112157952 logging_writer.py:48] [8100] global_step=8100, grad_norm=0.9845479130744934, loss=5.134437561035156
I0513 03:41:56.438040 140053464454912 logging_writer.py:48] [8200] global_step=8200, grad_norm=1.2720178365707397, loss=4.246819972991943
I0513 03:42:42.848345 140053112157952 logging_writer.py:48] [8300] global_step=8300, grad_norm=1.0983505249023438, loss=3.8425416946411133
I0513 03:43:29.443894 140053464454912 logging_writer.py:48] [8400] global_step=8400, grad_norm=1.199520468711853, loss=3.8504810333251953
I0513 03:44:15.784614 140053112157952 logging_writer.py:48] [8500] global_step=8500, grad_norm=0.7419976592063904, loss=5.855407238006592
I0513 03:45:02.661628 140053464454912 logging_writer.py:48] [8600] global_step=8600, grad_norm=1.1217488050460815, loss=5.646907329559326
I0513 03:45:49.299403 140053112157952 logging_writer.py:48] [8700] global_step=8700, grad_norm=0.936248242855072, loss=5.6725311279296875
I0513 03:46:35.879156 140053464454912 logging_writer.py:48] [8800] global_step=8800, grad_norm=1.2411367893218994, loss=3.6744019985198975
I0513 03:47:22.370006 140053112157952 logging_writer.py:48] [8900] global_step=8900, grad_norm=1.1544772386550903, loss=4.7058210372924805
I0513 03:48:09.082008 140053464454912 logging_writer.py:48] [9000] global_step=9000, grad_norm=1.0422260761260986, loss=3.588942766189575
I0513 03:48:55.610620 140053112157952 logging_writer.py:48] [9100] global_step=9100, grad_norm=1.3877813816070557, loss=3.7062838077545166
I0513 03:49:42.261436 140053464454912 logging_writer.py:48] [9200] global_step=9200, grad_norm=0.8560190200805664, loss=4.9416069984436035
I0513 03:50:28.843533 140053112157952 logging_writer.py:48] [9300] global_step=9300, grad_norm=1.2043943405151367, loss=3.9826502799987793
I0513 03:51:15.378038 140053464454912 logging_writer.py:48] [9400] global_step=9400, grad_norm=1.0532410144805908, loss=4.851454734802246
I0513 03:52:01.914237 140053112157952 logging_writer.py:48] [9500] global_step=9500, grad_norm=1.154979944229126, loss=3.513296127319336
I0513 03:52:48.531037 140053464454912 logging_writer.py:48] [9600] global_step=9600, grad_norm=1.1446887254714966, loss=3.7220940589904785
I0513 03:53:35.004153 140053112157952 logging_writer.py:48] [9700] global_step=9700, grad_norm=1.3699647188186646, loss=3.553345203399658
I0513 03:54:21.407613 140053464454912 logging_writer.py:48] [9800] global_step=9800, grad_norm=1.1603301763534546, loss=3.969296932220459
I0513 03:55:08.166501 140053112157952 logging_writer.py:48] [9900] global_step=9900, grad_norm=1.6132723093032837, loss=3.468024253845215
I0513 03:55:54.893251 140053464454912 logging_writer.py:48] [10000] global_step=10000, grad_norm=0.9911835193634033, loss=5.848942756652832
I0513 03:56:41.135117 140053112157952 logging_writer.py:48] [10100] global_step=10100, grad_norm=0.9817720651626587, loss=4.9849395751953125
I0513 03:57:27.784765 140053464454912 logging_writer.py:48] [10200] global_step=10200, grad_norm=0.9851294159889221, loss=5.225690841674805
I0513 03:58:14.384381 140053112157952 logging_writer.py:48] [10300] global_step=10300, grad_norm=1.527846097946167, loss=3.4900143146514893
I0513 03:59:00.735057 140053464454912 logging_writer.py:48] [10400] global_step=10400, grad_norm=0.9778339266777039, loss=5.2441840171813965
I0513 03:59:47.416465 140053112157952 logging_writer.py:48] [10500] global_step=10500, grad_norm=1.3941137790679932, loss=3.5414648056030273
I0513 04:00:34.063110 140053464454912 logging_writer.py:48] [10600] global_step=10600, grad_norm=0.9268627166748047, loss=5.866645336151123
I0513 04:01:20.543665 140053112157952 logging_writer.py:48] [10700] global_step=10700, grad_norm=1.2475330829620361, loss=5.239224433898926
I0513 04:02:06.910525 140053464454912 logging_writer.py:48] [10800] global_step=10800, grad_norm=1.3894116878509521, loss=3.422100305557251
I0513 04:02:53.404424 140053112157952 logging_writer.py:48] [10900] global_step=10900, grad_norm=1.155651569366455, loss=3.437861919403076
I0513 04:03:01.664105 140285915374784 spec.py:333] Evaluating on the training split.
I0513 04:03:17.143300 140285915374784 spec.py:346] Evaluating on the validation split.
I0513 04:03:26.565444 140285915374784 spec.py:363] Evaluating on the test split.
I0513 04:03:27.532925 140285915374784 submission_runner.py:516] Time since start: 5315.66s, 	Step: 10919, 	{'train/accuracy': Array(0.46935546, dtype=float32), 'train/loss': Array(2.4239604, dtype=float32), 'validation/accuracy': Array(0.43069997, dtype=float32), 'validation/loss': Array(2.6080494, dtype=float32), 'validation/num_examples': 50000, 'test/accuracy': Array(0.33490002, dtype=float32), 'test/loss': Array(3.2076998, dtype=float32), 'test/num_examples': 10000, 'score': 5198.311414003372, 'total_duration': 5315.662739515305, 'accumulated_submission_time': 5198.311414003372, 'accumulated_eval_time': 116.96157932281494, 'accumulated_logging_time': 0.26329755783081055}
I0513 04:03:27.576057 140053464454912 logging_writer.py:48] [10919] accumulated_eval_time=116.962, accumulated_logging_time=0.263298, accumulated_submission_time=5198.31, global_step=10919, preemption_count=0, score=5198.31, test/accuracy=0.33490002155303955, test/loss=3.207699775695801, test/num_examples=10000, total_duration=5315.66, train/accuracy=0.4693554639816284, train/loss=2.4239604473114014, validation/accuracy=0.4306999742984772, validation/loss=2.6080493927001953, validation/num_examples=50000
I0513 04:04:03.354505 140053112157952 logging_writer.py:48] [11000] global_step=11000, grad_norm=1.2295347452163696, loss=3.2847044467926025
I0513 04:04:50.154400 140053464454912 logging_writer.py:48] [11100] global_step=11100, grad_norm=1.028796672821045, loss=5.561471939086914
I0513 04:05:37.235574 140053112157952 logging_writer.py:48] [11200] global_step=11200, grad_norm=1.4805501699447632, loss=3.3771438598632812
I0513 04:06:23.764688 140053464454912 logging_writer.py:48] [11300] global_step=11300, grad_norm=1.2524962425231934, loss=3.3784914016723633
I0513 04:07:10.281831 140053112157952 logging_writer.py:48] [11400] global_step=11400, grad_norm=0.9393040537834167, loss=5.274563789367676
I0513 04:07:56.855630 140053464454912 logging_writer.py:48] [11500] global_step=11500, grad_norm=1.3178446292877197, loss=4.096695899963379
I0513 04:08:43.468968 140053112157952 logging_writer.py:48] [11600] global_step=11600, grad_norm=1.4726746082305908, loss=3.405993700027466
I0513 04:09:30.167755 140053464454912 logging_writer.py:48] [11700] global_step=11700, grad_norm=1.525655746459961, loss=3.422466278076172
I0513 04:10:16.862018 140053112157952 logging_writer.py:48] [11800] global_step=11800, grad_norm=1.430360198020935, loss=3.2592475414276123
I0513 04:11:03.309340 140053464454912 logging_writer.py:48] [11900] global_step=11900, grad_norm=1.1504725217819214, loss=3.759521722793579
I0513 04:11:49.738977 140053112157952 logging_writer.py:48] [12000] global_step=12000, grad_norm=1.020081877708435, loss=5.6607537269592285
I0513 04:12:36.280539 140053464454912 logging_writer.py:48] [12100] global_step=12100, grad_norm=1.3325729370117188, loss=3.374239921569824
I0513 04:13:22.876768 140053112157952 logging_writer.py:48] [12200] global_step=12200, grad_norm=0.8764237761497498, loss=5.466720104217529
I0513 04:14:09.506041 140053464454912 logging_writer.py:48] [12300] global_step=12300, grad_norm=0.9942061305046082, loss=5.546901226043701
I0513 04:14:56.519961 140053112157952 logging_writer.py:48] [12400] global_step=12400, grad_norm=1.1621921062469482, loss=3.834909439086914
I0513 04:15:43.408728 140053464454912 logging_writer.py:48] [12500] global_step=12500, grad_norm=1.3711633682250977, loss=3.398855686187744
I0513 04:16:29.614660 140053112157952 logging_writer.py:48] [12600] global_step=12600, grad_norm=1.361376166343689, loss=4.398453712463379
I0513 04:17:16.068055 140053464454912 logging_writer.py:48] [12700] global_step=12700, grad_norm=1.4971355199813843, loss=3.6324234008789062
I0513 04:18:02.562879 140053112157952 logging_writer.py:48] [12800] global_step=12800, grad_norm=1.3058478832244873, loss=3.33145809173584
I0513 04:18:48.973486 140053464454912 logging_writer.py:48] [12900] global_step=12900, grad_norm=1.4678958654403687, loss=4.393610000610352
I0513 04:19:35.472105 140053112157952 logging_writer.py:48] [13000] global_step=13000, grad_norm=1.3472683429718018, loss=3.6454687118530273
I0513 04:20:22.050058 140053464454912 logging_writer.py:48] [13100] global_step=13100, grad_norm=1.5071361064910889, loss=3.3647451400756836
I0513 04:21:08.687400 140053112157952 logging_writer.py:48] [13200] global_step=13200, grad_norm=1.0597727298736572, loss=5.094876289367676
I0513 04:21:55.241102 140053464454912 logging_writer.py:48] [13300] global_step=13300, grad_norm=1.6970652341842651, loss=3.2481956481933594
I0513 04:22:41.792593 140053112157952 logging_writer.py:48] [13400] global_step=13400, grad_norm=0.9821987748146057, loss=5.578640937805176
I0513 04:23:28.419985 140053112157952 logging_writer.py:48] [13500] global_step=13500, grad_norm=1.2681193351745605, loss=3.2190146446228027
I0513 04:24:14.956333 140053464454912 logging_writer.py:48] [13600] global_step=13600, grad_norm=1.5007246732711792, loss=3.615551471710205
I0513 04:25:01.847922 140053112157952 logging_writer.py:48] [13700] global_step=13700, grad_norm=1.425727367401123, loss=4.060625076293945
I0513 04:25:48.242092 140053464454912 logging_writer.py:48] [13800] global_step=13800, grad_norm=1.1220322847366333, loss=5.567882061004639
I0513 04:26:34.736850 140053112157952 logging_writer.py:48] [13900] global_step=13900, grad_norm=1.0900490283966064, loss=5.335848808288574
I0513 04:27:21.225573 140053464454912 logging_writer.py:48] [14000] global_step=14000, grad_norm=1.4225059747695923, loss=3.1914052963256836
I0513 04:28:07.771363 140053112157952 logging_writer.py:48] [14100] global_step=14100, grad_norm=1.1689329147338867, loss=4.8690643310546875
I0513 04:28:54.395306 140053464454912 logging_writer.py:48] [14200] global_step=14200, grad_norm=1.2113430500030518, loss=4.098318099975586
I0513 04:29:40.956164 140053112157952 logging_writer.py:48] [14300] global_step=14300, grad_norm=1.6576539278030396, loss=3.2958388328552246
I0513 04:30:27.550173 140053464454912 logging_writer.py:48] [14400] global_step=14400, grad_norm=1.4328738451004028, loss=3.2709579467773438
I0513 04:31:14.186506 140053112157952 logging_writer.py:48] [14500] global_step=14500, grad_norm=1.6349539756774902, loss=3.249115228652954
I0513 04:32:00.536563 140053464454912 logging_writer.py:48] [14600] global_step=14600, grad_norm=1.2311714887619019, loss=4.99661922454834
I0513 04:32:47.123477 140053112157952 logging_writer.py:48] [14700] global_step=14700, grad_norm=1.5172103643417358, loss=3.0192503929138184
I0513 04:33:33.647552 140053464454912 logging_writer.py:48] [14800] global_step=14800, grad_norm=1.1255921125411987, loss=5.596417427062988
I0513 04:34:20.417852 140053112157952 logging_writer.py:48] [14900] global_step=14900, grad_norm=1.1625643968582153, loss=5.712425708770752
I0513 04:35:07.447794 140053464454912 logging_writer.py:48] [15000] global_step=15000, grad_norm=1.6139990091323853, loss=3.0667927265167236
I0513 04:35:54.033748 140053112157952 logging_writer.py:48] [15100] global_step=15100, grad_norm=1.1087843179702759, loss=5.643558502197266
I0513 04:36:40.707013 140053464454912 logging_writer.py:48] [15200] global_step=15200, grad_norm=1.3270803689956665, loss=3.067690849304199
I0513 04:37:27.311292 140053112157952 logging_writer.py:48] [15300] global_step=15300, grad_norm=1.4135773181915283, loss=3.944190502166748
I0513 04:38:13.898962 140053464454912 logging_writer.py:48] [15400] global_step=15400, grad_norm=1.3929446935653687, loss=3.0346603393554688
I0513 04:39:00.379390 140053112157952 logging_writer.py:48] [15500] global_step=15500, grad_norm=1.8651978969573975, loss=2.9560580253601074
I0513 04:39:46.848544 140053464454912 logging_writer.py:48] [15600] global_step=15600, grad_norm=1.4702035188674927, loss=2.983525514602661
I0513 04:40:33.396929 140053112157952 logging_writer.py:48] [15700] global_step=15700, grad_norm=1.7471928596496582, loss=2.9966204166412354
I0513 04:41:19.856311 140053464454912 logging_writer.py:48] [15800] global_step=15800, grad_norm=0.9609760046005249, loss=5.538766384124756
I0513 04:42:06.344756 140053112157952 logging_writer.py:48] [15900] global_step=15900, grad_norm=1.5083539485931396, loss=3.139368772506714
I0513 04:42:52.852160 140053464454912 logging_writer.py:48] [16000] global_step=16000, grad_norm=1.403704285621643, loss=3.726808547973633
I0513 04:43:39.366298 140053112157952 logging_writer.py:48] [16100] global_step=16100, grad_norm=1.1990855932235718, loss=4.794448375701904
I0513 04:44:25.877545 140053464454912 logging_writer.py:48] [16200] global_step=16200, grad_norm=1.4747071266174316, loss=3.9196102619171143
I0513 04:45:12.662060 140053112157952 logging_writer.py:48] [16300] global_step=16300, grad_norm=1.4925404787063599, loss=3.0105819702148438
I0513 04:45:59.153738 140053464454912 logging_writer.py:48] [16400] global_step=16400, grad_norm=1.59376859664917, loss=2.9632177352905273
I0513 04:46:18.599660 140285915374784 spec.py:333] Evaluating on the training split.
I0513 04:46:33.962765 140285915374784 spec.py:346] Evaluating on the validation split.
I0513 04:46:43.811260 140285915374784 spec.py:363] Evaluating on the test split.
I0513 04:46:44.779054 140285915374784 submission_runner.py:516] Time since start: 7912.91s, 	Step: 16443, 	{'train/accuracy': Array(0.55695313, dtype=float32), 'train/loss': Array(1.931929, dtype=float32), 'validation/accuracy': Array(0.5117, dtype=float32), 'validation/loss': Array(2.1552956, dtype=float32), 'validation/num_examples': 50000, 'test/accuracy': Array(0.4022, dtype=float32), 'test/loss': Array(2.7889514, dtype=float32), 'test/num_examples': 10000, 'score': 7769.2079129219055, 'total_duration': 7912.908452987671, 'accumulated_submission_time': 7769.2079129219055, 'accumulated_eval_time': 143.13876080513, 'accumulated_logging_time': 0.3483133316040039}
I0513 04:46:44.823616 140053112157952 logging_writer.py:48] [16443] accumulated_eval_time=143.139, accumulated_logging_time=0.348313, accumulated_submission_time=7769.21, global_step=16443, preemption_count=0, score=7769.21, test/accuracy=0.40220001339912415, test/loss=2.7889513969421387, test/num_examples=10000, total_duration=7912.91, train/accuracy=0.5569531321525574, train/loss=1.9319289922714233, validation/accuracy=0.5116999745368958, validation/loss=2.1552956104278564, validation/num_examples=50000
I0513 04:47:09.198372 140053464454912 logging_writer.py:48] [16500] global_step=16500, grad_norm=1.401229977607727, loss=4.151719570159912
I0513 04:47:55.946089 140053112157952 logging_writer.py:48] [16600] global_step=16600, grad_norm=1.1237928867340088, loss=5.557282447814941
I0513 04:48:42.684374 140053464454912 logging_writer.py:48] [16700] global_step=16700, grad_norm=1.7682472467422485, loss=3.3227550983428955
I0513 04:49:29.626766 140053112157952 logging_writer.py:48] [16800] global_step=16800, grad_norm=1.583174228668213, loss=3.0115082263946533
I0513 04:50:16.326250 140053464454912 logging_writer.py:48] [16900] global_step=16900, grad_norm=1.6653457880020142, loss=2.961829900741577
I0513 04:51:03.035214 140053112157952 logging_writer.py:48] [17000] global_step=17000, grad_norm=1.4928903579711914, loss=3.5038821697235107
I0513 04:51:49.611412 140053464454912 logging_writer.py:48] [17100] global_step=17100, grad_norm=1.7216485738754272, loss=2.9734723567962646
I0513 04:52:36.134424 140053112157952 logging_writer.py:48] [17200] global_step=17200, grad_norm=1.6734130382537842, loss=3.0737409591674805
I0513 04:53:22.735291 140053464454912 logging_writer.py:48] [17300] global_step=17300, grad_norm=1.0504111051559448, loss=5.552852153778076
I0513 04:54:09.207370 140053112157952 logging_writer.py:48] [17400] global_step=17400, grad_norm=1.3533130884170532, loss=3.911377429962158
I0513 04:54:56.082806 140053464454912 logging_writer.py:48] [17500] global_step=17500, grad_norm=1.5135326385498047, loss=2.852449655532837
I0513 04:55:42.574894 140053112157952 logging_writer.py:48] [17600] global_step=17600, grad_norm=1.366692066192627, loss=4.1974101066589355
I0513 04:56:29.124803 140053464454912 logging_writer.py:48] [17700] global_step=17700, grad_norm=1.4702186584472656, loss=2.7660584449768066
I0513 04:57:15.590156 140053112157952 logging_writer.py:48] [17800] global_step=17800, grad_norm=1.0691425800323486, loss=5.591667652130127
I0513 04:58:02.086822 140053464454912 logging_writer.py:48] [17900] global_step=17900, grad_norm=1.726798176765442, loss=2.86598539352417
I0513 04:58:48.822406 140053112157952 logging_writer.py:48] [18000] global_step=18000, grad_norm=1.395180583000183, loss=3.507054567337036
I0513 04:59:35.560837 140053464454912 logging_writer.py:48] [18100] global_step=18100, grad_norm=1.5294666290283203, loss=2.9195327758789062
I0513 05:00:22.124433 140053112157952 logging_writer.py:48] [18200] global_step=18200, grad_norm=1.5861093997955322, loss=2.8161299228668213
I0513 05:01:08.601204 140053464454912 logging_writer.py:48] [18300] global_step=18300, grad_norm=1.1863631010055542, loss=5.539260387420654
I0513 05:01:55.101994 140053112157952 logging_writer.py:48] [18400] global_step=18400, grad_norm=1.4695007801055908, loss=2.9923999309539795
I0513 05:02:41.610319 140053464454912 logging_writer.py:48] [18500] global_step=18500, grad_norm=1.464036226272583, loss=2.824232816696167
I0513 05:03:28.026780 140053112157952 logging_writer.py:48] [18600] global_step=18600, grad_norm=1.59756600856781, loss=3.089606285095215
I0513 05:04:14.602827 140053464454912 logging_writer.py:48] [18700] global_step=18700, grad_norm=1.7701468467712402, loss=2.8127760887145996
I0513 05:05:01.515872 140053112157952 logging_writer.py:48] [18800] global_step=18800, grad_norm=1.3581420183181763, loss=5.333021640777588
I0513 05:05:47.938045 140053464454912 logging_writer.py:48] [18900] global_step=18900, grad_norm=1.5287556648254395, loss=2.9688799381256104
I0513 05:06:34.523262 140053112157952 logging_writer.py:48] [19000] global_step=19000, grad_norm=1.2043397426605225, loss=4.93276834487915
I0513 05:07:21.116911 140053464454912 logging_writer.py:48] [19100] global_step=19100, grad_norm=1.697153091430664, loss=2.8348679542541504
I0513 05:08:07.860788 140053112157952 logging_writer.py:48] [19200] global_step=19200, grad_norm=1.090429425239563, loss=4.810507774353027
I0513 05:08:54.445235 140053464454912 logging_writer.py:48] [19300] global_step=19300, grad_norm=1.6503249406814575, loss=2.9123592376708984
I0513 05:09:41.108032 140053112157952 logging_writer.py:48] [19400] global_step=19400, grad_norm=1.209733247756958, loss=4.505744457244873
I0513 05:10:27.752623 140053464454912 logging_writer.py:48] [19500] global_step=19500, grad_norm=1.6852138042449951, loss=3.2881226539611816
I0513 05:11:14.332170 140053112157952 logging_writer.py:48] [19600] global_step=19600, grad_norm=1.4815402030944824, loss=2.9414947032928467
I0513 05:12:00.877666 140053464454912 logging_writer.py:48] [19700] global_step=19700, grad_norm=1.8409582376480103, loss=2.8211560249328613
I0513 05:12:47.491276 140053112157952 logging_writer.py:48] [19800] global_step=19800, grad_norm=1.6708494424819946, loss=2.883923053741455
I0513 05:13:33.973539 140053464454912 logging_writer.py:48] [19900] global_step=19900, grad_norm=1.018882393836975, loss=5.413665771484375
I0513 05:14:20.402100 140053112157952 logging_writer.py:48] [20000] global_step=20000, grad_norm=1.680662751197815, loss=2.6524174213409424
I0513 05:15:07.377642 140053464454912 logging_writer.py:48] [20100] global_step=20100, grad_norm=1.5383501052856445, loss=3.1074228286743164
I0513 05:15:53.923165 140053112157952 logging_writer.py:48] [20200] global_step=20200, grad_norm=1.537540316581726, loss=3.4861748218536377
I0513 05:16:40.648802 140053464454912 logging_writer.py:48] [20300] global_step=20300, grad_norm=1.7221367359161377, loss=2.7609996795654297
I0513 05:17:27.279397 140053112157952 logging_writer.py:48] [20400] global_step=20400, grad_norm=1.4541224241256714, loss=3.2574234008789062
I0513 05:18:13.875606 140053464454912 logging_writer.py:48] [20500] global_step=20500, grad_norm=1.536644697189331, loss=3.115246295928955
I0513 05:19:00.282155 140053112157952 logging_writer.py:48] [20600] global_step=20600, grad_norm=1.6268712282180786, loss=2.951847553253174
I0513 05:19:46.814402 140053464454912 logging_writer.py:48] [20700] global_step=20700, grad_norm=1.8088687658309937, loss=2.813187599182129
I0513 05:20:33.586196 140053112157952 logging_writer.py:48] [20800] global_step=20800, grad_norm=1.5874515771865845, loss=3.188965082168579
I0513 05:21:19.977628 140053464454912 logging_writer.py:48] [20900] global_step=20900, grad_norm=1.2424070835113525, loss=5.439090728759766
