python submission_runner.py --framework=jax --workload=librispeech_conformer --submission_path=submissions_algorithms/submissions/self_tuning/schedule_free_adamw_jax_v2/submission.py --data_dir=/data/librispeech --experiment_dir=/experiment_runs --experiment_name=submissions_a100/schedule_free_adamw_jax_v2/study_2 --overwrite=True --save_checkpoints=False --rng_seed=1084654747 --librispeech_tokenizer_vocab_path=/data/librispeech/spm_model.vocab --tuning_ruleset=self 2>&1 | tee -a /logs/librispeech_conformer_jax_05-13-2026-21-38-28.log
2026-05-13 21:38:29.529818: E external/local_xla/xla/stream_executor/cuda/cuda_fft.cc:467] Unable to register cuFFT factory: Attempting to register factory for plugin cuFFT when one has already been registered
WARNING: All log messages before absl::InitializeLog() is called are written to STDERR
E0000 00:00:1778708309.556285      13 cuda_dnn.cc:8579] Unable to register cuDNN factory: Attempting to register factory for plugin cuDNN when one has already been registered
E0000 00:00:1778708309.565037      13 cuda_blas.cc:1407] Unable to register cuBLAS factory: Attempting to register factory for plugin cuBLAS when one has already been registered
W0000 00:00:1778708309.591462      13 computation_placer.cc:177] computation placer already registered. Please check linkage and avoid linking the same target more than once.
W0000 00:00:1778708309.591493      13 computation_placer.cc:177] computation placer already registered. Please check linkage and avoid linking the same target more than once.
W0000 00:00:1778708309.591495      13 computation_placer.cc:177] computation placer already registered. Please check linkage and avoid linking the same target more than once.
W0000 00:00:1778708309.591497      13 computation_placer.cc:177] computation placer already registered. Please check linkage and avoid linking the same target more than once.
/usr/local/lib/python3.11/site-packages/torch/__init__.py:1617: UserWarning: Please use the new API settings to control TF32 behavior, such as torch.backends.cudnn.conv.fp32_precision = 'tf32' or torch.backends.cuda.matmul.fp32_precision = 'ieee'. Old settings, e.g, torch.backends.cuda.matmul.allow_tf32 = True, torch.backends.cudnn.allow_tf32 = True, allowTF32CuDNN() and allowTF32CuBLAS() will be deprecated after Pytorch 2.9. Please see https://pytorch.org/docs/main/notes/cuda.html#tensorfloat-32-tf32-on-ampere-and-later-devices (Triggered internally at /pytorch/aten/src/ATen/Context.cpp:80.)
  _C._set_float32_matmul_precision(precision)
/usr/local/lib/python3.11/site-packages/pydantic/_internal/_generate_schema.py:2249: UnsupportedFieldAttributeWarning: The 'repr' attribute with value False was provided to the `Field()` function, which has no effect in the context it was used. 'repr' is field-specific metadata, and can only be attached to a model field using `Annotated` metadata or by assignment. This may have happened because an `Annotated` type alias using the `type` statement was used, or if the `Field()` function was attached to a single member of a union type.
  warnings.warn(
/usr/local/lib/python3.11/site-packages/pydantic/_internal/_generate_schema.py:2249: UnsupportedFieldAttributeWarning: The 'frozen' attribute with value True was provided to the `Field()` function, which has no effect in the context it was used. 'frozen' is field-specific metadata, and can only be attached to a model field using `Annotated` metadata or by assignment. This may have happened because an `Annotated` type alias using the `type` statement was used, or if the `Field()` function was attached to a single member of a union type.
  warnings.warn(
INFO:2026-05-13 21:38:38,273:jax._src.xla_bridge:830: Unable to initialize backend 'tpu': INTERNAL: Failed to open libtpu.so: libtpu.so: cannot open shared object file: No such file or directory
I0513 21:38:38.273490 140267577509056 xla_bridge.py:830] Unable to initialize backend 'tpu': INTERNAL: Failed to open libtpu.so: libtpu.so: cannot open shared object file: No such file or directory
I0513 21:38:39.002689 140267577509056 logger_utils.py:84] Creating experiment directory at /experiment_runs/submissions_a100/schedule_free_adamw_jax_v2/study_2/librispeech_conformer_jax.
I0513 21:38:39.412738 140267577509056 submission_runner.py:741] Creating directory at /experiment_runs/submissions_a100/schedule_free_adamw_jax_v2/study_2/librispeech_conformer_jax/trial_1.
I0513 21:38:39.694219 140267577509056 submission_runner.py:242] Initializing dataset.
I0513 21:38:39.694436 140267577509056 submission_runner.py:251] Initializing model.
I0513 21:39:03.311514 140267577509056 submission_runner.py:294] Initializing optimizer.
I0513 21:39:04.298349 140267577509056 submission_runner.py:299] Initializing metrics bundle.
I0513 21:39:04.298611 140267577509056 submission_runner.py:321] Initializing checkpoint and logger.
I0513 21:39:04.301827 140267577509056 checkpoints.py:1098] Found no checkpoint files in /experiment_runs/submissions_a100/schedule_free_adamw_jax_v2/study_2/librispeech_conformer_jax/trial_1 with prefix checkpoint_
I0513 21:39:04.301965 140267577509056 submission_runner.py:344] Saving meta data to /experiment_runs/submissions_a100/schedule_free_adamw_jax_v2/study_2/librispeech_conformer_jax/trial_1/meta_data_0.json.
I0513 21:39:04.302168 140267577509056 logger_utils.py:283] Unable to record workload.train_mean information. Continuing without it.
I0513 21:39:04.302231 140267577509056 logger_utils.py:283] Unable to record workload.train_stddev information. Continuing without it.
I0513 21:39:04.465808 140267577509056 submission_runner.py:348] Saving flags to /experiment_runs/submissions_a100/schedule_free_adamw_jax_v2/study_2/librispeech_conformer_jax/trial_1/flags_0.json.
I0513 21:39:04.481670 140267577509056 submission_runner.py:359] Starting training loop.
I0513 21:39:04.673815 140267577509056 input_pipeline.py:19] Loading split = train-clean-100
I0513 21:39:04.750404 140267577509056 input_pipeline.py:19] Loading split = train-clean-360
I0513 21:39:05.247884 140267577509056 input_pipeline.py:19] Loading split = train-other-500
/usr/local/lib/python3.11/multiprocessing/popen_fork.py:66: RuntimeWarning: os.fork() was called. os.fork() is incompatible with multithreaded code, and JAX is multithreaded, so this will likely lead to a deadlock.
  self.pid = os.fork()
2026-05-13 21:39:55.457822: E external/xla/xla/service/slow_operation_alarm.cc:73] Trying algorithm eng0{} for conv (f32[64,512,500,20]{3,2,1,0}, u8[0]{0}) custom-call(f32[64,512,1001,41]{3,2,1,0}, f32[512,512,3,3]{3,2,1,0}), window={size=3x3 stride=2x2}, dim_labels=bf01_oi01->bf01, custom_call_target="__cudnn$convForward", backend_config={"operation_queue_id":"0","wait_on_operation_queues":[],"cudnn_conv_backend_config":{"activation_mode":"kNone","conv_result_scale":1,"side_input_scale":0,"leakyrelu_alpha":0},"force_earliest_schedule":false,"reification_cost":[]} is taking a while...
2026-05-13 21:40:03.748651: E external/xla/xla/service/slow_operation_alarm.cc:140] The operation took 9.291022336s
Trying algorithm eng0{} for conv (f32[64,512,500,20]{3,2,1,0}, u8[0]{0}) custom-call(f32[64,512,1001,41]{3,2,1,0}, f32[512,512,3,3]{3,2,1,0}), window={size=3x3 stride=2x2}, dim_labels=bf01_oi01->bf01, custom_call_target="__cudnn$convForward", backend_config={"operation_queue_id":"0","wait_on_operation_queues":[],"cudnn_conv_backend_config":{"activation_mode":"kNone","conv_result_scale":1,"side_input_scale":0,"leakyrelu_alpha":0},"force_earliest_schedule":false,"reification_cost":[]} is taking a while...
2026-05-13 21:40:11.981017: E external/xla/xla/stream_executor/cuda/cuda_timer.cc:86] Delay kernel timed out: measured time has sub-optimal accuracy. There may be a missing warmup execution, please investigate in Nsight Systems.
2026-05-13 21:40:12.142143: E external/xla/xla/stream_executor/cuda/cuda_timer.cc:86] Delay kernel timed out: measured time has sub-optimal accuracy. There may be a missing warmup execution, please investigate in Nsight Systems.
2026-05-13 21:40:34.810107: E external/xla/xla/service/slow_operation_alarm.cc:73] Trying algorithm eng0{} for conv (f32[64,512,999,41]{3,2,1,0}, u8[0]{0}) custom-call(f32[64,512,500,20]{3,2,1,0}, f32[512,512,3,3]{3,2,1,0}), window={size=3x3 stride=2x2 pad=1_1x0_0}, dim_labels=bf01_oi01->bf01, custom_call_target="__cudnn$convBackwardInput", backend_config={"operation_queue_id":"0","wait_on_operation_queues":[],"cudnn_conv_backend_config":{"activation_mode":"kNone","conv_result_scale":1,"side_input_scale":0,"leakyrelu_alpha":0},"force_earliest_schedule":false,"reification_cost":[]} is taking a while...
2026-05-13 21:41:10.468236: E external/xla/xla/service/slow_operation_alarm.cc:140] The operation took 36.658233562s
Trying algorithm eng0{} for conv (f32[64,512,999,41]{3,2,1,0}, u8[0]{0}) custom-call(f32[64,512,500,20]{3,2,1,0}, f32[512,512,3,3]{3,2,1,0}), window={size=3x3 stride=2x2 pad=1_1x0_0}, dim_labels=bf01_oi01->bf01, custom_call_target="__cudnn$convBackwardInput", backend_config={"operation_queue_id":"0","wait_on_operation_queues":[],"cudnn_conv_backend_config":{"activation_mode":"kNone","conv_result_scale":1,"side_input_scale":0,"leakyrelu_alpha":0},"force_earliest_schedule":false,"reification_cost":[]} is taking a while...
2026-05-13 21:41:20.953221: E external/xla/xla/service/slow_operation_alarm.cc:73] Trying algorithm eng0{} for conv (f32[512,512,3,3]{3,2,1,0}, u8[0]{0}) custom-call(f32[64,512,999,41]{3,2,1,0}, f32[64,512,500,20]{3,2,1,0}), window={size=3x3 stride=2x2 pad=1_1x0_0}, dim_labels=bf01_oi01->bf01, custom_call_target="__cudnn$convBackwardFilter", backend_config={"operation_queue_id":"0","wait_on_operation_queues":[],"cudnn_conv_backend_config":{"activation_mode":"kNone","conv_result_scale":1,"side_input_scale":0,"leakyrelu_alpha":0},"force_earliest_schedule":false,"reification_cost":[]} is taking a while...
2026-05-13 21:41:36.623736: E external/xla/xla/service/slow_operation_alarm.cc:140] The operation took 16.67065312s
Trying algorithm eng0{} for conv (f32[512,512,3,3]{3,2,1,0}, u8[0]{0}) custom-call(f32[64,512,999,41]{3,2,1,0}, f32[64,512,500,20]{3,2,1,0}), window={size=3x3 stride=2x2 pad=1_1x0_0}, dim_labels=bf01_oi01->bf01, custom_call_target="__cudnn$convBackwardFilter", backend_config={"operation_queue_id":"0","wait_on_operation_queues":[],"cudnn_conv_backend_config":{"activation_mode":"kNone","conv_result_scale":1,"side_input_scale":0,"leakyrelu_alpha":0},"force_earliest_schedule":false,"reification_cost":[]} is taking a while...
/usr/local/lib/python3.11/site-packages/jax/_src/interpreters/mlir.py:1268: UserWarning: Some donated buffers were not usable: float32[512], float32[512], float32[5,1,512], float32[512], float32[512,512], float32[512], float32[512,512], float32[512], float32[512,512], float32[512], float32[512], float32[2048], float32[512,2048], float32[512], float32[2048,512], float32[512], float32[512], float32[2048], float32[512,2048], float32[512], float32[2048,512], float32[512], float32[512], float32[512], float32[512], float32[512], float32[512], float32[64], float32[8,64], float32[512,8,64], float32[512], float32[8,64,512], float32[8,64], float32[512,8,64], float32[8,64], float32[512,8,64], float32[512], float32[512], float32[5,1,512], float32[512], float32[512,512], float32[512], float32[512,512], float32[512], float32[512,512], float32[512], float32[512], float32[2048], float32[512,2048], float32[512], float32[2048,512], float32[512], float32[512], float32[2048], float32[512,2048], float32[512], float32[2048,512], float32[512], float32[512], float32[512], float32[512], float32[512], float32[512], float32[64], float32[8,64], float32[512,8,64], float32[512], float32[8,64,512], float32[8,64], float32[512,8,64], float32[8,64], float32[512,8,64], float32[512], float32[512], float32[5,1,512], float32[512], float32[512,512], float32[512], float32[512,512], float32[512], float32[512,512], float32[512], float32[512], float32[2048], float32[512,2048], float32[512], float32[2048,512], float32[512], float32[512], float32[2048], float32[512,2048], float32[512], float32[2048,512], float32[512], float32[512], float32[512], float32[512], float32[512], float32[512], float32[64], float32[8,64], float32[512,8,64], float32[512], float32[8,64,512], float32[8,64], float32[512,8,64], float32[8,64], float32[512,8,64], float32[512], float32[512], float32[5,1,512], float32[512], float32[512,512], float32[512], float32[512,512], float32[512], float32[512,512], float32[512], float32[512], float32[2048], float32[512,2048], float32[512], float32[2048,512], float32[512], float32[512], float32[2048], float32[512,2048], float32[512], float32[2048,512], float32[512], float32[512], float32[512], float32[512], float32[512], float32[512], float32[64], float32[8,64], float32[512,8,64], float32[512], float32[8,64,512], float32[8,64], float32[512,8,64], float32[8,64], float32[512,8,64], float32[1024], float32[512,1024], float32[512], float32[512], float32[512], float32[3,3,1,512], float32[512], float32[3,3,512,512], float32[512], float32[10240,512].
See an explanation at https://docs.jax.dev/en/latest/faq.html#buffer-donation.
  warnings.warn("Some donated buffers were not usable:"
I0513 21:42:43.037141 140252404078336 logging_writer.py:48] [0] global_step=0, grad_norm=48.334537506103516, loss=32.59721374511719
I0513 21:42:44.247701 140267577509056 spec.py:333] Evaluating on the training split.
I0513 21:42:44.247912 140267577509056 input_pipeline.py:19] Loading split = train-clean-100
I0513 21:42:44.274761 140267577509056 input_pipeline.py:19] Loading split = train-clean-360
I0513 21:42:44.363222 140267577509056 input_pipeline.py:19] Loading split = train-other-500
/usr/local/lib/python3.11/multiprocessing/popen_fork.py:66: RuntimeWarning: os.fork() was called. os.fork() is incompatible with multithreaded code, and JAX is multithreaded, so this will likely lead to a deadlock.
  self.pid = os.fork()
/usr/local/lib/python3.11/site-packages/jax/_src/ops/scatter.py:110: FutureWarning: scatter inputs have incompatible types: cannot safely cast value from dtype=float32 to dtype=int32 with jax_numpy_dtype_promotion='standard'. In future JAX releases this will result in an error.
  warnings.warn(
2026-05-13 21:42:58.898543: E external/xla/xla/service/slow_operation_alarm.cc:73] Constant folding an instruction is taking > 1s:

  %reduce-window.10 = f32[256,500]{1,0} reduce-window(%broadcast.219, %constant.69), window={size=1x500 pad=0_0x499_0}, to_apply=%region_53.2129.clone, metadata={op_name="jit(_eval_step)/jit(cumsum)/LibriSpeechConformerWorkload.sequence_mask/reduce_window_sum" source_file="/algorithmic-efficiency/algoperf/workloads/librispeech_conformer/librispeech_jax/workload.py" source_line=251}

This isn't necessarily a bug; constant-folding is inherently a trade-off between compilation time and speed at runtime. XLA has some guards that attempt to keep constant folding from taking too long, but fundamentally you'll always be able to come up with an input program that takes a long time.

If you'd like to file a bug, run with envvar XLA_FLAGS=--xla_dump_to=/tmp/foo and attach the results.
2026-05-13 21:43:05.801204: E external/xla/xla/service/slow_operation_alarm.cc:140] The operation took 7.902149889s
Constant folding an instruction is taking > 1s:

  %reduce-window.10 = f32[256,500]{1,0} reduce-window(%broadcast.219, %constant.69), window={size=1x500 pad=0_0x499_0}, to_apply=%region_53.2129.clone, metadata={op_name="jit(_eval_step)/jit(cumsum)/LibriSpeechConformerWorkload.sequence_mask/reduce_window_sum" source_file="/algorithmic-efficiency/algoperf/workloads/librispeech_conformer/librispeech_jax/workload.py" source_line=251}

This isn't necessarily a bug; constant-folding is inherently a trade-off between compilation time and speed at runtime. XLA has some guards that attempt to keep constant folding from taking too long, but fundamentally you'll always be able to come up with an input program that takes a long time.

If you'd like to file a bug, run with envvar XLA_FLAGS=--xla_dump_to=/tmp/foo and attach the results.
2026-05-13 21:43:07.801344: E external/xla/xla/service/slow_operation_alarm.cc:73] Constant folding an instruction is taking > 2s:

  %reduce-window.11 = f32[256,500]{1,0} reduce-window(%broadcast.219, %constant.72), window={size=1x500 pad=0_0x499_0}, to_apply=%region_53.2129, metadata={op_name="jit(_eval_step)/jit(cumsum)/LibriSpeechConformerWorkload.sequence_mask/reduce_window_sum" source_file="/algorithmic-efficiency/algoperf/workloads/librispeech_conformer/librispeech_jax/workload.py" source_line=251}

This isn't necessarily a bug; constant-folding is inherently a trade-off between compilation time and speed at runtime. XLA has some guards that attempt to keep constant folding from taking too long, but fundamentally you'll always be able to come up with an input program that takes a long time.

If you'd like to file a bug, run with envvar XLA_FLAGS=--xla_dump_to=/tmp/foo and attach the results.
2026-05-13 21:43:13.464463: E external/xla/xla/service/slow_operation_alarm.cc:140] The operation took 7.663138515s
Constant folding an instruction is taking > 2s:

  %reduce-window.11 = f32[256,500]{1,0} reduce-window(%broadcast.219, %constant.72), window={size=1x500 pad=0_0x499_0}, to_apply=%region_53.2129, metadata={op_name="jit(_eval_step)/jit(cumsum)/LibriSpeechConformerWorkload.sequence_mask/reduce_window_sum" source_file="/algorithmic-efficiency/algoperf/workloads/librispeech_conformer/librispeech_jax/workload.py" source_line=251}

This isn't necessarily a bug; constant-folding is inherently a trade-off between compilation time and speed at runtime. XLA has some guards that attempt to keep constant folding from taking too long, but fundamentally you'll always be able to come up with an input program that takes a long time.

If you'd like to file a bug, run with envvar XLA_FLAGS=--xla_dump_to=/tmp/foo and attach the results.
I0513 21:44:17.440198 140267577509056 spec.py:346] Evaluating on the validation split.
I0513 21:44:17.440792 140267577509056 input_pipeline.py:19] Loading split = dev-clean
I0513 21:44:17.444908 140267577509056 input_pipeline.py:19] Loading split = dev-other
2026-05-13 21:45:04.192303: E external/xla/xla/service/slow_operation_alarm.cc:73] Constant folding an instruction is taking > 4s:

  %reduce-window.10 = f32[228,500]{1,0} reduce-window(%broadcast.216, %constant.69), window={size=1x500 pad=0_0x499_0}, to_apply=%region_53.2126.clone, metadata={op_name="jit(_eval_step)/jit(cumsum)/LibriSpeechConformerWorkload.sequence_mask/reduce_window_sum" source_file="/algorithmic-efficiency/algoperf/workloads/librispeech_conformer/librispeech_jax/workload.py" source_line=251}

This isn't necessarily a bug; constant-folding is inherently a trade-off between compilation time and speed at runtime. XLA has some guards that attempt to keep constant folding from taking too long, but fundamentally you'll always be able to come up with an input program that takes a long time.

If you'd like to file a bug, run with envvar XLA_FLAGS=--xla_dump_to=/tmp/foo and attach the results.
2026-05-13 21:45:07.023712: E external/xla/xla/service/slow_operation_alarm.cc:140] The operation took 6.831622271s
Constant folding an instruction is taking > 4s:

  %reduce-window.10 = f32[228,500]{1,0} reduce-window(%broadcast.216, %constant.69), window={size=1x500 pad=0_0x499_0}, to_apply=%region_53.2126.clone, metadata={op_name="jit(_eval_step)/jit(cumsum)/LibriSpeechConformerWorkload.sequence_mask/reduce_window_sum" source_file="/algorithmic-efficiency/algoperf/workloads/librispeech_conformer/librispeech_jax/workload.py" source_line=251}

This isn't necessarily a bug; constant-folding is inherently a trade-off between compilation time and speed at runtime. XLA has some guards that attempt to keep constant folding from taking too long, but fundamentally you'll always be able to come up with an input program that takes a long time.

If you'd like to file a bug, run with envvar XLA_FLAGS=--xla_dump_to=/tmp/foo and attach the results.
2026-05-13 21:45:21.609349: E external/xla/xla/stream_executor/cuda/cuda_timer.cc:86] Delay kernel timed out: measured time has sub-optimal accuracy. There may be a missing warmup execution, please investigate in Nsight Systems.
2026-05-13 21:45:21.770122: E external/xla/xla/stream_executor/cuda/cuda_timer.cc:86] Delay kernel timed out: measured time has sub-optimal accuracy. There may be a missing warmup execution, please investigate in Nsight Systems.
I0513 21:45:58.610561 140267577509056 spec.py:363] Evaluating on the test split.
I0513 21:45:58.611186 140267577509056 input_pipeline.py:19] Loading split = test-clean
2026-05-13 21:46:30.135869: E external/xla/xla/stream_executor/cuda/cuda_timer.cc:86] Delay kernel timed out: measured time has sub-optimal accuracy. There may be a missing warmup execution, please investigate in Nsight Systems.
2026-05-13 21:46:30.296571: E external/xla/xla/stream_executor/cuda/cuda_timer.cc:86] Delay kernel timed out: measured time has sub-optimal accuracy. There may be a missing warmup execution, please investigate in Nsight Systems.
I0513 21:46:51.025551 140267577509056 submission_runner.py:516] Time since start: 466.54s, 	Step: 1, 	{'train/ctc_loss': Array(8.004865, dtype=float32), 'train/wer': np.float64(0.9958509464215064), 'validation/ctc_loss': Array(7.6813645, dtype=float32), 'validation/wer': np.float64(1.1928354173707334), 'validation/num_examples': 5348, 'test/ctc_loss': Array(7.721686, dtype=float32), 'test/wer': np.float64(1.1889992484715537), 'test/num_examples': 2472, 'score': 219.76593780517578, 'total_duration': 466.5412452220917, 'accumulated_submission_time': 219.76593780517578, 'accumulated_eval_time': 246.77522158622742, 'accumulated_logging_time': 0}
I0513 21:46:51.053839 140094266660608 logging_writer.py:48] [1] accumulated_eval_time=246.775, accumulated_logging_time=0, accumulated_submission_time=219.766, global_step=1, preemption_count=0, score=219.766, test/ctc_loss=7.721685886383057, test/num_examples=2472, test/wer=1.189, total_duration=466.541, train/ctc_loss=8.004864692687988, train/wer=0.995851, validation/ctc_loss=7.6813645362854, validation/num_examples=5348, validation/wer=1.19284
/usr/local/lib/python3.11/site-packages/jax/_src/interpreters/mlir.py:1268: UserWarning: Some donated buffers were not usable: float32[512], float32[512], float32[5,1,512], float32[512], float32[512,512], float32[512], float32[512,512], float32[512], float32[512,512], float32[512], float32[512], float32[2048], float32[512,2048], float32[512], float32[2048,512], float32[512], float32[512], float32[2048], float32[512,2048], float32[512], float32[2048,512], float32[512], float32[512], float32[512], float32[512], float32[512], float32[512], float32[64], float32[8,64], float32[512,8,64], float32[512], float32[8,64,512], float32[8,64], float32[512,8,64], float32[8,64], float32[512,8,64], float32[512], float32[512], float32[5,1,512], float32[512], float32[512,512], float32[512], float32[512,512], float32[512], float32[512,512], float32[512], float32[512], float32[2048], float32[512,2048], float32[512], float32[2048,512], float32[512], float32[512], float32[2048], float32[512,2048], float32[512], float32[2048,512], float32[512], float32[512], float32[512], float32[512], float32[512], float32[512], float32[64], float32[8,64], float32[512,8,64], float32[512], float32[8,64,512], float32[8,64], float32[512,8,64], float32[8,64], float32[512,8,64], float32[512], float32[512], float32[5,1,512], float32[512], float32[512,512], float32[512], float32[512,512], float32[512], float32[512,512], float32[512], float32[512], float32[2048], float32[512,2048], float32[512], float32[2048,512], float32[512], float32[512], float32[2048], float32[512,2048], float32[512], float32[2048,512], float32[512], float32[512], float32[512], float32[512], float32[512], float32[512], float32[64], float32[8,64], float32[512,8,64], float32[512], float32[8,64,512], float32[8,64], float32[512,8,64], float32[8,64], float32[512,8,64], float32[512], float32[512], float32[5,1,512], float32[512], float32[512,512], float32[512], float32[512,512], float32[512], float32[512,512], float32[512], float32[512], float32[2048], float32[512,2048], float32[512], float32[2048,512], float32[512], float32[512], float32[2048], float32[512,2048], float32[512], float32[2048,512], float32[512], float32[512], float32[512], float32[512], float32[512], float32[512], float32[64], float32[8,64], float32[512,8,64], float32[512], float32[8,64,512], float32[8,64], float32[512,8,64], float32[8,64], float32[512,8,64], float32[1024], float32[512,1024], float32[512], float32[512], float32[512], float32[3,3,1,512], float32[512], float32[3,3,512,512], float32[512], float32[10240,512].
See an explanation at https://docs.jax.dev/en/latest/faq.html#buffer-donation.
  warnings.warn("Some donated buffers were not usable:"
I0513 21:50:48.812683 140252357932800 logging_writer.py:48] [100] global_step=100, grad_norm=1.3219565153121948, loss=5.880580425262451
I0513 21:57:10.680050 140252366325504 logging_writer.py:48] [200] global_step=200, grad_norm=6.5285820960998535, loss=5.856180667877197
I0513 22:03:33.505767 140252357932800 logging_writer.py:48] [300] global_step=300, grad_norm=1.048712134361267, loss=5.797740459442139
I0513 22:09:56.303228 140252366325504 logging_writer.py:48] [400] global_step=400, grad_norm=1.5129975080490112, loss=5.815230846405029
I0513 22:15:58.473829 140267577509056 spec.py:333] Evaluating on the training split.
I0513 22:16:30.820196 140267577509056 spec.py:346] Evaluating on the validation split.
/usr/local/lib/python3.11/multiprocessing/popen_fork.py:66: RuntimeWarning: os.fork() was called. os.fork() is incompatible with multithreaded code, and JAX is multithreaded, so this will likely lead to a deadlock.
  self.pid = os.fork()
I0513 22:17:41.010797 140267577509056 spec.py:363] Evaluating on the test split.
I0513 22:18:13.642561 140267577509056 submission_runner.py:516] Time since start: 2349.16s, 	Step: 494, 	{'train/ctc_loss': Array(1.5167239, dtype=float32), 'train/wer': np.float64(0.944635537887994), 'validation/ctc_loss': Array(1.5494846, dtype=float32), 'validation/wer': np.float64(0.8967218654950997), 'validation/num_examples': 5348, 'test/ctc_loss': Array(1.5433471, dtype=float32), 'test/wer': np.float64(0.899579550301627), 'test/num_examples': 2472, 'score': 1967.1575129032135, 'total_duration': 2349.158324956894, 'accumulated_submission_time': 1967.1575129032135, 'accumulated_eval_time': 381.94140005111694, 'accumulated_logging_time': 0.051792144775390625}
I0513 22:18:13.673513 140252366325504 logging_writer.py:48] [494] accumulated_eval_time=381.941, accumulated_logging_time=0.0517921, accumulated_submission_time=1967.16, global_step=494, preemption_count=0, score=1967.16, test/ctc_loss=1.5433471202850342, test/num_examples=2472, test/wer=0.89958, total_duration=2349.16, train/ctc_loss=1.516723871231079, train/wer=0.944636, validation/ctc_loss=1.5494846105575562, validation/num_examples=5348, validation/wer=0.896722
I0513 22:18:17.599635 140252357932800 logging_writer.py:48] [500] global_step=500, grad_norm=2.612644910812378, loss=5.790042877197266
I0513 22:23:06.371116 140252366325504 logging_writer.py:48] [600] global_step=600, grad_norm=4.387924671173096, loss=5.789647579193115
I0513 22:29:51.908997 140252357932800 logging_writer.py:48] [700] global_step=700, grad_norm=5.4481916427612305, loss=5.713994026184082
I0513 22:36:37.654240 140252366325504 logging_writer.py:48] [800] global_step=800, grad_norm=3.123194456100464, loss=5.567928314208984
I0513 22:43:14.673957 140252357932800 logging_writer.py:48] [900] global_step=900, grad_norm=3.0542566776275635, loss=5.413888454437256
I0513 22:47:21.246289 140267577509056 spec.py:333] Evaluating on the training split.
I0513 22:47:53.903887 140267577509056 spec.py:346] Evaluating on the validation split.
/usr/local/lib/python3.11/multiprocessing/popen_fork.py:66: RuntimeWarning: os.fork() was called. os.fork() is incompatible with multithreaded code, and JAX is multithreaded, so this will likely lead to a deadlock.
  self.pid = os.fork()
I0513 22:49:00.160286 140267577509056 spec.py:363] Evaluating on the test split.
I0513 22:49:33.314534 140267577509056 submission_runner.py:516] Time since start: 4228.83s, 	Step: 963, 	{'train/ctc_loss': Array(1.447025, dtype=float32), 'train/wer': np.float64(0.9427110246916869), 'validation/ctc_loss': Array(1.4620444, dtype=float32), 'validation/wer': np.float64(0.8967122097233622), 'validation/num_examples': 5348, 'test/ctc_loss': Array(1.4547613, dtype=float32), 'test/wer': np.float64(0.899579550301627), 'test/num_examples': 2472, 'score': 3714.7157213687897, 'total_duration': 4228.830447435379, 'accumulated_submission_time': 3714.7157213687897, 'accumulated_eval_time': 514.00723695755, 'accumulated_logging_time': 0.09271907806396484}
I0513 22:49:33.349900 140252366325504 logging_writer.py:48] [963] accumulated_eval_time=514.007, accumulated_logging_time=0.0927191, accumulated_submission_time=3714.72, global_step=963, preemption_count=0, score=3714.72, test/ctc_loss=1.454761266708374, test/num_examples=2472, test/wer=0.89958, total_duration=4228.83, train/ctc_loss=1.447024941444397, train/wer=0.942711, validation/ctc_loss=1.462044358253479, validation/num_examples=5348, validation/wer=0.896712
I0513 22:49:52.832365 140252357932800 logging_writer.py:48] [1000] global_step=1000, grad_norm=1.0427290201187134, loss=5.031972885131836
/usr/local/lib/python3.11/multiprocessing/popen_fork.py:66: RuntimeWarning: os.fork() was called. os.fork() is incompatible with multithreaded code, and JAX is multithreaded, so this will likely lead to a deadlock.
  self.pid = os.fork()
I0513 22:54:29.485942 140252365276928 logging_writer.py:48] [1100] global_step=1100, grad_norm=2.982219696044922, loss=4.292891979217529
I0513 22:58:17.550620 140252348491520 logging_writer.py:48] [1200] global_step=1200, grad_norm=2.0091395378112793, loss=3.9099807739257812
I0513 23:02:24.011803 140252365276928 logging_writer.py:48] [1300] global_step=1300, grad_norm=0.874060869216919, loss=3.552781581878662
I0513 23:07:04.060278 140252348491520 logging_writer.py:48] [1400] global_step=1400, grad_norm=0.8665204048156738, loss=3.438776969909668
I0513 23:12:03.913480 140252365276928 logging_writer.py:48] [1500] global_step=1500, grad_norm=2.011324405670166, loss=3.274374485015869
I0513 23:17:47.945719 140252348491520 logging_writer.py:48] [1600] global_step=1600, grad_norm=0.5353940725326538, loss=3.103562831878662
I0513 23:18:46.955419 140267577509056 spec.py:333] Evaluating on the training split.
I0513 23:19:30.500976 140267577509056 spec.py:346] Evaluating on the validation split.
/usr/local/lib/python3.11/multiprocessing/popen_fork.py:66: RuntimeWarning: os.fork() was called. os.fork() is incompatible with multithreaded code, and JAX is multithreaded, so this will likely lead to a deadlock.
  self.pid = os.fork()
I0513 23:20:10.443611 140267577509056 spec.py:363] Evaluating on the test split.
I0513 23:20:30.358852 140267577509056 submission_runner.py:516] Time since start: 6085.87s, 	Step: 1617, 	{'train/ctc_loss': Array(0.5991005, dtype=float32), 'train/wer': np.float64(0.604292845433317), 'validation/ctc_loss': Array(0.66371936, dtype=float32), 'validation/wer': np.float64(0.6083136194660358), 'validation/num_examples': 5348, 'test/ctc_loss': Array(0.6074762, dtype=float32), 'test/wer': np.float64(0.5862124997461052), 'test/num_examples': 2472, 'score': 5468.304166555405, 'total_duration': 6085.874574661255, 'accumulated_submission_time': 5468.304166555405, 'accumulated_eval_time': 617.4080810546875, 'accumulated_logging_time': 0.13891172409057617}
I0513 23:20:30.391304 140252365276928 logging_writer.py:48] [1617] accumulated_eval_time=617.408, accumulated_logging_time=0.138912, accumulated_submission_time=5468.3, global_step=1617, preemption_count=0, score=5468.3, test/ctc_loss=0.6074761748313904, test/num_examples=2472, test/wer=0.586212, total_duration=6085.87, train/ctc_loss=0.5991004705429077, train/wer=0.604293, validation/ctc_loss=0.6637193560600281, validation/num_examples=5348, validation/wer=0.608314
I0513 23:24:10.331866 140252348491520 logging_writer.py:48] [1700] global_step=1700, grad_norm=1.2206765413284302, loss=3.0683650970458984
I0513 23:30:45.880676 140252365276928 logging_writer.py:48] [1800] global_step=1800, grad_norm=1.606331467628479, loss=2.967796802520752
I0513 23:37:31.078224 140252348491520 logging_writer.py:48] [1900] global_step=1900, grad_norm=0.8348907828330994, loss=2.855923891067505
I0513 23:44:14.459486 140252365276928 logging_writer.py:48] [2000] global_step=2000, grad_norm=0.8886311054229736, loss=2.8234806060791016
/usr/local/lib/python3.11/multiprocessing/popen_fork.py:66: RuntimeWarning: os.fork() was called. os.fork() is incompatible with multithreaded code, and JAX is multithreaded, so this will likely lead to a deadlock.
  self.pid = os.fork()
I0513 23:49:15.435000 140252355835648 logging_writer.py:48] [2100] global_step=2100, grad_norm=0.9960024952888489, loss=2.7299630641937256
I0513 23:49:39.092156 140267577509056 spec.py:333] Evaluating on the training split.
I0513 23:50:22.943587 140267577509056 spec.py:346] Evaluating on the validation split.
/usr/local/lib/python3.11/multiprocessing/popen_fork.py:66: RuntimeWarning: os.fork() was called. os.fork() is incompatible with multithreaded code, and JAX is multithreaded, so this will likely lead to a deadlock.
  self.pid = os.fork()
I0513 23:51:11.097043 140267577509056 spec.py:363] Evaluating on the test split.
I0513 23:51:31.045009 140267577509056 submission_runner.py:516] Time since start: 7946.56s, 	Step: 2115, 	{'train/ctc_loss': Array(0.41213712, dtype=float32), 'train/wer': np.float64(0.47664652473059727), 'validation/ctc_loss': Array(0.4834769, dtype=float32), 'validation/wer': np.float64(0.504871336841597), 'validation/num_examples': 5348, 'test/ctc_loss': Array(0.4161947, dtype=float32), 'test/wer': np.float64(0.46611012938476226), 'test/num_examples': 2472, 'score': 7216.989297389984, 'total_duration': 7946.560859680176, 'accumulated_submission_time': 7216.989297389984, 'accumulated_eval_time': 729.3584909439087, 'accumulated_logging_time': 0.18218684196472168}
I0513 23:51:31.077620 140252355835648 logging_writer.py:48] [2115] accumulated_eval_time=729.358, accumulated_logging_time=0.182187, accumulated_submission_time=7216.99, global_step=2115, preemption_count=0, score=7216.99, test/ctc_loss=0.41619470715522766, test/num_examples=2472, test/wer=0.46611, total_duration=7946.56, train/ctc_loss=0.41213712096214294, train/wer=0.476647, validation/ctc_loss=0.4834769070148468, validation/num_examples=5348, validation/wer=0.504871
I0513 23:53:08.311251 140252347442944 logging_writer.py:48] [2200] global_step=2200, grad_norm=0.6812729239463806, loss=2.6647675037384033
I0513 23:56:29.896513 140252355835648 logging_writer.py:48] [2300] global_step=2300, grad_norm=0.5638694167137146, loss=2.5473248958587646
I0514 00:00:01.740013 140252347442944 logging_writer.py:48] [2400] global_step=2400, grad_norm=1.3132669925689697, loss=2.604405164718628
I0514 00:03:56.841532 140252355835648 logging_writer.py:48] [2500] global_step=2500, grad_norm=0.6903075575828552, loss=2.4777207374572754
I0514 00:08:19.779033 140252347442944 logging_writer.py:48] [2600] global_step=2600, grad_norm=0.5645390152931213, loss=2.382033586502075
I0514 00:13:25.981833 140252355835648 logging_writer.py:48] [2700] global_step=2700, grad_norm=0.7639802098274231, loss=2.4279284477233887
I0514 00:19:18.969695 140252347442944 logging_writer.py:48] [2800] global_step=2800, grad_norm=0.6850356459617615, loss=2.2987704277038574
I0514 00:20:44.159607 140267577509056 spec.py:333] Evaluating on the training split.
I0514 00:21:27.010934 140267577509056 spec.py:346] Evaluating on the validation split.
/usr/local/lib/python3.11/multiprocessing/popen_fork.py:66: RuntimeWarning: os.fork() was called. os.fork() is incompatible with multithreaded code, and JAX is multithreaded, so this will likely lead to a deadlock.
  self.pid = os.fork()
I0514 00:22:15.043377 140267577509056 spec.py:363] Evaluating on the test split.
I0514 00:22:35.021374 140267577509056 submission_runner.py:516] Time since start: 9810.54s, 	Step: 2824, 	{'train/ctc_loss': Array(0.2615185, dtype=float32), 'train/wer': np.float64(0.3307040814107721), 'validation/ctc_loss': Array(0.3405767, dtype=float32), 'validation/wer': np.float64(0.3839327958287066), 'validation/num_examples': 5348, 'test/ctc_loss': Array(0.26751575, dtype=float32), 'test/wer': np.float64(0.3310584364146), 'test/num_examples': 2472, 'score': 8970.053964853287, 'total_duration': 9810.537304639816, 'accumulated_submission_time': 8970.053964853287, 'accumulated_eval_time': 840.2178645133972, 'accumulated_logging_time': 0.2254195213317871}
I0514 00:22:35.056450 140252355835648 logging_writer.py:48] [2824] accumulated_eval_time=840.218, accumulated_logging_time=0.22542, accumulated_submission_time=8970.05, global_step=2824, preemption_count=0, score=8970.05, test/ctc_loss=0.26751574873924255, test/num_examples=2472, test/wer=0.331058, total_duration=9810.54, train/ctc_loss=0.2615185081958771, train/wer=0.330704, validation/ctc_loss=0.340576708316803, validation/num_examples=5348, validation/wer=0.383933
I0514 00:25:29.395391 140252347442944 logging_writer.py:48] [2900] global_step=2900, grad_norm=0.7354615926742554, loss=2.287670850753784
I0514 00:31:53.332316 140252355835648 logging_writer.py:48] [3000] global_step=3000, grad_norm=0.9687653183937073, loss=2.277022361755371
/usr/local/lib/python3.11/multiprocessing/popen_fork.py:66: RuntimeWarning: os.fork() was called. os.fork() is incompatible with multithreaded code, and JAX is multithreaded, so this will likely lead to a deadlock.
  self.pid = os.fork()
I0514 00:38:25.606310 140252363179776 logging_writer.py:48] [3100] global_step=3100, grad_norm=0.7915409803390503, loss=2.284945487976074
I0514 00:41:16.074096 140252354787072 logging_writer.py:48] [3200] global_step=3200, grad_norm=1.0401443243026733, loss=2.1829655170440674
I0514 00:44:14.489971 140252363179776 logging_writer.py:48] [3300] global_step=3300, grad_norm=0.5888184905052185, loss=2.121885061264038
I0514 00:47:21.286048 140252354787072 logging_writer.py:48] [3400] global_step=3400, grad_norm=0.5654286742210388, loss=2.0986924171447754
I0514 00:50:42.479755 140252363179776 logging_writer.py:48] [3500] global_step=3500, grad_norm=0.6995907425880432, loss=2.0923707485198975
I0514 00:51:43.407191 140267577509056 spec.py:333] Evaluating on the training split.
I0514 00:52:26.610265 140267577509056 spec.py:346] Evaluating on the validation split.
/usr/local/lib/python3.11/multiprocessing/popen_fork.py:66: RuntimeWarning: os.fork() was called. os.fork() is incompatible with multithreaded code, and JAX is multithreaded, so this will likely lead to a deadlock.
  self.pid = os.fork()
I0514 00:53:06.459571 140267577509056 spec.py:363] Evaluating on the test split.
I0514 00:53:26.302722 140267577509056 submission_runner.py:516] Time since start: 11661.82s, 	Step: 3527, 	{'train/ctc_loss': Array(0.19879906, dtype=float32), 'train/wer': np.float64(0.260340035529285), 'validation/ctc_loss': Array(0.27119946, dtype=float32), 'validation/wer': np.float64(0.3118428040361126), 'validation/num_examples': 5348, 'test/ctc_loss': Array(0.20017241, dtype=float32), 'test/wer': np.float64(0.25509312859261063), 'test/num_examples': 2472, 'score': 10718.387448310852, 'total_duration': 11661.818634271622, 'accumulated_submission_time': 10718.387448310852, 'accumulated_eval_time': 943.1110005378723, 'accumulated_logging_time': 0.2710719108581543}
I0514 00:53:26.337606 140252363179776 logging_writer.py:48] [3527] accumulated_eval_time=943.111, accumulated_logging_time=0.271072, accumulated_submission_time=10718.4, global_step=3527, preemption_count=0, score=10718.4, test/ctc_loss=0.20017240941524506, test/num_examples=2472, test/wer=0.255093, total_duration=11661.8, train/ctc_loss=0.19879905879497528, train/wer=0.26034, validation/ctc_loss=0.27119946479797363, validation/num_examples=5348, validation/wer=0.311843
I0514 00:55:05.594915 140252354787072 logging_writer.py:48] [3600] global_step=3600, grad_norm=0.6172349452972412, loss=1.9694032669067383
I0514 00:59:37.191418 140252363179776 logging_writer.py:48] [3700] global_step=3700, grad_norm=1.2195172309875488, loss=2.076474666595459
I0514 01:04:42.723058 140252354787072 logging_writer.py:48] [3800] global_step=3800, grad_norm=0.804075300693512, loss=2.0762476921081543
I0514 01:10:27.828132 140252363179776 logging_writer.py:48] [3900] global_step=3900, grad_norm=0.8812341690063477, loss=2.0399668216705322
I0514 01:16:23.636054 140252354787072 logging_writer.py:48] [4000] global_step=4000, grad_norm=0.6784933805465698, loss=2.077847719192505
I0514 01:22:23.930298 140252363179776 logging_writer.py:48] [4100] global_step=4100, grad_norm=0.6632528305053711, loss=1.9695523977279663
I0514 01:22:39.653973 140267577509056 spec.py:333] Evaluating on the training split.
I0514 01:23:22.671492 140267577509056 spec.py:346] Evaluating on the validation split.
/usr/local/lib/python3.11/multiprocessing/popen_fork.py:66: RuntimeWarning: os.fork() was called. os.fork() is incompatible with multithreaded code, and JAX is multithreaded, so this will likely lead to a deadlock.
  self.pid = os.fork()
I0514 01:24:02.380268 140267577509056 spec.py:363] Evaluating on the test split.
I0514 01:24:22.271772 140267577509056 submission_runner.py:516] Time since start: 13517.79s, 	Step: 4105, 	{'train/ctc_loss': Array(0.16260217, dtype=float32), 'train/wer': np.float64(0.21698785442324464), 'validation/ctc_loss': Array(0.23823962, dtype=float32), 'validation/wer': np.float64(0.2768889103461594), 'validation/num_examples': 5348, 'test/ctc_loss': Array(0.1689826, dtype=float32), 'test/wer': np.float64(0.21869477789287672), 'test/num_examples': 2472, 'score': 12471.687682151794, 'total_duration': 13517.787203788757, 'accumulated_submission_time': 12471.687682151794, 'accumulated_eval_time': 1045.7259056568146, 'accumulated_logging_time': 0.3164827823638916}
I0514 01:24:22.308435 140252363179776 logging_writer.py:48] [4105] accumulated_eval_time=1045.73, accumulated_logging_time=0.316483, accumulated_submission_time=12471.7, global_step=4105, preemption_count=0, score=12471.7, test/ctc_loss=0.168982595205307, test/num_examples=2472, test/wer=0.218695, total_duration=13517.8, train/ctc_loss=0.16260217130184174, train/wer=0.216988, validation/ctc_loss=0.2382396161556244, validation/num_examples=5348, validation/wer=0.276889
/usr/local/lib/python3.11/multiprocessing/popen_fork.py:66: RuntimeWarning: os.fork() was called. os.fork() is incompatible with multithreaded code, and JAX is multithreaded, so this will likely lead to a deadlock.
  self.pid = os.fork()
I0514 01:26:45.307832 140252363179776 logging_writer.py:48] [4200] global_step=4200, grad_norm=0.6787065863609314, loss=1.909006953239441
I0514 01:29:26.351294 140252354787072 logging_writer.py:48] [4300] global_step=4300, grad_norm=0.7981271743774414, loss=1.9091711044311523
I0514 01:32:30.218353 140252363179776 logging_writer.py:48] [4400] global_step=4400, grad_norm=0.9644861221313477, loss=1.9119281768798828
I0514 01:35:46.619521 140252354787072 logging_writer.py:48] [4500] global_step=4500, grad_norm=0.7820348143577576, loss=1.8638460636138916
I0514 01:39:27.211704 140252363179776 logging_writer.py:48] [4600] global_step=4600, grad_norm=1.0345953702926636, loss=1.928869366645813
I0514 01:43:37.885112 140252354787072 logging_writer.py:48] [4700] global_step=4700, grad_norm=0.650409460067749, loss=1.8875267505645752
I0514 01:48:25.243026 140252363179776 logging_writer.py:48] [4800] global_step=4800, grad_norm=0.9551571011543274, loss=1.862804889678955
I0514 01:53:30.651763 140267577509056 spec.py:333] Evaluating on the training split.
I0514 01:54:14.058354 140267577509056 spec.py:346] Evaluating on the validation split.
/usr/local/lib/python3.11/multiprocessing/popen_fork.py:66: RuntimeWarning: os.fork() was called. os.fork() is incompatible with multithreaded code, and JAX is multithreaded, so this will likely lead to a deadlock.
  self.pid = os.fork()
I0514 01:54:53.954719 140267577509056 spec.py:363] Evaluating on the test split.
I0514 01:55:14.040130 140267577509056 submission_runner.py:516] Time since start: 15369.56s, 	Step: 4894, 	{'train/ctc_loss': Array(0.12694682, dtype=float32), 'train/wer': np.float64(0.17554278582386437), 'validation/ctc_loss': Array(0.20941943, dtype=float32), 'validation/wer': np.float64(0.24775744701395258), 'validation/num_examples': 5348, 'test/ctc_loss': Array(0.14417492, dtype=float32), 'test/wer': np.float64(0.18891800215302745), 'test/num_examples': 2472, 'score': 14220.012754678726, 'total_duration': 15369.55581498146, 'accumulated_submission_time': 14220.012754678726, 'accumulated_eval_time': 1149.1116547584534, 'accumulated_logging_time': 0.3639395236968994}
I0514 01:55:14.073696 140252363179776 logging_writer.py:48] [4894] accumulated_eval_time=1149.11, accumulated_logging_time=0.36394, accumulated_submission_time=14220, global_step=4894, preemption_count=0, score=14220, test/ctc_loss=0.14417491853237152, test/num_examples=2472, test/wer=0.188918, total_duration=15369.6, train/ctc_loss=0.126946821808815, train/wer=0.175543, validation/ctc_loss=0.20941942930221558, validation/num_examples=5348, validation/wer=0.247757
I0514 01:55:17.560513 140252354787072 logging_writer.py:48] [4900] global_step=4900, grad_norm=0.7547412514686584, loss=1.8740038871765137
I0514 01:59:18.278453 140252363179776 logging_writer.py:48] [5000] global_step=5000, grad_norm=0.8172206282615662, loss=1.866112470626831
I0514 02:05:06.601023 140252354787072 logging_writer.py:48] [5100] global_step=5100, grad_norm=0.788060188293457, loss=1.8333531618118286
/usr/local/lib/python3.11/multiprocessing/popen_fork.py:66: RuntimeWarning: os.fork() was called. os.fork() is incompatible with multithreaded code, and JAX is multithreaded, so this will likely lead to a deadlock.
  self.pid = os.fork()
I0514 02:09:30.326833 140252363179776 logging_writer.py:48] [5200] global_step=5200, grad_norm=0.8117858171463013, loss=1.8244801759719849
I0514 02:12:09.864199 140252354787072 logging_writer.py:48] [5300] global_step=5300, grad_norm=0.9217409491539001, loss=1.8341236114501953
I0514 02:15:13.452353 140252363179776 logging_writer.py:48] [5400] global_step=5400, grad_norm=0.715311586856842, loss=1.8294775485992432
I0514 02:18:27.222030 140252354787072 logging_writer.py:48] [5500] global_step=5500, grad_norm=0.6614658832550049, loss=1.782562017440796
I0514 02:22:04.418353 140252363179776 logging_writer.py:48] [5600] global_step=5600, grad_norm=0.7996186017990112, loss=1.8442800045013428
I0514 02:24:21.777191 140267577509056 spec.py:333] Evaluating on the training split.
I0514 02:25:04.694003 140267577509056 spec.py:346] Evaluating on the validation split.
/usr/local/lib/python3.11/multiprocessing/popen_fork.py:66: RuntimeWarning: os.fork() was called. os.fork() is incompatible with multithreaded code, and JAX is multithreaded, so this will likely lead to a deadlock.
  self.pid = os.fork()
I0514 02:26:15.501987 140267577509056 spec.py:363] Evaluating on the test split.
I0514 02:26:49.886865 140267577509056 submission_runner.py:516] Time since start: 17265.40s, 	Step: 5659, 	{'train/ctc_loss': Array(0.11054181, dtype=float32), 'train/wer': np.float64(0.15181226691635322), 'validation/ctc_loss': Array(0.1920585, dtype=float32), 'validation/wer': np.float64(0.2278375899193743), 'validation/num_examples': 5348, 'test/ctc_loss': Array(0.12873194, dtype=float32), 'test/wer': np.float64(0.17082038470131822), 'test/num_examples': 2472, 'score': 15967.69806599617, 'total_duration': 17265.40250968933, 'accumulated_submission_time': 15967.69806599617, 'accumulated_eval_time': 1297.2186665534973, 'accumulated_logging_time': 0.4085230827331543}
I0514 02:26:49.933176 140252363179776 logging_writer.py:48] [5659] accumulated_eval_time=1297.22, accumulated_logging_time=0.408523, accumulated_submission_time=15967.7, global_step=5659, preemption_count=0, score=15967.7, test/ctc_loss=0.12873193621635437, test/num_examples=2472, test/wer=0.17082, total_duration=17265.4, train/ctc_loss=0.11054180562496185, train/wer=0.151812, validation/ctc_loss=0.1920585036277771, validation/num_examples=5348, validation/wer=0.227838
I0514 02:27:11.492976 140252354787072 logging_writer.py:48] [5700] global_step=5700, grad_norm=0.9834712147712708, loss=1.8353185653686523
I0514 02:31:57.124352 140252363179776 logging_writer.py:48] [5800] global_step=5800, grad_norm=0.6321282386779785, loss=1.8141217231750488
I0514 02:37:16.839798 140252354787072 logging_writer.py:48] [5900] global_step=5900, grad_norm=0.9207032918930054, loss=1.7140302658081055
I0514 02:42:56.182393 140252363179776 logging_writer.py:48] [6000] global_step=6000, grad_norm=0.7166181206703186, loss=1.7706003189086914
I0514 02:48:49.682762 140252354787072 logging_writer.py:48] [6100] global_step=6100, grad_norm=0.7609995007514954, loss=1.7267056703567505
/usr/local/lib/python3.11/multiprocessing/popen_fork.py:66: RuntimeWarning: os.fork() was called. os.fork() is incompatible with multithreaded code, and JAX is multithreaded, so this will likely lead to a deadlock.
  self.pid = os.fork()
I0514 02:54:05.186790 140252363179776 logging_writer.py:48] [6200] global_step=6200, grad_norm=0.6344715356826782, loss=1.744099736213684
I0514 02:56:00.159082 140267577509056 spec.py:333] Evaluating on the training split.
I0514 02:56:43.416012 140267577509056 spec.py:346] Evaluating on the validation split.
