python submission_runner.py --framework=jax --workload=imagenet_vit --submission_path=submissions_algorithms/submissions/self_tuning/schedule_free_adamw_jax/submission.py --data_dir=/data/imagenet/jax --experiment_dir=/experiment_runs --experiment_name=submissions_a100/schedule_free_adamw_jax/study_2 --overwrite=True --save_checkpoints=False --rng_seed=-1331223276 --imagenet_v2_data_dir=/data/imagenet/jax --tuning_ruleset=self 2>&1 | tee -a /logs/imagenet_vit_jax_05-11-2026-23-02-35.log
2026-05-11 23:02:36.160617: E external/local_xla/xla/stream_executor/cuda/cuda_fft.cc:467] Unable to register cuFFT factory: Attempting to register factory for plugin cuFFT when one has already been registered
WARNING: All log messages before absl::InitializeLog() is called are written to STDERR
E0000 00:00:1778540556.183054      13 cuda_dnn.cc:8579] Unable to register cuDNN factory: Attempting to register factory for plugin cuDNN when one has already been registered
E0000 00:00:1778540556.191022      13 cuda_blas.cc:1407] Unable to register cuBLAS factory: Attempting to register factory for plugin cuBLAS when one has already been registered
W0000 00:00:1778540556.210004      13 computation_placer.cc:177] computation placer already registered. Please check linkage and avoid linking the same target more than once.
W0000 00:00:1778540556.210032      13 computation_placer.cc:177] computation placer already registered. Please check linkage and avoid linking the same target more than once.
W0000 00:00:1778540556.210036      13 computation_placer.cc:177] computation placer already registered. Please check linkage and avoid linking the same target more than once.
W0000 00:00:1778540556.210038      13 computation_placer.cc:177] computation placer already registered. Please check linkage and avoid linking the same target more than once.
/usr/local/lib/python3.11/site-packages/torch/__init__.py:1617: UserWarning: Please use the new API settings to control TF32 behavior, such as torch.backends.cudnn.conv.fp32_precision = 'tf32' or torch.backends.cuda.matmul.fp32_precision = 'ieee'. Old settings, e.g, torch.backends.cuda.matmul.allow_tf32 = True, torch.backends.cudnn.allow_tf32 = True, allowTF32CuDNN() and allowTF32CuBLAS() will be deprecated after Pytorch 2.9. Please see https://pytorch.org/docs/main/notes/cuda.html#tensorfloat-32-tf32-on-ampere-and-later-devices (Triggered internally at /pytorch/aten/src/ATen/Context.cpp:80.)
  _C._set_float32_matmul_precision(precision)
/usr/local/lib/python3.11/site-packages/pydantic/_internal/_generate_schema.py:2249: UnsupportedFieldAttributeWarning: The 'repr' attribute with value False was provided to the `Field()` function, which has no effect in the context it was used. 'repr' is field-specific metadata, and can only be attached to a model field using `Annotated` metadata or by assignment. This may have happened because an `Annotated` type alias using the `type` statement was used, or if the `Field()` function was attached to a single member of a union type.
  warnings.warn(
/usr/local/lib/python3.11/site-packages/pydantic/_internal/_generate_schema.py:2249: UnsupportedFieldAttributeWarning: The 'frozen' attribute with value True was provided to the `Field()` function, which has no effect in the context it was used. 'frozen' is field-specific metadata, and can only be attached to a model field using `Annotated` metadata or by assignment. This may have happened because an `Annotated` type alias using the `type` statement was used, or if the `Field()` function was attached to a single member of a union type.
  warnings.warn(
INFO:2026-05-11 23:02:46,676:jax._src.xla_bridge:830: Unable to initialize backend 'tpu': INTERNAL: Failed to open libtpu.so: libtpu.so: cannot open shared object file: No such file or directory
I0511 23:02:46.676947 140581701551296 xla_bridge.py:830] Unable to initialize backend 'tpu': INTERNAL: Failed to open libtpu.so: libtpu.so: cannot open shared object file: No such file or directory
I0511 23:02:47.382546 140581701551296 logger_utils.py:59] Removing existing experiment directory /experiment_runs/submissions_a100/schedule_free_adamw_jax/study_2/imagenet_vit_jax because --overwrite was set.
I0511 23:02:47.388607 140581701551296 logger_utils.py:84] Creating experiment directory at /experiment_runs/submissions_a100/schedule_free_adamw_jax/study_2/imagenet_vit_jax.
I0511 23:02:47.951810 140581701551296 submission_runner.py:741] Creating directory at /experiment_runs/submissions_a100/schedule_free_adamw_jax/study_2/imagenet_vit_jax/trial_1.
I0511 23:02:48.219775 140581701551296 submission_runner.py:242] Initializing dataset.
I0511 23:02:48.528679 140581701551296 dataset_info.py:707] Load dataset info from /data/imagenet/jax/imagenet2012/5.1.0
I0511 23:02:48.593410 140581701551296 dataset_info.py:793] For 'imagenet2012/5.1.0': fields info.[splits, supervised_keys] differ on disk and in the code. Keeping the one from code.
I0511 23:02:48.872994 140581701551296 reader.py:262] Creating a tf.data.Dataset reading 1024 files located in folders: /data/imagenet/jax/imagenet2012/5.1.0.
I0511 23:02:48.952271 140581701551296 logging_logger.py:49] Constructing tf.data.Dataset imagenet2012 for split train, from /data/imagenet/jax/imagenet2012/5.1.0
I0511 23:02:55.791301 140581701551296 submission_runner.py:251] Initializing model.
I0511 23:03:32.702038 140581701551296 submission_runner.py:294] Initializing optimizer.
I0511 23:03:33.438852 140581701551296 submission_runner.py:299] Initializing metrics bundle.
I0511 23:03:33.439086 140581701551296 submission_runner.py:321] Initializing checkpoint and logger.
I0511 23:03:33.451334 140581701551296 checkpoints.py:1098] Found no checkpoint files in /experiment_runs/submissions_a100/schedule_free_adamw_jax/study_2/imagenet_vit_jax/trial_1 with prefix checkpoint_
I0511 23:03:33.451457 140581701551296 submission_runner.py:344] Saving meta data to /experiment_runs/submissions_a100/schedule_free_adamw_jax/study_2/imagenet_vit_jax/trial_1/meta_data_0.json.
I0511 23:03:33.685200 140581701551296 submission_runner.py:348] Saving flags to /experiment_runs/submissions_a100/schedule_free_adamw_jax/study_2/imagenet_vit_jax/trial_1/flags_0.json.
I0511 23:03:33.701892 140581701551296 submission_runner.py:359] Starting training loop.
/usr/local/lib/python3.11/site-packages/jax/_src/interpreters/mlir.py:1268: UserWarning: Some donated buffers were not usable: float32[384], float32[384], float32[384], float32[384], float32[384], float32[384], float32[1536], float32[384,1536], float32[384], float32[1536,384], float32[6,64], float32[384,6,64], float32[384], float32[6,64,384], float32[6,64], float32[384,6,64], float32[6,64], float32[384,6,64], float32[384], float32[384], float32[384], float32[384], float32[1536], float32[384,1536], float32[384], float32[1536,384], float32[6,64], float32[384,6,64], float32[384], float32[6,64,384], float32[6,64], float32[384,6,64], float32[6,64], float32[384,6,64], float32[384], float32[384], float32[384], float32[384], float32[1536], float32[384,1536], float32[384], float32[1536,384], float32[6,64], float32[384,6,64], float32[384], float32[6,64,384], float32[6,64], float32[384,6,64], float32[6,64], float32[384,6,64], float32[384], float32[384], float32[384], float32[384], float32[1536], float32[384,1536], float32[384], float32[1536,384], float32[6,64], float32[384,6,64], float32[384], float32[6,64,384], float32[6,64], float32[384,6,64], float32[6,64], float32[384,6,64], float32[384], float32[384], float32[384], float32[384], float32[1536], float32[384,1536], float32[384], float32[1536,384], float32[6,64], float32[384,6,64], float32[384], float32[6,64,384], float32[6,64], float32[384,6,64], float32[6,64], float32[384,6,64], float32[384], float32[384], float32[384], float32[384], float32[1536], float32[384,1536], float32[384], float32[1536,384], float32[6,64], float32[384,6,64], float32[384], float32[6,64,384], float32[6,64], float32[384,6,64], float32[6,64], float32[384,6,64], float32[384], float32[384], float32[384], float32[384], float32[1536], float32[384,1536], float32[384], float32[1536,384], float32[6,64], float32[384,6,64], float32[384], float32[6,64,384], float32[6,64], float32[384,6,64], float32[6,64], float32[384,6,64], float32[384], float32[384], float32[384], float32[384], float32[1536], float32[384,1536], float32[384], float32[1536,384], float32[6,64], float32[384,6,64], float32[384], float32[6,64,384], float32[6,64], float32[384,6,64], float32[6,64], float32[384,6,64], float32[384], float32[384], float32[384], float32[384], float32[1536], float32[384,1536], float32[384], float32[1536,384], float32[6,64], float32[384,6,64], float32[384], float32[6,64,384], float32[6,64], float32[384,6,64], float32[6,64], float32[384,6,64], float32[384], float32[384], float32[384], float32[384], float32[1536], float32[384,1536], float32[384], float32[1536,384], float32[6,64], float32[384,6,64], float32[384], float32[6,64,384], float32[6,64], float32[384,6,64], float32[6,64], float32[384,6,64], float32[384], float32[384], float32[384], float32[384], float32[1536], float32[384,1536], float32[384], float32[1536,384], float32[6,64], float32[384,6,64], float32[384], float32[6,64,384], float32[6,64], float32[384,6,64], float32[6,64], float32[384,6,64], float32[384], float32[384], float32[384], float32[384], float32[1536], float32[384,1536], float32[384], float32[1536,384], float32[6,64], float32[384,6,64], float32[384], float32[6,64,384], float32[6,64], float32[384,6,64], float32[6,64], float32[384,6,64], float32[384], float32[16,16,3,384], float32[1000], float32[384,1000], float32[384], float32[384,384].
See an explanation at https://docs.jax.dev/en/latest/faq.html#buffer-donation.
  warnings.warn("Some donated buffers were not usable:"
I0511 23:04:26.983618 140408982066944 logging_writer.py:48] [0] global_step=0, grad_norm=0.36966627836227417, loss=6.9077558517456055
I0511 23:04:28.276683 140581701551296 spec.py:333] Evaluating on the training split.
I0511 23:04:28.281141 140581701551296 dataset_info.py:707] Load dataset info from /data/imagenet/jax/imagenet2012/5.1.0
I0511 23:04:28.286611 140581701551296 dataset_info.py:793] For 'imagenet2012/5.1.0': fields info.[splits, supervised_keys] differ on disk and in the code. Keeping the one from code.
I0511 23:04:28.304399 140581701551296 reader.py:262] Creating a tf.data.Dataset reading 1024 files located in folders: /data/imagenet/jax/imagenet2012/5.1.0.
I0511 23:04:28.346981 140581701551296 logging_logger.py:49] Constructing tf.data.Dataset imagenet2012 for split train, from /data/imagenet/jax/imagenet2012/5.1.0
I0511 23:04:54.874855 140581701551296 spec.py:346] Evaluating on the validation split.
I0511 23:04:54.879130 140581701551296 dataset_info.py:707] Load dataset info from /data/imagenet/jax/imagenet2012/5.1.0
I0511 23:04:54.891916 140581701551296 dataset_info.py:793] For 'imagenet2012/5.1.0': fields info.[splits, supervised_keys] differ on disk and in the code. Keeping the one from code.
I0511 23:04:54.894845 140581701551296 reader.py:262] Creating a tf.data.Dataset reading 64 files located in folders: /data/imagenet/jax/imagenet2012/5.1.0.
I0511 23:04:55.019337 140581701551296 logging_logger.py:49] Constructing tf.data.Dataset imagenet2012 for split validation, from /data/imagenet/jax/imagenet2012/5.1.0
I0511 23:05:29.858400 140581701551296 spec.py:363] Evaluating on the test split.
I0511 23:05:29.933894 140581701551296 dataset_info.py:707] Load dataset info from /data/imagenet/jax/imagenet_v2/matched-frequency/3.0.0
I0511 23:05:30.016474 140581701551296 reader.py:262] Creating a tf.data.Dataset reading 16 files located in folders: /data/imagenet/jax/imagenet_v2/matched-frequency/3.0.0.
I0511 23:05:30.063982 140581701551296 logging_logger.py:49] Constructing tf.data.Dataset imagenet_v2 for split test, from /data/imagenet/jax/imagenet_v2/matched-frequency/3.0.0
I0511 23:05:35.152368 140581701551296 submission_runner.py:516] Time since start: 121.45s, 	Step: 1, 	{'train/accuracy': Array(0.00091797, dtype=float32), 'train/loss': Array(6.907755, dtype=float32), 'validation/accuracy': Array(0.001, dtype=float32), 'validation/loss': Array(6.907755, dtype=float32), 'validation/num_examples': 50000, 'test/accuracy': Array(0.001, dtype=float32), 'test/loss': Array(6.907755, dtype=float32), 'test/num_examples': 10000, 'score': 54.57469153404236, 'total_duration': 121.44866847991943, 'accumulated_submission_time': 54.57469153404236, 'accumulated_eval_time': 66.87388229370117, 'accumulated_logging_time': 0}
I0511 23:05:35.184782 140346847655680 logging_writer.py:48] [1] accumulated_eval_time=66.8739, accumulated_logging_time=0, accumulated_submission_time=54.5747, global_step=1, preemption_count=0, score=54.5747, test/accuracy=0.0010000000474974513, test/loss=6.907754898071289, test/num_examples=10000, total_duration=121.449, train/accuracy=0.0009179687476716936, train/loss=6.907754898071289, validation/accuracy=0.0009999999310821295, validation/loss=6.907754898071289, validation/num_examples=50000
/usr/local/lib/python3.11/site-packages/jax/_src/interpreters/mlir.py:1268: UserWarning: Some donated buffers were not usable: float32[384], float32[384], float32[384], float32[384], float32[384], float32[384], float32[1536], float32[384,1536], float32[384], float32[1536,384], float32[6,64], float32[384,6,64], float32[384], float32[6,64,384], float32[6,64], float32[384,6,64], float32[6,64], float32[384,6,64], float32[384], float32[384], float32[384], float32[384], float32[1536], float32[384,1536], float32[384], float32[1536,384], float32[6,64], float32[384,6,64], float32[384], float32[6,64,384], float32[6,64], float32[384,6,64], float32[6,64], float32[384,6,64], float32[384], float32[384], float32[384], float32[384], float32[1536], float32[384,1536], float32[384], float32[1536,384], float32[6,64], float32[384,6,64], float32[384], float32[6,64,384], float32[6,64], float32[384,6,64], float32[6,64], float32[384,6,64], float32[384], float32[384], float32[384], float32[384], float32[1536], float32[384,1536], float32[384], float32[1536,384], float32[6,64], float32[384,6,64], float32[384], float32[6,64,384], float32[6,64], float32[384,6,64], float32[6,64], float32[384,6,64], float32[384], float32[384], float32[384], float32[384], float32[1536], float32[384,1536], float32[384], float32[1536,384], float32[6,64], float32[384,6,64], float32[384], float32[6,64,384], float32[6,64], float32[384,6,64], float32[6,64], float32[384,6,64], float32[384], float32[384], float32[384], float32[384], float32[1536], float32[384,1536], float32[384], float32[1536,384], float32[6,64], float32[384,6,64], float32[384], float32[6,64,384], float32[6,64], float32[384,6,64], float32[6,64], float32[384,6,64], float32[384], float32[384], float32[384], float32[384], float32[1536], float32[384,1536], float32[384], float32[1536,384], float32[6,64], float32[384,6,64], float32[384], float32[6,64,384], float32[6,64], float32[384,6,64], float32[6,64], float32[384,6,64], float32[384], float32[384], float32[384], float32[384], float32[1536], float32[384,1536], float32[384], float32[1536,384], float32[6,64], float32[384,6,64], float32[384], float32[6,64,384], float32[6,64], float32[384,6,64], float32[6,64], float32[384,6,64], float32[384], float32[384], float32[384], float32[384], float32[1536], float32[384,1536], float32[384], float32[1536,384], float32[6,64], float32[384,6,64], float32[384], float32[6,64,384], float32[6,64], float32[384,6,64], float32[6,64], float32[384,6,64], float32[384], float32[384], float32[384], float32[384], float32[1536], float32[384,1536], float32[384], float32[1536,384], float32[6,64], float32[384,6,64], float32[384], float32[6,64,384], float32[6,64], float32[384,6,64], float32[6,64], float32[384,6,64], float32[384], float32[384], float32[384], float32[384], float32[1536], float32[384,1536], float32[384], float32[1536,384], float32[6,64], float32[384,6,64], float32[384], float32[6,64,384], float32[6,64], float32[384,6,64], float32[6,64], float32[384,6,64], float32[384], float32[384], float32[384], float32[384], float32[1536], float32[384,1536], float32[384], float32[1536,384], float32[6,64], float32[384,6,64], float32[384], float32[6,64,384], float32[6,64], float32[384,6,64], float32[6,64], float32[384,6,64], float32[384], float32[16,16,3,384], float32[1000], float32[384,1000], float32[384], float32[384,384].
See an explanation at https://docs.jax.dev/en/latest/faq.html#buffer-donation.
  warnings.warn("Some donated buffers were not usable:"
I0511 23:06:50.089202 140346830870272 logging_writer.py:48] [100] global_step=100, grad_norm=0.47704237699508667, loss=6.875025272369385
I0511 23:07:37.985600 140346847655680 logging_writer.py:48] [200] global_step=200, grad_norm=0.6356948018074036, loss=6.761263847351074
I0511 23:08:25.771773 140346830870272 logging_writer.py:48] [300] global_step=300, grad_norm=1.016851782798767, loss=6.682926177978516
I0511 23:09:13.768249 140346847655680 logging_writer.py:48] [400] global_step=400, grad_norm=1.035934567451477, loss=6.52792501449585
I0511 23:10:01.857893 140346830870272 logging_writer.py:48] [500] global_step=500, grad_norm=1.2145322561264038, loss=6.740943431854248
I0511 23:10:49.475305 140346847655680 logging_writer.py:48] [600] global_step=600, grad_norm=1.0027031898498535, loss=6.3434367179870605
I0511 23:11:37.183754 140346830870272 logging_writer.py:48] [700] global_step=700, grad_norm=1.3467636108398438, loss=6.602444171905518
I0511 23:12:24.658515 140346847655680 logging_writer.py:48] [800] global_step=800, grad_norm=1.3708038330078125, loss=6.205305576324463
I0511 23:13:12.433402 140346830870272 logging_writer.py:48] [900] global_step=900, grad_norm=1.1203035116195679, loss=6.1770429611206055
I0511 23:14:00.302536 140346847655680 logging_writer.py:48] [1000] global_step=1000, grad_norm=1.4302171468734741, loss=6.136551856994629
I0511 23:14:48.127506 140346830870272 logging_writer.py:48] [1100] global_step=1100, grad_norm=1.222257375717163, loss=6.017331123352051
I0511 23:15:35.952831 140346847655680 logging_writer.py:48] [1200] global_step=1200, grad_norm=1.9001020193099976, loss=6.035433769226074
I0511 23:16:22.696722 140346830870272 logging_writer.py:48] [1300] global_step=1300, grad_norm=0.893824577331543, loss=6.520288467407227
I0511 23:17:08.934385 140346847655680 logging_writer.py:48] [1400] global_step=1400, grad_norm=0.9552027583122253, loss=6.204181671142578
I0511 23:17:55.726144 140346830870272 logging_writer.py:48] [1500] global_step=1500, grad_norm=0.8748586177825928, loss=6.662168979644775
I0511 23:18:43.817239 140346847655680 logging_writer.py:48] [1600] global_step=1600, grad_norm=1.0899513959884644, loss=5.765918731689453
I0511 23:19:36.090487 140346830870272 logging_writer.py:48] [1700] global_step=1700, grad_norm=1.4024596214294434, loss=5.679604530334473
I0511 23:20:36.802518 140346847655680 logging_writer.py:48] [1800] global_step=1800, grad_norm=1.076548457145691, loss=5.736717224121094
I0511 23:21:28.327677 140346830870272 logging_writer.py:48] [1900] global_step=1900, grad_norm=1.2064534425735474, loss=6.459757328033447
I0511 23:22:16.401539 140346847655680 logging_writer.py:48] [2000] global_step=2000, grad_norm=1.023046612739563, loss=5.671342372894287
I0511 23:23:03.793039 140346830870272 logging_writer.py:48] [2100] global_step=2100, grad_norm=1.115628719329834, loss=5.701963424682617
I0511 23:23:51.008501 140346847655680 logging_writer.py:48] [2200] global_step=2200, grad_norm=0.9620656967163086, loss=5.492147922515869
I0511 23:24:38.422739 140346830870272 logging_writer.py:48] [2300] global_step=2300, grad_norm=1.1872891187667847, loss=5.4707770347595215
I0511 23:25:25.527793 140346847655680 logging_writer.py:48] [2400] global_step=2400, grad_norm=0.8617870211601257, loss=6.488870620727539
I0511 23:26:12.638917 140346830870272 logging_writer.py:48] [2500] global_step=2500, grad_norm=1.217652440071106, loss=5.42771053314209
I0511 23:26:59.118708 140346847655680 logging_writer.py:48] [2600] global_step=2600, grad_norm=0.931096076965332, loss=5.631969451904297
I0511 23:27:45.201323 140346830870272 logging_writer.py:48] [2700] global_step=2700, grad_norm=1.1004388332366943, loss=5.258507251739502
I0511 23:28:30.816704 140346847655680 logging_writer.py:48] [2800] global_step=2800, grad_norm=0.7369744777679443, loss=6.47943115234375
I0511 23:29:16.586020 140346830870272 logging_writer.py:48] [2900] global_step=2900, grad_norm=1.089326024055481, loss=5.195000648498535
I0511 23:30:02.762016 140346847655680 logging_writer.py:48] [3000] global_step=3000, grad_norm=1.0316513776779175, loss=5.160061359405518
I0511 23:30:49.012201 140346830870272 logging_writer.py:48] [3100] global_step=3100, grad_norm=1.0300923585891724, loss=5.213107109069824
I0511 23:31:34.974463 140346847655680 logging_writer.py:48] [3200] global_step=3200, grad_norm=0.9426323771476746, loss=4.967453479766846
I0511 23:32:21.188589 140346830870272 logging_writer.py:48] [3300] global_step=3300, grad_norm=1.2856011390686035, loss=5.059385776519775
I0511 23:33:06.945992 140346847655680 logging_writer.py:48] [3400] global_step=3400, grad_norm=0.9539230465888977, loss=5.0190863609313965
I0511 23:33:52.137875 140346830870272 logging_writer.py:48] [3500] global_step=3500, grad_norm=0.9299763441085815, loss=6.200740814208984
I0511 23:34:36.856386 140346847655680 logging_writer.py:48] [3600] global_step=3600, grad_norm=1.044100284576416, loss=4.849789619445801
I0511 23:35:21.568896 140346830870272 logging_writer.py:48] [3700] global_step=3700, grad_norm=0.8855873346328735, loss=5.024676322937012
I0511 23:36:06.057489 140346847655680 logging_writer.py:48] [3800] global_step=3800, grad_norm=1.038341999053955, loss=5.0506062507629395
I0511 23:36:50.618125 140346830870272 logging_writer.py:48] [3900] global_step=3900, grad_norm=0.9789325594902039, loss=4.777097702026367
I0511 23:37:35.376380 140346847655680 logging_writer.py:48] [4000] global_step=4000, grad_norm=0.9373396635055542, loss=4.666315078735352
I0511 23:38:20.034963 140346830870272 logging_writer.py:48] [4100] global_step=4100, grad_norm=1.0211979150772095, loss=4.741184711456299
I0511 23:39:04.800956 140346847655680 logging_writer.py:48] [4200] global_step=4200, grad_norm=0.7516596913337708, loss=5.756033420562744
I0511 23:39:49.530524 140346830870272 logging_writer.py:48] [4300] global_step=4300, grad_norm=1.1073192358016968, loss=4.657543182373047
I0511 23:40:34.553561 140346847655680 logging_writer.py:48] [4400] global_step=4400, grad_norm=1.0388864278793335, loss=5.092695713043213
I0511 23:41:19.392857 140346830870272 logging_writer.py:48] [4500] global_step=4500, grad_norm=1.052117109298706, loss=6.223632335662842
I0511 23:42:04.027897 140346847655680 logging_writer.py:48] [4600] global_step=4600, grad_norm=1.052437663078308, loss=4.568948745727539
I0511 23:42:48.799528 140346830870272 logging_writer.py:48] [4700] global_step=4700, grad_norm=1.0129951238632202, loss=4.566141128540039
I0511 23:43:33.577221 140346847655680 logging_writer.py:48] [4800] global_step=4800, grad_norm=0.9972475171089172, loss=4.469483375549316
I0511 23:44:18.307968 140346830870272 logging_writer.py:48] [4900] global_step=4900, grad_norm=1.072788119316101, loss=4.548403263092041
I0511 23:45:03.288089 140346847655680 logging_writer.py:48] [5000] global_step=5000, grad_norm=0.9194684624671936, loss=5.236395359039307
I0511 23:45:48.123507 140346830870272 logging_writer.py:48] [5100] global_step=5100, grad_norm=1.073065161705017, loss=4.532004356384277
I0511 23:46:32.793878 140346847655680 logging_writer.py:48] [5200] global_step=5200, grad_norm=0.7225567698478699, loss=6.164820194244385
I0511 23:47:17.550035 140346847655680 logging_writer.py:48] [5300] global_step=5300, grad_norm=1.0800057649612427, loss=4.369173049926758
I0511 23:48:02.396101 140346830870272 logging_writer.py:48] [5400] global_step=5400, grad_norm=1.0142402648925781, loss=5.270926475524902
I0511 23:48:26.736595 140581701551296 spec.py:333] Evaluating on the training split.
I0511 23:48:40.665128 140581701551296 spec.py:346] Evaluating on the validation split.
I0511 23:48:49.538059 140581701551296 spec.py:363] Evaluating on the test split.
I0511 23:48:50.501638 140581701551296 submission_runner.py:516] Time since start: 2716.80s, 	Step: 5455, 	{'train/accuracy': Array(0.30478516, dtype=float32), 'train/loss': Array(3.3944213, dtype=float32), 'validation/accuracy': Array(0.28088, dtype=float32), 'validation/loss': Array(3.530373, dtype=float32), 'validation/num_examples': 50000, 'test/accuracy': Array(0.20610002, dtype=float32), 'test/loss': Array(4.0241785, dtype=float32), 'test/num_examples': 10000, 'score': 2626.0510778427124, 'total_duration': 2716.798020362854, 'accumulated_submission_time': 2626.0510778427124, 'accumulated_eval_time': 90.63721203804016, 'accumulated_logging_time': 0.04080367088317871}
I0511 23:48:50.552756 140348005259008 logging_writer.py:48] [5455] accumulated_eval_time=90.6372, accumulated_logging_time=0.0408037, accumulated_submission_time=2626.05, global_step=5455, preemption_count=0, score=2626.05, test/accuracy=0.20610001683235168, test/loss=4.024178504943848, test/num_examples=10000, total_duration=2716.8, train/accuracy=0.3047851622104645, train/loss=3.394421339035034, validation/accuracy=0.28088000416755676, validation/loss=3.5303730964660645, validation/num_examples=50000
I0511 23:49:09.379561 140348013651712 logging_writer.py:48] [5500] global_step=5500, grad_norm=1.0736504793167114, loss=4.715357780456543
I0511 23:49:54.139290 140348005259008 logging_writer.py:48] [5600] global_step=5600, grad_norm=1.2092595100402832, loss=4.204644203186035
I0511 23:50:39.304554 140348013651712 logging_writer.py:48] [5700] global_step=5700, grad_norm=1.7482709884643555, loss=4.500217437744141
I0511 23:51:24.010990 140348005259008 logging_writer.py:48] [5800] global_step=5800, grad_norm=1.2666079998016357, loss=4.126579761505127
I0511 23:52:08.887837 140348013651712 logging_writer.py:48] [5900] global_step=5900, grad_norm=2.4227616786956787, loss=4.520290851593018
I0511 23:52:53.622979 140348005259008 logging_writer.py:48] [6000] global_step=6000, grad_norm=1.1885099411010742, loss=4.133388519287109
I0511 23:53:38.397335 140348013651712 logging_writer.py:48] [6100] global_step=6100, grad_norm=0.8626976013183594, loss=6.09969425201416
I0511 23:54:23.112672 140348005259008 logging_writer.py:48] [6200] global_step=6200, grad_norm=0.8006123900413513, loss=5.959592819213867
I0511 23:55:07.728127 140348013651712 logging_writer.py:48] [6300] global_step=6300, grad_norm=1.2788065671920776, loss=4.081698894500732
I0511 23:55:52.384366 140348005259008 logging_writer.py:48] [6400] global_step=6400, grad_norm=1.2325785160064697, loss=4.337482452392578
I0511 23:56:36.967787 140348013651712 logging_writer.py:48] [6500] global_step=6500, grad_norm=0.9300249814987183, loss=4.537961959838867
I0511 23:57:21.636401 140348005259008 logging_writer.py:48] [6600] global_step=6600, grad_norm=1.1655749082565308, loss=4.837294578552246
I0511 23:58:06.228960 140348013651712 logging_writer.py:48] [6700] global_step=6700, grad_norm=0.9641578197479248, loss=3.964419364929199
I0511 23:58:50.909543 140348013651712 logging_writer.py:48] [6800] global_step=6800, grad_norm=0.915725827217102, loss=4.675962924957275
I0511 23:59:35.618428 140348005259008 logging_writer.py:48] [6900] global_step=6900, grad_norm=1.0118812322616577, loss=3.7574856281280518
I0512 00:00:20.797978 140348013651712 logging_writer.py:48] [7000] global_step=7000, grad_norm=0.8148126602172852, loss=5.820889472961426
I0512 00:01:05.696360 140348005259008 logging_writer.py:48] [7100] global_step=7100, grad_norm=1.1107707023620605, loss=3.8845410346984863
I0512 00:01:50.428524 140348013651712 logging_writer.py:48] [7200] global_step=7200, grad_norm=1.249214768409729, loss=3.8626532554626465
I0512 00:02:35.505013 140348005259008 logging_writer.py:48] [7300] global_step=7300, grad_norm=0.8197280168533325, loss=5.240506172180176
I0512 00:03:20.196463 140348013651712 logging_writer.py:48] [7400] global_step=7400, grad_norm=1.2772878408432007, loss=4.4127702713012695
I0512 00:04:04.854298 140348005259008 logging_writer.py:48] [7500] global_step=7500, grad_norm=1.1290760040283203, loss=4.339682579040527
I0512 00:04:49.217930 140348013651712 logging_writer.py:48] [7600] global_step=7600, grad_norm=1.531996250152588, loss=3.7368710041046143
I0512 00:05:33.885338 140348005259008 logging_writer.py:48] [7700] global_step=7700, grad_norm=1.2255233526229858, loss=4.602015972137451
I0512 00:06:18.583796 140348013651712 logging_writer.py:48] [7800] global_step=7800, grad_norm=1.397599697113037, loss=3.85876202583313
I0512 00:07:03.364356 140348005259008 logging_writer.py:48] [7900] global_step=7900, grad_norm=0.8752430081367493, loss=5.921306610107422
I0512 00:07:48.078991 140348013651712 logging_writer.py:48] [8000] global_step=8000, grad_norm=1.340253472328186, loss=3.875117063522339
I0512 00:08:32.673318 140348005259008 logging_writer.py:48] [8100] global_step=8100, grad_norm=1.0007901191711426, loss=3.991630792617798
I0512 00:09:17.208847 140348013651712 logging_writer.py:48] [8200] global_step=8200, grad_norm=1.029208779335022, loss=4.338490962982178
I0512 00:10:02.154521 140348005259008 logging_writer.py:48] [8300] global_step=8300, grad_norm=0.8829172849655151, loss=4.785991191864014
I0512 00:10:46.908213 140348013651712 logging_writer.py:48] [8400] global_step=8400, grad_norm=1.0634695291519165, loss=4.224658966064453
I0512 00:11:31.569051 140348005259008 logging_writer.py:48] [8500] global_step=8500, grad_norm=0.8656056523323059, loss=5.171525955200195
I0512 00:12:16.261664 140348013651712 logging_writer.py:48] [8600] global_step=8600, grad_norm=1.2022148370742798, loss=3.984575033187866
I0512 00:13:00.909807 140348005259008 logging_writer.py:48] [8700] global_step=8700, grad_norm=1.2777332067489624, loss=3.6361093521118164
I0512 00:13:45.440136 140348013651712 logging_writer.py:48] [8800] global_step=8800, grad_norm=1.2269424200057983, loss=3.9360451698303223
I0512 00:14:30.115820 140348005259008 logging_writer.py:48] [8900] global_step=8900, grad_norm=1.2268970012664795, loss=3.68630313873291
I0512 00:15:14.933574 140348013651712 logging_writer.py:48] [9000] global_step=9000, grad_norm=1.220320701599121, loss=3.9857707023620605
I0512 00:15:59.769070 140348005259008 logging_writer.py:48] [9100] global_step=9100, grad_norm=1.2046457529067993, loss=3.661949872970581
I0512 00:16:44.740622 140348013651712 logging_writer.py:48] [9200] global_step=9200, grad_norm=1.3308298587799072, loss=3.6106247901916504
I0512 00:17:29.548787 140348005259008 logging_writer.py:48] [9300] global_step=9300, grad_norm=1.1766194105148315, loss=4.2740349769592285
I0512 00:18:14.361095 140348013651712 logging_writer.py:48] [9400] global_step=9400, grad_norm=1.3738446235656738, loss=4.039109230041504
I0512 00:18:59.100117 140348005259008 logging_writer.py:48] [9500] global_step=9500, grad_norm=1.097846269607544, loss=4.209639549255371
I0512 00:19:43.658753 140348013651712 logging_writer.py:48] [9600] global_step=9600, grad_norm=0.9666939973831177, loss=5.560504913330078
I0512 00:20:28.794284 140348005259008 logging_writer.py:48] [9700] global_step=9700, grad_norm=1.0526803731918335, loss=3.497692823410034
I0512 00:21:13.649631 140348013651712 logging_writer.py:48] [9800] global_step=9800, grad_norm=1.113072156906128, loss=3.9202675819396973
I0512 00:21:58.354401 140348005259008 logging_writer.py:48] [9900] global_step=9900, grad_norm=1.0651127099990845, loss=5.959859848022461
I0512 00:22:43.033226 140348013651712 logging_writer.py:48] [10000] global_step=10000, grad_norm=1.2525750398635864, loss=3.4588000774383545
I0512 00:23:27.663359 140348005259008 logging_writer.py:48] [10100] global_step=10100, grad_norm=1.545467495918274, loss=4.498244762420654
I0512 00:24:12.375766 140348013651712 logging_writer.py:48] [10200] global_step=10200, grad_norm=1.2902965545654297, loss=3.8218612670898438
I0512 00:24:57.062310 140348005259008 logging_writer.py:48] [10300] global_step=10300, grad_norm=1.2939813137054443, loss=3.415498971939087
I0512 00:25:41.831200 140348013651712 logging_writer.py:48] [10400] global_step=10400, grad_norm=1.0693296194076538, loss=4.687165260314941
I0512 00:26:26.348783 140348005259008 logging_writer.py:48] [10500] global_step=10500, grad_norm=1.4425393342971802, loss=3.4052252769470215
I0512 00:27:10.963763 140348013651712 logging_writer.py:48] [10600] global_step=10600, grad_norm=1.0629323720932007, loss=4.169600486755371
I0512 00:27:55.519454 140348005259008 logging_writer.py:48] [10700] global_step=10700, grad_norm=1.450386881828308, loss=3.727436065673828
I0512 00:28:40.401673 140348013651712 logging_writer.py:48] [10800] global_step=10800, grad_norm=1.0935982465744019, loss=4.7884674072265625
I0512 00:29:25.026523 140348005259008 logging_writer.py:48] [10900] global_step=10900, grad_norm=1.3087254762649536, loss=3.548877716064453
I0512 00:30:10.290305 140348013651712 logging_writer.py:48] [11000] global_step=11000, grad_norm=1.2780945301055908, loss=3.536299228668213
I0512 00:30:55.773102 140348005259008 logging_writer.py:48] [11100] global_step=11100, grad_norm=1.4203370809555054, loss=3.4555935859680176
I0512 00:31:40.917939 140348013651712 logging_writer.py:48] [11200] global_step=11200, grad_norm=1.1104367971420288, loss=5.0449347496032715
I0512 00:31:41.665087 140581701551296 spec.py:333] Evaluating on the training split.
I0512 00:31:56.803501 140581701551296 spec.py:346] Evaluating on the validation split.
I0512 00:32:06.036933 140581701551296 spec.py:363] Evaluating on the test split.
I0512 00:32:07.005532 140581701551296 submission_runner.py:516] Time since start: 5313.30s, 	Step: 11203, 	{'train/accuracy': Array(0.48505858, dtype=float32), 'train/loss': Array(2.3334703, dtype=float32), 'validation/accuracy': Array(0.44237998, dtype=float32), 'validation/loss': Array(2.5325994, dtype=float32), 'validation/num_examples': 50000, 'test/accuracy': Array(0.3452, dtype=float32), 'test/loss': Array(3.1442862, dtype=float32), 'test/num_examples': 10000, 'score': 5197.077200174332, 'total_duration': 5313.301504135132, 'accumulated_submission_time': 5197.077200174332, 'accumulated_eval_time': 115.97552967071533, 'accumulated_logging_time': 0.10930752754211426}
I0512 00:32:07.058634 140348005259008 logging_writer.py:48] [11203] accumulated_eval_time=115.976, accumulated_logging_time=0.109308, accumulated_submission_time=5197.08, global_step=11203, preemption_count=0, score=5197.08, test/accuracy=0.3452000021934509, test/loss=3.1442861557006836, test/num_examples=10000, total_duration=5313.3, train/accuracy=0.48505857586860657, train/loss=2.333470344543457, validation/accuracy=0.44237998127937317, validation/loss=2.532599449157715, validation/num_examples=50000
I0512 00:32:48.302668 140348013651712 logging_writer.py:48] [11300] global_step=11300, grad_norm=0.9557303786277771, loss=4.424612998962402
I0512 00:33:32.972714 140348005259008 logging_writer.py:48] [11400] global_step=11400, grad_norm=1.395946979522705, loss=3.30814790725708
I0512 00:34:17.662074 140348013651712 logging_writer.py:48] [11500] global_step=11500, grad_norm=1.2895365953445435, loss=3.3863906860351562
I0512 00:35:02.396908 140348005259008 logging_writer.py:48] [11600] global_step=11600, grad_norm=1.3106378316879272, loss=3.201524019241333
I0512 00:35:47.162590 140348013651712 logging_writer.py:48] [11700] global_step=11700, grad_norm=1.2479647397994995, loss=3.2416834831237793
I0512 00:36:31.962530 140348005259008 logging_writer.py:48] [11800] global_step=11800, grad_norm=1.1673468351364136, loss=4.100244998931885
I0512 00:37:16.461486 140348013651712 logging_writer.py:48] [11900] global_step=11900, grad_norm=1.6002800464630127, loss=3.3392419815063477
I0512 00:38:01.083133 140348005259008 logging_writer.py:48] [12000] global_step=12000, grad_norm=1.0431365966796875, loss=5.706818580627441
I0512 00:38:45.544030 140348013651712 logging_writer.py:48] [12100] global_step=12100, grad_norm=1.2139465808868408, loss=4.369917869567871
I0512 00:39:30.172884 140348005259008 logging_writer.py:48] [12200] global_step=12200, grad_norm=1.3113282918930054, loss=4.0526299476623535
I0512 00:40:15.234924 140348013651712 logging_writer.py:48] [12300] global_step=12300, grad_norm=1.0998287200927734, loss=4.29067325592041
I0512 00:40:59.926059 140348005259008 logging_writer.py:48] [12400] global_step=12400, grad_norm=1.4753135442733765, loss=3.1419215202331543
I0512 00:41:44.693856 140348013651712 logging_writer.py:48] [12500] global_step=12500, grad_norm=1.1594682931900024, loss=5.007067680358887
I0512 00:42:29.515461 140348005259008 logging_writer.py:48] [12600] global_step=12600, grad_norm=1.2547286748886108, loss=3.199711322784424
I0512 00:43:14.369059 140348013651712 logging_writer.py:48] [12700] global_step=12700, grad_norm=1.3496196269989014, loss=3.195052146911621
I0512 00:43:59.202862 140348005259008 logging_writer.py:48] [12800] global_step=12800, grad_norm=1.3126788139343262, loss=3.2284467220306396
I0512 00:44:44.130798 140348013651712 logging_writer.py:48] [12900] global_step=12900, grad_norm=1.3250912427902222, loss=3.416865110397339
I0512 00:45:28.946519 140348005259008 logging_writer.py:48] [13000] global_step=13000, grad_norm=1.5027047395706177, loss=3.656308889389038
I0512 00:46:13.716543 140348013651712 logging_writer.py:48] [13100] global_step=13100, grad_norm=1.3028720617294312, loss=5.376920700073242
I0512 00:46:58.432108 140348005259008 logging_writer.py:48] [13200] global_step=13200, grad_norm=1.2330589294433594, loss=3.4531431198120117
I0512 00:47:43.297206 140348013651712 logging_writer.py:48] [13300] global_step=13300, grad_norm=1.4179660081863403, loss=3.1717355251312256
I0512 00:48:28.070840 140348005259008 logging_writer.py:48] [13400] global_step=13400, grad_norm=1.0523592233657837, loss=5.439019203186035
I0512 00:49:12.968474 140348013651712 logging_writer.py:48] [13500] global_step=13500, grad_norm=1.2525864839553833, loss=3.2098634243011475
I0512 00:49:58.196236 140348005259008 logging_writer.py:48] [13600] global_step=13600, grad_norm=1.4670895338058472, loss=3.032564163208008
I0512 00:50:43.318536 140348013651712 logging_writer.py:48] [13700] global_step=13700, grad_norm=0.9172630906105042, loss=5.62312650680542
I0512 00:51:28.131932 140348005259008 logging_writer.py:48] [13800] global_step=13800, grad_norm=1.573350429534912, loss=3.341973304748535
I0512 00:52:12.937189 140348013651712 logging_writer.py:48] [13900] global_step=13900, grad_norm=1.40379798412323, loss=3.107672929763794
I0512 00:52:58.183377 140348005259008 logging_writer.py:48] [14000] global_step=14000, grad_norm=1.1340359449386597, loss=5.105396747589111
I0512 00:53:43.166503 140348013651712 logging_writer.py:48] [14100] global_step=14100, grad_norm=1.4509648084640503, loss=3.8631978034973145
I0512 00:54:28.310806 140348005259008 logging_writer.py:48] [14200] global_step=14200, grad_norm=1.4916249513626099, loss=3.194467067718506
I0512 00:55:13.159430 140348013651712 logging_writer.py:48] [14300] global_step=14300, grad_norm=1.2037043571472168, loss=3.671358346939087
I0512 00:55:57.934782 140348005259008 logging_writer.py:48] [14400] global_step=14400, grad_norm=1.4477989673614502, loss=3.041724681854248
I0512 00:56:42.842801 140348013651712 logging_writer.py:48] [14500] global_step=14500, grad_norm=1.2976391315460205, loss=5.5025634765625
I0512 00:57:27.754718 140348005259008 logging_writer.py:48] [14600] global_step=14600, grad_norm=1.257546305656433, loss=3.2628746032714844
I0512 00:58:12.545770 140348013651712 logging_writer.py:48] [14700] global_step=14700, grad_norm=1.2601624727249146, loss=3.895599365234375
I0512 00:58:57.407891 140348005259008 logging_writer.py:48] [14800] global_step=14800, grad_norm=1.310951828956604, loss=3.217907667160034
I0512 00:59:42.088846 140348013651712 logging_writer.py:48] [14900] global_step=14900, grad_norm=1.1881359815597534, loss=4.351924896240234
I0512 01:00:27.099473 140348005259008 logging_writer.py:48] [15000] global_step=15000, grad_norm=1.437615990638733, loss=5.05148983001709
I0512 01:01:11.594727 140348013651712 logging_writer.py:48] [15100] global_step=15100, grad_norm=1.2346900701522827, loss=5.680320739746094
I0512 01:01:56.326863 140348005259008 logging_writer.py:48] [15200] global_step=15200, grad_norm=1.7076644897460938, loss=3.218418598175049
I0512 01:02:41.161304 140348013651712 logging_writer.py:48] [15300] global_step=15300, grad_norm=1.4227964878082275, loss=3.594205856323242
I0512 01:03:26.171502 140348005259008 logging_writer.py:48] [15400] global_step=15400, grad_norm=1.5552746057510376, loss=2.9628002643585205
I0512 01:04:10.902480 140348013651712 logging_writer.py:48] [15500] global_step=15500, grad_norm=1.6668518781661987, loss=2.9796855449676514
I0512 01:04:55.589252 140348005259008 logging_writer.py:48] [15600] global_step=15600, grad_norm=1.0403047800064087, loss=5.501784324645996
I0512 01:05:40.273300 140348013651712 logging_writer.py:48] [15700] global_step=15700, grad_norm=1.4606788158416748, loss=3.3116912841796875
I0512 01:06:24.913432 140348005259008 logging_writer.py:48] [15800] global_step=15800, grad_norm=1.4381719827651978, loss=3.359701156616211
I0512 01:07:09.570853 140348005259008 logging_writer.py:48] [15900] global_step=15900, grad_norm=1.5058746337890625, loss=2.936673402786255
I0512 01:07:54.165022 140348013651712 logging_writer.py:48] [16000] global_step=16000, grad_norm=1.0537694692611694, loss=4.2889204025268555
I0512 01:08:38.814666 140348005259008 logging_writer.py:48] [16100] global_step=16100, grad_norm=1.6460167169570923, loss=3.5234532356262207
I0512 01:09:23.448505 140348013651712 logging_writer.py:48] [16200] global_step=16200, grad_norm=1.1526203155517578, loss=5.103766441345215
I0512 01:10:08.499674 140348005259008 logging_writer.py:48] [16300] global_step=16300, grad_norm=1.8266321420669556, loss=3.2136242389678955
I0512 01:10:53.096331 140348013651712 logging_writer.py:48] [16400] global_step=16400, grad_norm=1.407663345336914, loss=3.101552963256836
I0512 01:11:37.867461 140348005259008 logging_writer.py:48] [16500] global_step=16500, grad_norm=1.44523024559021, loss=2.9972245693206787
I0512 01:12:22.455334 140348013651712 logging_writer.py:48] [16600] global_step=16600, grad_norm=1.4063748121261597, loss=2.9649767875671387
I0512 01:13:07.011791 140348005259008 logging_writer.py:48] [16700] global_step=16700, grad_norm=1.4946715831756592, loss=3.5698444843292236
I0512 01:13:51.715932 140348013651712 logging_writer.py:48] [16800] global_step=16800, grad_norm=1.4945509433746338, loss=2.8142733573913574
I0512 01:14:36.328094 140348005259008 logging_writer.py:48] [16900] global_step=16900, grad_norm=1.601398229598999, loss=2.89986515045166
I0512 01:14:58.403654 140581701551296 spec.py:333] Evaluating on the training split.
I0512 01:15:16.357685 140581701551296 spec.py:346] Evaluating on the validation split.
I0512 01:15:24.854617 140581701551296 spec.py:363] Evaluating on the test split.
I0512 01:15:25.822224 140581701551296 submission_runner.py:516] Time since start: 7912.12s, 	Step: 16951, 	{'train/accuracy': Array(0.57347655, dtype=float32), 'train/loss': Array(1.8598325, dtype=float32), 'validation/accuracy': Array(0.52423996, dtype=float32), 'validation/loss': Array(2.088642, dtype=float32), 'validation/num_examples': 50000, 'test/accuracy': Array(0.41560003, dtype=float32), 'test/loss': Array(2.7237034, dtype=float32), 'test/num_examples': 10000, 'score': 7768.314415693283, 'total_duration': 7912.11824965477, 'accumulated_submission_time': 7768.314415693283, 'accumulated_eval_time': 143.39202570915222, 'accumulated_logging_time': 0.21206188201904297}
I0512 01:15:25.876180 140348013651712 logging_writer.py:48] [16951] accumulated_eval_time=143.392, accumulated_logging_time=0.212062, accumulated_submission_time=7768.31, global_step=16951, preemption_count=0, score=7768.31, test/accuracy=0.4156000316143036, test/loss=2.723703384399414, test/num_examples=10000, total_duration=7912.12, train/accuracy=0.5734765529632568, train/loss=1.859832525253296, validation/accuracy=0.5242399573326111, validation/loss=2.088641881942749, validation/num_examples=50000
I0512 01:15:45.540953 140348005259008 logging_writer.py:48] [17000] global_step=17000, grad_norm=1.653704285621643, loss=2.8331265449523926
I0512 01:16:30.220631 140348013651712 logging_writer.py:48] [17100] global_step=17100, grad_norm=1.16450035572052, loss=5.575019836425781
I0512 01:17:14.882713 140348005259008 logging_writer.py:48] [17200] global_step=17200, grad_norm=1.0551882982254028, loss=5.47152042388916
I0512 01:17:59.629718 140348013651712 logging_writer.py:48] [17300] global_step=17300, grad_norm=1.4630165100097656, loss=3.061657428741455
I0512 01:18:44.346381 140348005259008 logging_writer.py:48] [17400] global_step=17400, grad_norm=1.3967398405075073, loss=3.3042349815368652
I0512 01:19:29.007339 140348013651712 logging_writer.py:48] [17500] global_step=17500, grad_norm=1.3598674535751343, loss=3.6462345123291016
I0512 01:20:13.963874 140348005259008 logging_writer.py:48] [17600] global_step=17600, grad_norm=1.444942593574524, loss=2.8114607334136963
I0512 01:20:58.731884 140348013651712 logging_writer.py:48] [17700] global_step=17700, grad_norm=1.7258801460266113, loss=2.992610454559326
I0512 01:21:43.447691 140348005259008 logging_writer.py:48] [17800] global_step=17800, grad_norm=1.8437920808792114, loss=2.8950395584106445
I0512 01:22:28.231507 140348013651712 logging_writer.py:48] [17900] global_step=17900, grad_norm=1.6278808116912842, loss=2.8953609466552734
I0512 01:23:12.959686 140348005259008 logging_writer.py:48] [18000] global_step=18000, grad_norm=1.493242859840393, loss=2.8139171600341797
I0512 01:23:57.727952 140348013651712 logging_writer.py:48] [18100] global_step=18100, grad_norm=1.582155466079712, loss=3.0122170448303223
I0512 01:24:42.466851 140348005259008 logging_writer.py:48] [18200] global_step=18200, grad_norm=1.825305700302124, loss=2.844226121902466
I0512 01:25:27.382515 140348013651712 logging_writer.py:48] [18300] global_step=18300, grad_norm=1.0649876594543457, loss=5.537196159362793
I0512 01:26:12.020951 140348005259008 logging_writer.py:48] [18400] global_step=18400, grad_norm=1.8252246379852295, loss=2.9385857582092285
I0512 01:26:56.791517 140348013651712 logging_writer.py:48] [18500] global_step=18500, grad_norm=1.1747363805770874, loss=3.885087490081787
I0512 01:27:41.599437 140348005259008 logging_writer.py:48] [18600] global_step=18600, grad_norm=1.3198823928833008, loss=3.407855749130249
I0512 01:28:26.208603 140348013651712 logging_writer.py:48] [18700] global_step=18700, grad_norm=1.4080716371536255, loss=5.312236785888672
I0512 01:29:10.802081 140348005259008 logging_writer.py:48] [18800] global_step=18800, grad_norm=1.1907626390457153, loss=3.79886531829834
I0512 01:29:55.467707 140348013651712 logging_writer.py:48] [18900] global_step=18900, grad_norm=1.4982913732528687, loss=3.0185515880584717
I0512 01:30:40.520161 140348005259008 logging_writer.py:48] [19000] global_step=19000, grad_norm=1.4626144170761108, loss=3.742147445678711
I0512 01:31:25.305652 140348013651712 logging_writer.py:48] [19100] global_step=19100, grad_norm=1.2102504968643188, loss=4.721250534057617
I0512 01:32:10.092044 140348005259008 logging_writer.py:48] [19200] global_step=19200, grad_norm=1.1859238147735596, loss=5.017366409301758
I0512 01:32:54.861891 140348013651712 logging_writer.py:48] [19300] global_step=19300, grad_norm=1.1769695281982422, loss=5.272213935852051
I0512 01:33:39.791297 140348005259008 logging_writer.py:48] [19400] global_step=19400, grad_norm=1.571617841720581, loss=3.1399073600769043
I0512 01:34:24.580442 140348013651712 logging_writer.py:48] [19500] global_step=19500, grad_norm=1.5787882804870605, loss=2.788872718811035
I0512 01:35:09.241205 140348005259008 logging_writer.py:48] [19600] global_step=19600, grad_norm=1.5938522815704346, loss=4.689498424530029
I0512 01:35:54.047314 140348013651712 logging_writer.py:48] [19700] global_step=19700, grad_norm=1.5728217363357544, loss=2.758742570877075
I0512 01:36:38.762638 140348005259008 logging_writer.py:48] [19800] global_step=19800, grad_norm=1.5851393938064575, loss=2.6365668773651123
I0512 01:37:23.483477 140348013651712 logging_writer.py:48] [19900] global_step=19900, grad_norm=1.5521342754364014, loss=2.7041468620300293
I0512 01:38:08.176456 140348005259008 logging_writer.py:48] [20000] global_step=20000, grad_norm=1.7574845552444458, loss=2.858218193054199
I0512 01:38:52.601012 140348013651712 logging_writer.py:48] [20100] global_step=20100, grad_norm=1.5009442567825317, loss=3.344874382019043
I0512 01:39:37.191325 140348005259008 logging_writer.py:48] [20200] global_step=20200, grad_norm=1.7425495386123657, loss=2.6908862590789795
I0512 01:40:22.275139 140348013651712 logging_writer.py:48] [20300] global_step=20300, grad_norm=1.7039273977279663, loss=2.7474048137664795
I0512 01:41:06.937039 140348005259008 logging_writer.py:48] [20400] global_step=20400, grad_norm=1.72535240650177, loss=3.332592487335205
I0512 01:41:51.658602 140348013651712 logging_writer.py:48] [20500] global_step=20500, grad_norm=1.6582505702972412, loss=2.6858339309692383
I0512 01:42:36.313083 140348005259008 logging_writer.py:48] [20600] global_step=20600, grad_norm=1.3895719051361084, loss=4.77711296081543
I0512 01:43:20.951938 140348005259008 logging_writer.py:48] [20700] global_step=20700, grad_norm=1.613314151763916, loss=2.6497039794921875
I0512 01:44:05.713972 140348013651712 logging_writer.py:48] [20800] global_step=20800, grad_norm=1.8038959503173828, loss=2.622767925262451
I0512 01:44:50.423289 140348005259008 logging_writer.py:48] [20900] global_step=20900, grad_norm=1.8139292001724243, loss=3.0116028785705566
