python submission_runner.py --framework=jax --workload=librispeech_conformer --submission_path=submissions_algorithms/submissions/self_tuning/schedule_free_adamw_jax/submission.py --data_dir=/data/librispeech --experiment_dir=/experiment_runs --experiment_name=submissions_a100/schedule_free_adamw_jax/study_0 --overwrite=True --save_checkpoints=False --rng_seed=-1203503141 --librispeech_tokenizer_vocab_path=/data/librispeech/spm_model.vocab --tuning_ruleset=self 2>&1 | tee -a /logs/librispeech_conformer_jax_05-15-2026-00-41-50.log
2026-05-15 00:42:01.574920: E external/local_xla/xla/stream_executor/cuda/cuda_fft.cc:467] Unable to register cuFFT factory: Attempting to register factory for plugin cuFFT when one has already been registered
WARNING: All log messages before absl::InitializeLog() is called are written to STDERR
E0000 00:00:1778805722.082401      13 cuda_dnn.cc:8579] Unable to register cuDNN factory: Attempting to register factory for plugin cuDNN when one has already been registered
E0000 00:00:1778805722.257464      13 cuda_blas.cc:1407] Unable to register cuBLAS factory: Attempting to register factory for plugin cuBLAS when one has already been registered
W0000 00:00:1778805723.651904      13 computation_placer.cc:177] computation placer already registered. Please check linkage and avoid linking the same target more than once.
W0000 00:00:1778805723.651952      13 computation_placer.cc:177] computation placer already registered. Please check linkage and avoid linking the same target more than once.
W0000 00:00:1778805723.651955      13 computation_placer.cc:177] computation placer already registered. Please check linkage and avoid linking the same target more than once.
W0000 00:00:1778805723.651957      13 computation_placer.cc:177] computation placer already registered. Please check linkage and avoid linking the same target more than once.
/usr/local/lib/python3.11/site-packages/torch/__init__.py:1617: UserWarning: Please use the new API settings to control TF32 behavior, such as torch.backends.cudnn.conv.fp32_precision = 'tf32' or torch.backends.cuda.matmul.fp32_precision = 'ieee'. Old settings, e.g, torch.backends.cuda.matmul.allow_tf32 = True, torch.backends.cudnn.allow_tf32 = True, allowTF32CuDNN() and allowTF32CuBLAS() will be deprecated after Pytorch 2.9. Please see https://pytorch.org/docs/main/notes/cuda.html#tensorfloat-32-tf32-on-ampere-and-later-devices (Triggered internally at /pytorch/aten/src/ATen/Context.cpp:80.)
  _C._set_float32_matmul_precision(precision)
/usr/local/lib/python3.11/site-packages/pydantic/_internal/_generate_schema.py:2249: UnsupportedFieldAttributeWarning: The 'repr' attribute with value False was provided to the `Field()` function, which has no effect in the context it was used. 'repr' is field-specific metadata, and can only be attached to a model field using `Annotated` metadata or by assignment. This may have happened because an `Annotated` type alias using the `type` statement was used, or if the `Field()` function was attached to a single member of a union type.
  warnings.warn(
/usr/local/lib/python3.11/site-packages/pydantic/_internal/_generate_schema.py:2249: UnsupportedFieldAttributeWarning: The 'frozen' attribute with value True was provided to the `Field()` function, which has no effect in the context it was used. 'frozen' is field-specific metadata, and can only be attached to a model field using `Annotated` metadata or by assignment. This may have happened because an `Annotated` type alias using the `type` statement was used, or if the `Field()` function was attached to a single member of a union type.
  warnings.warn(
INFO:2026-05-15 00:43:00,543:jax._src.xla_bridge:830: Unable to initialize backend 'tpu': INTERNAL: Failed to open libtpu.so: libtpu.so: cannot open shared object file: No such file or directory
I0515 00:43:00.543812 139828340712640 xla_bridge.py:830] Unable to initialize backend 'tpu': INTERNAL: Failed to open libtpu.so: libtpu.so: cannot open shared object file: No such file or directory
I0515 00:43:01.685685 139828340712640 logger_utils.py:59] Removing existing experiment directory /experiment_runs/submissions_a100/schedule_free_adamw_jax/study_0/librispeech_conformer_jax because --overwrite was set.
I0515 00:43:01.692176 139828340712640 logger_utils.py:84] Creating experiment directory at /experiment_runs/submissions_a100/schedule_free_adamw_jax/study_0/librispeech_conformer_jax.
I0515 00:43:05.640505 139828340712640 submission_runner.py:741] Creating directory at /experiment_runs/submissions_a100/schedule_free_adamw_jax/study_0/librispeech_conformer_jax/trial_1.
I0515 00:43:05.952051 139828340712640 submission_runner.py:242] Initializing dataset.
I0515 00:43:05.952276 139828340712640 submission_runner.py:251] Initializing model.
I0515 00:43:29.863755 139828340712640 submission_runner.py:294] Initializing optimizer.
I0515 00:43:31.128884 139828340712640 submission_runner.py:299] Initializing metrics bundle.
I0515 00:43:31.129158 139828340712640 submission_runner.py:321] Initializing checkpoint and logger.
I0515 00:43:31.136683 139828340712640 checkpoints.py:1098] Found no checkpoint files in /experiment_runs/submissions_a100/schedule_free_adamw_jax/study_0/librispeech_conformer_jax/trial_1 with prefix checkpoint_
I0515 00:43:31.136827 139828340712640 submission_runner.py:344] Saving meta data to /experiment_runs/submissions_a100/schedule_free_adamw_jax/study_0/librispeech_conformer_jax/trial_1/meta_data_0.json.
I0515 00:43:31.137022 139828340712640 logger_utils.py:283] Unable to record workload.train_mean information. Continuing without it.
I0515 00:43:31.137087 139828340712640 logger_utils.py:283] Unable to record workload.train_stddev information. Continuing without it.
I0515 00:43:31.510680 139828340712640 submission_runner.py:348] Saving flags to /experiment_runs/submissions_a100/schedule_free_adamw_jax/study_0/librispeech_conformer_jax/trial_1/flags_0.json.
I0515 00:43:31.531903 139828340712640 submission_runner.py:359] Starting training loop.
I0515 00:43:31.727172 139828340712640 input_pipeline.py:19] Loading split = train-clean-100
I0515 00:43:31.789603 139828340712640 input_pipeline.py:19] Loading split = train-clean-360
I0515 00:43:32.097776 139828340712640 input_pipeline.py:19] Loading split = train-other-500
/usr/local/lib/python3.11/multiprocessing/popen_fork.py:66: RuntimeWarning: os.fork() was called. os.fork() is incompatible with multithreaded code, and JAX is multithreaded, so this will likely lead to a deadlock.
  self.pid = os.fork()
2026-05-15 00:44:16.674973: E external/xla/xla/stream_executor/cuda/cuda_timer.cc:86] Delay kernel timed out: measured time has sub-optimal accuracy. There may be a missing warmup execution, please investigate in Nsight Systems.
2026-05-15 00:44:16.835272: E external/xla/xla/stream_executor/cuda/cuda_timer.cc:86] Delay kernel timed out: measured time has sub-optimal accuracy. There may be a missing warmup execution, please investigate in Nsight Systems.
2026-05-15 00:44:27.454224: E external/xla/xla/service/slow_operation_alarm.cc:73] Trying algorithm eng0{} for conv (f32[64,512,999,41]{3,2,1,0}, u8[0]{0}) custom-call(f32[64,512,500,20]{3,2,1,0}, f32[512,512,3,3]{3,2,1,0}), window={size=3x3 stride=2x2 pad=1_1x0_0}, dim_labels=bf01_oi01->bf01, custom_call_target="__cudnn$convBackwardInput", backend_config={"operation_queue_id":"0","wait_on_operation_queues":[],"cudnn_conv_backend_config":{"activation_mode":"kNone","conv_result_scale":1,"side_input_scale":0,"leakyrelu_alpha":0},"force_earliest_schedule":false,"reification_cost":[]} is taking a while...
2026-05-15 00:45:03.128121: E external/xla/xla/service/slow_operation_alarm.cc:140] The operation took 36.673977454s
Trying algorithm eng0{} for conv (f32[64,512,999,41]{3,2,1,0}, u8[0]{0}) custom-call(f32[64,512,500,20]{3,2,1,0}, f32[512,512,3,3]{3,2,1,0}), window={size=3x3 stride=2x2 pad=1_1x0_0}, dim_labels=bf01_oi01->bf01, custom_call_target="__cudnn$convBackwardInput", backend_config={"operation_queue_id":"0","wait_on_operation_queues":[],"cudnn_conv_backend_config":{"activation_mode":"kNone","conv_result_scale":1,"side_input_scale":0,"leakyrelu_alpha":0},"force_earliest_schedule":false,"reification_cost":[]} is taking a while...
2026-05-15 00:45:14.286005: E external/xla/xla/service/slow_operation_alarm.cc:73] Trying algorithm eng0{} for conv (f32[512,512,3,3]{3,2,1,0}, u8[0]{0}) custom-call(f32[64,512,999,41]{3,2,1,0}, f32[64,512,500,20]{3,2,1,0}), window={size=3x3 stride=2x2 pad=1_1x0_0}, dim_labels=bf01_oi01->bf01, custom_call_target="__cudnn$convBackwardFilter", backend_config={"operation_queue_id":"0","wait_on_operation_queues":[],"cudnn_conv_backend_config":{"activation_mode":"kNone","conv_result_scale":1,"side_input_scale":0,"leakyrelu_alpha":0},"force_earliest_schedule":false,"reification_cost":[]} is taking a while...
2026-05-15 00:45:29.928693: E external/xla/xla/service/slow_operation_alarm.cc:140] The operation took 16.642785073s
Trying algorithm eng0{} for conv (f32[512,512,3,3]{3,2,1,0}, u8[0]{0}) custom-call(f32[64,512,999,41]{3,2,1,0}, f32[64,512,500,20]{3,2,1,0}), window={size=3x3 stride=2x2 pad=1_1x0_0}, dim_labels=bf01_oi01->bf01, custom_call_target="__cudnn$convBackwardFilter", backend_config={"operation_queue_id":"0","wait_on_operation_queues":[],"cudnn_conv_backend_config":{"activation_mode":"kNone","conv_result_scale":1,"side_input_scale":0,"leakyrelu_alpha":0},"force_earliest_schedule":false,"reification_cost":[]} is taking a while...
/usr/local/lib/python3.11/site-packages/jax/_src/interpreters/mlir.py:1268: UserWarning: Some donated buffers were not usable: float32[512], float32[512], float32[5,1,512], float32[512], float32[512,512], float32[512], float32[512,512], float32[512], float32[512,512], float32[512], float32[512], float32[2048], float32[512,2048], float32[512], float32[2048,512], float32[512], float32[512], float32[2048], float32[512,2048], float32[512], float32[2048,512], float32[512], float32[512], float32[512], float32[512], float32[512], float32[512], float32[64], float32[8,64], float32[512,8,64], float32[512], float32[8,64,512], float32[8,64], float32[512,8,64], float32[8,64], float32[512,8,64], float32[512], float32[512], float32[5,1,512], float32[512], float32[512,512], float32[512], float32[512,512], float32[512], float32[512,512], float32[512], float32[512], float32[2048], float32[512,2048], float32[512], float32[2048,512], float32[512], float32[512], float32[2048], float32[512,2048], float32[512], float32[2048,512], float32[512], float32[512], float32[512], float32[512], float32[512], float32[512], float32[64], float32[8,64], float32[512,8,64], float32[512], float32[8,64,512], float32[8,64], float32[512,8,64], float32[8,64], float32[512,8,64], float32[512], float32[512], float32[5,1,512], float32[512], float32[512,512], float32[512], float32[512,512], float32[512], float32[512,512], float32[512], float32[512], float32[2048], float32[512,2048], float32[512], float32[2048,512], float32[512], float32[512], float32[2048], float32[512,2048], float32[512], float32[2048,512], float32[512], float32[512], float32[512], float32[512], float32[512], float32[512], float32[64], float32[8,64], float32[512,8,64], float32[512], float32[8,64,512], float32[8,64], float32[512,8,64], float32[8,64], float32[512,8,64], float32[512], float32[512], float32[5,1,512], float32[512], float32[512,512], float32[512], float32[512,512], float32[512], float32[512,512], float32[512], float32[512], float32[2048], float32[512,2048], float32[512], float32[2048,512], float32[512], float32[512], float32[2048], float32[512,2048], float32[512], float32[2048,512], float32[512], float32[512], float32[512], float32[512], float32[512], float32[512], float32[64], float32[8,64], float32[512,8,64], float32[512], float32[8,64,512], float32[8,64], float32[512,8,64], float32[8,64], float32[512,8,64], float32[1024], float32[512,1024], float32[512], float32[512], float32[512], float32[3,3,1,512], float32[512], float32[3,3,512,512], float32[512], float32[10240,512].
See an explanation at https://docs.jax.dev/en/latest/faq.html#buffer-donation.
  warnings.warn("Some donated buffers were not usable:"
I0515 00:46:47.027599 139813077604096 logging_writer.py:48] [0] global_step=0, grad_norm=33.179473876953125, loss=32.98954772949219
I0515 00:46:48.485253 139828340712640 spec.py:333] Evaluating on the training split.
I0515 00:46:48.485461 139828340712640 input_pipeline.py:19] Loading split = train-clean-100
I0515 00:46:48.552389 139828340712640 input_pipeline.py:19] Loading split = train-clean-360
I0515 00:46:49.020688 139828340712640 input_pipeline.py:19] Loading split = train-other-500
/usr/local/lib/python3.11/multiprocessing/popen_fork.py:66: RuntimeWarning: os.fork() was called. os.fork() is incompatible with multithreaded code, and JAX is multithreaded, so this will likely lead to a deadlock.
  self.pid = os.fork()
/usr/local/lib/python3.11/site-packages/jax/_src/ops/scatter.py:110: FutureWarning: scatter inputs have incompatible types: cannot safely cast value from dtype=float32 to dtype=int32 with jax_numpy_dtype_promotion='standard'. In future JAX releases this will result in an error.
  warnings.warn(
2026-05-15 00:47:02.056008: E external/xla/xla/service/slow_operation_alarm.cc:73] Constant folding an instruction is taking > 1s:

  %reduce-window.10 = f32[256,500]{1,0} reduce-window(%broadcast.219, %constant.69), window={size=1x500 pad=0_0x499_0}, to_apply=%region_53.2129.clone, metadata={op_name="jit(_eval_step)/jit(cumsum)/LibriSpeechConformerWorkload.sequence_mask/reduce_window_sum" source_file="/algorithmic-efficiency/algoperf/workloads/librispeech_conformer/librispeech_jax/workload.py" source_line=251}

This isn't necessarily a bug; constant-folding is inherently a trade-off between compilation time and speed at runtime. XLA has some guards that attempt to keep constant folding from taking too long, but fundamentally you'll always be able to come up with an input program that takes a long time.

If you'd like to file a bug, run with envvar XLA_FLAGS=--xla_dump_to=/tmp/foo and attach the results.
2026-05-15 00:47:09.046857: E external/xla/xla/service/slow_operation_alarm.cc:140] The operation took 7.991443683s
Constant folding an instruction is taking > 1s:

  %reduce-window.10 = f32[256,500]{1,0} reduce-window(%broadcast.219, %constant.69), window={size=1x500 pad=0_0x499_0}, to_apply=%region_53.2129.clone, metadata={op_name="jit(_eval_step)/jit(cumsum)/LibriSpeechConformerWorkload.sequence_mask/reduce_window_sum" source_file="/algorithmic-efficiency/algoperf/workloads/librispeech_conformer/librispeech_jax/workload.py" source_line=251}

This isn't necessarily a bug; constant-folding is inherently a trade-off between compilation time and speed at runtime. XLA has some guards that attempt to keep constant folding from taking too long, but fundamentally you'll always be able to come up with an input program that takes a long time.

If you'd like to file a bug, run with envvar XLA_FLAGS=--xla_dump_to=/tmp/foo and attach the results.
2026-05-15 00:47:11.047003: E external/xla/xla/service/slow_operation_alarm.cc:73] Constant folding an instruction is taking > 2s:

  %reduce-window.11 = f32[256,500]{1,0} reduce-window(%broadcast.219, %constant.72), window={size=1x500 pad=0_0x499_0}, to_apply=%region_53.2129, metadata={op_name="jit(_eval_step)/jit(cumsum)/LibriSpeechConformerWorkload.sequence_mask/reduce_window_sum" source_file="/algorithmic-efficiency/algoperf/workloads/librispeech_conformer/librispeech_jax/workload.py" source_line=251}

This isn't necessarily a bug; constant-folding is inherently a trade-off between compilation time and speed at runtime. XLA has some guards that attempt to keep constant folding from taking too long, but fundamentally you'll always be able to come up with an input program that takes a long time.

If you'd like to file a bug, run with envvar XLA_FLAGS=--xla_dump_to=/tmp/foo and attach the results.
2026-05-15 00:47:16.893877: E external/xla/xla/service/slow_operation_alarm.cc:140] The operation took 7.846964512s
Constant folding an instruction is taking > 2s:

  %reduce-window.11 = f32[256,500]{1,0} reduce-window(%broadcast.219, %constant.72), window={size=1x500 pad=0_0x499_0}, to_apply=%region_53.2129, metadata={op_name="jit(_eval_step)/jit(cumsum)/LibriSpeechConformerWorkload.sequence_mask/reduce_window_sum" source_file="/algorithmic-efficiency/algoperf/workloads/librispeech_conformer/librispeech_jax/workload.py" source_line=251}

This isn't necessarily a bug; constant-folding is inherently a trade-off between compilation time and speed at runtime. XLA has some guards that attempt to keep constant folding from taking too long, but fundamentally you'll always be able to come up with an input program that takes a long time.

If you'd like to file a bug, run with envvar XLA_FLAGS=--xla_dump_to=/tmp/foo and attach the results.
I0515 00:48:09.906270 139828340712640 spec.py:346] Evaluating on the validation split.
I0515 00:48:09.906800 139828340712640 input_pipeline.py:19] Loading split = dev-clean
I0515 00:48:09.927534 139828340712640 input_pipeline.py:19] Loading split = dev-other
2026-05-15 00:48:55.468865: E external/xla/xla/service/slow_operation_alarm.cc:73] Constant folding an instruction is taking > 4s:

  %reduce-window.10 = f32[228,500]{1,0} reduce-window(%broadcast.216, %constant.69), window={size=1x500 pad=0_0x499_0}, to_apply=%region_53.2126.clone, metadata={op_name="jit(_eval_step)/jit(cumsum)/LibriSpeechConformerWorkload.sequence_mask/reduce_window_sum" source_file="/algorithmic-efficiency/algoperf/workloads/librispeech_conformer/librispeech_jax/workload.py" source_line=251}

This isn't necessarily a bug; constant-folding is inherently a trade-off between compilation time and speed at runtime. XLA has some guards that attempt to keep constant folding from taking too long, but fundamentally you'll always be able to come up with an input program that takes a long time.

If you'd like to file a bug, run with envvar XLA_FLAGS=--xla_dump_to=/tmp/foo and attach the results.
2026-05-15 00:48:57.876705: E external/xla/xla/service/slow_operation_alarm.cc:140] The operation took 6.408063449s
Constant folding an instruction is taking > 4s:

  %reduce-window.10 = f32[228,500]{1,0} reduce-window(%broadcast.216, %constant.69), window={size=1x500 pad=0_0x499_0}, to_apply=%region_53.2126.clone, metadata={op_name="jit(_eval_step)/jit(cumsum)/LibriSpeechConformerWorkload.sequence_mask/reduce_window_sum" source_file="/algorithmic-efficiency/algoperf/workloads/librispeech_conformer/librispeech_jax/workload.py" source_line=251}

This isn't necessarily a bug; constant-folding is inherently a trade-off between compilation time and speed at runtime. XLA has some guards that attempt to keep constant folding from taking too long, but fundamentally you'll always be able to come up with an input program that takes a long time.

If you'd like to file a bug, run with envvar XLA_FLAGS=--xla_dump_to=/tmp/foo and attach the results.
2026-05-15 00:49:12.546181: E external/xla/xla/stream_executor/cuda/cuda_timer.cc:86] Delay kernel timed out: measured time has sub-optimal accuracy. There may be a missing warmup execution, please investigate in Nsight Systems.
2026-05-15 00:49:12.706469: E external/xla/xla/stream_executor/cuda/cuda_timer.cc:86] Delay kernel timed out: measured time has sub-optimal accuracy. There may be a missing warmup execution, please investigate in Nsight Systems.
I0515 00:49:46.550600 139828340712640 spec.py:363] Evaluating on the test split.
I0515 00:49:46.551387 139828340712640 input_pipeline.py:19] Loading split = test-clean
2026-05-15 00:50:16.639985: E external/xla/xla/stream_executor/cuda/cuda_timer.cc:86] Delay kernel timed out: measured time has sub-optimal accuracy. There may be a missing warmup execution, please investigate in Nsight Systems.
2026-05-15 00:50:16.800275: E external/xla/xla/stream_executor/cuda/cuda_timer.cc:86] Delay kernel timed out: measured time has sub-optimal accuracy. There may be a missing warmup execution, please investigate in Nsight Systems.
I0515 00:50:36.431896 139828340712640 submission_runner.py:516] Time since start: 424.90s, 	Step: 1, 	{'train/ctc_loss': Array(7.9014397, dtype=float32), 'train/wer': np.float64(0.9440268204818525), 'validation/ctc_loss': Array(7.7533803, dtype=float32), 'validation/wer': np.float64(0.896866702071163), 'validation/num_examples': 5348, 'test/ctc_loss': Array(7.74551, dtype=float32), 'test/wer': np.float64(0.8997014197794162), 'test/num_examples': 2472, 'score': 196.95326209068298, 'total_duration': 424.897492647171, 'accumulated_submission_time': 196.95326209068298, 'accumulated_eval_time': 227.94414043426514, 'accumulated_logging_time': 0}
I0515 00:50:36.478392 139696982025984 logging_writer.py:48] [1] accumulated_eval_time=227.944, accumulated_logging_time=0, accumulated_submission_time=196.953, global_step=1, preemption_count=0, score=196.953, test/ctc_loss=7.745510101318359, test/num_examples=2472, test/wer=0.899701, total_duration=424.897, train/ctc_loss=7.901439666748047, train/wer=0.944027, validation/ctc_loss=7.753380298614502, validation/num_examples=5348, validation/wer=0.896867
/usr/local/lib/python3.11/site-packages/jax/_src/interpreters/mlir.py:1268: UserWarning: Some donated buffers were not usable: float32[512], float32[512], float32[5,1,512], float32[512], float32[512,512], float32[512], float32[512,512], float32[512], float32[512,512], float32[512], float32[512], float32[2048], float32[512,2048], float32[512], float32[2048,512], float32[512], float32[512], float32[2048], float32[512,2048], float32[512], float32[2048,512], float32[512], float32[512], float32[512], float32[512], float32[512], float32[512], float32[64], float32[8,64], float32[512,8,64], float32[512], float32[8,64,512], float32[8,64], float32[512,8,64], float32[8,64], float32[512,8,64], float32[512], float32[512], float32[5,1,512], float32[512], float32[512,512], float32[512], float32[512,512], float32[512], float32[512,512], float32[512], float32[512], float32[2048], float32[512,2048], float32[512], float32[2048,512], float32[512], float32[512], float32[2048], float32[512,2048], float32[512], float32[2048,512], float32[512], float32[512], float32[512], float32[512], float32[512], float32[512], float32[64], float32[8,64], float32[512,8,64], float32[512], float32[8,64,512], float32[8,64], float32[512,8,64], float32[8,64], float32[512,8,64], float32[512], float32[512], float32[5,1,512], float32[512], float32[512,512], float32[512], float32[512,512], float32[512], float32[512,512], float32[512], float32[512], float32[2048], float32[512,2048], float32[512], float32[2048,512], float32[512], float32[512], float32[2048], float32[512,2048], float32[512], float32[2048,512], float32[512], float32[512], float32[512], float32[512], float32[512], float32[512], float32[64], float32[8,64], float32[512,8,64], float32[512], float32[8,64,512], float32[8,64], float32[512,8,64], float32[8,64], float32[512,8,64], float32[512], float32[512], float32[5,1,512], float32[512], float32[512,512], float32[512], float32[512,512], float32[512], float32[512,512], float32[512], float32[512], float32[2048], float32[512,2048], float32[512], float32[2048,512], float32[512], float32[512], float32[2048], float32[512,2048], float32[512], float32[2048,512], float32[512], float32[512], float32[512], float32[512], float32[512], float32[512], float32[64], float32[8,64], float32[512,8,64], float32[512], float32[8,64,512], float32[8,64], float32[512,8,64], float32[8,64], float32[512,8,64], float32[1024], float32[512,1024], float32[512], float32[512], float32[512], float32[3,3,1,512], float32[512], float32[3,3,512,512], float32[512], float32[10240,512].
See an explanation at https://docs.jax.dev/en/latest/faq.html#buffer-donation.
  warnings.warn("Some donated buffers were not usable:"
I0515 00:56:00.210304 139769529444096 logging_writer.py:48] [100] global_step=100, grad_norm=0.6100221872329712, loss=5.862265586853027
I0515 01:02:46.878837 139812975933184 logging_writer.py:48] [200] global_step=200, grad_norm=3.961740016937256, loss=5.799041271209717
I0515 01:09:48.117640 139769529444096 logging_writer.py:48] [300] global_step=300, grad_norm=3.342409372329712, loss=5.818309783935547
I0515 01:16:57.526588 139812975933184 logging_writer.py:48] [400] global_step=400, grad_norm=6.198389053344727, loss=5.811318397521973
I0515 01:19:46.619765 139828340712640 spec.py:333] Evaluating on the training split.
I0515 01:20:23.444473 139828340712640 spec.py:346] Evaluating on the validation split.
/usr/local/lib/python3.11/multiprocessing/popen_fork.py:66: RuntimeWarning: os.fork() was called. os.fork() is incompatible with multithreaded code, and JAX is multithreaded, so this will likely lead to a deadlock.
  self.pid = os.fork()
I0515 01:21:23.184440 139828340712640 spec.py:363] Evaluating on the test split.
I0515 01:21:53.144965 139828340712640 submission_runner.py:516] Time since start: 2301.61s, 	Step: 439, 	{'train/ctc_loss': Array(1.5166935, dtype=float32), 'train/wer': np.float64(0.944635537887994), 'validation/ctc_loss': Array(1.5483526, dtype=float32), 'validation/wer': np.float64(0.8967218654950997), 'validation/num_examples': 5348, 'test/ctc_loss': Array(1.5424807, dtype=float32), 'test/wer': np.float64(0.899579550301627), 'test/num_examples': 2472, 'score': 1947.0643391609192, 'total_duration': 2301.610549926758, 'accumulated_submission_time': 1947.0643391609192, 'accumulated_eval_time': 354.4669382572174, 'accumulated_logging_time': 0.06995487213134766}
I0515 01:21:53.199919 139812975933184 logging_writer.py:48] [439] accumulated_eval_time=354.467, accumulated_logging_time=0.0699549, accumulated_submission_time=1947.06, global_step=439, preemption_count=0, score=1947.06, test/ctc_loss=1.542480707168579, test/num_examples=2472, test/wer=0.89958, total_duration=2301.61, train/ctc_loss=1.5166934728622437, train/wer=0.944636, validation/ctc_loss=1.548352599143982, validation/num_examples=5348, validation/wer=0.896722
I0515 01:23:59.972835 139769529444096 logging_writer.py:48] [500] global_step=500, grad_norm=2.089664936065674, loss=5.786416530609131
I0515 01:30:46.554751 139812975933184 logging_writer.py:48] [600] global_step=600, grad_norm=3.3541648387908936, loss=5.758923530578613
I0515 01:37:37.475911 139769529444096 logging_writer.py:48] [700] global_step=700, grad_norm=4.452627182006836, loss=5.651629447937012
I0515 01:44:49.249702 139812975933184 logging_writer.py:48] [800] global_step=800, grad_norm=2.0113391876220703, loss=5.486361503601074
I0515 01:51:01.709135 139828340712640 spec.py:333] Evaluating on the training split.
I0515 01:51:39.022083 139828340712640 spec.py:346] Evaluating on the validation split.
/usr/local/lib/python3.11/multiprocessing/popen_fork.py:66: RuntimeWarning: os.fork() was called. os.fork() is incompatible with multithreaded code, and JAX is multithreaded, so this will likely lead to a deadlock.
  self.pid = os.fork()
I0515 01:52:36.402419 139828340712640 spec.py:363] Evaluating on the test split.
I0515 01:53:05.446529 139828340712640 submission_runner.py:516] Time since start: 4173.91s, 	Step: 889, 	{'train/ctc_loss': Array(1.4767932, dtype=float32), 'train/wer': np.float64(0.9427216791412514), 'validation/ctc_loss': Array(1.5070449, dtype=float32), 'validation/wer': np.float64(0.8967218654950997), 'validation/num_examples': 5348, 'test/ctc_loss': Array(1.4962969, dtype=float32), 'test/wer': np.float64(0.899579550301627), 'test/num_examples': 2472, 'score': 3695.5544312000275, 'total_duration': 4173.912148714066, 'accumulated_submission_time': 3695.5544312000275, 'accumulated_eval_time': 478.20188188552856, 'accumulated_logging_time': 0.13576936721801758}
I0515 01:53:05.498436 139812975933184 logging_writer.py:48] [889] accumulated_eval_time=478.202, accumulated_logging_time=0.135769, accumulated_submission_time=3695.55, global_step=889, preemption_count=0, score=3695.55, test/ctc_loss=1.4962968826293945, test/num_examples=2472, test/wer=0.89958, total_duration=4173.91, train/ctc_loss=1.4767931699752808, train/wer=0.942722, validation/ctc_loss=1.5070449113845825, validation/num_examples=5348, validation/wer=0.896722
I0515 01:53:10.455674 139769529444096 logging_writer.py:48] [900] global_step=900, grad_norm=4.193643569946289, loss=5.3213982582092285
I0515 01:58:53.612815 139812975933184 logging_writer.py:48] [1000] global_step=1000, grad_norm=2.30119252204895, loss=4.570555210113525
/usr/local/lib/python3.11/multiprocessing/popen_fork.py:66: RuntimeWarning: os.fork() was called. os.fork() is incompatible with multithreaded code, and JAX is multithreaded, so this will likely lead to a deadlock.
  self.pid = os.fork()
I0515 02:03:49.497569 139769529444096 logging_writer.py:48] [1100] global_step=1100, grad_norm=0.8987933993339539, loss=3.9558184146881104
I0515 02:07:39.294556 139769521051392 logging_writer.py:48] [1200] global_step=1200, grad_norm=1.11216139793396, loss=3.5805370807647705
I0515 02:11:44.664947 139769529444096 logging_writer.py:48] [1300] global_step=1300, grad_norm=0.7712141275405884, loss=3.3377106189727783
I0515 02:16:05.854644 139769521051392 logging_writer.py:48] [1400] global_step=1400, grad_norm=0.8689008951187134, loss=3.2231228351593018
I0515 02:20:52.355805 139769529444096 logging_writer.py:48] [1500] global_step=1500, grad_norm=1.7795324325561523, loss=3.0858170986175537
I0515 02:22:18.065557 139828340712640 spec.py:333] Evaluating on the training split.
I0515 02:23:06.288821 139828340712640 spec.py:346] Evaluating on the validation split.
/usr/local/lib/python3.11/multiprocessing/popen_fork.py:66: RuntimeWarning: os.fork() was called. os.fork() is incompatible with multithreaded code, and JAX is multithreaded, so this will likely lead to a deadlock.
  self.pid = os.fork()
I0515 02:23:48.936525 139828340712640 spec.py:363] Evaluating on the test split.
I0515 02:24:09.410306 139828340712640 submission_runner.py:516] Time since start: 6037.88s, 	Step: 1527, 	{'train/ctc_loss': Array(0.66586787, dtype=float32), 'train/wer': np.float64(0.6555234013842107), 'validation/ctc_loss': Array(0.73295695, dtype=float32), 'validation/wer': np.float64(0.6376671655482065), 'validation/num_examples': 5348, 'test/ctc_loss': Array(0.67853576, dtype=float32), 'test/wer': np.float64(0.6306136128206691), 'test/num_examples': 2472, 'score': 5448.104292869568, 'total_duration': 6037.8759977817535, 'accumulated_submission_time': 5448.104292869568, 'accumulated_eval_time': 589.5442388057709, 'accumulated_logging_time': 0.19829583168029785}
I0515 02:24:09.462454 139769529444096 logging_writer.py:48] [1527] accumulated_eval_time=589.544, accumulated_logging_time=0.198296, accumulated_submission_time=5448.1, global_step=1527, preemption_count=0, score=5448.1, test/ctc_loss=0.6785357594490051, test/num_examples=2472, test/wer=0.630614, total_duration=6037.88, train/ctc_loss=0.6658678650856018, train/wer=0.655523, validation/ctc_loss=0.7329569458961487, validation/num_examples=5348, validation/wer=0.637667
I0515 02:26:28.875165 139769521051392 logging_writer.py:48] [1600] global_step=1600, grad_norm=0.7060871720314026, loss=2.9436352252960205
I0515 02:32:39.873069 139769529444096 logging_writer.py:48] [1700] global_step=1700, grad_norm=0.9625898003578186, loss=2.854421615600586
I0515 02:38:49.300069 139769521051392 logging_writer.py:48] [1800] global_step=1800, grad_norm=1.0486220121383667, loss=2.7267045974731445
I0515 02:44:58.360666 139769529444096 logging_writer.py:48] [1900] global_step=1900, grad_norm=0.6877864599227905, loss=2.6650166511535645
I0515 02:51:16.494062 139769521051392 logging_writer.py:48] [2000] global_step=2000, grad_norm=1.7967699766159058, loss=2.652949571609497
I0515 02:53:28.057254 139828340712640 spec.py:333] Evaluating on the training split.
I0515 02:54:19.964310 139828340712640 spec.py:346] Evaluating on the validation split.
/usr/local/lib/python3.11/multiprocessing/popen_fork.py:66: RuntimeWarning: os.fork() was called. os.fork() is incompatible with multithreaded code, and JAX is multithreaded, so this will likely lead to a deadlock.
  self.pid = os.fork()
I0515 02:55:06.361394 139828340712640 spec.py:363] Evaluating on the test split.
I0515 02:55:27.154880 139828340712640 submission_runner.py:516] Time since start: 7915.62s, 	Step: 2035, 	{'train/ctc_loss': Array(0.426745, dtype=float32), 'train/wer': np.float64(0.5023196389112882), 'validation/ctc_loss': Array(0.49475142, dtype=float32), 'validation/wer': np.float64(0.5228793511321392), 'validation/num_examples': 5348, 'test/ctc_loss': Array(0.43009406, dtype=float32), 'test/wer': np.float64(0.4889606564702537), 'test/num_examples': 2472, 'score': 7206.683331251144, 'total_duration': 7915.620689153671, 'accumulated_submission_time': 7206.683331251144, 'accumulated_eval_time': 708.6395835876465, 'accumulated_logging_time': 0.2610743045806885}
I0515 02:55:27.207004 139812973836032 logging_writer.py:48] [2035] accumulated_eval_time=708.64, accumulated_logging_time=0.261074, accumulated_submission_time=7206.68, global_step=2035, preemption_count=0, score=7206.68, test/ctc_loss=0.43009406328201294, test/num_examples=2472, test/wer=0.488961, total_duration=7915.62, train/ctc_loss=0.4267449975013733, train/wer=0.50232, validation/ctc_loss=0.4947514235973358, validation/num_examples=5348, validation/wer=0.522879
/usr/local/lib/python3.11/multiprocessing/popen_fork.py:66: RuntimeWarning: os.fork() was called. os.fork() is incompatible with multithreaded code, and JAX is multithreaded, so this will likely lead to a deadlock.
  self.pid = os.fork()
I0515 02:56:53.866729 139812973836032 logging_writer.py:48] [2100] global_step=2100, grad_norm=0.8143502473831177, loss=2.574688196182251
I0515 02:59:50.850857 139769529444096 logging_writer.py:48] [2200] global_step=2200, grad_norm=0.7606789469718933, loss=2.440584659576416
I0515 03:02:57.266657 139812973836032 logging_writer.py:48] [2300] global_step=2300, grad_norm=1.251979947090149, loss=2.3941516876220703
I0515 03:06:23.845909 139769529444096 logging_writer.py:48] [2400] global_step=2400, grad_norm=0.7017889618873596, loss=2.316807508468628
I0515 03:10:10.544991 139812973836032 logging_writer.py:48] [2500] global_step=2500, grad_norm=0.6558507084846497, loss=2.3146681785583496
I0515 03:14:20.250320 139769529444096 logging_writer.py:48] [2600] global_step=2600, grad_norm=0.9853890538215637, loss=2.2495481967926025
I0515 03:19:12.892246 139812973836032 logging_writer.py:48] [2700] global_step=2700, grad_norm=0.6490880846977234, loss=2.15765643119812
I0515 03:24:42.649641 139828340712640 spec.py:333] Evaluating on the training split.
I0515 03:25:30.993727 139828340712640 spec.py:346] Evaluating on the validation split.
/usr/local/lib/python3.11/multiprocessing/popen_fork.py:66: RuntimeWarning: os.fork() was called. os.fork() is incompatible with multithreaded code, and JAX is multithreaded, so this will likely lead to a deadlock.
  self.pid = os.fork()
I0515 03:26:19.397372 139828340712640 spec.py:363] Evaluating on the test split.
I0515 03:26:40.124539 139828340712640 submission_runner.py:516] Time since start: 9788.59s, 	Step: 2793, 	{'train/ctc_loss': Array(0.25752237, dtype=float32), 'train/wer': np.float64(0.33125856183000285), 'validation/ctc_loss': Array(0.33265686, dtype=float32), 'validation/wer': np.float64(0.38284169362236276), 'validation/num_examples': 5348, 'test/ctc_loss': Array(0.26277635, dtype=float32), 'test/wer': np.float64(0.32894603213291895), 'test/num_examples': 2472, 'score': 8962.10815191269, 'total_duration': 9788.590219020844, 'accumulated_submission_time': 8962.10815191269, 'accumulated_eval_time': 826.1121017932892, 'accumulated_logging_time': 0.32367372512817383}
I0515 03:26:40.176173 139769529444096 logging_writer.py:48] [2793] accumulated_eval_time=826.112, accumulated_logging_time=0.323674, accumulated_submission_time=8962.11, global_step=2793, preemption_count=0, score=8962.11, test/ctc_loss=0.26277634501457214, test/num_examples=2472, test/wer=0.328946, total_duration=9788.59, train/ctc_loss=0.2575223743915558, train/wer=0.331259, validation/ctc_loss=0.3326568603515625, validation/num_examples=5348, validation/wer=0.382842
I0515 03:26:42.906816 139769521051392 logging_writer.py:48] [2800] global_step=2800, grad_norm=0.8295544385910034, loss=2.220768928527832
I0515 03:31:03.617926 139769529444096 logging_writer.py:48] [2900] global_step=2900, grad_norm=0.8840022683143616, loss=2.1925063133239746
I0515 03:37:07.638941 139769521051392 logging_writer.py:48] [3000] global_step=3000, grad_norm=0.8896324038505554, loss=2.162562131881714
/usr/local/lib/python3.11/multiprocessing/popen_fork.py:66: RuntimeWarning: os.fork() was called. os.fork() is incompatible with multithreaded code, and JAX is multithreaded, so this will likely lead to a deadlock.
  self.pid = os.fork()
I0515 03:42:51.013949 139769529444096 logging_writer.py:48] [3100] global_step=3100, grad_norm=0.7047117352485657, loss=2.1364078521728516
I0515 03:45:29.262864 139769521051392 logging_writer.py:48] [3200] global_step=3200, grad_norm=0.7970772981643677, loss=2.0849456787109375
I0515 03:48:21.344541 139769529444096 logging_writer.py:48] [3300] global_step=3300, grad_norm=1.3051130771636963, loss=2.101337194442749
I0515 03:51:32.227179 139769521051392 logging_writer.py:48] [3400] global_step=3400, grad_norm=0.7708243131637573, loss=2.0105643272399902
I0515 03:54:57.235254 139769529444096 logging_writer.py:48] [3500] global_step=3500, grad_norm=0.9923423528671265, loss=1.9998384714126587
I0515 03:55:52.847944 139828340712640 spec.py:333] Evaluating on the training split.
I0515 03:56:40.460703 139828340712640 spec.py:346] Evaluating on the validation split.
/usr/local/lib/python3.11/multiprocessing/popen_fork.py:66: RuntimeWarning: os.fork() was called. os.fork() is incompatible with multithreaded code, and JAX is multithreaded, so this will likely lead to a deadlock.
  self.pid = os.fork()
I0515 03:57:25.294430 139828340712640 spec.py:363] Evaluating on the test split.
I0515 03:57:45.802034 139828340712640 submission_runner.py:516] Time since start: 11654.27s, 	Step: 3524, 	{'train/ctc_loss': Array(0.18616998, dtype=float32), 'train/wer': np.float64(0.24712058084512753), 'validation/ctc_loss': Array(0.25550637, dtype=float32), 'validation/wer': np.float64(0.29946410466856566), 'validation/num_examples': 5348, 'test/ctc_loss': Array(0.18709941, dtype=float32), 'test/wer': np.float64(0.2386813722503199), 'test/num_examples': 2472, 'score': 10714.761747598648, 'total_duration': 11654.267748355865, 'accumulated_submission_time': 10714.761747598648, 'accumulated_eval_time': 939.0638279914856, 'accumulated_logging_time': 0.3860630989074707}
I0515 03:57:45.854144 139769529444096 logging_writer.py:48] [3524] accumulated_eval_time=939.064, accumulated_logging_time=0.386063, accumulated_submission_time=10714.8, global_step=3524, preemption_count=0, score=10714.8, test/ctc_loss=0.1870994120836258, test/num_examples=2472, test/wer=0.238681, total_duration=11654.3, train/ctc_loss=0.18616998195648193, train/wer=0.247121, validation/ctc_loss=0.25550636649131775, validation/num_examples=5348, validation/wer=0.299464
I0515 03:59:31.780883 139769521051392 logging_writer.py:48] [3600] global_step=3600, grad_norm=1.022966742515564, loss=1.9653406143188477
I0515 04:03:56.781926 139769529444096 logging_writer.py:48] [3700] global_step=3700, grad_norm=0.8560029864311218, loss=1.9412378072738647
I0515 04:08:57.633491 139769521051392 logging_writer.py:48] [3800] global_step=3800, grad_norm=0.8097430467605591, loss=1.9364666938781738
I0515 04:14:46.048528 139769529444096 logging_writer.py:48] [3900] global_step=3900, grad_norm=0.8624163269996643, loss=1.9826829433441162
I0515 04:20:41.764105 139769521051392 logging_writer.py:48] [4000] global_step=4000, grad_norm=0.8677496910095215, loss=1.8515933752059937
I0515 04:26:40.559544 139769529444096 logging_writer.py:48] [4100] global_step=4100, grad_norm=1.042425513267517, loss=1.9554253816604614
I0515 04:26:54.018834 139828340712640 spec.py:333] Evaluating on the training split.
I0515 04:27:41.451263 139828340712640 spec.py:346] Evaluating on the validation split.
/usr/local/lib/python3.11/multiprocessing/popen_fork.py:66: RuntimeWarning: os.fork() was called. os.fork() is incompatible with multithreaded code, and JAX is multithreaded, so this will likely lead to a deadlock.
  self.pid = os.fork()
I0515 04:28:23.672860 139828340712640 spec.py:363] Evaluating on the test split.
I0515 04:28:44.015764 139828340712640 submission_runner.py:516] Time since start: 13512.48s, 	Step: 4102, 	{'train/ctc_loss': Array(0.14999674, dtype=float32), 'train/wer': np.float64(0.2003382043264629), 'validation/ctc_loss': Array(0.22255073, dtype=float32), 'validation/wer': np.float64(0.26245353159851303), 'validation/num_examples': 5348, 'test/ctc_loss': Array(0.15710689, dtype=float32), 'test/wer': np.float64(0.2018158552190604), 'test/num_examples': 2472, 'score': 12462.909646511078, 'total_duration': 13512.48133468628, 'accumulated_submission_time': 12462.909646511078, 'accumulated_eval_time': 1049.0582392215729, 'accumulated_logging_time': 0.4485347270965576}
I0515 04:28:44.067108 139812974884608 logging_writer.py:48] [4102] accumulated_eval_time=1049.06, accumulated_logging_time=0.448535, accumulated_submission_time=12462.9, global_step=4102, preemption_count=0, score=12462.9, test/ctc_loss=0.1571068912744522, test/num_examples=2472, test/wer=0.201816, total_duration=13512.5, train/ctc_loss=0.14999674260616302, train/wer=0.200338, validation/ctc_loss=0.22255073487758636, validation/num_examples=5348, validation/wer=0.262454
/usr/local/lib/python3.11/multiprocessing/popen_fork.py:66: RuntimeWarning: os.fork() was called. os.fork() is incompatible with multithreaded code, and JAX is multithreaded, so this will likely lead to a deadlock.
  self.pid = os.fork()
I0515 04:31:04.626311 139769529444096 logging_writer.py:48] [4200] global_step=4200, grad_norm=0.9856423139572144, loss=1.870371699333191
I0515 04:33:40.766973 139769521051392 logging_writer.py:48] [4300] global_step=4300, grad_norm=0.8544427752494812, loss=1.950479507446289
I0515 04:36:45.626739 139769529444096 logging_writer.py:48] [4400] global_step=4400, grad_norm=1.118491291999817, loss=1.8414595127105713
I0515 04:40:09.529520 139769521051392 logging_writer.py:48] [4500] global_step=4500, grad_norm=0.8489452600479126, loss=1.865668535232544
I0515 04:43:56.767865 139769529444096 logging_writer.py:48] [4600] global_step=4600, grad_norm=0.6095282435417175, loss=1.8264061212539673
I0515 04:48:08.468049 139769521051392 logging_writer.py:48] [4700] global_step=4700, grad_norm=0.6434885263442993, loss=1.8085451126098633
I0515 04:52:50.275718 139769529444096 logging_writer.py:48] [4800] global_step=4800, grad_norm=0.5798954963684082, loss=1.769538164138794
I0515 04:58:02.826226 139828340712640 spec.py:333] Evaluating on the training split.
I0515 04:58:50.219181 139828340712640 spec.py:346] Evaluating on the validation split.
/usr/local/lib/python3.11/multiprocessing/popen_fork.py:66: RuntimeWarning: os.fork() was called. os.fork() is incompatible with multithreaded code, and JAX is multithreaded, so this will likely lead to a deadlock.
  self.pid = os.fork()
I0515 04:59:31.378280 139828340712640 spec.py:363] Evaluating on the test split.
I0515 04:59:52.082229 139828340712640 submission_runner.py:516] Time since start: 15380.55s, 	Step: 4895, 	{'train/ctc_loss': Array(0.11591135, dtype=float32), 'train/wer': np.float64(0.16194908863985022), 'validation/ctc_loss': Array(0.19682789, dtype=float32), 'validation/wer': np.float64(0.23448076087481293), 'validation/num_examples': 5348, 'test/ctc_loss': Array(0.13330388, dtype=float32), 'test/wer': np.float64(0.1740296142831028), 'test/num_examples': 2472, 'score': 14221.65067577362, 'total_duration': 15380.547930002213, 'accumulated_submission_time': 14221.65067577362, 'accumulated_eval_time': 1158.3118555545807, 'accumulated_logging_time': 0.510282039642334}
I0515 04:59:52.133936 139769529444096 logging_writer.py:48] [4895] accumulated_eval_time=1158.31, accumulated_logging_time=0.510282, accumulated_submission_time=14221.7, global_step=4895, preemption_count=0, score=14221.7, test/ctc_loss=0.13330388069152832, test/num_examples=2472, test/wer=0.17403, total_duration=15380.5, train/ctc_loss=0.11591134965419769, train/wer=0.161949, validation/ctc_loss=0.19682788848876953, validation/num_examples=5348, validation/wer=0.234481
I0515 04:59:54.257993 139769521051392 logging_writer.py:48] [4900] global_step=4900, grad_norm=1.0209299325942993, loss=1.8018227815628052
I0515 05:04:09.391976 139769529444096 logging_writer.py:48] [5000] global_step=5000, grad_norm=0.6392809748649597, loss=1.8277299404144287
I0515 05:10:03.030494 139769521051392 logging_writer.py:48] [5100] global_step=5100, grad_norm=0.7303273677825928, loss=1.8248865604400635
/usr/local/lib/python3.11/multiprocessing/popen_fork.py:66: RuntimeWarning: os.fork() was called. os.fork() is incompatible with multithreaded code, and JAX is multithreaded, so this will likely lead to a deadlock.
  self.pid = os.fork()
I0515 05:14:20.460079 139769529444096 logging_writer.py:48] [5200] global_step=5200, grad_norm=0.8259499073028564, loss=1.7515920400619507
I0515 05:17:03.888664 139769521051392 logging_writer.py:48] [5300] global_step=5300, grad_norm=0.7479991316795349, loss=1.764548659324646
I0515 05:20:03.674685 139769529444096 logging_writer.py:48] [5400] global_step=5400, grad_norm=0.660894513130188, loss=1.8022615909576416
I0515 05:23:24.725469 139769521051392 logging_writer.py:48] [5500] global_step=5500, grad_norm=0.6131384968757629, loss=1.7093126773834229
I0515 05:27:11.122108 139769529444096 logging_writer.py:48] [5600] global_step=5600, grad_norm=1.1050055027008057, loss=1.7204259634017944
I0515 05:28:59.385306 139828340712640 spec.py:333] Evaluating on the training split.
I0515 05:29:46.706151 139828340712640 spec.py:346] Evaluating on the validation split.
/usr/local/lib/python3.11/multiprocessing/popen_fork.py:66: RuntimeWarning: os.fork() was called. os.fork() is incompatible with multithreaded code, and JAX is multithreaded, so this will likely lead to a deadlock.
  self.pid = os.fork()
I0515 05:30:47.863865 139828340712640 spec.py:363] Evaluating on the test split.
I0515 05:31:17.303213 139828340712640 submission_runner.py:516] Time since start: 17265.77s, 	Step: 5646, 	{'train/ctc_loss': Array(0.10106397, dtype=float32), 'train/wer': np.float64(0.1398847682330597), 'validation/ctc_loss': Array(0.18140611, dtype=float32), 'validation/wer': np.float64(0.2165693043016463), 'validation/num_examples': 5348, 'test/ctc_loss': Array(0.1198588, dtype=float32), 'test/wer': np.float64(0.15656165579997156), 'test/num_examples': 2472, 'score': 15968.883351802826, 'total_duration': 17265.76885843277, 'accumulated_submission_time': 15968.883351802826, 'accumulated_eval_time': 1296.2273261547089, 'accumulated_logging_time': 0.5731735229492188}
I0515 05:31:17.357923 139769529444096 logging_writer.py:48] [5646] accumulated_eval_time=1296.23, accumulated_logging_time=0.573174, accumulated_submission_time=15968.9, global_step=5646, preemption_count=0, score=15968.9, test/ctc_loss=0.11985880136489868, test/num_examples=2472, test/wer=0.156562, total_duration=17265.8, train/ctc_loss=0.10106397420167923, train/wer=0.139885, validation/ctc_loss=0.18140611052513123, validation/num_examples=5348, validation/wer=0.216569
I0515 05:32:04.067795 139769521051392 logging_writer.py:48] [5700] global_step=5700, grad_norm=0.625642716884613, loss=1.7197489738464355
I0515 05:36:37.817590 139769529444096 logging_writer.py:48] [5800] global_step=5800, grad_norm=0.7470787763595581, loss=1.7487252950668335
I0515 05:41:28.212583 139769521051392 logging_writer.py:48] [5900] global_step=5900, grad_norm=1.0565266609191895, loss=1.6938577890396118
I0515 05:46:35.196269 139769529444096 logging_writer.py:48] [6000] global_step=6000, grad_norm=0.7425290942192078, loss=1.7467477321624756
I0515 05:51:45.234696 139769521051392 logging_writer.py:48] [6100] global_step=6100, grad_norm=0.6484634876251221, loss=1.705780267715454
/usr/local/lib/python3.11/multiprocessing/popen_fork.py:66: RuntimeWarning: os.fork() was called. os.fork() is incompatible with multithreaded code, and JAX is multithreaded, so this will likely lead to a deadlock.
  self.pid = os.fork()
I0515 05:56:41.692997 139769529444096 logging_writer.py:48] [6200] global_step=6200, grad_norm=0.990215003490448, loss=1.7167428731918335
I0515 05:59:04.554009 139769521051392 logging_writer.py:48] [6300] global_step=6300, grad_norm=0.6857267618179321, loss=1.6588577032089233
I0515 06:00:24.424196 139828340712640 spec.py:333] Evaluating on the training split.
I0515 06:01:11.261800 139828340712640 spec.py:346] Evaluating on the validation split.
/usr/local/lib/python3.11/multiprocessing/popen_fork.py:66: RuntimeWarning: os.fork() was called. os.fork() is incompatible with multithreaded code, and JAX is multithreaded, so this will likely lead to a deadlock.
  self.pid = os.fork()
I0515 06:02:07.993109 139828340712640 spec.py:363] Evaluating on the test split.
