	_orig_mod.module.encoder.encoder.layers.3.linear1.weight (ndim=2)
	_orig_mod.module.encoder.encoder.layers.3.linear2.weight (ndim=2)
	_orig_mod.module.encoder.encoder.layers.4.self_attn.in_proj.weight (ndim=2)
	_orig_mod.module.encoder.encoder.layers.4.self_attn.out_proj.weight (ndim=2)
	_orig_mod.module.encoder.encoder.layers.4.linear1.weight (ndim=2)
	_orig_mod.module.encoder.encoder.layers.4.linear2.weight (ndim=2)
	_orig_mod.module.encoder.encoder.layers.5.self_attn.in_proj.weight (ndim=2)
	_orig_mod.module.encoder.encoder.layers.5.self_attn.out_proj.weight (ndim=2)
	_orig_mod.module.encoder.encoder.layers.5.linear1.weight (ndim=2)
	_orig_mod.module.encoder.encoder.layers.5.linear2.weight (ndim=2)
	_orig_mod.module.decoder.decoder.layers.0.self_attn.in_proj.weight (ndim=2)
	_orig_mod.module.decoder.decoder.layers.0.self_attn.out_proj.weight (ndim=2)
	_orig_mod.module.decoder.decoder.layers.0.multihead_attn.q_proj.weight (ndim=2)
	_orig_mod.module.decoder.decoder.layers.0.multihead_attn.kv_proj.weight (ndim=2)
	_orig_mod.module.decoder.decoder.layers.0.multihead_attn.out_proj.weight (ndim=2)
	_orig_mod.module.decoder.decoder.layers.0.linear1.weight (ndim=2)
	_orig_mod.module.decoder.decoder.layers.0.linear2.weight (ndim=2)
	_orig_mod.module.decoder.decoder.layers.1.self_attn.in_proj.weight (ndim=2)
	_orig_mod.module.decoder.decoder.layers.1.self_attn.out_proj.weight (ndim=2)
	_orig_mod.module.decoder.decoder.layers.1.multihead_attn.q_proj.weight (ndim=2)
	_orig_mod.module.decoder.decoder.layers.1.multihead_attn.kv_proj.weight (ndim=2)
	_orig_mod.module.decoder.decoder.layers.1.multihead_attn.out_proj.weight (ndim=2)
	_orig_mod.module.decoder.decoder.layers.1.linear1.weight (ndim=2)
	_orig_mod.module.decoder.decoder.layers.1.linear2.weight (ndim=2)
	_orig_mod.module.decoder.decoder.layers.2.self_attn.in_proj.weight (ndim=2)
	_orig_mod.module.decoder.decoder.layers.2.self_attn.out_proj.weight (ndim=2)
	_orig_mod.module.decoder.decoder.layers.2.multihead_attn.q_proj.weight (ndim=2)
	_orig_mod.module.decoder.decoder.layers.2.multihead_attn.kv_proj.weight (ndim=2)
	_orig_mod.module.decoder.decoder.layers.2.multihead_attn.out_proj.weight (ndim=2)
	_orig_mod.module.decoder.decoder.layers.2.linear1.weight (ndim=2)
	_orig_mod.module.decoder.decoder.layers.2.linear2.weight (ndim=2)
	_orig_mod.module.decoder.decoder.layers.3.self_attn.in_proj.weight (ndim=2)
	_orig_mod.module.decoder.decoder.layers.3.self_attn.out_proj.weight (ndim=2)
	_orig_mod.module.decoder.decoder.layers.3.multihead_attn.q_proj.weight (ndim=2)
	_orig_mod.module.decoder.decoder.layers.3.multihead_attn.kv_proj.weight (ndim=2)
	_orig_mod.module.decoder.decoder.layers.3.multihead_attn.out_proj.weight (ndim=2)
	_orig_mod.module.decoder.decoder.layers.3.linear1.weight (ndim=2)
	_orig_mod.module.decoder.decoder.layers.3.linear2.weight (ndim=2)
	_orig_mod.module.decoder.decoder.layers.4.self_attn.in_proj.weight (ndim=2)
	_orig_mod.module.decoder.decoder.layers.4.self_attn.out_proj.weight (ndim=2)
	_orig_mod.module.decoder.decoder.layers.4.multihead_attn.q_proj.weight (ndim=2)
	_orig_mod.module.decoder.decoder.layers.4.multihead_attn.kv_proj.weight (ndim=2)
	_orig_mod.module.decoder.decoder.layers.4.multihead_attn.out_proj.weight (ndim=2)
	_orig_mod.module.decoder.decoder.layers.4.linear1.weight (ndim=2)
	_orig_mod.module.decoder.decoder.layers.4.linear2.weight (ndim=2)
	_orig_mod.module.decoder.decoder.layers.5.self_attn.in_proj.weight (ndim=2)
	_orig_mod.module.decoder.decoder.layers.5.self_attn.out_proj.weight (ndim=2)
	_orig_mod.module.decoder.decoder.layers.5.multihead_attn.q_proj.weight (ndim=2)
	_orig_mod.module.decoder.decoder.layers.5.multihead_attn.kv_proj.weight (ndim=2)
	_orig_mod.module.decoder.decoder.layers.5.multihead_attn.out_proj.weight (ndim=2)
	_orig_mod.module.decoder.decoder.layers.5.linear1.weight (ndim=2)
	_orig_mod.module.decoder.decoder.layers.5.linear2.weight (ndim=2)
I0531 19:47:10.410162 140030079001792 muon.py:325] Adam params:
	_orig_mod.module.shared_embedding.weight (ndim=2)
	_orig_mod.module.encoder.encoder.layers.0.linear1.bias (ndim=1)
	_orig_mod.module.encoder.encoder.layers.0.linear2.bias (ndim=1)
	_orig_mod.module.encoder.encoder.layers.0.norm1.weight (ndim=1)
	_orig_mod.module.encoder.encoder.layers.0.norm1.bias (ndim=1)
	_orig_mod.module.encoder.encoder.layers.0.norm2.weight (ndim=1)
	_orig_mod.module.encoder.encoder.layers.0.norm2.bias (ndim=1)
	_orig_mod.module.encoder.encoder.layers.1.linear1.bias (ndim=1)
	_orig_mod.module.encoder.encoder.layers.1.linear2.bias (ndim=1)
	_orig_mod.module.encoder.encoder.layers.1.norm1.weight (ndim=1)
	_orig_mod.module.encoder.encoder.layers.1.norm1.bias (ndim=1)
	_orig_mod.module.encoder.encoder.layers.1.norm2.weight (ndim=1)
	_orig_mod.module.encoder.encoder.layers.1.norm2.bias (ndim=1)
	_orig_mod.module.encoder.encoder.layers.2.linear1.bias (ndim=1)
	_orig_mod.module.encoder.encoder.layers.2.linear2.bias (ndim=1)
	_orig_mod.module.encoder.encoder.layers.2.norm1.weight (ndim=1)
	_orig_mod.module.encoder.encoder.layers.2.norm1.bias (ndim=1)
	_orig_mod.module.encoder.encoder.layers.2.norm2.weight (ndim=1)
	_orig_mod.module.encoder.encoder.layers.2.norm2.bias (ndim=1)
	_orig_mod.module.encoder.encoder.layers.3.linear1.bias (ndim=1)
	_orig_mod.module.encoder.encoder.layers.3.linear2.bias (ndim=1)
	_orig_mod.module.encoder.encoder.layers.3.norm1.weight (ndim=1)
	_orig_mod.module.encoder.encoder.layers.3.norm1.bias (ndim=1)
	_orig_mod.module.encoder.encoder.layers.3.norm2.weight (ndim=1)
	_orig_mod.module.encoder.encoder.layers.3.norm2.bias (ndim=1)
	_orig_mod.module.encoder.encoder.layers.4.linear1.bias (ndim=1)
	_orig_mod.module.encoder.encoder.layers.4.linear2.bias (ndim=1)
	_orig_mod.module.encoder.encoder.layers.4.norm1.weight (ndim=1)
	_orig_mod.module.encoder.encoder.layers.4.norm1.bias (ndim=1)
	_orig_mod.module.encoder.encoder.layers.4.norm2.weight (ndim=1)
	_orig_mod.module.encoder.encoder.layers.4.norm2.bias (ndim=1)
	_orig_mod.module.encoder.encoder.layers.5.linear1.bias (ndim=1)
	_orig_mod.module.encoder.encoder.layers.5.linear2.bias (ndim=1)
	_orig_mod.module.encoder.encoder.layers.5.norm1.weight (ndim=1)
	_orig_mod.module.encoder.encoder.layers.5.norm1.bias (ndim=1)
	_orig_mod.module.encoder.encoder.layers.5.norm2.weight (ndim=1)
	_orig_mod.module.encoder.encoder.layers.5.norm2.bias (ndim=1)
	_orig_mod.module.encoder.encoder.norm.weight (ndim=1)
	_orig_mod.module.encoder.encoder.norm.bias (ndim=1)
	_orig_mod.module.decoder.decoder.layers.0.linear1.bias (ndim=1)
	_orig_mod.module.decoder.decoder.layers.0.linear2.bias (ndim=1)
	_orig_mod.module.decoder.decoder.layers.0.norm1.weight (ndim=1)
	_orig_mod.module.decoder.decoder.layers.0.norm1.bias (ndim=1)
	_orig_mod.module.decoder.decoder.layers.0.norm2.weight (ndim=1)
	_orig_mod.module.decoder.decoder.layers.0.norm2.bias (ndim=1)
	_orig_mod.module.decoder.decoder.layers.0.norm3.weight (ndim=1)
	_orig_mod.module.decoder.decoder.layers.0.norm3.bias (ndim=1)
	_orig_mod.module.decoder.decoder.layers.1.linear1.bias (ndim=1)
	_orig_mod.module.decoder.decoder.layers.1.linear2.bias (ndim=1)
	_orig_mod.module.decoder.decoder.layers.1.norm1.weight (ndim=1)
	_orig_mod.module.decoder.decoder.layers.1.norm1.bias (ndim=1)
	_orig_mod.module.decoder.decoder.layers.1.norm2.weight (ndim=1)
	_orig_mod.module.decoder.decoder.layers.1.norm2.bias (ndim=1)
	_orig_mod.module.decoder.decoder.layers.1.norm3.weight (ndim=1)
	_orig_mod.module.decoder.decoder.layers.1.norm3.bias (ndim=1)
	_orig_mod.module.decoder.decoder.layers.2.linear1.bias (ndim=1)
	_orig_mod.module.decoder.decoder.layers.2.linear2.bias (ndim=1)
	_orig_mod.module.decoder.decoder.layers.2.norm1.weight (ndim=1)
	_orig_mod.module.decoder.decoder.layers.2.norm1.bias (ndim=1)
	_orig_mod.module.decoder.decoder.layers.2.norm2.weight (ndim=1)
	_orig_mod.module.decoder.decoder.layers.2.norm2.bias (ndim=1)
	_orig_mod.module.decoder.decoder.layers.2.norm3.weight (ndim=1)
	_orig_mod.module.decoder.decoder.layers.2.norm3.bias (ndim=1)
	_orig_mod.module.decoder.decoder.layers.3.linear1.bias (ndim=1)
	_orig_mod.module.decoder.decoder.layers.3.linear2.bias (ndim=1)
	_orig_mod.module.decoder.decoder.layers.3.norm1.weight (ndim=1)
	_orig_mod.module.decoder.decoder.layers.3.norm1.bias (ndim=1)
	_orig_mod.module.decoder.decoder.layers.3.norm2.weight (ndim=1)
	_orig_mod.module.decoder.decoder.layers.3.norm2.bias (ndim=1)
	_orig_mod.module.decoder.decoder.layers.3.norm3.weight (ndim=1)
	_orig_mod.module.decoder.decoder.layers.3.norm3.bias (ndim=1)
	_orig_mod.module.decoder.decoder.layers.4.linear1.bias (ndim=1)
	_orig_mod.module.decoder.decoder.layers.4.linear2.bias (ndim=1)
	_orig_mod.module.decoder.decoder.layers.4.norm1.weight (ndim=1)
	_orig_mod.module.decoder.decoder.layers.4.norm1.bias (ndim=1)
	_orig_mod.module.decoder.decoder.layers.4.norm2.weight (ndim=1)
	_orig_mod.module.decoder.decoder.layers.4.norm2.bias (ndim=1)
	_orig_mod.module.decoder.decoder.layers.4.norm3.weight (ndim=1)
	_orig_mod.module.decoder.decoder.layers.4.norm3.bias (ndim=1)
	_orig_mod.module.decoder.decoder.layers.5.linear1.bias (ndim=1)
	_orig_mod.module.decoder.decoder.layers.5.linear2.bias (ndim=1)
	_orig_mod.module.decoder.decoder.layers.5.norm1.weight (ndim=1)
	_orig_mod.module.decoder.decoder.layers.5.norm1.bias (ndim=1)
	_orig_mod.module.decoder.decoder.layers.5.norm2.weight (ndim=1)
	_orig_mod.module.decoder.decoder.layers.5.norm2.bias (ndim=1)
	_orig_mod.module.decoder.decoder.layers.5.norm3.weight (ndim=1)
	_orig_mod.module.decoder.decoder.layers.5.norm3.bias (ndim=1)
	_orig_mod.module.decoder.decoder.norm.weight (ndim=1)
	_orig_mod.module.decoder.decoder.norm.bias (ndim=1)
I0531 19:47:10.411679 140271480894656 submission_runner.py:299] Initializing metrics bundle.
I0531 19:47:10.411844 140271480894656 submission_runner.py:321] Initializing checkpoint and logger.
I0531 19:47:10.412289 140271480894656 submission_runner.py:344] Saving meta data to /experiment_runs/submissions_a100/muon_torch_jax_hps_achandr/study_2/wmt_pytorch/trial_1/meta_data_0.json.
I0531 19:47:10.412276 139635801441472 logger_utils.py:283] Unable to record workload.train_mean information. Continuing without it.
I0531 19:47:10.412282 140513422976192 logger_utils.py:283] Unable to record workload.train_mean information. Continuing without it.
I0531 19:47:10.412307 140030079001792 logger_utils.py:283] Unable to record workload.train_mean information. Continuing without it.
I0531 19:47:10.412399 139635801441472 logger_utils.py:283] Unable to record workload.train_stddev information. Continuing without it.
I0531 19:47:10.412407 140513422976192 logger_utils.py:283] Unable to record workload.train_stddev information. Continuing without it.
I0531 19:47:10.412441 140030079001792 logger_utils.py:283] Unable to record workload.train_stddev information. Continuing without it.
I0531 19:47:10.412471 140271480894656 logger_utils.py:283] Unable to record workload.train_mean information. Continuing without it.
I0531 19:47:10.412527 140271480894656 logger_utils.py:283] Unable to record workload.train_stddev information. Continuing without it.
I0531 19:47:10.661291 140271480894656 submission_runner.py:348] Saving flags to /experiment_runs/submissions_a100/muon_torch_jax_hps_achandr/study_2/wmt_pytorch/trial_1/flags_0.json.
I0531 19:47:10.700781 140271480894656 submission_runner.py:359] Starting training loop.
I0531 19:47:11.569385 140271480894656 dataset_info.py:707] Load dataset info from /data/wmt/wmt17_translate/de-en/1.0.0
I0531 19:47:11.592200 140271480894656 dataset_info.py:793] For 'wmt17_translate/de-en/1.0.0': fields info.[splits, supervised_keys] differ on disk and in the code. Keeping the one from code.
I0531 19:47:11.608216 140271480894656 reader.py:262] Creating a tf.data.Dataset reading 16 files located in folders: /data/wmt/wmt17_translate/de-en/1.0.0.
I0531 19:47:11.666245 140271480894656 logging_logger.py:49] Constructing tf.data.Dataset wmt17_translate for split train, from /data/wmt/wmt17_translate/de-en/1.0.0
[rank3]:W0531 19:47:13.068000 41 site-packages/torch/_logging/_internal.py:1199] [0/0] Profiler function <class 'torch.autograd.profiler.record_function'> will be ignored
[rank1]:W0531 19:47:13.068000 39 site-packages/torch/_logging/_internal.py:1199] [0/0] Profiler function <class 'torch.autograd.profiler.record_function'> will be ignored
[rank2]:W0531 19:47:13.070000 40 site-packages/torch/_logging/_internal.py:1199] [0/0] Profiler function <class 'torch.autograd.profiler.record_function'> will be ignored
[rank0]:W0531 19:47:13.686000 38 site-packages/torch/_logging/_internal.py:1199] [0/0] Profiler function <class 'torch.autograd.profiler.record_function'> will be ignored
I0531 19:48:21.321586 140271480894656 spec.py:333] Evaluating on the training split.
I0531 19:48:21.323597 140271480894656 dataset_info.py:707] Load dataset info from /data/wmt/wmt17_translate/de-en/1.0.0
I0531 19:48:21.325744 140271480894656 dataset_info.py:793] For 'wmt17_translate/de-en/1.0.0': fields info.[splits, supervised_keys] differ on disk and in the code. Keeping the one from code.
I0531 19:48:21.326736 140271480894656 reader.py:262] Creating a tf.data.Dataset reading 16 files located in folders: /data/wmt/wmt17_translate/de-en/1.0.0.
I0531 19:48:21.363989 140271480894656 logging_logger.py:49] Constructing tf.data.Dataset wmt17_translate for split train, from /data/wmt/wmt17_translate/de-en/1.0.0
I0531 19:48:47.628290 140271480894656 workload.py:152] Translating evaluation dataset.
I0531 19:50:59.977175 140271480894656 spec.py:346] Evaluating on the validation split.
I0531 19:51:00.008980 140271480894656 dataset_info.py:707] Load dataset info from /data/wmt/wmt14_translate/de-en/1.0.0
I0531 19:51:00.025299 140271480894656 dataset_info.py:793] For 'wmt14_translate/de-en/1.0.0': fields info.[splits, supervised_keys] differ on disk and in the code. Keeping the one from code.
I0531 19:51:00.026025 140271480894656 reader.py:262] Creating a tf.data.Dataset reading 1 files located in folders: /data/wmt/wmt14_translate/de-en/1.0.0.
I0531 19:51:00.061412 140271480894656 logging_logger.py:49] Constructing tf.data.Dataset wmt14_translate for split validation, from /data/wmt/wmt14_translate/de-en/1.0.0
I0531 19:51:02.389308 140271480894656 workload.py:152] Translating evaluation dataset.
I0531 19:53:14.454306 140271480894656 spec.py:363] Evaluating on the test split.
I0531 19:53:14.456424 140271480894656 dataset_info.py:707] Load dataset info from /data/wmt/wmt14_translate/de-en/1.0.0
I0531 19:53:14.458668 140271480894656 dataset_info.py:793] For 'wmt14_translate/de-en/1.0.0': fields info.[splits, supervised_keys] differ on disk and in the code. Keeping the one from code.
I0531 19:53:14.459409 140271480894656 reader.py:262] Creating a tf.data.Dataset reading 1 files located in folders: /data/wmt/wmt14_translate/de-en/1.0.0.
I0531 19:53:14.494671 140271480894656 logging_logger.py:49] Constructing tf.data.Dataset wmt14_translate for split test, from /data/wmt/wmt14_translate/de-en/1.0.0
I0531 19:53:16.821951 140271480894656 workload.py:152] Translating evaluation dataset.
I0531 19:55:29.032701 140271480894656 submission_runner.py:516] Time since start: 498.33s, 	Step: 1, 	{'train/accuracy': 0.0005995134717594568, 'train/loss': 11.649947542571221, 'train/bleu': 2.264407791933925e-11, 'validation/accuracy': 0.00048356498989473163, 'validation/loss': 11.639517798911358, 'validation/bleu': 4.1175201821319243e-10, 'validation/num_examples': 3000, 'test/accuracy': 0.0007088489919237697, 'test/loss': 11.636568909418395, 'test/bleu': 0.0, 'test/num_examples': 3003, 'score': 69.97584223747253, 'total_duration': 498.3320322036743, 'accumulated_submission_time': 69.97584223747253, 'accumulated_eval_time': 427.71116161346436, 'accumulated_logging_time': 0}
I0531 19:55:29.056593 140239431509760 logging_writer.py:48] [1] accumulated_eval_time=427.711, accumulated_logging_time=0, accumulated_submission_time=69.9758, global_step=1, preemption_count=0, score=69.9758, test/accuracy=0.000708849, test/bleu=0, test/loss=11.6366, test/num_examples=3003, total_duration=498.332, train/accuracy=0.000599513, train/bleu=2.26441e-11, train/loss=11.6499, validation/accuracy=0.000483565, validation/bleu=4.11752e-10, validation/loss=11.6395, validation/num_examples=3000
I0531 20:06:13.644430 140271480894656 spec.py:333] Evaluating on the training split.
I0531 20:06:15.855709 140271480894656 workload.py:152] Translating evaluation dataset.
I0531 20:08:28.346388 140271480894656 spec.py:346] Evaluating on the validation split.
I0531 20:08:30.544476 140271480894656 workload.py:152] Translating evaluation dataset.
I0531 20:10:42.880041 140271480894656 spec.py:363] Evaluating on the test split.
I0531 20:10:45.075837 140271480894656 workload.py:152] Translating evaluation dataset.
I0531 20:12:57.446527 140271480894656 submission_runner.py:516] Time since start: 1546.75s, 	Step: 7381, 	{'train/accuracy': 0.0006337062598656543, 'train/loss': 11.648647325183486, 'train/bleu': 0.0, 'validation/accuracy': 0.00048356498989473163, 'validation/loss': 11.63951624902357, 'validation/bleu': 4.1175201821319243e-10, 'validation/num_examples': 3000, 'test/accuracy': 0.0007088489919237697, 'test/loss': 11.63656818313869, 'test/bleu': 0.0, 'test/num_examples': 3003, 'score': 710.8270573616028, 'total_duration': 1546.74582529068, 'accumulated_submission_time': 710.8270573616028, 'accumulated_eval_time': 831.5132501125336, 'accumulated_logging_time': 0.09044790267944336}
I0531 20:12:57.474839 140239423117056 logging_writer.py:48] [7381] accumulated_eval_time=831.513, accumulated_logging_time=0.0904479, accumulated_submission_time=710.827, global_step=7381, preemption_count=0, score=710.827, test/accuracy=0.000708849, test/bleu=0, test/loss=11.6366, test/num_examples=3003, total_duration=1546.75, train/accuracy=0.000633706, train/bleu=0, train/loss=11.6486, validation/accuracy=0.000483565, validation/bleu=4.11752e-10, validation/loss=11.6395, validation/num_examples=3000
I0531 20:23:42.089027 140271480894656 spec.py:333] Evaluating on the training split.
I0531 20:23:44.297556 140271480894656 workload.py:152] Translating evaluation dataset.
I0531 20:25:56.551103 140271480894656 spec.py:346] Evaluating on the validation split.
I0531 20:25:58.746373 140271480894656 workload.py:152] Translating evaluation dataset.
I0531 20:28:10.798750 140271480894656 spec.py:363] Evaluating on the test split.
I0531 20:28:12.999706 140271480894656 workload.py:152] Translating evaluation dataset.
I0531 20:30:25.068144 140271480894656 submission_runner.py:516] Time since start: 2594.37s, 	Step: 14793, 	{'train/accuracy': 0.0006052577484411758, 'train/loss': 11.650093929150584, 'train/bleu': 2.120536435850432e-11, 'validation/accuracy': 0.00048356498989473163, 'validation/loss': 11.63951624902357, 'validation/bleu': 4.1175201821319243e-10, 'validation/num_examples': 3000, 'test/accuracy': 0.0007088489919237697, 'test/loss': 11.63656673057928, 'test/bleu': 0.0, 'test/num_examples': 3003, 'score': 1351.8890917301178, 'total_duration': 2594.3674788475037, 'accumulated_submission_time': 1351.8890917301178, 'accumulated_eval_time': 1234.4924116134644, 'accumulated_logging_time': 0.12856841087341309}
I0531 20:30:25.093788 140239431509760 logging_writer.py:48] [14793] accumulated_eval_time=1234.49, accumulated_logging_time=0.128568, accumulated_submission_time=1351.89, global_step=14793, preemption_count=0, score=1351.89, test/accuracy=0.000708849, test/bleu=0, test/loss=11.6366, test/num_examples=3003, total_duration=2594.37, train/accuracy=0.000605258, train/bleu=2.12054e-11, train/loss=11.6501, validation/accuracy=0.000483565, validation/bleu=4.11752e-10, validation/loss=11.6395, validation/num_examples=3000
I0531 20:41:09.763783 140271480894656 spec.py:333] Evaluating on the training split.
I0531 20:41:11.973078 140271480894656 workload.py:152] Translating evaluation dataset.
I0531 20:43:24.123066 140271480894656 spec.py:346] Evaluating on the validation split.
I0531 20:43:26.316341 140271480894656 workload.py:152] Translating evaluation dataset.
I0531 20:45:38.369465 140271480894656 spec.py:363] Evaluating on the test split.
I0531 20:45:40.567188 140271480894656 workload.py:152] Translating evaluation dataset.
I0531 20:47:52.727149 140271480894656 submission_runner.py:516] Time since start: 3642.03s, 	Step: 22203, 	{'train/accuracy': 0.0006510342306945507, 'train/loss': 11.653601961097849, 'train/bleu': 1.985806086601059e-11, 'validation/accuracy': 0.00048356498989473163, 'validation/loss': 11.639513924191888, 'validation/bleu': 4.1175201821319243e-10, 'validation/num_examples': 3000, 'test/accuracy': 0.0007088489919237697, 'test/loss': 11.636565278019871, 'test/bleu': 0.0, 'test/num_examples': 3003, 'score': 1993.0252714157104, 'total_duration': 3642.0264835357666, 'accumulated_submission_time': 1993.0252714157104, 'accumulated_eval_time': 1637.4557917118073, 'accumulated_logging_time': 0.16331982612609863}
I0531 20:47:52.753827 140239423117056 logging_writer.py:48] [22203] accumulated_eval_time=1637.46, accumulated_logging_time=0.16332, accumulated_submission_time=1993.03, global_step=22203, preemption_count=0, score=1993.03, test/accuracy=0.000708849, test/bleu=0, test/loss=11.6366, test/num_examples=3003, total_duration=3642.03, train/accuracy=0.000651034, train/bleu=1.98581e-11, train/loss=11.6536, validation/accuracy=0.000483565, validation/bleu=4.11752e-10, validation/loss=11.6395, validation/num_examples=3000
I0531 20:58:37.339725 140271480894656 spec.py:333] Evaluating on the training split.
I0531 20:58:39.545600 140271480894656 workload.py:152] Translating evaluation dataset.
I0531 21:00:51.872178 140271480894656 spec.py:346] Evaluating on the validation split.
I0531 21:00:54.068889 140271480894656 workload.py:152] Translating evaluation dataset.
I0531 21:03:06.195259 140271480894656 spec.py:363] Evaluating on the test split.
I0531 21:03:08.390116 140271480894656 workload.py:152] Translating evaluation dataset.
I0531 21:05:20.652182 140271480894656 submission_runner.py:516] Time since start: 4689.95s, 	Step: 29623, 	{'train/accuracy': 0.0005933634579396595, 'train/loss': 11.650029668172897, 'train/bleu': 2.016498000957285e-11, 'validation/accuracy': 0.00048356498989473163, 'validation/loss': 11.639513924191888, 'validation/bleu': 4.1175201821319243e-10, 'validation/num_examples': 3000, 'test/accuracy': 0.0007088489919237697, 'test/loss': 11.63656673057928, 'test/bleu': 0.0, 'test/num_examples': 3003, 'score': 2634.0970034599304, 'total_duration': 4689.9515125751495, 'accumulated_submission_time': 2634.0970034599304, 'accumulated_eval_time': 2040.7682490348816, 'accumulated_logging_time': 0.19926953315734863}
I0531 21:05:20.688488 140239431509760 logging_writer.py:48] [29623] accumulated_eval_time=2040.77, accumulated_logging_time=0.19927, accumulated_submission_time=2634.1, global_step=29623, preemption_count=0, score=2634.1, test/accuracy=0.000708849, test/bleu=0, test/loss=11.6366, test/num_examples=3003, total_duration=4689.95, train/accuracy=0.000593363, train/bleu=2.0165e-11, train/loss=11.65, validation/accuracy=0.000483565, validation/bleu=4.11752e-10, validation/loss=11.6395, validation/num_examples=3000
I0531 21:16:05.329076 140271480894656 spec.py:333] Evaluating on the training split.
I0531 21:16:07.537308 140271480894656 workload.py:152] Translating evaluation dataset.
I0531 21:18:19.799313 140271480894656 spec.py:346] Evaluating on the validation split.
I0531 21:18:21.991925 140271480894656 workload.py:152] Translating evaluation dataset.
I0531 21:20:34.214950 140271480894656 spec.py:363] Evaluating on the test split.
I0531 21:20:36.410422 140271480894656 workload.py:152] Translating evaluation dataset.
I0531 21:22:48.646015 140271480894656 submission_runner.py:516] Time since start: 5737.95s, 	Step: 37042, 	{'train/accuracy': 0.0006741547356513592, 'train/loss': 11.651392015265605, 'train/bleu': 0.0, 'validation/accuracy': 0.00048356498989473163, 'validation/loss': 11.639515474079676, 'validation/bleu': 4.1175201821319243e-10, 'validation/num_examples': 3000, 'test/accuracy': 0.0007088489919237697, 'test/loss': 11.63656673057928, 'test/bleu': 0.0, 'test/num_examples': 3003, 'score': 3275.1900975704193, 'total_duration': 5737.9453592300415, 'accumulated_submission_time': 3275.1900975704193, 'accumulated_eval_time': 2444.085216999054, 'accumulated_logging_time': 0.2447810173034668}
I0531 21:22:48.671174 140239423117056 logging_writer.py:48] [37042] accumulated_eval_time=2444.09, accumulated_logging_time=0.244781, accumulated_submission_time=3275.19, global_step=37042, preemption_count=0, score=3275.19, test/accuracy=0.000708849, test/bleu=0, test/loss=11.6366, test/num_examples=3003, total_duration=5737.95, train/accuracy=0.000674155, train/bleu=0, train/loss=11.6514, validation/accuracy=0.000483565, validation/bleu=4.11752e-10, validation/loss=11.6395, validation/num_examples=3000
I0531 21:33:33.312165 140271480894656 spec.py:333] Evaluating on the training split.
I0531 21:33:35.515148 140271480894656 workload.py:152] Translating evaluation dataset.
I0531 21:35:47.822348 140271480894656 spec.py:346] Evaluating on the validation split.
I0531 21:35:50.017241 140271480894656 workload.py:152] Translating evaluation dataset.
I0531 21:38:02.140491 140271480894656 spec.py:363] Evaluating on the test split.
I0531 21:38:04.334054 140271480894656 workload.py:152] Translating evaluation dataset.
I0531 21:40:16.611320 140271480894656 submission_runner.py:516] Time since start: 6785.91s, 	Step: 44464, 	{'train/accuracy': 0.0006754513503302843, 'train/loss': 11.648874772464481, 'train/bleu': 0.0, 'validation/accuracy': 0.00048356498989473163, 'validation/loss': 11.639514699135782, 'validation/bleu': 4.1175201821319243e-10, 'validation/num_examples': 3000, 'test/accuracy': 0.0007088489919237697, 'test/loss': 11.63656673057928, 'test/bleu': 0.0, 'test/num_examples': 3003, 'score': 3916.2939999103546, 'total_duration': 6785.910656929016, 'accumulated_submission_time': 3916.2939999103546, 'accumulated_eval_time': 2847.3843891620636, 'accumulated_logging_time': 0.27914953231811523}
I0531 21:40:16.636994 140239431509760 logging_writer.py:48] [44464] accumulated_eval_time=2847.38, accumulated_logging_time=0.27915, accumulated_submission_time=3916.29, global_step=44464, preemption_count=0, score=3916.29, test/accuracy=0.000708849, test/bleu=0, test/loss=11.6366, test/num_examples=3003, total_duration=6785.91, train/accuracy=0.000675451, train/bleu=0, train/loss=11.6489, validation/accuracy=0.000483565, validation/bleu=4.11752e-10, validation/loss=11.6395, validation/num_examples=3000
I0531 21:51:01.238641 140271480894656 spec.py:333] Evaluating on the training split.
I0531 21:51:03.446150 140271480894656 workload.py:152] Translating evaluation dataset.
I0531 21:53:15.734553 140271480894656 spec.py:346] Evaluating on the validation split.
I0531 21:53:17.930283 140271480894656 workload.py:152] Translating evaluation dataset.
I0531 21:55:30.059569 140271480894656 spec.py:363] Evaluating on the test split.
I0531 21:55:32.257073 140271480894656 workload.py:152] Translating evaluation dataset.
I0531 21:57:44.521772 140271480894656 submission_runner.py:516] Time since start: 7833.82s, 	Step: 51877, 	{'train/accuracy': 0.0006337500720170537, 'train/loss': 11.650675519963126, 'train/bleu': 1.8313315506742957e-11, 'validation/accuracy': 0.00048356498989473163, 'validation/loss': 11.639517798911358, 'validation/bleu': 4.1175201821319243e-10, 'validation/num_examples': 3000, 'test/accuracy': 0.0007088489919237697, 'test/loss': 11.636565278019871, 'test/bleu': 0.0, 'test/num_examples': 3003, 'score': 4557.372212171555, 'total_duration': 7833.821097612381, 'accumulated_submission_time': 4557.372212171555, 'accumulated_eval_time': 3250.66752576828, 'accumulated_logging_time': 0.313887357711792}
I0531 21:57:44.547693 140239423117056 logging_writer.py:48] [51877] accumulated_eval_time=3250.67, accumulated_logging_time=0.313887, accumulated_submission_time=4557.37, global_step=51877, preemption_count=0, score=4557.37, test/accuracy=0.000708849, test/bleu=0, test/loss=11.6366, test/num_examples=3003, total_duration=7833.82, train/accuracy=0.00063375, train/bleu=1.83133e-11, train/loss=11.6507, validation/accuracy=0.000483565, validation/bleu=4.11752e-10, validation/loss=11.6395, validation/num_examples=3000
I0531 22:08:29.136476 140271480894656 spec.py:333] Evaluating on the training split.
I0531 22:08:31.344088 140271480894656 workload.py:152] Translating evaluation dataset.
I0531 22:10:43.662603 140271480894656 spec.py:346] Evaluating on the validation split.
I0531 22:10:45.861327 140271480894656 workload.py:152] Translating evaluation dataset.
I0531 22:12:57.914940 140271480894656 spec.py:363] Evaluating on the test split.
I0531 22:13:00.114732 140271480894656 workload.py:152] Translating evaluation dataset.
I0531 22:15:12.466883 140271480894656 submission_runner.py:516] Time since start: 8881.77s, 	Step: 59291, 	{'train/accuracy': 0.0006628798701669771, 'train/loss': 11.652095214693075, 'train/bleu': 0.0, 'validation/accuracy': 0.00048356498989473163, 'validation/loss': 11.639517798911358, 'validation/bleu': 4.1175201821319243e-10, 'validation/num_examples': 3000, 'test/accuracy': 0.0007088489919237697, 'test/loss': 11.636566004299576, 'test/bleu': 0.0, 'test/num_examples': 3003, 'score': 5198.426377058029, 'total_duration': 8881.766214609146, 'accumulated_submission_time': 5198.426377058029, 'accumulated_eval_time': 3653.997938632965, 'accumulated_logging_time': 0.3488636016845703}
I0531 22:15:12.490979 140239431509760 logging_writer.py:48] [59291] accumulated_eval_time=3654, accumulated_logging_time=0.348864, accumulated_submission_time=5198.43, global_step=59291, preemption_count=0, score=5198.43, test/accuracy=0.000708849, test/bleu=0, test/loss=11.6366, test/num_examples=3003, total_duration=8881.77, train/accuracy=0.00066288, train/bleu=0, train/loss=11.6521, validation/accuracy=0.000483565, validation/bleu=4.11752e-10, validation/loss=11.6395, validation/num_examples=3000
I0531 22:25:57.114258 140271480894656 spec.py:333] Evaluating on the training split.
I0531 22:25:59.322947 140271480894656 workload.py:152] Translating evaluation dataset.
I0531 22:28:11.643052 140271480894656 spec.py:346] Evaluating on the validation split.
I0531 22:28:13.836740 140271480894656 workload.py:152] Translating evaluation dataset.
I0531 22:30:25.919902 140271480894656 spec.py:363] Evaluating on the test split.
I0531 22:30:28.116733 140271480894656 workload.py:152] Translating evaluation dataset.
I0531 22:32:40.155062 140271480894656 submission_runner.py:516] Time since start: 9929.45s, 	Step: 66712, 	{'train/accuracy': 0.0006852835360630461, 'train/loss': 11.651990891439667, 'train/bleu': 0.0, 'validation/accuracy': 0.00048356498989473163, 'validation/loss': 11.639517023967464, 'validation/bleu': 4.1175201821319243e-10, 'validation/num_examples': 3000, 'test/accuracy': 0.0007088489919237697, 'test/loss': 11.636566004299576, 'test/bleu': 0.0, 'test/num_examples': 3003, 'score': 5839.523873567581, 'total_duration': 9929.454412698746, 'accumulated_submission_time': 5839.523873567581, 'accumulated_eval_time': 4057.038806438446, 'accumulated_logging_time': 0.3821876049041748}
I0531 22:32:40.180318 140239423117056 logging_writer.py:48] [66712] accumulated_eval_time=4057.04, accumulated_logging_time=0.382188, accumulated_submission_time=5839.52, global_step=66712, preemption_count=0, score=5839.52, test/accuracy=0.000708849, test/bleu=0, test/loss=11.6366, test/num_examples=3003, total_duration=9929.45, train/accuracy=0.000685284, train/bleu=0, train/loss=11.652, validation/accuracy=0.000483565, validation/bleu=4.11752e-10, validation/loss=11.6395, validation/num_examples=3000
I0531 22:43:24.791506 140271480894656 spec.py:333] Evaluating on the training split.
I0531 22:43:26.997774 140271480894656 workload.py:152] Translating evaluation dataset.
I0531 22:45:39.269308 140271480894656 spec.py:346] Evaluating on the validation split.
I0531 22:45:41.463816 140271480894656 workload.py:152] Translating evaluation dataset.
I0531 22:47:53.584459 140271480894656 spec.py:363] Evaluating on the test split.
I0531 22:47:55.781091 140271480894656 workload.py:152] Translating evaluation dataset.
I0531 22:50:07.994596 140271480894656 submission_runner.py:516] Time since start: 10977.29s, 	Step: 74127, 	{'train/accuracy': 0.0005898135726511542, 'train/loss': 11.650450889346347, 'train/bleu': 0.0, 'validation/accuracy': 0.00048356498989473163, 'validation/loss': 11.639517023967464, 'validation/bleu': 4.1175201821319243e-10, 'validation/num_examples': 3000, 'test/accuracy': 0.0007088489919237697, 'test/loss': 11.636565278019871, 'test/bleu': 0.0, 'test/num_examples': 3003, 'score': 6480.60125875473, 'total_duration': 10977.293922424316, 'accumulated_submission_time': 6480.60125875473, 'accumulated_eval_time': 4460.241932153702, 'accumulated_logging_time': 0.41664934158325195}
I0531 22:50:08.020447 140239431509760 logging_writer.py:48] [74127] accumulated_eval_time=4460.24, accumulated_logging_time=0.416649, accumulated_submission_time=6480.6, global_step=74127, preemption_count=0, score=6480.6, test/accuracy=0.000708849, test/bleu=0, test/loss=11.6366, test/num_examples=3003, total_duration=10977.3, train/accuracy=0.000589814, train/bleu=0, train/loss=11.6505, validation/accuracy=0.000483565, validation/bleu=4.11752e-10, validation/loss=11.6395, validation/num_examples=3000
I0531 23:00:52.640976 140271480894656 spec.py:333] Evaluating on the training split.
I0531 23:00:54.849455 140271480894656 workload.py:152] Translating evaluation dataset.
I0531 23:03:07.258308 140271480894656 spec.py:346] Evaluating on the validation split.
I0531 23:03:09.453995 140271480894656 workload.py:152] Translating evaluation dataset.
I0531 23:05:21.661539 140271480894656 spec.py:363] Evaluating on the test split.
I0531 23:05:23.858459 140271480894656 workload.py:152] Translating evaluation dataset.
I0531 23:07:36.100235 140271480894656 submission_runner.py:516] Time since start: 12025.40s, 	Step: 81541, 	{'train/accuracy': 0.000588072505880725, 'train/loss': 11.650976085051427, 'train/bleu': 1.7907789406052626e-11, 'validation/accuracy': 0.00048356498989473163, 'validation/loss': 11.639517798911358, 'validation/bleu': 4.1175201821319243e-10, 'validation/num_examples': 3000, 'test/accuracy': 0.0007088489919237697, 'test/loss': 11.636565278019871, 'test/bleu': 0.0, 'test/num_examples': 3003, 'score': 7121.7023985385895, 'total_duration': 12025.399575471878, 'accumulated_submission_time': 7121.7023985385895, 'accumulated_eval_time': 4863.701203584671, 'accumulated_logging_time': 0.4517793655395508}
I0531 23:07:36.125845 140239423117056 logging_writer.py:48] [81541] accumulated_eval_time=4863.7, accumulated_logging_time=0.451779, accumulated_submission_time=7121.7, global_step=81541, preemption_count=0, score=7121.7, test/accuracy=0.000708849, test/bleu=0, test/loss=11.6366, test/num_examples=3003, total_duration=12025.4, train/accuracy=0.000588073, train/bleu=1.79078e-11, train/loss=11.651, validation/accuracy=0.000483565, validation/bleu=4.11752e-10, validation/loss=11.6395, validation/num_examples=3000
I0531 23:18:20.781350 140271480894656 spec.py:333] Evaluating on the training split.
I0531 23:18:22.992130 140271480894656 workload.py:152] Translating evaluation dataset.
I0531 23:20:35.300617 140271480894656 spec.py:346] Evaluating on the validation split.
I0531 23:20:37.495227 140271480894656 workload.py:152] Translating evaluation dataset.
I0531 23:22:49.665608 140271480894656 spec.py:363] Evaluating on the test split.
I0531 23:22:51.861550 140271480894656 workload.py:152] Translating evaluation dataset.
I0531 23:25:04.118994 140271480894656 submission_runner.py:516] Time since start: 13073.42s, 	Step: 88956, 	{'train/accuracy': 0.0006359950483242667, 'train/loss': 11.65298449194217, 'train/bleu': 1.9591838592050735e-11, 'validation/accuracy': 0.00048356498989473163, 'validation/loss': 11.639517798911358, 'validation/bleu': 4.1175201821319243e-10, 'validation/num_examples': 3000, 'test/accuracy': 0.0007088489919237697, 'test/loss': 11.636565278019871, 'test/bleu': 0.0, 'test/num_examples': 3003, 'score': 7762.827974796295, 'total_duration': 13073.418311357498, 'accumulated_submission_time': 7762.827974796295, 'accumulated_eval_time': 5267.03888297081, 'accumulated_logging_time': 0.48671841621398926}
I0531 23:25:04.144269 140239431509760 logging_writer.py:48] [88956] accumulated_eval_time=5267.04, accumulated_logging_time=0.486718, accumulated_submission_time=7762.83, global_step=88956, preemption_count=0, score=7762.83, test/accuracy=0.000708849, test/bleu=0, test/loss=11.6366, test/num_examples=3003, total_duration=13073.4, train/accuracy=0.000635995, train/bleu=1.95918e-11, train/loss=11.653, validation/accuracy=0.000483565, validation/bleu=4.11752e-10, validation/loss=11.6395, validation/num_examples=3000
I0531 23:35:48.755177 140271480894656 spec.py:333] Evaluating on the training split.
I0531 23:35:50.961550 140271480894656 workload.py:152] Translating evaluation dataset.
I0531 23:38:03.228641 140271480894656 spec.py:346] Evaluating on the validation split.
I0531 23:38:05.424961 140271480894656 workload.py:152] Translating evaluation dataset.
I0531 23:40:17.584675 140271480894656 spec.py:363] Evaluating on the test split.
I0531 23:40:19.781410 140271480894656 workload.py:152] Translating evaluation dataset.
I0531 23:42:32.009220 140271480894656 submission_runner.py:516] Time since start: 14121.31s, 	Step: 96374, 	{'train/accuracy': 0.0005959680469439446, 'train/loss': 11.651600804556864, 'train/bleu': 0.0, 'validation/accuracy': 0.00048356498989473163, 'validation/loss': 11.639517023967464, 'validation/bleu': 4.1175201821319243e-10, 'validation/num_examples': 3000, 'test/accuracy': 0.0007088489919237697, 'test/loss': 11.636565278019871, 'test/bleu': 0.0, 'test/num_examples': 3003, 'score': 8403.895407915115, 'total_duration': 14121.308550596237, 'accumulated_submission_time': 8403.895407915115, 'accumulated_eval_time': 5670.292961359024, 'accumulated_logging_time': 0.5214955806732178}
I0531 23:42:32.035596 140239423117056 logging_writer.py:48] [96374] accumulated_eval_time=5670.29, accumulated_logging_time=0.521496, accumulated_submission_time=8403.9, global_step=96374, preemption_count=0, score=8403.9, test/accuracy=0.000708849, test/bleu=0, test/loss=11.6366, test/num_examples=3003, total_duration=14121.3, train/accuracy=0.000595968, train/bleu=0, train/loss=11.6516, validation/accuracy=0.000483565, validation/bleu=4.11752e-10, validation/loss=11.6395, validation/num_examples=3000
I0531 23:53:16.657474 140271480894656 spec.py:333] Evaluating on the training split.
I0531 23:53:18.867174 140271480894656 workload.py:152] Translating evaluation dataset.
I0531 23:55:31.094835 140271480894656 spec.py:346] Evaluating on the validation split.
I0531 23:55:33.298880 140271480894656 workload.py:152] Translating evaluation dataset.
I0531 23:57:45.471843 140271480894656 spec.py:363] Evaluating on the test split.
I0531 23:57:47.671837 140271480894656 workload.py:152] Translating evaluation dataset.
I0531 23:59:59.881692 140271480894656 submission_runner.py:516] Time since start: 15169.18s, 	Step: 103792, 	{'train/accuracy': 0.0007096744654548784, 'train/loss': 11.649669772446316, 'train/bleu': 2.2457309438080326e-11, 'validation/accuracy': 0.00048356498989473163, 'validation/loss': 11.639517023967464, 'validation/bleu': 4.1175201821319243e-10, 'validation/num_examples': 3000, 'test/accuracy': 0.0007088489919237697, 'test/loss': 11.636565278019871, 'test/bleu': 0.0, 'test/num_examples': 3003, 'score': 9044.997608423233, 'total_duration': 15169.18096446991, 'accumulated_submission_time': 9044.997608423233, 'accumulated_eval_time': 6073.517180681229, 'accumulated_logging_time': 0.5571517944335938}
I0531 23:59:59.907753 140239431509760 logging_writer.py:48] [103792] accumulated_eval_time=6073.52, accumulated_logging_time=0.557152, accumulated_submission_time=9045, global_step=103792, preemption_count=0, score=9045, test/accuracy=0.000708849, test/bleu=0, test/loss=11.6366, test/num_examples=3003, total_duration=15169.2, train/accuracy=0.000709674, train/bleu=2.24573e-11, train/loss=11.6497, validation/accuracy=0.000483565, validation/bleu=4.11752e-10, validation/loss=11.6395, validation/num_examples=3000
I0601 00:10:44.541833 140271480894656 spec.py:333] Evaluating on the training split.
I0601 00:10:46.752497 140271480894656 workload.py:152] Translating evaluation dataset.
I0601 00:12:59.061907 140271480894656 spec.py:346] Evaluating on the validation split.
I0601 00:13:01.257541 140271480894656 workload.py:152] Translating evaluation dataset.
I0601 00:15:13.431504 140271480894656 spec.py:363] Evaluating on the test split.
I0601 00:15:15.628953 140271480894656 workload.py:152] Translating evaluation dataset.
I0601 00:17:27.888803 140271480894656 submission_runner.py:516] Time since start: 16217.19s, 	Step: 111205, 	{'train/accuracy': 0.0006284852363104489, 'train/loss': 11.649674473215102, 'train/bleu': 0.0, 'validation/accuracy': 0.00048356498989473163, 'validation/loss': 11.639517023967464, 'validation/bleu': 4.1175201821319243e-10, 'validation/num_examples': 3000, 'test/accuracy': 0.0007088489919237697, 'test/loss': 11.636565278019871, 'test/bleu': 0.0, 'test/num_examples': 3003, 'score': 9686.101577758789, 'total_duration': 16217.18812584877, 'accumulated_submission_time': 9686.101577758789, 'accumulated_eval_time': 6476.864168167114, 'accumulated_logging_time': 0.5926604270935059}
I0601 00:17:27.915507 140239423117056 logging_writer.py:48] [111205] accumulated_eval_time=6476.86, accumulated_logging_time=0.59266, accumulated_submission_time=9686.1, global_step=111205, preemption_count=0, score=9686.1, test/accuracy=0.000708849, test/bleu=0, test/loss=11.6366, test/num_examples=3003, total_duration=16217.2, train/accuracy=0.000628485, train/bleu=0, train/loss=11.6497, validation/accuracy=0.000483565, validation/bleu=4.11752e-10, validation/loss=11.6395, validation/num_examples=3000
I0601 00:28:12.508505 140271480894656 spec.py:333] Evaluating on the training split.
I0601 00:28:14.715690 140271480894656 workload.py:152] Translating evaluation dataset.
I0601 00:30:26.865793 140271480894656 spec.py:346] Evaluating on the validation split.
I0601 00:30:29.060506 140271480894656 workload.py:152] Translating evaluation dataset.
I0601 00:32:41.071142 140271480894656 spec.py:363] Evaluating on the test split.
I0601 00:32:43.267691 140271480894656 workload.py:152] Translating evaluation dataset.
I0601 00:34:55.363932 140271480894656 submission_runner.py:516] Time since start: 17264.66s, 	Step: 118621, 	{'train/accuracy': 0.0006308424614325859, 'train/loss': 11.649903939897918, 'train/bleu': 0.0, 'validation/accuracy': 0.00048356498989473163, 'validation/loss': 11.639517023967464, 'validation/bleu': 4.1175201821319243e-10, 'validation/num_examples': 3000, 'test/accuracy': 0.0007088489919237697, 'test/loss': 11.636565278019871, 'test/bleu': 0.0, 'test/num_examples': 3003, 'score': 10327.164108514786, 'total_duration': 17264.66327404976, 'accumulated_submission_time': 10327.164108514786, 'accumulated_eval_time': 6879.719658374786, 'accumulated_logging_time': 0.6284999847412109}
I0601 00:34:55.391118 140239431509760 logging_writer.py:48] [118621] accumulated_eval_time=6879.72, accumulated_logging_time=0.6285, accumulated_submission_time=10327.2, global_step=118621, preemption_count=0, score=10327.2, test/accuracy=0.000708849, test/bleu=0, test/loss=11.6366, test/num_examples=3003, total_duration=17264.7, train/accuracy=0.000630842, train/bleu=0, train/loss=11.6499, validation/accuracy=0.000483565, validation/bleu=4.11752e-10, validation/loss=11.6395, validation/num_examples=3000
I0601 00:36:56.372774 140271480894656 spec.py:333] Evaluating on the training split.
I0601 00:36:58.579596 140271480894656 workload.py:152] Translating evaluation dataset.
I0601 00:39:10.845621 140271480894656 spec.py:346] Evaluating on the validation split.
I0601 00:39:13.041794 140271480894656 workload.py:152] Translating evaluation dataset.
I0601 00:41:25.219460 140271480894656 spec.py:363] Evaluating on the test split.
I0601 00:41:27.415681 140271480894656 workload.py:152] Translating evaluation dataset.
I0601 00:43:39.695483 140271480894656 submission_runner.py:516] Time since start: 17788.99s, 	Step: 120001, 	{'train/accuracy': 0.0005711022272986865, 'train/loss': 11.65131567675614, 'train/bleu': 0.0, 'validation/accuracy': 0.00048356498989473163, 'validation/loss': 11.639517023967464, 'validation/bleu': 4.1175201821319243e-10, 'validation/num_examples': 3000, 'test/accuracy': 0.0007088489919237697, 'test/loss': 11.636565278019871, 'test/bleu': 0.0, 'test/num_examples': 3003, 'score': 10446.49561047554, 'total_duration': 17788.994819402695, 'accumulated_submission_time': 10446.49561047554, 'accumulated_eval_time': 7283.0423793792725, 'accumulated_logging_time': 0.6649940013885498}
I0601 00:43:39.721765 140239423117056 logging_writer.py:48] [120001] accumulated_eval_time=7283.04, accumulated_logging_time=0.664994, accumulated_submission_time=10446.5, global_step=120001, preemption_count=0, score=10446.5, test/accuracy=0.000708849, test/bleu=0, test/loss=11.6366, test/num_examples=3003, total_duration=17789, train/accuracy=0.000571102, train/bleu=0, train/loss=11.6513, validation/accuracy=0.000483565, validation/bleu=4.11752e-10, validation/loss=11.6395, validation/num_examples=3000
I0601 00:43:40.332313 140239431509760 logging_writer.py:48] [120001] global_step=120001, preemption_count=0, score=10446.5
I0601 00:43:40.350952 140271480894656 submission_runner.py:857] Final wmt score: 10446.49561047554
