python submission_runner.py --framework=jax --workload=imagenet_resnet --submission_path=submissions_algorithms/submissions/self_tuning/schedule_free_adamw_jax_v2/submission.py --data_dir=/data/imagenet/jax --experiment_dir=/experiment_runs --experiment_name=submissions_a100/schedule_free_adamw_jax_v2/study_2 --overwrite=True --save_checkpoints=False --rng_seed=-939886995 --imagenet_v2_data_dir=/data/imagenet/jax --tuning_ruleset=self 2>&1 | tee -a /logs/imagenet_resnet_jax_05-12-2026-22-28-52.log
2026-05-12 22:29:04.878084: E external/local_xla/xla/stream_executor/cuda/cuda_fft.cc:467] Unable to register cuFFT factory: Attempting to register factory for plugin cuFFT when one has already been registered
WARNING: All log messages before absl::InitializeLog() is called are written to STDERR
E0000 00:00:1778624945.757940      13 cuda_dnn.cc:8579] Unable to register cuDNN factory: Attempting to register factory for plugin cuDNN when one has already been registered
E0000 00:00:1778624945.922716      13 cuda_blas.cc:1407] Unable to register cuBLAS factory: Attempting to register factory for plugin cuBLAS when one has already been registered
W0000 00:00:1778624948.122061      13 computation_placer.cc:177] computation placer already registered. Please check linkage and avoid linking the same target more than once.
W0000 00:00:1778624948.122103      13 computation_placer.cc:177] computation placer already registered. Please check linkage and avoid linking the same target more than once.
W0000 00:00:1778624948.122106      13 computation_placer.cc:177] computation placer already registered. Please check linkage and avoid linking the same target more than once.
W0000 00:00:1778624948.122109      13 computation_placer.cc:177] computation placer already registered. Please check linkage and avoid linking the same target more than once.
/usr/local/lib/python3.11/site-packages/torch/__init__.py:1617: UserWarning: Please use the new API settings to control TF32 behavior, such as torch.backends.cudnn.conv.fp32_precision = 'tf32' or torch.backends.cuda.matmul.fp32_precision = 'ieee'. Old settings, e.g, torch.backends.cuda.matmul.allow_tf32 = True, torch.backends.cudnn.allow_tf32 = True, allowTF32CuDNN() and allowTF32CuBLAS() will be deprecated after Pytorch 2.9. Please see https://pytorch.org/docs/main/notes/cuda.html#tensorfloat-32-tf32-on-ampere-and-later-devices (Triggered internally at /pytorch/aten/src/ATen/Context.cpp:80.)
  _C._set_float32_matmul_precision(precision)
/usr/local/lib/python3.11/site-packages/pydantic/_internal/_generate_schema.py:2249: UnsupportedFieldAttributeWarning: The 'repr' attribute with value False was provided to the `Field()` function, which has no effect in the context it was used. 'repr' is field-specific metadata, and can only be attached to a model field using `Annotated` metadata or by assignment. This may have happened because an `Annotated` type alias using the `type` statement was used, or if the `Field()` function was attached to a single member of a union type.
  warnings.warn(
/usr/local/lib/python3.11/site-packages/pydantic/_internal/_generate_schema.py:2249: UnsupportedFieldAttributeWarning: The 'frozen' attribute with value True was provided to the `Field()` function, which has no effect in the context it was used. 'frozen' is field-specific metadata, and can only be attached to a model field using `Annotated` metadata or by assignment. This may have happened because an `Annotated` type alias using the `type` statement was used, or if the `Field()` function was attached to a single member of a union type.
  warnings.warn(
INFO:2026-05-12 22:30:00,162:jax._src.xla_bridge:830: Unable to initialize backend 'tpu': INTERNAL: Failed to open libtpu.so: libtpu.so: cannot open shared object file: No such file or directory
I0512 22:30:00.162919 140546196993216 xla_bridge.py:830] Unable to initialize backend 'tpu': INTERNAL: Failed to open libtpu.so: libtpu.so: cannot open shared object file: No such file or directory
I0512 22:30:01.024725 140546196993216 logger_utils.py:84] Creating experiment directory at /experiment_runs/submissions_a100/schedule_free_adamw_jax_v2/study_2/imagenet_resnet_jax.
I0512 22:30:05.218404 140546196993216 submission_runner.py:741] Creating directory at /experiment_runs/submissions_a100/schedule_free_adamw_jax_v2/study_2/imagenet_resnet_jax/trial_1.
I0512 22:30:05.609770 140546196993216 submission_runner.py:242] Initializing dataset.
I0512 22:30:06.752776 140546196993216 dataset_info.py:707] Load dataset info from /data/imagenet/jax/imagenet2012/5.1.0
I0512 22:30:06.813535 140546196993216 dataset_info.py:793] For 'imagenet2012/5.1.0': fields info.[splits, supervised_keys] differ on disk and in the code. Keeping the one from code.
I0512 22:30:07.104005 140546196993216 reader.py:262] Creating a tf.data.Dataset reading 1024 files located in folders: /data/imagenet/jax/imagenet2012/5.1.0.
I0512 22:30:07.403631 140546196993216 logging_logger.py:49] Constructing tf.data.Dataset imagenet2012 for split train, from /data/imagenet/jax/imagenet2012/5.1.0
I0512 22:30:08.869365 140546196993216 submission_runner.py:251] Initializing model.
I0512 22:30:33.741610 140546196993216 submission_runner.py:294] Initializing optimizer.
I0512 22:30:35.570825 140546196993216 submission_runner.py:299] Initializing metrics bundle.
I0512 22:30:35.571060 140546196993216 submission_runner.py:321] Initializing checkpoint and logger.
I0512 22:30:35.574183 140546196993216 checkpoints.py:1098] Found no checkpoint files in /experiment_runs/submissions_a100/schedule_free_adamw_jax_v2/study_2/imagenet_resnet_jax/trial_1 with prefix checkpoint_
I0512 22:30:35.574316 140546196993216 submission_runner.py:344] Saving meta data to /experiment_runs/submissions_a100/schedule_free_adamw_jax_v2/study_2/imagenet_resnet_jax/trial_1/meta_data_0.json.
I0512 22:30:35.934163 140546196993216 submission_runner.py:348] Saving flags to /experiment_runs/submissions_a100/schedule_free_adamw_jax_v2/study_2/imagenet_resnet_jax/trial_1/flags_0.json.
I0512 22:30:35.946403 140546196993216 submission_runner.py:359] Starting training loop.
/usr/local/lib/python3.11/site-packages/jax/_src/interpreters/mlir.py:1268: UserWarning: Some donated buffers were not usable: float32[64], float32[64], float32[64], float32[64], float32[64], float32[64], float32[256], float32[256], float32[256], float32[256], float32[1,1,64,64], float32[3,3,64,64], float32[1,1,64,256], float32[1,1,64,256], float32[64], float32[64], float32[64], float32[64], float32[256], float32[256], float32[1,1,256,64], float32[3,3,64,64], float32[1,1,64,256], float32[256], float32[256], float32[256], float32[256], float32[1024], float32[1024], float32[1,1,1024,256], float32[3,3,256,256], float32[1,1,256,1024], float32[256], float32[256], float32[256], float32[256], float32[1024], float32[1024], float32[1,1,1024,256], float32[3,3,256,256], float32[1,1,256,1024], float32[256], float32[256], float32[256], float32[256], float32[1024], float32[1024], float32[1,1,1024,256], float32[3,3,256,256], float32[1,1,256,1024], float32[512], float32[512], float32[512], float32[512], float32[2048], float32[2048], float32[2048], float32[2048], float32[1,1,1024,512], float32[3,3,512,512], float32[1,1,512,2048], float32[1,1,1024,2048], float32[512], float32[512], float32[512], float32[512], float32[2048], float32[2048], float32[1,1,2048,512], float32[3,3,512,512], float32[1,1,512,2048], float32[512], float32[512], float32[512], float32[512], float32[2048], float32[2048], float32[1,1,2048,512], float32[3,3,512,512], float32[1,1,512,2048], float32[64], float32[64], float32[64], float32[64], float32[256], float32[256], float32[1,1,256,64], float32[3,3,64,64], float32[1,1,64,256], float32[128], float32[128], float32[128], float32[128], float32[512], float32[512], float32[512], float32[512], float32[1,1,256,128], float32[3,3,128,128], float32[1,1,128,512], float32[1,1,256,512], float32[128], float32[128], float32[128], float32[128], float32[512], float32[512], float32[1,1,512,128], float32[3,3,128,128], float32[1,1,128,512], float32[128], float32[128], float32[128], float32[128], float32[512], float32[512], float32[1,1,512,128], float32[3,3,128,128], float32[1,1,128,512], float32[128], float32[128], float32[128], float32[128], float32[512], float32[512], float32[1,1,512,128], float32[3,3,128,128], float32[1,1,128,512], float32[256], float32[256], float32[256], float32[256], float32[1024], float32[1024], float32[1024], float32[1024], float32[1,1,512,256], float32[3,3,256,256], float32[1,1,256,1024], float32[1,1,512,1024], float32[256], float32[256], float32[256], float32[256], float32[1024], float32[1024], float32[1,1,1024,256], float32[3,3,256,256], float32[1,1,256,1024], float32[256], float32[256], float32[256], float32[256], float32[1024], float32[1024], float32[1,1,1024,256], float32[3,3,256,256], float32[1,1,256,1024], float32[7,7,3,64], float32[1000], float32[2048,1000].
See an explanation at https://docs.jax.dev/en/latest/faq.html#buffer-donation.
  warnings.warn("Some donated buffers were not usable:"
I0512 22:31:29.790133 140531426354944 logging_writer.py:48] [0] global_step=0, grad_norm=0.3261333703994751, loss=6.908205986022949
I0512 22:31:31.350615 140546196993216 spec.py:333] Evaluating on the training split.
I0512 22:31:31.636262 140546196993216 dataset_info.py:707] Load dataset info from /data/imagenet/jax/imagenet2012/5.1.0
I0512 22:31:31.641801 140546196993216 dataset_info.py:793] For 'imagenet2012/5.1.0': fields info.[splits, supervised_keys] differ on disk and in the code. Keeping the one from code.
I0512 22:31:31.660401 140546196993216 reader.py:262] Creating a tf.data.Dataset reading 1024 files located in folders: /data/imagenet/jax/imagenet2012/5.1.0.
I0512 22:31:31.703538 140546196993216 logging_logger.py:49] Constructing tf.data.Dataset imagenet2012 for split train, from /data/imagenet/jax/imagenet2012/5.1.0
I0512 22:31:52.586009 140546196993216 spec.py:346] Evaluating on the validation split.
I0512 22:31:52.592160 140546196993216 dataset_info.py:707] Load dataset info from /data/imagenet/jax/imagenet2012/5.1.0
I0512 22:31:52.604061 140546196993216 dataset_info.py:793] For 'imagenet2012/5.1.0': fields info.[splits, supervised_keys] differ on disk and in the code. Keeping the one from code.
I0512 22:31:52.606823 140546196993216 reader.py:262] Creating a tf.data.Dataset reading 64 files located in folders: /data/imagenet/jax/imagenet2012/5.1.0.
I0512 22:31:52.647400 140546196993216 logging_logger.py:49] Constructing tf.data.Dataset imagenet2012 for split validation, from /data/imagenet/jax/imagenet2012/5.1.0
I0512 22:32:23.760179 140546196993216 spec.py:363] Evaluating on the test split.
I0512 22:32:23.823080 140546196993216 dataset_info.py:707] Load dataset info from /data/imagenet/jax/imagenet_v2/matched-frequency/3.0.0
I0512 22:32:23.895586 140546196993216 reader.py:262] Creating a tf.data.Dataset reading 16 files located in folders: /data/imagenet/jax/imagenet_v2/matched-frequency/3.0.0.
I0512 22:32:23.945130 140546196993216 logging_logger.py:49] Constructing tf.data.Dataset imagenet_v2 for split test, from /data/imagenet/jax/imagenet_v2/matched-frequency/3.0.0
I0512 22:32:29.402005 140546196993216 submission_runner.py:516] Time since start: 113.45s, 	Step: 1, 	{'train/accuracy': Array(0.00075733, dtype=float32), 'train/loss': Array(6.9125247, dtype=float32), 'validation/accuracy': Array(0.00068, dtype=float32), 'validation/loss': Array(6.91273, dtype=float32), 'validation/num_examples': 50000, 'test/accuracy': Array(0.0008, dtype=float32), 'test/loss': Array(6.912909, dtype=float32), 'test/num_examples': 10000, 'score': 55.403265714645386, 'total_duration': 113.45354461669922, 'accumulated_submission_time': 55.403265714645386, 'accumulated_eval_time': 58.0493426322937, 'accumulated_logging_time': 0}
I0512 22:32:29.420845 140330624063232 logging_writer.py:48] [1] accumulated_eval_time=58.0493, accumulated_logging_time=0, accumulated_submission_time=55.4033, global_step=1, preemption_count=0, score=55.4033, test/accuracy=0.000800000037997961, test/loss=6.912909030914307, test/num_examples=10000, total_duration=113.454, train/accuracy=0.0007573341717943549, train/loss=6.912524700164795, validation/accuracy=0.0006799999973736703, validation/loss=6.9127302169799805, validation/num_examples=50000
/usr/local/lib/python3.11/site-packages/jax/_src/interpreters/mlir.py:1268: UserWarning: Some donated buffers were not usable: float32[64], float32[64], float32[64], float32[64], float32[64], float32[64], float32[256], float32[256], float32[256], float32[256], float32[1,1,64,64], float32[3,3,64,64], float32[1,1,64,256], float32[1,1,64,256], float32[64], float32[64], float32[64], float32[64], float32[256], float32[256], float32[1,1,256,64], float32[3,3,64,64], float32[1,1,64,256], float32[256], float32[256], float32[256], float32[256], float32[1024], float32[1024], float32[1,1,1024,256], float32[3,3,256,256], float32[1,1,256,1024], float32[256], float32[256], float32[256], float32[256], float32[1024], float32[1024], float32[1,1,1024,256], float32[3,3,256,256], float32[1,1,256,1024], float32[256], float32[256], float32[256], float32[256], float32[1024], float32[1024], float32[1,1,1024,256], float32[3,3,256,256], float32[1,1,256,1024], float32[512], float32[512], float32[512], float32[512], float32[2048], float32[2048], float32[2048], float32[2048], float32[1,1,1024,512], float32[3,3,512,512], float32[1,1,512,2048], float32[1,1,1024,2048], float32[512], float32[512], float32[512], float32[512], float32[2048], float32[2048], float32[1,1,2048,512], float32[3,3,512,512], float32[1,1,512,2048], float32[512], float32[512], float32[512], float32[512], float32[2048], float32[2048], float32[1,1,2048,512], float32[3,3,512,512], float32[1,1,512,2048], float32[64], float32[64], float32[64], float32[64], float32[256], float32[256], float32[1,1,256,64], float32[3,3,64,64], float32[1,1,64,256], float32[128], float32[128], float32[128], float32[128], float32[512], float32[512], float32[512], float32[512], float32[1,1,256,128], float32[3,3,128,128], float32[1,1,128,512], float32[1,1,256,512], float32[128], float32[128], float32[128], float32[128], float32[512], float32[512], float32[1,1,512,128], float32[3,3,128,128], float32[1,1,128,512], float32[128], float32[128], float32[128], float32[128], float32[512], float32[512], float32[1,1,512,128], float32[3,3,128,128], float32[1,1,128,512], float32[128], float32[128], float32[128], float32[128], float32[512], float32[512], float32[1,1,512,128], float32[3,3,128,128], float32[1,1,128,512], float32[256], float32[256], float32[256], float32[256], float32[1024], float32[1024], float32[1024], float32[1024], float32[1,1,512,256], float32[3,3,256,256], float32[1,1,256,1024], float32[1,1,512,1024], float32[256], float32[256], float32[256], float32[256], float32[1024], float32[1024], float32[1,1,1024,256], float32[3,3,256,256], float32[1,1,256,1024], float32[256], float32[256], float32[256], float32[256], float32[1024], float32[1024], float32[1,1,1024,256], float32[3,3,256,256], float32[1,1,256,1024], float32[7,7,3,64], float32[1000], float32[2048,1000].
See an explanation at https://docs.jax.dev/en/latest/faq.html#buffer-donation.
  warnings.warn("Some donated buffers were not usable:"
I0512 22:33:17.365681 140330171086592 logging_writer.py:48] [100] global_step=100, grad_norm=0.8996247053146362, loss=6.768841743469238
I0512 22:33:54.943041 140330179479296 logging_writer.py:48] [200] global_step=200, grad_norm=1.6886597871780396, loss=6.4462175369262695
I0512 22:34:33.023528 140330171086592 logging_writer.py:48] [300] global_step=300, grad_norm=2.236851930618286, loss=6.271664619445801
I0512 22:35:14.390969 140330179479296 logging_writer.py:48] [400] global_step=400, grad_norm=2.128365993499756, loss=6.224735260009766
I0512 22:36:02.658727 140330171086592 logging_writer.py:48] [500] global_step=500, grad_norm=2.709414005279541, loss=6.159616947174072
I0512 22:36:55.749204 140330179479296 logging_writer.py:48] [600] global_step=600, grad_norm=2.2997937202453613, loss=6.0271830558776855
I0512 22:37:45.489995 140330171086592 logging_writer.py:48] [700] global_step=700, grad_norm=2.8295984268188477, loss=5.930457592010498
I0512 22:38:34.718007 140330179479296 logging_writer.py:48] [800] global_step=800, grad_norm=4.821854591369629, loss=5.933823585510254
I0512 22:39:26.136206 140330171086592 logging_writer.py:48] [900] global_step=900, grad_norm=6.284852027893066, loss=5.914339542388916
I0512 22:40:15.645335 140330179479296 logging_writer.py:48] [1000] global_step=1000, grad_norm=1.5892961025238037, loss=5.952157974243164
I0512 22:40:53.297286 140330171086592 logging_writer.py:48] [1100] global_step=1100, grad_norm=4.078814506530762, loss=5.8306097984313965
I0512 22:41:31.346368 140330179479296 logging_writer.py:48] [1200] global_step=1200, grad_norm=3.363912343978882, loss=5.804623603820801
I0512 22:42:08.867039 140330171086592 logging_writer.py:48] [1300] global_step=1300, grad_norm=2.4896843433380127, loss=5.806685447692871
I0512 22:42:46.718476 140330179479296 logging_writer.py:48] [1400] global_step=1400, grad_norm=2.7103986740112305, loss=5.822195053100586
I0512 22:43:24.703319 140330171086592 logging_writer.py:48] [1500] global_step=1500, grad_norm=2.284644603729248, loss=5.713479042053223
I0512 22:44:02.666852 140330179479296 logging_writer.py:48] [1600] global_step=1600, grad_norm=4.159430027008057, loss=5.635573387145996
I0512 22:44:40.288602 140330171086592 logging_writer.py:48] [1700] global_step=1700, grad_norm=3.9693167209625244, loss=5.751264572143555
I0512 22:45:18.289661 140330179479296 logging_writer.py:48] [1800] global_step=1800, grad_norm=2.353191614151001, loss=5.683239936828613
I0512 22:45:55.821010 140330171086592 logging_writer.py:48] [1900] global_step=1900, grad_norm=5.872997760772705, loss=5.6698713302612305
I0512 22:46:33.637272 140330179479296 logging_writer.py:48] [2000] global_step=2000, grad_norm=2.685798406600952, loss=5.570158004760742
I0512 22:47:11.808946 140330171086592 logging_writer.py:48] [2100] global_step=2100, grad_norm=2.9501588344573975, loss=5.531484603881836
I0512 22:47:49.822270 140330179479296 logging_writer.py:48] [2200] global_step=2200, grad_norm=4.772345066070557, loss=5.671840667724609
I0512 22:48:27.157534 140330171086592 logging_writer.py:48] [2300] global_step=2300, grad_norm=2.3999035358428955, loss=5.52491569519043
I0512 22:49:04.924759 140330179479296 logging_writer.py:48] [2400] global_step=2400, grad_norm=5.980453968048096, loss=5.530423164367676
I0512 22:49:42.147210 140330171086592 logging_writer.py:48] [2500] global_step=2500, grad_norm=5.530206680297852, loss=5.536949634552002
I0512 22:50:19.858959 140330179479296 logging_writer.py:48] [2600] global_step=2600, grad_norm=2.60951828956604, loss=5.436703681945801
I0512 22:50:57.539344 140330171086592 logging_writer.py:48] [2700] global_step=2700, grad_norm=2.500755548477173, loss=5.5355753898620605
I0512 22:51:34.735166 140330179479296 logging_writer.py:48] [2800] global_step=2800, grad_norm=2.1233749389648438, loss=5.372270584106445
I0512 22:52:12.146931 140330171086592 logging_writer.py:48] [2900] global_step=2900, grad_norm=3.786402702331543, loss=5.477264404296875
I0512 22:52:49.760658 140330179479296 logging_writer.py:48] [3000] global_step=3000, grad_norm=3.2771642208099365, loss=5.368007183074951
I0512 22:53:26.779503 140330171086592 logging_writer.py:48] [3100] global_step=3100, grad_norm=3.2992141246795654, loss=5.498304843902588
I0512 22:54:04.270782 140330179479296 logging_writer.py:48] [3200] global_step=3200, grad_norm=2.212985038757324, loss=5.261931896209717
I0512 22:54:41.753434 140330171086592 logging_writer.py:48] [3300] global_step=3300, grad_norm=2.050915241241455, loss=5.23733377456665
I0512 22:55:18.827353 140330179479296 logging_writer.py:48] [3400] global_step=3400, grad_norm=2.3782806396484375, loss=5.3321919441223145
I0512 22:55:56.051253 140330171086592 logging_writer.py:48] [3500] global_step=3500, grad_norm=2.69576358795166, loss=5.3275556564331055
I0512 22:56:33.507246 140330179479296 logging_writer.py:48] [3600] global_step=3600, grad_norm=1.549115777015686, loss=5.131993293762207
I0512 22:57:10.457908 140330171086592 logging_writer.py:48] [3700] global_step=3700, grad_norm=1.996563196182251, loss=5.165701866149902
I0512 22:57:47.797516 140330179479296 logging_writer.py:48] [3800] global_step=3800, grad_norm=2.4652886390686035, loss=5.186154842376709
I0512 22:58:25.266681 140330171086592 logging_writer.py:48] [3900] global_step=3900, grad_norm=3.4159767627716064, loss=5.325900077819824
I0512 22:59:02.168974 140330179479296 logging_writer.py:48] [4000] global_step=4000, grad_norm=2.5840179920196533, loss=5.2093119621276855
I0512 22:59:39.121025 140330171086592 logging_writer.py:48] [4100] global_step=4100, grad_norm=7.112630367279053, loss=5.181420803070068
I0512 23:00:16.757699 140330179479296 logging_writer.py:48] [4200] global_step=4200, grad_norm=2.108964443206787, loss=5.031390190124512
I0512 23:00:53.567319 140330171086592 logging_writer.py:48] [4300] global_step=4300, grad_norm=3.34953236579895, loss=5.31886100769043
I0512 23:01:30.567174 140330179479296 logging_writer.py:48] [4400] global_step=4400, grad_norm=3.030181407928467, loss=5.145931243896484
I0512 23:02:07.710606 140330171086592 logging_writer.py:48] [4500] global_step=4500, grad_norm=5.9440598487854, loss=5.051600456237793
I0512 23:02:44.361296 140330179479296 logging_writer.py:48] [4600] global_step=4600, grad_norm=6.287307262420654, loss=5.062731742858887
I0512 23:03:21.434231 140330171086592 logging_writer.py:48] [4700] global_step=4700, grad_norm=2.710148334503174, loss=5.037991046905518
I0512 23:03:58.680780 140330179479296 logging_writer.py:48] [4800] global_step=4800, grad_norm=5.478421688079834, loss=5.159373760223389
I0512 23:04:35.386637 140330171086592 logging_writer.py:48] [4900] global_step=4900, grad_norm=2.5405635833740234, loss=4.927253246307373
I0512 23:05:12.512895 140330179479296 logging_writer.py:48] [5000] global_step=5000, grad_norm=2.597332239151001, loss=4.854314804077148
I0512 23:05:45.472953 140546196993216 spec.py:333] Evaluating on the training split.
I0512 23:05:57.501238 140546196993216 spec.py:346] Evaluating on the validation split.
I0512 23:06:07.353067 140546196993216 spec.py:363] Evaluating on the test split.
I0512 23:06:08.299368 140546196993216 submission_runner.py:516] Time since start: 2132.35s, 	Step: 5091, 	{'train/accuracy': Array(0.03683036, dtype=float32), 'train/loss': Array(6.0105863, dtype=float32), 'validation/accuracy': Array(0.03464, dtype=float32), 'validation/loss': Array(6.073887, dtype=float32), 'validation/num_examples': 50000, 'test/accuracy': Array(0.0256, dtype=float32), 'test/loss': Array(6.2957478, dtype=float32), 'test/num_examples': 10000, 'score': 2051.405519247055, 'total_duration': 2132.3507702350616, 'accumulated_submission_time': 2051.405519247055, 'accumulated_eval_time': 80.8735921382904, 'accumulated_logging_time': 0.028288841247558594}
I0512 23:06:08.328180 140330632455936 logging_writer.py:48] [5091] accumulated_eval_time=80.8736, accumulated_logging_time=0.0282888, accumulated_submission_time=2051.41, global_step=5091, preemption_count=0, score=2051.41, test/accuracy=0.025600001215934753, test/loss=6.295747756958008, test/num_examples=10000, total_duration=2132.35, train/accuracy=0.0368303582072258, train/loss=6.010586261749268, validation/accuracy=0.03463999927043915, validation/loss=6.073886871337891, validation/num_examples=50000
I0512 23:06:13.213566 140330640848640 logging_writer.py:48] [5100] global_step=5100, grad_norm=3.053668737411499, loss=4.953907489776611
I0512 23:06:49.909910 140330632455936 logging_writer.py:48] [5200] global_step=5200, grad_norm=2.6351094245910645, loss=4.91639518737793
I0512 23:07:27.058860 140330640848640 logging_writer.py:48] [5300] global_step=5300, grad_norm=4.073904991149902, loss=4.984274387359619
I0512 23:08:04.298047 140330632455936 logging_writer.py:48] [5400] global_step=5400, grad_norm=7.666659832000732, loss=5.010444641113281
I0512 23:08:41.081388 140330640848640 logging_writer.py:48] [5500] global_step=5500, grad_norm=2.171753168106079, loss=4.946066856384277
I0512 23:09:18.153785 140330632455936 logging_writer.py:48] [5600] global_step=5600, grad_norm=4.941290855407715, loss=5.053196907043457
I0512 23:09:55.333907 140330640848640 logging_writer.py:48] [5700] global_step=5700, grad_norm=3.2240264415740967, loss=4.700118064880371
I0512 23:10:32.387669 140330632455936 logging_writer.py:48] [5800] global_step=5800, grad_norm=5.332955837249756, loss=5.0179338455200195
I0512 23:11:09.074151 140330640848640 logging_writer.py:48] [5900] global_step=5900, grad_norm=2.567713499069214, loss=4.934077262878418
I0512 23:11:46.275546 140330632455936 logging_writer.py:48] [6000] global_step=6000, grad_norm=3.471893787384033, loss=4.8420305252075195
I0512 23:12:22.972817 140330640848640 logging_writer.py:48] [6100] global_step=6100, grad_norm=3.49885892868042, loss=4.718890190124512
I0512 23:12:59.913679 140330632455936 logging_writer.py:48] [6200] global_step=6200, grad_norm=8.484103202819824, loss=4.963932037353516
I0512 23:13:37.133269 140330640848640 logging_writer.py:48] [6300] global_step=6300, grad_norm=2.9837536811828613, loss=4.788043975830078
I0512 23:14:14.268118 140330632455936 logging_writer.py:48] [6400] global_step=6400, grad_norm=3.5700173377990723, loss=4.8348822593688965
I0512 23:14:50.951000 140330640848640 logging_writer.py:48] [6500] global_step=6500, grad_norm=8.07686710357666, loss=5.0427775382995605
I0512 23:15:28.172864 140330632455936 logging_writer.py:48] [6600] global_step=6600, grad_norm=5.35474157333374, loss=4.79836368560791
I0512 23:16:04.903439 140330640848640 logging_writer.py:48] [6700] global_step=6700, grad_norm=8.914992332458496, loss=4.907289505004883
I0512 23:16:41.900763 140330632455936 logging_writer.py:48] [6800] global_step=6800, grad_norm=5.695804119110107, loss=4.9365129470825195
I0512 23:17:19.175864 140330640848640 logging_writer.py:48] [6900] global_step=6900, grad_norm=5.530570030212402, loss=4.8735151290893555
I0512 23:17:55.883324 140330632455936 logging_writer.py:48] [7000] global_step=7000, grad_norm=4.144064903259277, loss=4.715763568878174
I0512 23:18:32.972416 140330640848640 logging_writer.py:48] [7100] global_step=7100, grad_norm=5.426703929901123, loss=4.743924140930176
I0512 23:19:10.145425 140330632455936 logging_writer.py:48] [7200] global_step=7200, grad_norm=3.9532980918884277, loss=4.594181537628174
I0512 23:19:46.861758 140330640848640 logging_writer.py:48] [7300] global_step=7300, grad_norm=5.157228946685791, loss=4.593221664428711
I0512 23:20:23.868392 140330632455936 logging_writer.py:48] [7400] global_step=7400, grad_norm=4.616650104522705, loss=4.816321849822998
I0512 23:21:01.183516 140330640848640 logging_writer.py:48] [7500] global_step=7500, grad_norm=2.9376327991485596, loss=4.6537322998046875
I0512 23:21:37.891778 140330632455936 logging_writer.py:48] [7600] global_step=7600, grad_norm=3.5215342044830322, loss=4.566107273101807
I0512 23:22:14.913129 140330640848640 logging_writer.py:48] [7700] global_step=7700, grad_norm=2.8087148666381836, loss=4.520059108734131
I0512 23:22:52.219972 140330632455936 logging_writer.py:48] [7800] global_step=7800, grad_norm=3.9979968070983887, loss=4.738373756408691
I0512 23:23:28.911386 140330640848640 logging_writer.py:48] [7900] global_step=7900, grad_norm=3.8169260025024414, loss=4.610917568206787
I0512 23:24:06.002536 140330632455936 logging_writer.py:48] [8000] global_step=8000, grad_norm=6.051599502563477, loss=4.608170509338379
I0512 23:24:43.194123 140330640848640 logging_writer.py:48] [8100] global_step=8100, grad_norm=5.458561420440674, loss=4.7805938720703125
I0512 23:25:19.987114 140330632455936 logging_writer.py:48] [8200] global_step=8200, grad_norm=2.866084098815918, loss=4.509045600891113
I0512 23:25:57.048641 140330640848640 logging_writer.py:48] [8300] global_step=8300, grad_norm=4.061978816986084, loss=4.564599990844727
I0512 23:26:34.231000 140330632455936 logging_writer.py:48] [8400] global_step=8400, grad_norm=4.84849739074707, loss=4.808914661407471
I0512 23:27:11.019012 140330640848640 logging_writer.py:48] [8500] global_step=8500, grad_norm=5.6259613037109375, loss=4.656274795532227
I0512 23:27:48.068397 140330632455936 logging_writer.py:48] [8600] global_step=8600, grad_norm=2.716402530670166, loss=4.465431213378906
I0512 23:28:25.306610 140330640848640 logging_writer.py:48] [8700] global_step=8700, grad_norm=3.26397442817688, loss=4.493489742279053
I0512 23:29:02.121843 140330632455936 logging_writer.py:48] [8800] global_step=8800, grad_norm=5.2092437744140625, loss=4.543220520019531
I0512 23:29:38.903265 140330640848640 logging_writer.py:48] [8900] global_step=8900, grad_norm=7.477419853210449, loss=4.424639701843262
I0512 23:30:16.375513 140330632455936 logging_writer.py:48] [9000] global_step=9000, grad_norm=7.936310291290283, loss=4.5097761154174805
I0512 23:30:53.129014 140330640848640 logging_writer.py:48] [9100] global_step=9100, grad_norm=3.1809134483337402, loss=4.536842346191406
I0512 23:31:30.191936 140330632455936 logging_writer.py:48] [9200] global_step=9200, grad_norm=4.791093826293945, loss=4.713247776031494
I0512 23:32:07.336721 140330640848640 logging_writer.py:48] [9300] global_step=9300, grad_norm=4.619687080383301, loss=4.56913948059082
I0512 23:32:44.095336 140330632455936 logging_writer.py:48] [9400] global_step=9400, grad_norm=3.10891056060791, loss=4.452826499938965
I0512 23:33:21.160023 140330640848640 logging_writer.py:48] [9500] global_step=9500, grad_norm=4.322040557861328, loss=4.496364116668701
I0512 23:33:58.327754 140330632455936 logging_writer.py:48] [9600] global_step=9600, grad_norm=3.6211421489715576, loss=4.540789604187012
I0512 23:34:35.179843 140330640848640 logging_writer.py:48] [9700] global_step=9700, grad_norm=5.0317063331604, loss=4.562549114227295
I0512 23:35:12.223801 140330632455936 logging_writer.py:48] [9800] global_step=9800, grad_norm=3.3404557704925537, loss=4.507644176483154
I0512 23:35:49.400078 140330640848640 logging_writer.py:48] [9900] global_step=9900, grad_norm=6.4189534187316895, loss=5.337581634521484
I0512 23:36:26.141850 140330632455936 logging_writer.py:48] [10000] global_step=10000, grad_norm=5.7183918952941895, loss=4.41055965423584
I0512 23:37:03.368647 140330640848640 logging_writer.py:48] [10100] global_step=10100, grad_norm=4.658958911895752, loss=4.356914520263672
I0512 23:37:40.560816 140330632455936 logging_writer.py:48] [10200] global_step=10200, grad_norm=5.685758113861084, loss=4.766016006469727
I0512 23:38:17.271877 140330640848640 logging_writer.py:48] [10300] global_step=10300, grad_norm=3.6148455142974854, loss=4.464681625366211
I0512 23:38:54.384885 140330632455936 logging_writer.py:48] [10400] global_step=10400, grad_norm=3.386692523956299, loss=4.437700271606445
I0512 23:39:24.775613 140546196993216 spec.py:333] Evaluating on the training split.
I0512 23:39:37.984788 140546196993216 spec.py:346] Evaluating on the validation split.
I0512 23:39:47.833569 140546196993216 spec.py:363] Evaluating on the test split.
I0512 23:39:48.724383 140546196993216 submission_runner.py:516] Time since start: 4152.78s, 	Step: 10483, 	{'train/accuracy': Array(0.01183833, dtype=float32), 'train/loss': Array(7.4746013, dtype=float32), 'validation/accuracy': Array(0.01248, dtype=float32), 'validation/loss': Array(7.483133, dtype=float32), 'validation/num_examples': 50000, 'test/accuracy': Array(0.0092, dtype=float32), 'test/loss': Array(7.565653, dtype=float32), 'test/num_examples': 10000, 'score': 4047.7705268859863, 'total_duration': 4152.775046825409, 'accumulated_submission_time': 4047.7705268859863, 'accumulated_eval_time': 104.81943488121033, 'accumulated_logging_time': 0.09688901901245117}
I0512 23:39:48.763230 140330640848640 logging_writer.py:48] [10483] accumulated_eval_time=104.819, accumulated_logging_time=0.096889, accumulated_submission_time=4047.77, global_step=10483, preemption_count=0, score=4047.77, test/accuracy=0.009200000204145908, test/loss=7.565652847290039, test/num_examples=10000, total_duration=4152.78, train/accuracy=0.011838329024612904, train/loss=7.4746012687683105, validation/accuracy=0.012480000033974648, validation/loss=7.483132839202881, validation/num_examples=50000
I0512 23:39:56.297309 140330632455936 logging_writer.py:48] [10500] global_step=10500, grad_norm=4.742617130279541, loss=4.408299446105957
I0512 23:40:33.064100 140330640848640 logging_writer.py:48] [10600] global_step=10600, grad_norm=6.10215950012207, loss=4.77248477935791
I0512 23:41:10.182475 140330632455936 logging_writer.py:48] [10700] global_step=10700, grad_norm=3.5745131969451904, loss=4.301945686340332
I0512 23:41:47.407188 140330640848640 logging_writer.py:48] [10800] global_step=10800, grad_norm=4.048213481903076, loss=4.50079870223999
I0512 23:42:24.140448 140330632455936 logging_writer.py:48] [10900] global_step=10900, grad_norm=4.244584560394287, loss=4.384276390075684
I0512 23:43:00.879302 140330640848640 logging_writer.py:48] [11000] global_step=11000, grad_norm=2.615108013153076, loss=4.353362083435059
I0512 23:43:38.358006 140330632455936 logging_writer.py:48] [11100] global_step=11100, grad_norm=6.9523844718933105, loss=4.649722099304199
I0512 23:44:15.130794 140330640848640 logging_writer.py:48] [11200] global_step=11200, grad_norm=4.475399017333984, loss=4.485107421875
I0512 23:44:52.240787 140330632455936 logging_writer.py:48] [11300] global_step=11300, grad_norm=4.415673732757568, loss=4.444968223571777
I0512 23:45:29.423520 140330640848640 logging_writer.py:48] [11400] global_step=11400, grad_norm=4.174510955810547, loss=4.252237319946289
I0512 23:46:06.128505 140330632455936 logging_writer.py:48] [11500] global_step=11500, grad_norm=6.8448662757873535, loss=4.461555480957031
I0512 23:46:42.855457 140330640848640 logging_writer.py:48] [11600] global_step=11600, grad_norm=3.8904194831848145, loss=4.323244094848633
I0512 23:47:20.355967 140330632455936 logging_writer.py:48] [11700] global_step=11700, grad_norm=4.4755353927612305, loss=4.250211238861084
I0512 23:47:57.043379 140330640848640 logging_writer.py:48] [11800] global_step=11800, grad_norm=4.67167329788208, loss=4.293257713317871
I0512 23:48:34.124796 140330632455936 logging_writer.py:48] [11900] global_step=11900, grad_norm=5.430049419403076, loss=4.391984939575195
I0512 23:49:11.319457 140330640848640 logging_writer.py:48] [12000] global_step=12000, grad_norm=5.566277503967285, loss=4.557373046875
I0512 23:49:48.100352 140330632455936 logging_writer.py:48] [12100] global_step=12100, grad_norm=4.70858907699585, loss=4.373384952545166
I0512 23:50:24.945086 140330640848640 logging_writer.py:48] [12200] global_step=12200, grad_norm=4.117347240447998, loss=4.291561126708984
I0512 23:51:02.456800 140330632455936 logging_writer.py:48] [12300] global_step=12300, grad_norm=5.649754047393799, loss=4.274422645568848
I0512 23:51:39.183211 140330640848640 logging_writer.py:48] [12400] global_step=12400, grad_norm=5.82424259185791, loss=4.297607898712158
I0512 23:52:15.875211 140330632455936 logging_writer.py:48] [12500] global_step=12500, grad_norm=6.6620073318481445, loss=4.369428634643555
I0512 23:52:53.352773 140330640848640 logging_writer.py:48] [12600] global_step=12600, grad_norm=10.304540634155273, loss=4.356822967529297
I0512 23:53:30.116830 140330632455936 logging_writer.py:48] [12700] global_step=12700, grad_norm=2.569653272628784, loss=4.292733192443848
I0512 23:54:06.932348 140330640848640 logging_writer.py:48] [12800] global_step=12800, grad_norm=4.534213542938232, loss=4.364278316497803
I0512 23:54:44.496871 140330632455936 logging_writer.py:48] [12900] global_step=12900, grad_norm=5.462316513061523, loss=4.389804840087891
I0512 23:55:21.326714 140330640848640 logging_writer.py:48] [13000] global_step=13000, grad_norm=4.455352783203125, loss=4.215510845184326
I0512 23:55:58.121049 140330632455936 logging_writer.py:48] [13100] global_step=13100, grad_norm=4.2624969482421875, loss=4.316892623901367
I0512 23:56:35.567021 140330640848640 logging_writer.py:48] [13200] global_step=13200, grad_norm=4.83694314956665, loss=4.208202362060547
I0512 23:57:12.377397 140330632455936 logging_writer.py:48] [13300] global_step=13300, grad_norm=4.446932315826416, loss=4.165616035461426
I0512 23:57:49.193160 140330640848640 logging_writer.py:48] [13400] global_step=13400, grad_norm=5.057380199432373, loss=4.377295017242432
I0512 23:58:26.737131 140330632455936 logging_writer.py:48] [13500] global_step=13500, grad_norm=4.3487725257873535, loss=4.240519046783447
I0512 23:59:03.520822 140330640848640 logging_writer.py:48] [13600] global_step=13600, grad_norm=3.4954211711883545, loss=4.212986946105957
I0512 23:59:40.232921 140330632455936 logging_writer.py:48] [13700] global_step=13700, grad_norm=19.337270736694336, loss=4.730031967163086
I0513 00:00:17.880152 140330640848640 logging_writer.py:48] [13800] global_step=13800, grad_norm=3.999199628829956, loss=4.161625385284424
I0513 00:00:54.529289 140330632455936 logging_writer.py:48] [13900] global_step=13900, grad_norm=3.0594756603240967, loss=4.121606826782227
I0513 00:01:31.233757 140330640848640 logging_writer.py:48] [14000] global_step=14000, grad_norm=13.660304069519043, loss=4.312893867492676
I0513 00:02:08.814565 140330632455936 logging_writer.py:48] [14100] global_step=14100, grad_norm=4.691737651824951, loss=4.19709587097168
I0513 00:02:45.554623 140330640848640 logging_writer.py:48] [14200] global_step=14200, grad_norm=6.446077346801758, loss=4.287468433380127
I0513 00:03:22.266606 140330632455936 logging_writer.py:48] [14300] global_step=14300, grad_norm=5.878997325897217, loss=4.315158367156982
I0513 00:03:59.837368 140330640848640 logging_writer.py:48] [14400] global_step=14400, grad_norm=5.304042339324951, loss=4.257931709289551
I0513 00:04:36.549085 140330632455936 logging_writer.py:48] [14500] global_step=14500, grad_norm=3.778127670288086, loss=4.202208518981934
I0513 00:05:13.230744 140330640848640 logging_writer.py:48] [14600] global_step=14600, grad_norm=7.562634468078613, loss=4.369805335998535
I0513 00:05:50.828395 140330632455936 logging_writer.py:48] [14700] global_step=14700, grad_norm=4.75720739364624, loss=4.184082508087158
I0513 00:06:27.512907 140330640848640 logging_writer.py:48] [14800] global_step=14800, grad_norm=3.54793119430542, loss=4.183678150177002
I0513 00:07:04.286172 140330632455936 logging_writer.py:48] [14900] global_step=14900, grad_norm=5.753579139709473, loss=4.237636566162109
I0513 00:07:41.779661 140330640848640 logging_writer.py:48] [15000] global_step=15000, grad_norm=7.225032329559326, loss=4.329081058502197
I0513 00:08:18.544023 140330632455936 logging_writer.py:48] [15100] global_step=15100, grad_norm=4.463640213012695, loss=4.182171821594238
I0513 00:08:55.250330 140330640848640 logging_writer.py:48] [15200] global_step=15200, grad_norm=5.989433288574219, loss=4.14880895614624
I0513 00:09:32.728845 140330632455936 logging_writer.py:48] [15300] global_step=15300, grad_norm=9.251641273498535, loss=4.281979084014893
I0513 00:10:09.376390 140330640848640 logging_writer.py:48] [15400] global_step=15400, grad_norm=6.962396144866943, loss=4.210168361663818
I0513 00:10:46.106201 140330632455936 logging_writer.py:48] [15500] global_step=15500, grad_norm=5.1545729637146, loss=4.1486616134643555
I0513 00:11:23.576538 140330640848640 logging_writer.py:48] [15600] global_step=15600, grad_norm=4.016613960266113, loss=4.150571346282959
I0513 00:12:00.255259 140330632455936 logging_writer.py:48] [15700] global_step=15700, grad_norm=6.127602577209473, loss=4.092342853546143
I0513 00:12:36.933308 140330640848640 logging_writer.py:48] [15800] global_step=15800, grad_norm=5.064116477966309, loss=4.119712829589844
I0513 00:13:05.073023 140546196993216 spec.py:333] Evaluating on the training split.
I0513 00:13:18.265767 140546196993216 spec.py:346] Evaluating on the validation split.
I0513 00:13:27.736178 140546196993216 spec.py:363] Evaluating on the test split.
I0513 00:13:28.603624 140546196993216 submission_runner.py:516] Time since start: 6172.65s, 	Step: 15877, 	{'train/accuracy': Array(0.00480309, dtype=float32), 'train/loss': Array(8.611359, dtype=float32), 'validation/accuracy': Array(0.00446, dtype=float32), 'validation/loss': Array(8.60309, dtype=float32), 'validation/num_examples': 50000, 'test/accuracy': Array(0.0046, dtype=float32), 'test/loss': Array(8.634853, dtype=float32), 'test/num_examples': 10000, 'score': 6044.017327547073, 'total_duration': 6172.6545305252075, 'accumulated_submission_time': 6044.017327547073, 'accumulated_eval_time': 128.34734845161438, 'accumulated_logging_time': 0.15599656105041504}
I0513 00:13:28.641412 140330632455936 logging_writer.py:48] [15877] accumulated_eval_time=128.347, accumulated_logging_time=0.155997, accumulated_submission_time=6044.02, global_step=15877, preemption_count=0, score=6044.02, test/accuracy=0.004600000102072954, test/loss=8.63485336303711, test/num_examples=10000, total_duration=6172.65, train/accuracy=0.004803093150258064, train/loss=8.611358642578125, validation/accuracy=0.004459999967366457, validation/loss=8.603090286254883, validation/num_examples=50000
I0513 00:13:38.788293 140330640848640 logging_writer.py:48] [15900] global_step=15900, grad_norm=4.5788798332214355, loss=4.093354225158691
I0513 00:14:15.485550 140330632455936 logging_writer.py:48] [16000] global_step=16000, grad_norm=13.225955963134766, loss=4.051819801330566
I0513 00:14:52.260981 140330640848640 logging_writer.py:48] [16100] global_step=16100, grad_norm=7.334598064422607, loss=4.472049713134766
I0513 00:15:29.788726 140330632455936 logging_writer.py:48] [16200] global_step=16200, grad_norm=3.6273224353790283, loss=4.231749534606934
I0513 00:16:06.550204 140330640848640 logging_writer.py:48] [16300] global_step=16300, grad_norm=8.078614234924316, loss=4.173711776733398
I0513 00:16:43.272800 140330632455936 logging_writer.py:48] [16400] global_step=16400, grad_norm=5.320896148681641, loss=4.243307113647461
I0513 00:17:20.800691 140330640848640 logging_writer.py:48] [16500] global_step=16500, grad_norm=10.41242504119873, loss=4.254964351654053
I0513 00:17:57.516160 140330632455936 logging_writer.py:48] [16600] global_step=16600, grad_norm=10.703930854797363, loss=4.311012268066406
I0513 00:18:34.275593 140330640848640 logging_writer.py:48] [16700] global_step=16700, grad_norm=3.8985214233398438, loss=4.160813331604004
I0513 00:19:11.734932 140330632455936 logging_writer.py:48] [16800] global_step=16800, grad_norm=3.5429341793060303, loss=4.151752948760986
I0513 00:19:48.427730 140330640848640 logging_writer.py:48] [16900] global_step=16900, grad_norm=6.4630255699157715, loss=4.278426170349121
I0513 00:20:25.107810 140330632455936 logging_writer.py:48] [17000] global_step=17000, grad_norm=4.048737049102783, loss=4.100284576416016
I0513 00:21:02.740613 140330640848640 logging_writer.py:48] [17100] global_step=17100, grad_norm=6.791495323181152, loss=3.972121238708496
I0513 00:21:39.477401 140330632455936 logging_writer.py:48] [17200] global_step=17200, grad_norm=3.659362554550171, loss=4.05012321472168
I0513 00:22:16.169252 140330640848640 logging_writer.py:48] [17300] global_step=17300, grad_norm=6.690219402313232, loss=4.263319492340088
I0513 00:22:53.500745 140330632455936 logging_writer.py:48] [17400] global_step=17400, grad_norm=4.609320163726807, loss=4.117898464202881
I0513 00:23:30.451060 140330640848640 logging_writer.py:48] [17500] global_step=17500, grad_norm=7.970854759216309, loss=4.105091571807861
I0513 00:24:07.158175 140330632455936 logging_writer.py:48] [17600] global_step=17600, grad_norm=2.6216917037963867, loss=4.1468048095703125
I0513 00:24:44.716186 140330640848640 logging_writer.py:48] [17700] global_step=17700, grad_norm=4.729665279388428, loss=4.056459426879883
I0513 00:25:21.420770 140330632455936 logging_writer.py:48] [17800] global_step=17800, grad_norm=7.799706935882568, loss=4.2269287109375
I0513 00:25:58.165429 140330640848640 logging_writer.py:48] [17900] global_step=17900, grad_norm=6.864507675170898, loss=4.107316493988037
I0513 00:26:35.472539 140330632455936 logging_writer.py:48] [18000] global_step=18000, grad_norm=9.228012084960938, loss=4.1618971824646
I0513 00:27:12.554463 140330640848640 logging_writer.py:48] [18100] global_step=18100, grad_norm=8.892206192016602, loss=4.076744556427002
I0513 00:27:49.260925 140330632455936 logging_writer.py:48] [18200] global_step=18200, grad_norm=4.733257293701172, loss=4.035945892333984
I0513 00:28:26.850257 140330640848640 logging_writer.py:48] [18300] global_step=18300, grad_norm=6.942631721496582, loss=4.379856109619141
I0513 00:29:03.665925 140330632455936 logging_writer.py:48] [18400] global_step=18400, grad_norm=5.192965030670166, loss=4.246373176574707
I0513 00:29:40.534008 140330640848640 logging_writer.py:48] [18500] global_step=18500, grad_norm=3.771827220916748, loss=3.9473421573638916
I0513 00:30:17.820033 140330632455936 logging_writer.py:48] [18600] global_step=18600, grad_norm=6.6334357261657715, loss=4.184978485107422
I0513 00:30:54.854854 140330640848640 logging_writer.py:48] [18700] global_step=18700, grad_norm=4.732202529907227, loss=4.096646308898926
I0513 00:31:31.719202 140330632455936 logging_writer.py:48] [18800] global_step=18800, grad_norm=9.549346923828125, loss=4.187075614929199
I0513 00:32:08.907125 140330640848640 logging_writer.py:48] [18900] global_step=18900, grad_norm=9.255634307861328, loss=4.0793914794921875
I0513 00:32:45.827051 140330632455936 logging_writer.py:48] [19000] global_step=19000, grad_norm=10.306611061096191, loss=4.305615425109863
I0513 00:33:22.633076 140330640848640 logging_writer.py:48] [19100] global_step=19100, grad_norm=3.426957845687866, loss=4.068285942077637
I0513 00:33:59.779063 140330632455936 logging_writer.py:48] [19200] global_step=19200, grad_norm=4.317892551422119, loss=4.030745029449463
I0513 00:34:36.794956 140330640848640 logging_writer.py:48] [19300] global_step=19300, grad_norm=7.502645015716553, loss=4.164514541625977
I0513 00:35:13.616872 140330632455936 logging_writer.py:48] [19400] global_step=19400, grad_norm=3.6044952869415283, loss=4.057674884796143
I0513 00:35:50.763972 140330640848640 logging_writer.py:48] [19500] global_step=19500, grad_norm=4.171695709228516, loss=3.9916868209838867
I0513 00:36:27.809201 140330632455936 logging_writer.py:48] [19600] global_step=19600, grad_norm=4.710084915161133, loss=4.284005165100098
I0513 00:37:04.493147 140330640848640 logging_writer.py:48] [19700] global_step=19700, grad_norm=7.094947814941406, loss=4.12871789932251
I0513 00:37:41.755940 140330632455936 logging_writer.py:48] [19800] global_step=19800, grad_norm=4.996074199676514, loss=4.214055061340332
I0513 00:38:18.779000 140330640848640 logging_writer.py:48] [19900] global_step=19900, grad_norm=6.2610249519348145, loss=4.188875198364258
I0513 00:38:55.485845 140330632455936 logging_writer.py:48] [20000] global_step=20000, grad_norm=5.478777885437012, loss=4.156248569488525
I0513 00:39:32.719083 140330640848640 logging_writer.py:48] [20100] global_step=20100, grad_norm=4.217374801635742, loss=4.1089887619018555
I0513 00:40:09.388325 140330632455936 logging_writer.py:48] [20200] global_step=20200, grad_norm=5.179275035858154, loss=4.0980143547058105
I0513 00:40:46.526535 140330640848640 logging_writer.py:48] [20300] global_step=20300, grad_norm=7.884507656097412, loss=4.10603141784668
I0513 00:41:23.742770 140330632455936 logging_writer.py:48] [20400] global_step=20400, grad_norm=6.454740524291992, loss=4.133495807647705
I0513 00:42:00.784411 140330640848640 logging_writer.py:48] [20500] global_step=20500, grad_norm=6.616697311401367, loss=4.159370422363281
I0513 00:42:37.509023 140330632455936 logging_writer.py:48] [20600] global_step=20600, grad_norm=9.413150787353516, loss=4.292880535125732
I0513 00:43:14.655262 140330640848640 logging_writer.py:48] [20700] global_step=20700, grad_norm=7.022496223449707, loss=4.159736156463623
I0513 00:43:51.787393 140330632455936 logging_writer.py:48] [20800] global_step=20800, grad_norm=6.854641914367676, loss=3.9935193061828613
I0513 00:44:28.575999 140330640848640 logging_writer.py:48] [20900] global_step=20900, grad_norm=15.363938331604004, loss=4.427828788757324
I0513 00:45:05.870188 140330632455936 logging_writer.py:48] [21000] global_step=21000, grad_norm=4.507478713989258, loss=4.078317165374756
I0513 00:45:42.915359 140330640848640 logging_writer.py:48] [21100] global_step=21100, grad_norm=172.121826171875, loss=4.6842169761657715
I0513 00:46:19.654111 140330632455936 logging_writer.py:48] [21200] global_step=21200, grad_norm=8.730419158935547, loss=4.150398254394531
I0513 00:46:44.736973 140546196993216 spec.py:333] Evaluating on the training split.
I0513 00:46:59.632646 140546196993216 spec.py:346] Evaluating on the validation split.
I0513 00:47:09.342656 140546196993216 spec.py:363] Evaluating on the test split.
I0513 00:47:10.234863 140546196993216 submission_runner.py:516] Time since start: 8194.29s, 	Step: 21268, 	{'train/accuracy': Array(0.00229193, dtype=float32), 'train/loss': Array(9.054386, dtype=float32), 'validation/accuracy': Array(0.00214, dtype=float32), 'validation/loss': Array(9.063879, dtype=float32), 'validation/num_examples': 50000, 'test/accuracy': Array(0.0025, dtype=float32), 'test/loss': Array(9.078246, dtype=float32), 'test/num_examples': 10000, 'score': 8040.030968904495, 'total_duration': 8194.285801887512, 'accumulated_submission_time': 8040.030968904495, 'accumulated_eval_time': 153.84260439872742, 'accumulated_logging_time': 0.23279166221618652}
