python submission_runner.py --framework=jax --workload=imagenet_resnet --submission_path=submissions_algorithms/submissions/self_tuning/schedule_free_adamw_jax/submission.py --data_dir=/data/imagenet/jax --experiment_dir=/experiment_runs --experiment_name=submissions_a100/schedule_free_adamw_jax/study_2 --overwrite=True --save_checkpoints=False --rng_seed=407141150 --imagenet_v2_data_dir=/data/imagenet/jax --tuning_ruleset=self 2>&1 | tee -a /logs/imagenet_resnet_jax_05-12-2026-08-19-57.log
2026-05-12 08:19:58.442132: E external/local_xla/xla/stream_executor/cuda/cuda_fft.cc:467] Unable to register cuFFT factory: Attempting to register factory for plugin cuFFT when one has already been registered
WARNING: All log messages before absl::InitializeLog() is called are written to STDERR
E0000 00:00:1778573998.465569      13 cuda_dnn.cc:8579] Unable to register cuDNN factory: Attempting to register factory for plugin cuDNN when one has already been registered
E0000 00:00:1778573998.473261      13 cuda_blas.cc:1407] Unable to register cuBLAS factory: Attempting to register factory for plugin cuBLAS when one has already been registered
W0000 00:00:1778573998.491628      13 computation_placer.cc:177] computation placer already registered. Please check linkage and avoid linking the same target more than once.
W0000 00:00:1778573998.491654      13 computation_placer.cc:177] computation placer already registered. Please check linkage and avoid linking the same target more than once.
W0000 00:00:1778573998.491656      13 computation_placer.cc:177] computation placer already registered. Please check linkage and avoid linking the same target more than once.
W0000 00:00:1778573998.491658      13 computation_placer.cc:177] computation placer already registered. Please check linkage and avoid linking the same target more than once.
/usr/local/lib/python3.11/site-packages/torch/__init__.py:1617: UserWarning: Please use the new API settings to control TF32 behavior, such as torch.backends.cudnn.conv.fp32_precision = 'tf32' or torch.backends.cuda.matmul.fp32_precision = 'ieee'. Old settings, e.g, torch.backends.cuda.matmul.allow_tf32 = True, torch.backends.cudnn.allow_tf32 = True, allowTF32CuDNN() and allowTF32CuBLAS() will be deprecated after Pytorch 2.9. Please see https://pytorch.org/docs/main/notes/cuda.html#tensorfloat-32-tf32-on-ampere-and-later-devices (Triggered internally at /pytorch/aten/src/ATen/Context.cpp:80.)
  _C._set_float32_matmul_precision(precision)
/usr/local/lib/python3.11/site-packages/pydantic/_internal/_generate_schema.py:2249: UnsupportedFieldAttributeWarning: The 'repr' attribute with value False was provided to the `Field()` function, which has no effect in the context it was used. 'repr' is field-specific metadata, and can only be attached to a model field using `Annotated` metadata or by assignment. This may have happened because an `Annotated` type alias using the `type` statement was used, or if the `Field()` function was attached to a single member of a union type.
  warnings.warn(
/usr/local/lib/python3.11/site-packages/pydantic/_internal/_generate_schema.py:2249: UnsupportedFieldAttributeWarning: The 'frozen' attribute with value True was provided to the `Field()` function, which has no effect in the context it was used. 'frozen' is field-specific metadata, and can only be attached to a model field using `Annotated` metadata or by assignment. This may have happened because an `Annotated` type alias using the `type` statement was used, or if the `Field()` function was attached to a single member of a union type.
  warnings.warn(
INFO:2026-05-12 08:20:07,329:jax._src.xla_bridge:830: Unable to initialize backend 'tpu': INTERNAL: Failed to open libtpu.so: libtpu.so: cannot open shared object file: No such file or directory
I0512 08:20:07.329512 139780009153728 xla_bridge.py:830] Unable to initialize backend 'tpu': INTERNAL: Failed to open libtpu.so: libtpu.so: cannot open shared object file: No such file or directory
I0512 08:20:07.959748 139780009153728 logger_utils.py:59] Removing existing experiment directory /experiment_runs/submissions_a100/schedule_free_adamw_jax/study_2/imagenet_resnet_jax because --overwrite was set.
I0512 08:20:07.966147 139780009153728 logger_utils.py:84] Creating experiment directory at /experiment_runs/submissions_a100/schedule_free_adamw_jax/study_2/imagenet_resnet_jax.
I0512 08:20:08.346285 139780009153728 submission_runner.py:741] Creating directory at /experiment_runs/submissions_a100/schedule_free_adamw_jax/study_2/imagenet_resnet_jax/trial_1.
I0512 08:20:08.612730 139780009153728 submission_runner.py:242] Initializing dataset.
I0512 08:20:08.957936 139780009153728 dataset_info.py:707] Load dataset info from /data/imagenet/jax/imagenet2012/5.1.0
I0512 08:20:09.017874 139780009153728 dataset_info.py:793] For 'imagenet2012/5.1.0': fields info.[splits, supervised_keys] differ on disk and in the code. Keeping the one from code.
I0512 08:20:09.298130 139780009153728 reader.py:262] Creating a tf.data.Dataset reading 1024 files located in folders: /data/imagenet/jax/imagenet2012/5.1.0.
I0512 08:20:09.378690 139780009153728 logging_logger.py:49] Constructing tf.data.Dataset imagenet2012 for split train, from /data/imagenet/jax/imagenet2012/5.1.0
I0512 08:20:10.281939 139780009153728 submission_runner.py:251] Initializing model.
I0512 08:20:33.953531 139780009153728 submission_runner.py:294] Initializing optimizer.
I0512 08:20:35.537300 139780009153728 submission_runner.py:299] Initializing metrics bundle.
I0512 08:20:35.537518 139780009153728 submission_runner.py:321] Initializing checkpoint and logger.
I0512 08:20:35.544589 139780009153728 checkpoints.py:1098] Found no checkpoint files in /experiment_runs/submissions_a100/schedule_free_adamw_jax/study_2/imagenet_resnet_jax/trial_1 with prefix checkpoint_
I0512 08:20:35.544713 139780009153728 submission_runner.py:344] Saving meta data to /experiment_runs/submissions_a100/schedule_free_adamw_jax/study_2/imagenet_resnet_jax/trial_1/meta_data_0.json.
I0512 08:20:35.707147 139780009153728 submission_runner.py:348] Saving flags to /experiment_runs/submissions_a100/schedule_free_adamw_jax/study_2/imagenet_resnet_jax/trial_1/flags_0.json.
I0512 08:20:35.722234 139780009153728 submission_runner.py:359] Starting training loop.
/usr/local/lib/python3.11/site-packages/jax/_src/interpreters/mlir.py:1268: UserWarning: Some donated buffers were not usable: float32[64], float32[64], float32[64], float32[64], float32[64], float32[64], float32[256], float32[256], float32[256], float32[256], float32[1,1,64,64], float32[3,3,64,64], float32[1,1,64,256], float32[1,1,64,256], float32[64], float32[64], float32[64], float32[64], float32[256], float32[256], float32[1,1,256,64], float32[3,3,64,64], float32[1,1,64,256], float32[256], float32[256], float32[256], float32[256], float32[1024], float32[1024], float32[1,1,1024,256], float32[3,3,256,256], float32[1,1,256,1024], float32[256], float32[256], float32[256], float32[256], float32[1024], float32[1024], float32[1,1,1024,256], float32[3,3,256,256], float32[1,1,256,1024], float32[256], float32[256], float32[256], float32[256], float32[1024], float32[1024], float32[1,1,1024,256], float32[3,3,256,256], float32[1,1,256,1024], float32[512], float32[512], float32[512], float32[512], float32[2048], float32[2048], float32[2048], float32[2048], float32[1,1,1024,512], float32[3,3,512,512], float32[1,1,512,2048], float32[1,1,1024,2048], float32[512], float32[512], float32[512], float32[512], float32[2048], float32[2048], float32[1,1,2048,512], float32[3,3,512,512], float32[1,1,512,2048], float32[512], float32[512], float32[512], float32[512], float32[2048], float32[2048], float32[1,1,2048,512], float32[3,3,512,512], float32[1,1,512,2048], float32[64], float32[64], float32[64], float32[64], float32[256], float32[256], float32[1,1,256,64], float32[3,3,64,64], float32[1,1,64,256], float32[128], float32[128], float32[128], float32[128], float32[512], float32[512], float32[512], float32[512], float32[1,1,256,128], float32[3,3,128,128], float32[1,1,128,512], float32[1,1,256,512], float32[128], float32[128], float32[128], float32[128], float32[512], float32[512], float32[1,1,512,128], float32[3,3,128,128], float32[1,1,128,512], float32[128], float32[128], float32[128], float32[128], float32[512], float32[512], float32[1,1,512,128], float32[3,3,128,128], float32[1,1,128,512], float32[128], float32[128], float32[128], float32[128], float32[512], float32[512], float32[1,1,512,128], float32[3,3,128,128], float32[1,1,128,512], float32[256], float32[256], float32[256], float32[256], float32[1024], float32[1024], float32[1024], float32[1024], float32[1,1,512,256], float32[3,3,256,256], float32[1,1,256,1024], float32[1,1,512,1024], float32[256], float32[256], float32[256], float32[256], float32[1024], float32[1024], float32[1,1,1024,256], float32[3,3,256,256], float32[1,1,256,1024], float32[256], float32[256], float32[256], float32[256], float32[1024], float32[1024], float32[1,1,1024,256], float32[3,3,256,256], float32[1,1,256,1024], float32[7,7,3,64], float32[1000], float32[2048,1000].
See an explanation at https://docs.jax.dev/en/latest/faq.html#buffer-donation.
  warnings.warn("Some donated buffers were not usable:"
I0512 08:21:24.575780 139618140497664 logging_writer.py:48] [0] global_step=0, grad_norm=0.6820250153541565, loss=6.918437957763672
I0512 08:21:25.858696 139780009153728 spec.py:333] Evaluating on the training split.
I0512 08:21:26.130900 139780009153728 dataset_info.py:707] Load dataset info from /data/imagenet/jax/imagenet2012/5.1.0
I0512 08:21:26.136391 139780009153728 dataset_info.py:793] For 'imagenet2012/5.1.0': fields info.[splits, supervised_keys] differ on disk and in the code. Keeping the one from code.
I0512 08:21:26.154758 139780009153728 reader.py:262] Creating a tf.data.Dataset reading 1024 files located in folders: /data/imagenet/jax/imagenet2012/5.1.0.
I0512 08:21:26.196032 139780009153728 logging_logger.py:49] Constructing tf.data.Dataset imagenet2012 for split train, from /data/imagenet/jax/imagenet2012/5.1.0
I0512 08:21:52.798933 139780009153728 spec.py:346] Evaluating on the validation split.
I0512 08:21:52.803321 139780009153728 dataset_info.py:707] Load dataset info from /data/imagenet/jax/imagenet2012/5.1.0
I0512 08:21:52.811946 139780009153728 dataset_info.py:793] For 'imagenet2012/5.1.0': fields info.[splits, supervised_keys] differ on disk and in the code. Keeping the one from code.
I0512 08:21:52.817305 139780009153728 reader.py:262] Creating a tf.data.Dataset reading 64 files located in folders: /data/imagenet/jax/imagenet2012/5.1.0.
I0512 08:21:52.909432 139780009153728 logging_logger.py:49] Constructing tf.data.Dataset imagenet2012 for split validation, from /data/imagenet/jax/imagenet2012/5.1.0
I0512 08:22:24.676677 139780009153728 spec.py:363] Evaluating on the test split.
I0512 08:22:24.762020 139780009153728 dataset_info.py:707] Load dataset info from /data/imagenet/jax/imagenet_v2/matched-frequency/3.0.0
I0512 08:22:24.850425 139780009153728 reader.py:262] Creating a tf.data.Dataset reading 16 files located in folders: /data/imagenet/jax/imagenet_v2/matched-frequency/3.0.0.
I0512 08:22:24.895594 139780009153728 logging_logger.py:49] Constructing tf.data.Dataset imagenet_v2 for split test, from /data/imagenet/jax/imagenet_v2/matched-frequency/3.0.0
I0512 08:22:30.663407 139780009153728 submission_runner.py:516] Time since start: 114.94s, 	Step: 1, 	{'train/accuracy': Array(0.00131537, dtype=float32), 'train/loss': Array(6.9126163, dtype=float32), 'validation/accuracy': Array(0.00126, dtype=float32), 'validation/loss': Array(6.912462, dtype=float32), 'validation/num_examples': 50000, 'test/accuracy': Array(0.0006, dtype=float32), 'test/loss': Array(6.912302, dtype=float32), 'test/num_examples': 10000, 'score': 50.136358976364136, 'total_duration': 114.93922519683838, 'accumulated_submission_time': 50.136358976364136, 'accumulated_eval_time': 64.80277180671692, 'accumulated_logging_time': 0}
I0512 08:22:30.694660 139562328250112 logging_writer.py:48] [1] accumulated_eval_time=64.8028, accumulated_logging_time=0, accumulated_submission_time=50.1364, global_step=1, preemption_count=0, score=50.1364, test/accuracy=0.0006000000284984708, test/loss=6.912302017211914, test/num_examples=10000, total_duration=114.939, train/accuracy=0.0013153698528185487, train/loss=6.91261625289917, validation/accuracy=0.0012599999317899346, validation/loss=6.91246223449707, validation/num_examples=50000
/usr/local/lib/python3.11/site-packages/jax/_src/interpreters/mlir.py:1268: UserWarning: Some donated buffers were not usable: float32[64], float32[64], float32[64], float32[64], float32[64], float32[64], float32[256], float32[256], float32[256], float32[256], float32[1,1,64,64], float32[3,3,64,64], float32[1,1,64,256], float32[1,1,64,256], float32[64], float32[64], float32[64], float32[64], float32[256], float32[256], float32[1,1,256,64], float32[3,3,64,64], float32[1,1,64,256], float32[256], float32[256], float32[256], float32[256], float32[1024], float32[1024], float32[1,1,1024,256], float32[3,3,256,256], float32[1,1,256,1024], float32[256], float32[256], float32[256], float32[256], float32[1024], float32[1024], float32[1,1,1024,256], float32[3,3,256,256], float32[1,1,256,1024], float32[256], float32[256], float32[256], float32[256], float32[1024], float32[1024], float32[1,1,1024,256], float32[3,3,256,256], float32[1,1,256,1024], float32[512], float32[512], float32[512], float32[512], float32[2048], float32[2048], float32[2048], float32[2048], float32[1,1,1024,512], float32[3,3,512,512], float32[1,1,512,2048], float32[1,1,1024,2048], float32[512], float32[512], float32[512], float32[512], float32[2048], float32[2048], float32[1,1,2048,512], float32[3,3,512,512], float32[1,1,512,2048], float32[512], float32[512], float32[512], float32[512], float32[2048], float32[2048], float32[1,1,2048,512], float32[3,3,512,512], float32[1,1,512,2048], float32[64], float32[64], float32[64], float32[64], float32[256], float32[256], float32[1,1,256,64], float32[3,3,64,64], float32[1,1,64,256], float32[128], float32[128], float32[128], float32[128], float32[512], float32[512], float32[512], float32[512], float32[1,1,256,128], float32[3,3,128,128], float32[1,1,128,512], float32[1,1,256,512], float32[128], float32[128], float32[128], float32[128], float32[512], float32[512], float32[1,1,512,128], float32[3,3,128,128], float32[1,1,128,512], float32[128], float32[128], float32[128], float32[128], float32[512], float32[512], float32[1,1,512,128], float32[3,3,128,128], float32[1,1,128,512], float32[128], float32[128], float32[128], float32[128], float32[512], float32[512], float32[1,1,512,128], float32[3,3,128,128], float32[1,1,128,512], float32[256], float32[256], float32[256], float32[256], float32[1024], float32[1024], float32[1024], float32[1024], float32[1,1,512,256], float32[3,3,256,256], float32[1,1,256,1024], float32[1,1,512,1024], float32[256], float32[256], float32[256], float32[256], float32[1024], float32[1024], float32[1,1,1024,256], float32[3,3,256,256], float32[1,1,256,1024], float32[256], float32[256], float32[256], float32[256], float32[1024], float32[1024], float32[1,1,1024,256], float32[3,3,256,256], float32[1,1,256,1024], float32[7,7,3,64], float32[1000], float32[2048,1000].
See an explanation at https://docs.jax.dev/en/latest/faq.html#buffer-donation.
  warnings.warn("Some donated buffers were not usable:"
I0512 08:23:13.712254 139561875273472 logging_writer.py:48] [100] global_step=100, grad_norm=0.6977038383483887, loss=6.814761161804199
I0512 08:24:10.421501 139562294679296 logging_writer.py:48] [200] global_step=200, grad_norm=0.8195655941963196, loss=6.534747123718262
I0512 08:25:04.212175 139561875273472 logging_writer.py:48] [300] global_step=300, grad_norm=0.986926257610321, loss=6.194294452667236
I0512 08:25:55.393535 139562294679296 logging_writer.py:48] [400] global_step=400, grad_norm=1.7239677906036377, loss=5.9055376052856445
I0512 08:26:45.260995 139561875273472 logging_writer.py:48] [500] global_step=500, grad_norm=2.1346237659454346, loss=5.80565881729126
I0512 08:27:33.106594 139562294679296 logging_writer.py:48] [600] global_step=600, grad_norm=2.3725082874298096, loss=5.610898017883301
I0512 08:28:21.922023 139561875273472 logging_writer.py:48] [700] global_step=700, grad_norm=2.570333480834961, loss=5.342011451721191
I0512 08:29:08.576556 139562294679296 logging_writer.py:48] [800] global_step=800, grad_norm=2.9042744636535645, loss=5.11065149307251
I0512 08:29:55.565522 139561875273472 logging_writer.py:48] [900] global_step=900, grad_norm=4.982761383056641, loss=5.136428356170654
I0512 08:30:43.303139 139562294679296 logging_writer.py:48] [1000] global_step=1000, grad_norm=4.575922012329102, loss=4.838736534118652
I0512 08:31:32.232819 139561875273472 logging_writer.py:48] [1100] global_step=1100, grad_norm=4.130231857299805, loss=4.922629356384277
I0512 08:32:20.311786 139562294679296 logging_writer.py:48] [1200] global_step=1200, grad_norm=2.8894882202148438, loss=4.7251296043396
I0512 08:32:53.055861 139561875273472 logging_writer.py:48] [1300] global_step=1300, grad_norm=5.343737602233887, loss=4.698314666748047
I0512 08:33:18.147410 139562294679296 logging_writer.py:48] [1400] global_step=1400, grad_norm=5.016087532043457, loss=4.6291093826293945
I0512 08:33:43.200537 139561875273472 logging_writer.py:48] [1500] global_step=1500, grad_norm=4.777798652648926, loss=4.483282089233398
I0512 08:34:08.433317 139562294679296 logging_writer.py:48] [1600] global_step=1600, grad_norm=5.25610876083374, loss=4.43558406829834
I0512 08:34:33.420294 139561875273472 logging_writer.py:48] [1700] global_step=1700, grad_norm=3.738523006439209, loss=4.3283467292785645
I0512 08:34:58.380914 139562294679296 logging_writer.py:48] [1800] global_step=1800, grad_norm=3.9844963550567627, loss=4.109394073486328
I0512 08:35:23.378977 139561875273472 logging_writer.py:48] [1900] global_step=1900, grad_norm=5.151453971862793, loss=4.205451965332031
I0512 08:35:48.414025 139562294679296 logging_writer.py:48] [2000] global_step=2000, grad_norm=4.054851531982422, loss=4.041779041290283
I0512 08:36:13.428103 139561875273472 logging_writer.py:48] [2100] global_step=2100, grad_norm=4.899682521820068, loss=3.9213666915893555
I0512 08:36:38.453918 139562294679296 logging_writer.py:48] [2200] global_step=2200, grad_norm=4.683642864227295, loss=3.9085311889648438
I0512 08:37:03.451935 139561875273472 logging_writer.py:48] [2300] global_step=2300, grad_norm=3.6769144535064697, loss=3.7489542961120605
I0512 08:37:28.441862 139562294679296 logging_writer.py:48] [2400] global_step=2400, grad_norm=6.059289932250977, loss=3.676553249359131
I0512 08:37:53.478422 139561875273472 logging_writer.py:48] [2500] global_step=2500, grad_norm=3.9126405715942383, loss=3.6785972118377686
I0512 08:38:18.507039 139562294679296 logging_writer.py:48] [2600] global_step=2600, grad_norm=4.788059711456299, loss=3.472210168838501
I0512 08:38:43.513744 139561875273472 logging_writer.py:48] [2700] global_step=2700, grad_norm=3.737588882446289, loss=3.4914774894714355
I0512 08:39:08.512165 139562294679296 logging_writer.py:48] [2800] global_step=2800, grad_norm=3.9539098739624023, loss=3.4475958347320557
I0512 08:39:33.499417 139561875273472 logging_writer.py:48] [2900] global_step=2900, grad_norm=3.0897083282470703, loss=3.323668956756592
I0512 08:39:58.482433 139562294679296 logging_writer.py:48] [3000] global_step=3000, grad_norm=3.6972575187683105, loss=3.347343921661377
I0512 08:40:23.712795 139561875273472 logging_writer.py:48] [3100] global_step=3100, grad_norm=3.432802200317383, loss=3.190019369125366
I0512 08:40:48.726983 139562294679296 logging_writer.py:48] [3200] global_step=3200, grad_norm=4.16514778137207, loss=3.228281021118164
I0512 08:41:13.742166 139561875273472 logging_writer.py:48] [3300] global_step=3300, grad_norm=3.96073579788208, loss=3.008999824523926
I0512 08:41:38.742326 139562294679296 logging_writer.py:48] [3400] global_step=3400, grad_norm=2.747072696685791, loss=3.017636299133301
I0512 08:42:03.750761 139561875273472 logging_writer.py:48] [3500] global_step=3500, grad_norm=4.025605201721191, loss=3.1826281547546387
I0512 08:42:28.780829 139562294679296 logging_writer.py:48] [3600] global_step=3600, grad_norm=3.0843071937561035, loss=3.1007421016693115
I0512 08:42:53.765780 139561875273472 logging_writer.py:48] [3700] global_step=3700, grad_norm=3.320120334625244, loss=3.141996145248413
I0512 08:43:18.780114 139562294679296 logging_writer.py:48] [3800] global_step=3800, grad_norm=2.3686330318450928, loss=2.7945306301116943
I0512 08:43:43.749727 139561875273472 logging_writer.py:48] [3900] global_step=3900, grad_norm=3.80078125, loss=2.9533331394195557
I0512 08:44:08.751627 139562294679296 logging_writer.py:48] [4000] global_step=4000, grad_norm=2.826932907104492, loss=2.9889378547668457
I0512 08:44:33.800724 139561875273472 logging_writer.py:48] [4100] global_step=4100, grad_norm=2.7456371784210205, loss=2.8151302337646484
I0512 08:44:58.791492 139562294679296 logging_writer.py:48] [4200] global_step=4200, grad_norm=2.9337899684906006, loss=2.774783134460449
I0512 08:45:23.800093 139561875273472 logging_writer.py:48] [4300] global_step=4300, grad_norm=2.8580048084259033, loss=2.7379064559936523
I0512 08:45:48.794428 139562294679296 logging_writer.py:48] [4400] global_step=4400, grad_norm=3.3386762142181396, loss=2.717613935470581
I0512 08:46:13.772081 139561875273472 logging_writer.py:48] [4500] global_step=4500, grad_norm=2.6080918312072754, loss=2.6218318939208984
I0512 08:46:38.970668 139562294679296 logging_writer.py:48] [4600] global_step=4600, grad_norm=3.2310073375701904, loss=2.847341775894165
I0512 08:47:03.940322 139561875273472 logging_writer.py:48] [4700] global_step=4700, grad_norm=2.680267810821533, loss=2.527743339538574
I0512 08:47:28.945284 139562294679296 logging_writer.py:48] [4800] global_step=4800, grad_norm=2.3849174976348877, loss=2.6302239894866943
I0512 08:47:53.914749 139561875273472 logging_writer.py:48] [4900] global_step=4900, grad_norm=2.98166823387146, loss=2.521796703338623
I0512 08:48:18.923961 139562294679296 logging_writer.py:48] [5000] global_step=5000, grad_norm=2.8763363361358643, loss=2.5075883865356445
I0512 08:48:43.972687 139561875273472 logging_writer.py:48] [5100] global_step=5100, grad_norm=3.052865982055664, loss=2.4768002033233643
I0512 08:49:08.951994 139562294679296 logging_writer.py:48] [5200] global_step=5200, grad_norm=2.4289498329162598, loss=2.4378509521484375
I0512 08:49:33.954863 139561875273472 logging_writer.py:48] [5300] global_step=5300, grad_norm=2.5786473751068115, loss=2.3127365112304688
I0512 08:49:58.949827 139562294679296 logging_writer.py:48] [5400] global_step=5400, grad_norm=3.6815271377563477, loss=2.4826877117156982
I0512 08:50:23.948728 139561875273472 logging_writer.py:48] [5500] global_step=5500, grad_norm=3.052882194519043, loss=2.3922464847564697
I0512 08:50:48.987975 139562294679296 logging_writer.py:48] [5600] global_step=5600, grad_norm=3.4687421321868896, loss=2.3881683349609375
I0512 08:51:13.961128 139561875273472 logging_writer.py:48] [5700] global_step=5700, grad_norm=3.0360970497131348, loss=2.4802138805389404
I0512 08:51:38.927276 139562294679296 logging_writer.py:48] [5800] global_step=5800, grad_norm=2.665648937225342, loss=2.34263277053833
I0512 08:52:03.926683 139561875273472 logging_writer.py:48] [5900] global_step=5900, grad_norm=3.1526148319244385, loss=2.3912811279296875
I0512 08:52:28.929180 139562294679296 logging_writer.py:48] [6000] global_step=6000, grad_norm=3.1066415309906006, loss=2.297692060470581
I0512 08:52:54.095381 139561875273472 logging_writer.py:48] [6100] global_step=6100, grad_norm=2.9279940128326416, loss=2.351797103881836
I0512 08:53:19.111266 139562294679296 logging_writer.py:48] [6200] global_step=6200, grad_norm=2.815195083618164, loss=2.29590106010437
I0512 08:53:44.107654 139561875273472 logging_writer.py:48] [6300] global_step=6300, grad_norm=2.611091136932373, loss=2.1860995292663574
I0512 08:54:09.072127 139562294679296 logging_writer.py:48] [6400] global_step=6400, grad_norm=2.3624794483184814, loss=2.2419052124023438
I0512 08:54:34.078909 139561875273472 logging_writer.py:48] [6500] global_step=6500, grad_norm=3.5231151580810547, loss=2.180774450302124
I0512 08:54:59.072982 139562294679296 logging_writer.py:48] [6600] global_step=6600, grad_norm=3.132730007171631, loss=2.223020553588867
I0512 08:55:24.046613 139561875273472 logging_writer.py:48] [6700] global_step=6700, grad_norm=2.2039666175842285, loss=2.282150983810425
I0512 08:55:46.891376 139780009153728 spec.py:333] Evaluating on the training split.
I0512 08:55:59.101368 139780009153728 spec.py:346] Evaluating on the validation split.
I0512 08:56:10.419708 139780009153728 spec.py:363] Evaluating on the test split.
I0512 08:56:11.315068 139780009153728 submission_runner.py:516] Time since start: 2135.59s, 	Step: 6793, 	{'train/accuracy': Array(0.3580596, dtype=float32), 'train/loss': Array(3.2460532, dtype=float32), 'validation/accuracy': Array(0.32668, dtype=float32), 'validation/loss': Array(3.4878933, dtype=float32), 'validation/num_examples': 50000, 'test/accuracy': Array(0.25370002, dtype=float32), 'test/loss': Array(4.3116517, dtype=float32), 'test/num_examples': 10000, 'score': 2046.2681386470795, 'total_duration': 2135.590952396393, 'accumulated_submission_time': 2046.2681386470795, 'accumulated_eval_time': 89.22458910942078, 'accumulated_logging_time': 0.03993105888366699}
I0512 08:56:11.441732 139562336642816 logging_writer.py:48] [6793] accumulated_eval_time=89.2246, accumulated_logging_time=0.0399311, accumulated_submission_time=2046.27, global_step=6793, preemption_count=0, score=2046.27, test/accuracy=0.25370001792907715, test/loss=4.311651706695557, test/num_examples=10000, total_duration=2135.59, train/accuracy=0.3580596148967743, train/loss=3.2460532188415527, validation/accuracy=0.3266800045967102, validation/loss=3.4878933429718018, validation/num_examples=50000
I0512 08:56:13.614360 139562345035520 logging_writer.py:48] [6800] global_step=6800, grad_norm=2.643127679824829, loss=2.139066219329834
I0512 08:56:38.661542 139562336642816 logging_writer.py:48] [6900] global_step=6900, grad_norm=2.522214889526367, loss=2.060133695602417
I0512 08:57:03.623666 139562345035520 logging_writer.py:48] [7000] global_step=7000, grad_norm=2.0880134105682373, loss=2.1457934379577637
I0512 08:57:28.585496 139562336642816 logging_writer.py:48] [7100] global_step=7100, grad_norm=2.7571051120758057, loss=2.206861972808838
I0512 08:57:53.551910 139562345035520 logging_writer.py:48] [7200] global_step=7200, grad_norm=2.3841755390167236, loss=2.17582368850708
I0512 08:58:18.522919 139562336642816 logging_writer.py:48] [7300] global_step=7300, grad_norm=2.2601559162139893, loss=2.0753045082092285
I0512 08:58:43.496638 139562345035520 logging_writer.py:48] [7400] global_step=7400, grad_norm=2.672670841217041, loss=2.1438698768615723
I0512 08:59:08.444079 139562336642816 logging_writer.py:48] [7500] global_step=7500, grad_norm=2.0739517211914062, loss=2.1019952297210693
I0512 08:59:33.618861 139562345035520 logging_writer.py:48] [7600] global_step=7600, grad_norm=2.8380863666534424, loss=2.000016689300537
I0512 08:59:58.601621 139562336642816 logging_writer.py:48] [7700] global_step=7700, grad_norm=2.9150218963623047, loss=2.0076611042022705
I0512 09:00:23.576630 139562345035520 logging_writer.py:48] [7800] global_step=7800, grad_norm=2.341787338256836, loss=1.9893909692764282
I0512 09:00:48.531364 139562336642816 logging_writer.py:48] [7900] global_step=7900, grad_norm=2.7690021991729736, loss=2.0799002647399902
I0512 09:01:13.496777 139562345035520 logging_writer.py:48] [8000] global_step=8000, grad_norm=2.277731418609619, loss=2.172384023666382
I0512 09:01:38.489746 139562336642816 logging_writer.py:48] [8100] global_step=8100, grad_norm=2.420459032058716, loss=2.037851095199585
I0512 09:02:03.451667 139562345035520 logging_writer.py:48] [8200] global_step=8200, grad_norm=2.3080763816833496, loss=1.8770591020584106
I0512 09:02:28.439292 139562336642816 logging_writer.py:48] [8300] global_step=8300, grad_norm=2.7482450008392334, loss=1.950677752494812
I0512 09:02:53.453447 139562345035520 logging_writer.py:48] [8400] global_step=8400, grad_norm=2.5330493450164795, loss=2.0012025833129883
I0512 09:03:18.394586 139562336642816 logging_writer.py:48] [8500] global_step=8500, grad_norm=2.510087728500366, loss=1.8810622692108154
I0512 09:03:43.365931 139562345035520 logging_writer.py:48] [8600] global_step=8600, grad_norm=2.0395350456237793, loss=2.0264294147491455
I0512 09:04:08.338083 139562336642816 logging_writer.py:48] [8700] global_step=8700, grad_norm=2.9168899059295654, loss=1.8952405452728271
I0512 09:04:33.295767 139562345035520 logging_writer.py:48] [8800] global_step=8800, grad_norm=3.0262908935546875, loss=2.006089925765991
I0512 09:04:58.292583 139562336642816 logging_writer.py:48] [8900] global_step=8900, grad_norm=2.5651323795318604, loss=1.9305036067962646
I0512 09:05:23.329728 139562345035520 logging_writer.py:48] [9000] global_step=9000, grad_norm=2.3396658897399902, loss=1.8775699138641357
I0512 09:05:48.540932 139562336642816 logging_writer.py:48] [9100] global_step=9100, grad_norm=2.3731861114501953, loss=1.87994384765625
I0512 09:06:13.532464 139562345035520 logging_writer.py:48] [9200] global_step=9200, grad_norm=3.7238380908966064, loss=1.8369932174682617
I0512 09:06:38.512081 139562336642816 logging_writer.py:48] [9300] global_step=9300, grad_norm=2.353994846343994, loss=1.8138365745544434
I0512 09:07:03.483520 139562345035520 logging_writer.py:48] [9400] global_step=9400, grad_norm=2.1532554626464844, loss=1.9216138124465942
I0512 09:07:28.485348 139562336642816 logging_writer.py:48] [9500] global_step=9500, grad_norm=2.263179063796997, loss=1.9431101083755493
I0512 09:07:53.465287 139562345035520 logging_writer.py:48] [9600] global_step=9600, grad_norm=2.4742279052734375, loss=1.9765057563781738
I0512 09:08:18.442847 139562336642816 logging_writer.py:48] [9700] global_step=9700, grad_norm=2.3855807781219482, loss=1.9322559833526611
I0512 09:08:43.427439 139562345035520 logging_writer.py:48] [9800] global_step=9800, grad_norm=2.422732353210449, loss=1.9729745388031006
I0512 09:09:08.395506 139562336642816 logging_writer.py:48] [9900] global_step=9900, grad_norm=1.9992027282714844, loss=1.8316383361816406
I0512 09:09:33.382170 139562345035520 logging_writer.py:48] [10000] global_step=10000, grad_norm=2.3959128856658936, loss=1.855086326599121
I0512 09:09:58.401572 139562336642816 logging_writer.py:48] [10100] global_step=10100, grad_norm=2.1000783443450928, loss=1.741004228591919
I0512 09:10:23.393539 139562345035520 logging_writer.py:48] [10200] global_step=10200, grad_norm=2.089357376098633, loss=1.8257994651794434
I0512 09:10:48.391532 139562336642816 logging_writer.py:48] [10300] global_step=10300, grad_norm=2.677104949951172, loss=1.863598108291626
I0512 09:11:13.340711 139562345035520 logging_writer.py:48] [10400] global_step=10400, grad_norm=2.405198812484741, loss=1.8973922729492188
I0512 09:11:38.311566 139562336642816 logging_writer.py:48] [10500] global_step=10500, grad_norm=2.2067573070526123, loss=1.8094457387924194
I0512 09:12:03.504751 139562345035520 logging_writer.py:48] [10600] global_step=10600, grad_norm=2.4987332820892334, loss=1.8810603618621826
I0512 09:12:28.485508 139562336642816 logging_writer.py:48] [10700] global_step=10700, grad_norm=2.416066884994507, loss=1.7570595741271973
I0512 09:12:53.467060 139562345035520 logging_writer.py:48] [10800] global_step=10800, grad_norm=2.930713653564453, loss=1.8857953548431396
I0512 09:13:18.455377 139562336642816 logging_writer.py:48] [10900] global_step=10900, grad_norm=2.358771800994873, loss=1.7666356563568115
I0512 09:13:43.424320 139562345035520 logging_writer.py:48] [11000] global_step=11000, grad_norm=2.4719748497009277, loss=1.843785047531128
I0512 09:14:08.425538 139562336642816 logging_writer.py:48] [11100] global_step=11100, grad_norm=2.0167236328125, loss=1.6341643333435059
I0512 09:14:33.399386 139562345035520 logging_writer.py:48] [11200] global_step=11200, grad_norm=2.2976717948913574, loss=1.7527722120285034
I0512 09:14:58.354707 139562336642816 logging_writer.py:48] [11300] global_step=11300, grad_norm=2.1016039848327637, loss=1.815070629119873
I0512 09:15:23.333602 139562345035520 logging_writer.py:48] [11400] global_step=11400, grad_norm=2.6176998615264893, loss=1.6984764337539673
I0512 09:15:48.310481 139562336642816 logging_writer.py:48] [11500] global_step=11500, grad_norm=2.1150312423706055, loss=1.7278441190719604
I0512 09:16:13.305654 139562345035520 logging_writer.py:48] [11600] global_step=11600, grad_norm=2.2404792308807373, loss=1.6725938320159912
I0512 09:16:38.276403 139562336642816 logging_writer.py:48] [11700] global_step=11700, grad_norm=2.1536715030670166, loss=1.7175158262252808
I0512 09:17:03.248955 139562345035520 logging_writer.py:48] [11800] global_step=11800, grad_norm=2.352503776550293, loss=1.739734172821045
I0512 09:17:28.209984 139562336642816 logging_writer.py:48] [11900] global_step=11900, grad_norm=2.3963539600372314, loss=1.809521198272705
I0512 09:17:53.197968 139562345035520 logging_writer.py:48] [12000] global_step=12000, grad_norm=2.4458088874816895, loss=1.6793521642684937
I0512 09:18:18.414887 139562336642816 logging_writer.py:48] [12100] global_step=12100, grad_norm=2.3449528217315674, loss=1.7724946737289429
I0512 09:18:43.370631 139562345035520 logging_writer.py:48] [12200] global_step=12200, grad_norm=2.808281660079956, loss=1.6891661882400513
I0512 09:19:08.323722 139562336642816 logging_writer.py:48] [12300] global_step=12300, grad_norm=2.490744113922119, loss=1.6769161224365234
I0512 09:19:33.305494 139562345035520 logging_writer.py:48] [12400] global_step=12400, grad_norm=2.2321224212646484, loss=1.7050294876098633
I0512 09:19:58.294710 139562336642816 logging_writer.py:48] [12500] global_step=12500, grad_norm=2.4670629501342773, loss=1.6981902122497559
I0512 09:20:23.276011 139562345035520 logging_writer.py:48] [12600] global_step=12600, grad_norm=3.4099807739257812, loss=1.670063853263855
I0512 09:20:48.253051 139562336642816 logging_writer.py:48] [12700] global_step=12700, grad_norm=2.7160375118255615, loss=1.6167832612991333
I0512 09:21:13.210272 139562345035520 logging_writer.py:48] [12800] global_step=12800, grad_norm=2.4400177001953125, loss=1.6824114322662354
I0512 09:21:38.181612 139562336642816 logging_writer.py:48] [12900] global_step=12900, grad_norm=2.328237295150757, loss=1.6746859550476074
I0512 09:22:03.139007 139562345035520 logging_writer.py:48] [13000] global_step=13000, grad_norm=2.4105043411254883, loss=1.7309670448303223
I0512 09:22:28.104503 139562336642816 logging_writer.py:48] [13100] global_step=13100, grad_norm=2.367774724960327, loss=1.6742876768112183
I0512 09:22:53.067835 139562345035520 logging_writer.py:48] [13200] global_step=13200, grad_norm=2.545234203338623, loss=1.7661187648773193
I0512 09:23:18.039964 139562336642816 logging_writer.py:48] [13300] global_step=13300, grad_norm=2.5406222343444824, loss=1.67560613155365
I0512 09:23:43.052313 139562345035520 logging_writer.py:48] [13400] global_step=13400, grad_norm=2.374289035797119, loss=1.6360876560211182
I0512 09:24:08.057336 139562336642816 logging_writer.py:48] [13500] global_step=13500, grad_norm=2.3047213554382324, loss=1.7381742000579834
I0512 09:24:33.229143 139562345035520 logging_writer.py:48] [13600] global_step=13600, grad_norm=2.5985560417175293, loss=1.5979773998260498
I0512 09:24:58.221663 139562336642816 logging_writer.py:48] [13700] global_step=13700, grad_norm=2.8683853149414062, loss=1.6448016166687012
I0512 09:25:23.221807 139562345035520 logging_writer.py:48] [13800] global_step=13800, grad_norm=3.6772429943084717, loss=1.6212666034698486
I0512 09:25:48.190376 139562336642816 logging_writer.py:48] [13900] global_step=13900, grad_norm=2.422899007797241, loss=1.6720695495605469
I0512 09:26:13.153037 139562345035520 logging_writer.py:48] [14000] global_step=14000, grad_norm=3.3202571868896484, loss=1.5728862285614014
I0512 09:26:38.121598 139562336642816 logging_writer.py:48] [14100] global_step=14100, grad_norm=2.5882391929626465, loss=1.5788040161132812
I0512 09:27:03.080572 139562345035520 logging_writer.py:48] [14200] global_step=14200, grad_norm=2.3212456703186035, loss=1.622655987739563
I0512 09:27:28.074192 139562336642816 logging_writer.py:48] [14300] global_step=14300, grad_norm=2.523057222366333, loss=1.610729694366455
I0512 09:27:53.054704 139562345035520 logging_writer.py:48] [14400] global_step=14400, grad_norm=2.640672206878662, loss=1.6142933368682861
I0512 09:28:18.028348 139562336642816 logging_writer.py:48] [14500] global_step=14500, grad_norm=2.5269696712493896, loss=1.4500638246536255
I0512 09:28:43.024220 139562345035520 logging_writer.py:48] [14600] global_step=14600, grad_norm=2.99651837348938, loss=1.5548826456069946
I0512 09:29:07.982942 139562336642816 logging_writer.py:48] [14700] global_step=14700, grad_norm=2.294275999069214, loss=1.5742948055267334
I0512 09:29:27.548600 139780009153728 spec.py:333] Evaluating on the training split.
I0512 09:29:40.581883 139780009153728 spec.py:346] Evaluating on the validation split.
I0512 09:29:56.866627 139780009153728 spec.py:363] Evaluating on the test split.
I0512 09:29:57.762515 139780009153728 submission_runner.py:516] Time since start: 4162.04s, 	Step: 14780, 	{'train/accuracy': Array(0.0017339, dtype=float32), 'train/loss': Array(27.939438, dtype=float32), 'validation/accuracy': Array(0.0015, dtype=float32), 'validation/loss': Array(28.503387, dtype=float32), 'validation/num_examples': 50000, 'test/accuracy': Array(0.0014, dtype=float32), 'test/loss': Array(28.192945, dtype=float32), 'test/num_examples': 10000, 'score': 4042.301553964615, 'total_duration': 4162.0385982990265, 'accumulated_submission_time': 4042.301553964615, 'accumulated_eval_time': 119.43682742118835, 'accumulated_logging_time': 0.17481637001037598}
I0512 09:29:57.803894 139562345035520 logging_writer.py:48] [14780] accumulated_eval_time=119.437, accumulated_logging_time=0.174816, accumulated_submission_time=4042.3, global_step=14780, preemption_count=0, score=4042.3, test/accuracy=0.0014000000664964318, test/loss=28.19294548034668, test/num_examples=10000, total_duration=4162.04, train/accuracy=0.001733896671794355, train/loss=27.939437866210938, validation/accuracy=0.001500000013038516, validation/loss=28.503387451171875, validation/num_examples=50000
I0512 09:30:03.109912 139562336642816 logging_writer.py:48] [14800] global_step=14800, grad_norm=2.6691792011260986, loss=1.6122736930847168
I0512 09:30:28.061578 139562345035520 logging_writer.py:48] [14900] global_step=14900, grad_norm=2.7423110008239746, loss=1.6970351934432983
I0512 09:30:53.080227 139562336642816 logging_writer.py:48] [15000] global_step=15000, grad_norm=2.607132911682129, loss=1.5798468589782715
I0512 09:31:18.239170 139562345035520 logging_writer.py:48] [15100] global_step=15100, grad_norm=2.887009382247925, loss=1.503706455230713
I0512 09:31:43.190939 139562336642816 logging_writer.py:48] [15200] global_step=15200, grad_norm=2.5607357025146484, loss=1.527782678604126
I0512 09:32:08.163573 139562345035520 logging_writer.py:48] [15300] global_step=15300, grad_norm=2.552124261856079, loss=1.5824466943740845
I0512 09:32:33.126581 139562336642816 logging_writer.py:48] [15400] global_step=15400, grad_norm=2.868105173110962, loss=1.6003347635269165
I0512 09:32:58.100310 139562345035520 logging_writer.py:48] [15500] global_step=15500, grad_norm=2.882702589035034, loss=1.5246832370758057
I0512 09:33:23.051389 139562336642816 logging_writer.py:48] [15600] global_step=15600, grad_norm=2.730816602706909, loss=1.6722850799560547
I0512 09:33:48.036929 139562345035520 logging_writer.py:48] [15700] global_step=15700, grad_norm=3.02270770072937, loss=1.599954605102539
I0512 09:34:12.995802 139562336642816 logging_writer.py:48] [15800] global_step=15800, grad_norm=2.9202880859375, loss=1.546098232269287
I0512 09:34:37.968262 139562345035520 logging_writer.py:48] [15900] global_step=15900, grad_norm=3.141462802886963, loss=1.6218866109848022
I0512 09:35:02.947993 139562336642816 logging_writer.py:48] [16000] global_step=16000, grad_norm=3.096876382827759, loss=1.6499483585357666
I0512 09:35:27.899143 139562345035520 logging_writer.py:48] [16100] global_step=16100, grad_norm=3.165731430053711, loss=1.588094711303711
I0512 09:35:52.844119 139562336642816 logging_writer.py:48] [16200] global_step=16200, grad_norm=3.090829372406006, loss=1.695735216140747
I0512 09:36:17.819971 139562345035520 logging_writer.py:48] [16300] global_step=16300, grad_norm=2.815699338912964, loss=1.4911932945251465
I0512 09:36:42.788302 139562336642816 logging_writer.py:48] [16400] global_step=16400, grad_norm=2.9320051670074463, loss=1.5318552255630493
I0512 09:37:07.750982 139562345035520 logging_writer.py:48] [16500] global_step=16500, grad_norm=3.0749783515930176, loss=1.5720384120941162
I0512 09:37:32.925792 139562336642816 logging_writer.py:48] [16600] global_step=16600, grad_norm=3.0307352542877197, loss=1.62017822265625
I0512 09:37:57.877384 139562345035520 logging_writer.py:48] [16700] global_step=16700, grad_norm=2.852740526199341, loss=1.4675650596618652
I0512 09:38:22.888319 139562336642816 logging_writer.py:48] [16800] global_step=16800, grad_norm=3.021188974380493, loss=1.472611665725708
I0512 09:38:47.867155 139562345035520 logging_writer.py:48] [16900] global_step=16900, grad_norm=3.103062391281128, loss=1.5372328758239746
I0512 09:39:12.827515 139562336642816 logging_writer.py:48] [17000] global_step=17000, grad_norm=2.910825490951538, loss=1.5374339818954468
I0512 09:39:37.762947 139562345035520 logging_writer.py:48] [17100] global_step=17100, grad_norm=3.5517733097076416, loss=1.6085515022277832
I0512 09:40:02.730023 139562336642816 logging_writer.py:48] [17200] global_step=17200, grad_norm=3.056723117828369, loss=1.500921368598938
I0512 09:40:27.723483 139562345035520 logging_writer.py:48] [17300] global_step=17300, grad_norm=3.8348910808563232, loss=1.532178282737732
I0512 09:40:52.699880 139562336642816 logging_writer.py:48] [17400] global_step=17400, grad_norm=3.636998414993286, loss=1.5440099239349365
I0512 09:41:17.679479 139562345035520 logging_writer.py:48] [17500] global_step=17500, grad_norm=4.221616744995117, loss=1.5707629919052124
I0512 09:41:42.655072 139562336642816 logging_writer.py:48] [17600] global_step=17600, grad_norm=3.4057652950286865, loss=1.4965054988861084
I0512 09:42:07.664611 139562345035520 logging_writer.py:48] [17700] global_step=17700, grad_norm=3.340480089187622, loss=1.5574921369552612
I0512 09:42:32.631774 139562336642816 logging_writer.py:48] [17800] global_step=17800, grad_norm=3.450651168823242, loss=1.4758182764053345
I0512 09:42:57.600342 139562345035520 logging_writer.py:48] [17900] global_step=17900, grad_norm=3.6558051109313965, loss=1.592947006225586
I0512 09:43:22.604655 139562336642816 logging_writer.py:48] [18000] global_step=18000, grad_norm=3.377824068069458, loss=1.5147911310195923
I0512 09:43:47.800740 139562345035520 logging_writer.py:48] [18100] global_step=18100, grad_norm=3.864089250564575, loss=1.5437159538269043
I0512 09:44:12.803563 139562336642816 logging_writer.py:48] [18200] global_step=18200, grad_norm=4.165299892425537, loss=1.5977858304977417
I0512 09:44:37.782763 139562345035520 logging_writer.py:48] [18300] global_step=18300, grad_norm=3.9826745986938477, loss=1.4404025077819824
I0512 09:45:02.747936 139562336642816 logging_writer.py:48] [18400] global_step=18400, grad_norm=4.06442928314209, loss=1.4617289304733276
I0512 09:45:27.697998 139562345035520 logging_writer.py:48] [18500] global_step=18500, grad_norm=3.862255573272705, loss=1.4400062561035156
I0512 09:45:52.689725 139562336642816 logging_writer.py:48] [18600] global_step=18600, grad_norm=4.218743801116943, loss=1.5359430313110352
I0512 09:46:17.701276 139562345035520 logging_writer.py:48] [18700] global_step=18700, grad_norm=4.613250732421875, loss=1.6155760288238525
I0512 09:46:42.681709 139562336642816 logging_writer.py:48] [18800] global_step=18800, grad_norm=4.138660907745361, loss=1.4527430534362793
I0512 09:47:07.663012 139562345035520 logging_writer.py:48] [18900] global_step=18900, grad_norm=4.696993350982666, loss=1.600848913192749
I0512 09:47:32.666669 139562336642816 logging_writer.py:48] [19000] global_step=19000, grad_norm=4.68573522567749, loss=1.3670841455459595
I0512 09:47:57.651286 139562345035520 logging_writer.py:48] [19100] global_step=19100, grad_norm=4.730268478393555, loss=1.4403398036956787
I0512 09:48:22.621044 139562336642816 logging_writer.py:48] [19200] global_step=19200, grad_norm=4.610541820526123, loss=1.3980004787445068
I0512 09:48:47.562034 139562345035520 logging_writer.py:48] [19300] global_step=19300, grad_norm=4.909788608551025, loss=1.506605863571167
I0512 09:49:12.537853 139562336642816 logging_writer.py:48] [19400] global_step=19400, grad_norm=4.985107898712158, loss=1.4799253940582275
I0512 09:49:37.520655 139562345035520 logging_writer.py:48] [19500] global_step=19500, grad_norm=5.511671543121338, loss=1.5504481792449951
I0512 09:50:02.747459 139562336642816 logging_writer.py:48] [19600] global_step=19600, grad_norm=6.042541027069092, loss=1.5151786804199219
I0512 09:50:27.723732 139562345035520 logging_writer.py:48] [19700] global_step=19700, grad_norm=5.253006935119629, loss=1.4408249855041504
I0512 09:50:52.701492 139562336642816 logging_writer.py:48] [19800] global_step=19800, grad_norm=5.734805583953857, loss=1.5161653757095337
I0512 09:51:17.684099 139562345035520 logging_writer.py:48] [19900] global_step=19900, grad_norm=5.928186893463135, loss=1.4543137550354004
I0512 09:51:42.648133 139562336642816 logging_writer.py:48] [20000] global_step=20000, grad_norm=5.931134223937988, loss=1.573978066444397
I0512 09:52:07.608993 139562345035520 logging_writer.py:48] [20100] global_step=20100, grad_norm=7.480588436126709, loss=1.4949171543121338
I0512 09:52:32.625123 139562336642816 logging_writer.py:48] [20200] global_step=20200, grad_norm=7.159238338470459, loss=1.599096655845642
I0512 09:52:57.605924 139562345035520 logging_writer.py:48] [20300] global_step=20300, grad_norm=7.107144355773926, loss=1.4106807708740234
I0512 09:53:22.588904 139562336642816 logging_writer.py:48] [20400] global_step=20400, grad_norm=7.539894104003906, loss=1.4998486042022705
I0512 09:53:47.576243 139562345035520 logging_writer.py:48] [20500] global_step=20500, grad_norm=7.910268306732178, loss=1.4411638975143433
I0512 09:54:12.570248 139562336642816 logging_writer.py:48] [20600] global_step=20600, grad_norm=7.930243492126465, loss=1.432111144065857
I0512 09:54:37.519187 139562345035520 logging_writer.py:48] [20700] global_step=20700, grad_norm=7.974631309509277, loss=1.5622220039367676
I0512 09:55:02.478999 139562336642816 logging_writer.py:48] [20800] global_step=20800, grad_norm=8.559438705444336, loss=1.4125933647155762
I0512 09:55:27.434774 139562345035520 logging_writer.py:48] [20900] global_step=20900, grad_norm=8.197623252868652, loss=1.4202685356140137
I0512 09:55:52.417281 139562336642816 logging_writer.py:48] [21000] global_step=21000, grad_norm=9.669951438903809, loss=1.5055122375488281
I0512 09:56:17.625711 139562345035520 logging_writer.py:48] [21100] global_step=21100, grad_norm=8.67802619934082, loss=1.5549744367599487
I0512 09:56:42.616578 139562336642816 logging_writer.py:48] [21200] global_step=21200, grad_norm=8.874947547912598, loss=1.431586503982544
I0512 09:57:07.582379 139562345035520 logging_writer.py:48] [21300] global_step=21300, grad_norm=10.600632667541504, loss=1.5261399745941162
I0512 09:57:32.573982 139562336642816 logging_writer.py:48] [21400] global_step=21400, grad_norm=9.926020622253418, loss=1.4966375827789307
I0512 09:57:57.553869 139562345035520 logging_writer.py:48] [21500] global_step=21500, grad_norm=11.252960205078125, loss=1.5135998725891113
I0512 09:58:22.488848 139562336642816 logging_writer.py:48] [21600] global_step=21600, grad_norm=12.416241645812988, loss=1.438112497329712
I0512 09:58:47.462869 139562345035520 logging_writer.py:48] [21700] global_step=21700, grad_norm=10.981133460998535, loss=1.5286329984664917
I0512 09:59:12.460870 139562336642816 logging_writer.py:48] [21800] global_step=21800, grad_norm=11.676177978515625, loss=1.5387473106384277
I0512 09:59:37.435241 139562345035520 logging_writer.py:48] [21900] global_step=21900, grad_norm=11.599225044250488, loss=1.5439560413360596
I0512 10:00:02.426873 139562336642816 logging_writer.py:48] [22000] global_step=22000, grad_norm=11.160724639892578, loss=1.5851199626922607
I0512 10:00:27.397083 139562345035520 logging_writer.py:48] [22100] global_step=22100, grad_norm=11.789817810058594, loss=1.42232346534729
I0512 10:00:52.388624 139562336642816 logging_writer.py:48] [22200] global_step=22200, grad_norm=12.127041816711426, loss=1.5054517984390259
I0512 10:01:17.348878 139562345035520 logging_writer.py:48] [22300] global_step=22300, grad_norm=11.11472225189209, loss=1.4253392219543457
I0512 10:01:42.310830 139562336642816 logging_writer.py:48] [22400] global_step=22400, grad_norm=12.24530029296875, loss=1.54042649269104
I0512 10:02:07.274437 139562345035520 logging_writer.py:48] [22500] global_step=22500, grad_norm=12.087196350097656, loss=1.4301929473876953
I0512 10:02:32.443341 139562336642816 logging_writer.py:48] [22600] global_step=22600, grad_norm=12.082005500793457, loss=1.4435951709747314
I0512 10:02:57.426783 139562345035520 logging_writer.py:48] [22700] global_step=22700, grad_norm=13.087255477905273, loss=1.4830979108810425
