python submission_runner.py --framework=jax --workload=imagenet_resnet --submission_path=submissions_algorithms/submissions/self_tuning/schedule_free_adamw_jax_v2/submission.py --data_dir=/data/imagenet/jax --experiment_dir=/experiment_runs --experiment_name=submissions_a100/schedule_free_adamw_jax_v2/study_1 --overwrite=True --save_checkpoints=False --rng_seed=-304980929 --imagenet_v2_data_dir=/data/imagenet/jax --tuning_ruleset=self 2>&1 | tee -a /logs/imagenet_resnet_jax_05-12-2026-19-45-09.log
2026-05-12 19:45:19.727645: E external/local_xla/xla/stream_executor/cuda/cuda_fft.cc:467] Unable to register cuFFT factory: Attempting to register factory for plugin cuFFT when one has already been registered
WARNING: All log messages before absl::InitializeLog() is called are written to STDERR
E0000 00:00:1778615120.149914      13 cuda_dnn.cc:8579] Unable to register cuDNN factory: Attempting to register factory for plugin cuDNN when one has already been registered
E0000 00:00:1778615120.266543      13 cuda_blas.cc:1407] Unable to register cuBLAS factory: Attempting to register factory for plugin cuBLAS when one has already been registered
W0000 00:00:1778615121.715225      13 computation_placer.cc:177] computation placer already registered. Please check linkage and avoid linking the same target more than once.
W0000 00:00:1778615121.715269      13 computation_placer.cc:177] computation placer already registered. Please check linkage and avoid linking the same target more than once.
W0000 00:00:1778615121.715272      13 computation_placer.cc:177] computation placer already registered. Please check linkage and avoid linking the same target more than once.
W0000 00:00:1778615121.715274      13 computation_placer.cc:177] computation placer already registered. Please check linkage and avoid linking the same target more than once.
/usr/local/lib/python3.11/site-packages/torch/__init__.py:1617: UserWarning: Please use the new API settings to control TF32 behavior, such as torch.backends.cudnn.conv.fp32_precision = 'tf32' or torch.backends.cuda.matmul.fp32_precision = 'ieee'. Old settings, e.g, torch.backends.cuda.matmul.allow_tf32 = True, torch.backends.cudnn.allow_tf32 = True, allowTF32CuDNN() and allowTF32CuBLAS() will be deprecated after Pytorch 2.9. Please see https://pytorch.org/docs/main/notes/cuda.html#tensorfloat-32-tf32-on-ampere-and-later-devices (Triggered internally at /pytorch/aten/src/ATen/Context.cpp:80.)
  _C._set_float32_matmul_precision(precision)
/usr/local/lib/python3.11/site-packages/pydantic/_internal/_generate_schema.py:2249: UnsupportedFieldAttributeWarning: The 'repr' attribute with value False was provided to the `Field()` function, which has no effect in the context it was used. 'repr' is field-specific metadata, and can only be attached to a model field using `Annotated` metadata or by assignment. This may have happened because an `Annotated` type alias using the `type` statement was used, or if the `Field()` function was attached to a single member of a union type.
  warnings.warn(
/usr/local/lib/python3.11/site-packages/pydantic/_internal/_generate_schema.py:2249: UnsupportedFieldAttributeWarning: The 'frozen' attribute with value True was provided to the `Field()` function, which has no effect in the context it was used. 'frozen' is field-specific metadata, and can only be attached to a model field using `Annotated` metadata or by assignment. This may have happened because an `Annotated` type alias using the `type` statement was used, or if the `Field()` function was attached to a single member of a union type.
  warnings.warn(
INFO:2026-05-12 19:46:11,614:jax._src.xla_bridge:830: Unable to initialize backend 'tpu': INTERNAL: Failed to open libtpu.so: libtpu.so: cannot open shared object file: No such file or directory
I0512 19:46:11.614608 140678261474496 xla_bridge.py:830] Unable to initialize backend 'tpu': INTERNAL: Failed to open libtpu.so: libtpu.so: cannot open shared object file: No such file or directory
I0512 19:46:12.418826 140678261474496 logger_utils.py:84] Creating experiment directory at /experiment_runs/submissions_a100/schedule_free_adamw_jax_v2/study_1/imagenet_resnet_jax.
I0512 19:46:15.816436 140678261474496 submission_runner.py:741] Creating directory at /experiment_runs/submissions_a100/schedule_free_adamw_jax_v2/study_1/imagenet_resnet_jax/trial_1.
I0512 19:46:16.177634 140678261474496 submission_runner.py:242] Initializing dataset.
I0512 19:46:17.446465 140678261474496 dataset_info.py:707] Load dataset info from /data/imagenet/jax/imagenet2012/5.1.0
I0512 19:46:17.524975 140678261474496 dataset_info.py:793] For 'imagenet2012/5.1.0': fields info.[splits, supervised_keys] differ on disk and in the code. Keeping the one from code.
I0512 19:46:17.886300 140678261474496 reader.py:262] Creating a tf.data.Dataset reading 1024 files located in folders: /data/imagenet/jax/imagenet2012/5.1.0.
I0512 19:46:18.231502 140678261474496 logging_logger.py:49] Constructing tf.data.Dataset imagenet2012 for split train, from /data/imagenet/jax/imagenet2012/5.1.0
I0512 19:46:20.128663 140678261474496 submission_runner.py:251] Initializing model.
I0512 19:46:45.178234 140678261474496 submission_runner.py:294] Initializing optimizer.
I0512 19:46:46.964578 140678261474496 submission_runner.py:299] Initializing metrics bundle.
I0512 19:46:46.964801 140678261474496 submission_runner.py:321] Initializing checkpoint and logger.
I0512 19:46:46.967656 140678261474496 checkpoints.py:1098] Found no checkpoint files in /experiment_runs/submissions_a100/schedule_free_adamw_jax_v2/study_1/imagenet_resnet_jax/trial_1 with prefix checkpoint_
I0512 19:46:46.967789 140678261474496 submission_runner.py:344] Saving meta data to /experiment_runs/submissions_a100/schedule_free_adamw_jax_v2/study_1/imagenet_resnet_jax/trial_1/meta_data_0.json.
I0512 19:46:47.499606 140678261474496 submission_runner.py:348] Saving flags to /experiment_runs/submissions_a100/schedule_free_adamw_jax_v2/study_1/imagenet_resnet_jax/trial_1/flags_0.json.
I0512 19:46:47.510744 140678261474496 submission_runner.py:359] Starting training loop.
/usr/local/lib/python3.11/site-packages/jax/_src/interpreters/mlir.py:1268: UserWarning: Some donated buffers were not usable: float32[64], float32[64], float32[64], float32[64], float32[64], float32[64], float32[256], float32[256], float32[256], float32[256], float32[1,1,64,64], float32[3,3,64,64], float32[1,1,64,256], float32[1,1,64,256], float32[64], float32[64], float32[64], float32[64], float32[256], float32[256], float32[1,1,256,64], float32[3,3,64,64], float32[1,1,64,256], float32[256], float32[256], float32[256], float32[256], float32[1024], float32[1024], float32[1,1,1024,256], float32[3,3,256,256], float32[1,1,256,1024], float32[256], float32[256], float32[256], float32[256], float32[1024], float32[1024], float32[1,1,1024,256], float32[3,3,256,256], float32[1,1,256,1024], float32[256], float32[256], float32[256], float32[256], float32[1024], float32[1024], float32[1,1,1024,256], float32[3,3,256,256], float32[1,1,256,1024], float32[512], float32[512], float32[512], float32[512], float32[2048], float32[2048], float32[2048], float32[2048], float32[1,1,1024,512], float32[3,3,512,512], float32[1,1,512,2048], float32[1,1,1024,2048], float32[512], float32[512], float32[512], float32[512], float32[2048], float32[2048], float32[1,1,2048,512], float32[3,3,512,512], float32[1,1,512,2048], float32[512], float32[512], float32[512], float32[512], float32[2048], float32[2048], float32[1,1,2048,512], float32[3,3,512,512], float32[1,1,512,2048], float32[64], float32[64], float32[64], float32[64], float32[256], float32[256], float32[1,1,256,64], float32[3,3,64,64], float32[1,1,64,256], float32[128], float32[128], float32[128], float32[128], float32[512], float32[512], float32[512], float32[512], float32[1,1,256,128], float32[3,3,128,128], float32[1,1,128,512], float32[1,1,256,512], float32[128], float32[128], float32[128], float32[128], float32[512], float32[512], float32[1,1,512,128], float32[3,3,128,128], float32[1,1,128,512], float32[128], float32[128], float32[128], float32[128], float32[512], float32[512], float32[1,1,512,128], float32[3,3,128,128], float32[1,1,128,512], float32[128], float32[128], float32[128], float32[128], float32[512], float32[512], float32[1,1,512,128], float32[3,3,128,128], float32[1,1,128,512], float32[256], float32[256], float32[256], float32[256], float32[1024], float32[1024], float32[1024], float32[1024], float32[1,1,512,256], float32[3,3,256,256], float32[1,1,256,1024], float32[1,1,512,1024], float32[256], float32[256], float32[256], float32[256], float32[1024], float32[1024], float32[1,1,1024,256], float32[3,3,256,256], float32[1,1,256,1024], float32[256], float32[256], float32[256], float32[256], float32[1024], float32[1024], float32[1,1,1024,256], float32[3,3,256,256], float32[1,1,256,1024], float32[7,7,3,64], float32[1000], float32[2048,1000].
See an explanation at https://docs.jax.dev/en/latest/faq.html#buffer-donation.
  warnings.warn("Some donated buffers were not usable:"
I0512 19:47:46.813019 140663127500544 logging_writer.py:48] [0] global_step=0, grad_norm=0.31780773401260376, loss=6.910696029663086
I0512 19:47:48.430732 140678261474496 spec.py:333] Evaluating on the training split.
I0512 19:47:48.722782 140678261474496 dataset_info.py:707] Load dataset info from /data/imagenet/jax/imagenet2012/5.1.0
I0512 19:47:48.728329 140678261474496 dataset_info.py:793] For 'imagenet2012/5.1.0': fields info.[splits, supervised_keys] differ on disk and in the code. Keeping the one from code.
I0512 19:47:48.746811 140678261474496 reader.py:262] Creating a tf.data.Dataset reading 1024 files located in folders: /data/imagenet/jax/imagenet2012/5.1.0.
I0512 19:47:48.790859 140678261474496 logging_logger.py:49] Constructing tf.data.Dataset imagenet2012 for split train, from /data/imagenet/jax/imagenet2012/5.1.0
I0512 19:48:27.196235 140678261474496 spec.py:346] Evaluating on the validation split.
I0512 19:48:27.206236 140678261474496 dataset_info.py:707] Load dataset info from /data/imagenet/jax/imagenet2012/5.1.0
I0512 19:48:27.223032 140678261474496 dataset_info.py:793] For 'imagenet2012/5.1.0': fields info.[splits, supervised_keys] differ on disk and in the code. Keeping the one from code.
I0512 19:48:27.227835 140678261474496 reader.py:262] Creating a tf.data.Dataset reading 64 files located in folders: /data/imagenet/jax/imagenet2012/5.1.0.
I0512 19:48:27.500035 140678261474496 logging_logger.py:49] Constructing tf.data.Dataset imagenet2012 for split validation, from /data/imagenet/jax/imagenet2012/5.1.0
I0512 19:48:59.792788 140678261474496 spec.py:363] Evaluating on the test split.
I0512 19:48:59.914207 140678261474496 dataset_info.py:707] Load dataset info from /data/imagenet/jax/imagenet_v2/matched-frequency/3.0.0
I0512 19:48:59.953375 140678261474496 reader.py:262] Creating a tf.data.Dataset reading 16 files located in folders: /data/imagenet/jax/imagenet_v2/matched-frequency/3.0.0.
I0512 19:48:59.990376 140678261474496 logging_logger.py:49] Constructing tf.data.Dataset imagenet_v2 for split test, from /data/imagenet/jax/imagenet_v2/matched-frequency/3.0.0
I0512 19:49:16.987286 140678261474496 submission_runner.py:516] Time since start: 149.47s, 	Step: 1, 	{'train/accuracy': Array(0.00187341, dtype=float32), 'train/loss': Array(6.911738, dtype=float32), 'validation/accuracy': Array(0.00126, dtype=float32), 'validation/loss': Array(6.9117756, dtype=float32), 'validation/num_examples': 50000, 'test/accuracy': Array(0.0012, dtype=float32), 'test/loss': Array(6.9119825, dtype=float32), 'test/num_examples': 10000, 'score': 60.91907024383545, 'total_duration': 149.47478890419006, 'accumulated_submission_time': 60.91907024383545, 'accumulated_eval_time': 88.55480742454529, 'accumulated_logging_time': 0}
I0512 19:49:17.007068 140460890760960 logging_writer.py:48] [1] accumulated_eval_time=88.5548, accumulated_logging_time=0, accumulated_submission_time=60.9191, global_step=1, preemption_count=0, score=60.9191, test/accuracy=0.0012000000569969416, test/loss=6.911982536315918, test/num_examples=10000, total_duration=149.475, train/accuracy=0.0018734055338427424, train/loss=6.91173791885376, validation/accuracy=0.0012599999317899346, validation/loss=6.911775588989258, validation/num_examples=50000
/usr/local/lib/python3.11/site-packages/jax/_src/interpreters/mlir.py:1268: UserWarning: Some donated buffers were not usable: float32[64], float32[64], float32[64], float32[64], float32[64], float32[64], float32[256], float32[256], float32[256], float32[256], float32[1,1,64,64], float32[3,3,64,64], float32[1,1,64,256], float32[1,1,64,256], float32[64], float32[64], float32[64], float32[64], float32[256], float32[256], float32[1,1,256,64], float32[3,3,64,64], float32[1,1,64,256], float32[256], float32[256], float32[256], float32[256], float32[1024], float32[1024], float32[1,1,1024,256], float32[3,3,256,256], float32[1,1,256,1024], float32[256], float32[256], float32[256], float32[256], float32[1024], float32[1024], float32[1,1,1024,256], float32[3,3,256,256], float32[1,1,256,1024], float32[256], float32[256], float32[256], float32[256], float32[1024], float32[1024], float32[1,1,1024,256], float32[3,3,256,256], float32[1,1,256,1024], float32[512], float32[512], float32[512], float32[512], float32[2048], float32[2048], float32[2048], float32[2048], float32[1,1,1024,512], float32[3,3,512,512], float32[1,1,512,2048], float32[1,1,1024,2048], float32[512], float32[512], float32[512], float32[512], float32[2048], float32[2048], float32[1,1,2048,512], float32[3,3,512,512], float32[1,1,512,2048], float32[512], float32[512], float32[512], float32[512], float32[2048], float32[2048], float32[1,1,2048,512], float32[3,3,512,512], float32[1,1,512,2048], float32[64], float32[64], float32[64], float32[64], float32[256], float32[256], float32[1,1,256,64], float32[3,3,64,64], float32[1,1,64,256], float32[128], float32[128], float32[128], float32[128], float32[512], float32[512], float32[512], float32[512], float32[1,1,256,128], float32[3,3,128,128], float32[1,1,128,512], float32[1,1,256,512], float32[128], float32[128], float32[128], float32[128], float32[512], float32[512], float32[1,1,512,128], float32[3,3,128,128], float32[1,1,128,512], float32[128], float32[128], float32[128], float32[128], float32[512], float32[512], float32[1,1,512,128], float32[3,3,128,128], float32[1,1,128,512], float32[128], float32[128], float32[128], float32[128], float32[512], float32[512], float32[1,1,512,128], float32[3,3,128,128], float32[1,1,128,512], float32[256], float32[256], float32[256], float32[256], float32[1024], float32[1024], float32[1024], float32[1024], float32[1,1,512,256], float32[3,3,256,256], float32[1,1,256,1024], float32[1,1,512,1024], float32[256], float32[256], float32[256], float32[256], float32[1024], float32[1024], float32[1,1,1024,256], float32[3,3,256,256], float32[1,1,256,1024], float32[256], float32[256], float32[256], float32[256], float32[1024], float32[1024], float32[1,1,1024,256], float32[3,3,256,256], float32[1,1,256,1024], float32[7,7,3,64], float32[1000], float32[2048,1000].
See an explanation at https://docs.jax.dev/en/latest/faq.html#buffer-donation.
  warnings.warn("Some donated buffers were not usable:"
I0512 19:50:22.446625 140460773328640 logging_writer.py:48] [100] global_step=100, grad_norm=0.9209260940551758, loss=6.758374214172363
I0512 19:51:09.843364 140460781721344 logging_writer.py:48] [200] global_step=200, grad_norm=1.7862359285354614, loss=6.402630805969238
I0512 19:51:51.097754 140460773328640 logging_writer.py:48] [300] global_step=300, grad_norm=1.9424149990081787, loss=6.294833183288574
I0512 19:52:30.977406 140460781721344 logging_writer.py:48] [400] global_step=400, grad_norm=1.5394320487976074, loss=6.158416748046875
I0512 19:53:30.319487 140460773328640 logging_writer.py:48] [500] global_step=500, grad_norm=2.153167486190796, loss=6.1391377449035645
I0512 19:54:12.028908 140460781721344 logging_writer.py:48] [600] global_step=600, grad_norm=2.1498806476593018, loss=6.02904748916626
I0512 19:54:54.120903 140460773328640 logging_writer.py:48] [700] global_step=700, grad_norm=2.6038315296173096, loss=5.998392105102539
I0512 19:55:38.368784 140460781721344 logging_writer.py:48] [800] global_step=800, grad_norm=4.8983354568481445, loss=5.9576263427734375
I0512 19:56:35.090499 140460773328640 logging_writer.py:48] [900] global_step=900, grad_norm=2.462722063064575, loss=5.8905863761901855
I0512 19:57:15.276333 140460781721344 logging_writer.py:48] [1000] global_step=1000, grad_norm=3.1774728298187256, loss=5.876762390136719
I0512 19:57:55.068993 140460773328640 logging_writer.py:48] [1100] global_step=1100, grad_norm=4.397616863250732, loss=5.933290004730225
I0512 19:58:50.533303 140460781721344 logging_writer.py:48] [1200] global_step=1200, grad_norm=4.786351203918457, loss=5.821152210235596
I0512 19:59:36.095281 140460773328640 logging_writer.py:48] [1300] global_step=1300, grad_norm=4.235178470611572, loss=5.871098518371582
I0512 20:00:29.993118 140460781721344 logging_writer.py:48] [1400] global_step=1400, grad_norm=2.5822339057922363, loss=5.8124895095825195
I0512 20:01:43.714264 140460773328640 logging_writer.py:48] [1500] global_step=1500, grad_norm=2.3210041522979736, loss=5.782279968261719
I0512 20:03:02.494947 140460781721344 logging_writer.py:48] [1600] global_step=1600, grad_norm=5.4346699714660645, loss=5.693648338317871
I0512 20:04:20.133145 140460773328640 logging_writer.py:48] [1700] global_step=1700, grad_norm=1.7878713607788086, loss=5.612153053283691
I0512 20:05:27.407155 140460781721344 logging_writer.py:48] [1800] global_step=1800, grad_norm=1.2357970476150513, loss=5.6849493980407715
I0512 20:06:41.016298 140460773328640 logging_writer.py:48] [1900] global_step=1900, grad_norm=2.2307262420654297, loss=5.5674543380737305
I0512 20:07:53.682655 140460781721344 logging_writer.py:48] [2000] global_step=2000, grad_norm=2.0173752307891846, loss=5.630041122436523
I0512 20:08:59.642420 140460773328640 logging_writer.py:48] [2100] global_step=2100, grad_norm=4.279491424560547, loss=5.73594856262207
I0512 20:09:51.068983 140460781721344 logging_writer.py:48] [2200] global_step=2200, grad_norm=7.170375347137451, loss=5.846158027648926
I0512 20:10:34.999115 140460773328640 logging_writer.py:48] [2300] global_step=2300, grad_norm=1.9347198009490967, loss=5.542311191558838
I0512 20:11:19.104545 140460781721344 logging_writer.py:48] [2400] global_step=2400, grad_norm=2.947378635406494, loss=5.5498762130737305
I0512 20:12:10.687939 140460773328640 logging_writer.py:48] [2500] global_step=2500, grad_norm=6.011758804321289, loss=5.644463062286377
I0512 20:13:10.330129 140460781721344 logging_writer.py:48] [2600] global_step=2600, grad_norm=2.896782398223877, loss=5.500473499298096
I0512 20:14:07.173732 140460773328640 logging_writer.py:48] [2700] global_step=2700, grad_norm=2.2719264030456543, loss=5.529545783996582
I0512 20:15:05.385360 140460781721344 logging_writer.py:48] [2800] global_step=2800, grad_norm=1.6686444282531738, loss=5.3805646896362305
I0512 20:15:51.664134 140460773328640 logging_writer.py:48] [2900] global_step=2900, grad_norm=2.6559486389160156, loss=5.471421241760254
I0512 20:16:46.916864 140460781721344 logging_writer.py:48] [3000] global_step=3000, grad_norm=3.9281198978424072, loss=5.513998508453369
I0512 20:17:45.331166 140460773328640 logging_writer.py:48] [3100] global_step=3100, grad_norm=2.740149736404419, loss=5.505005836486816
I0512 20:18:36.397890 140460781721344 logging_writer.py:48] [3200] global_step=3200, grad_norm=3.8676249980926514, loss=5.419878005981445
I0512 20:19:21.087880 140460773328640 logging_writer.py:48] [3300] global_step=3300, grad_norm=4.024202346801758, loss=5.407713890075684
I0512 20:20:11.461849 140460781721344 logging_writer.py:48] [3400] global_step=3400, grad_norm=3.1994333267211914, loss=5.26511287689209
I0512 20:21:05.916535 140460773328640 logging_writer.py:48] [3500] global_step=3500, grad_norm=6.510839939117432, loss=5.661543846130371
I0512 20:22:01.072032 140460781721344 logging_writer.py:48] [3600] global_step=3600, grad_norm=2.931042194366455, loss=5.282142639160156
I0512 20:22:34.323236 140678261474496 spec.py:333] Evaluating on the training split.
I0512 20:22:49.286610 140678261474496 spec.py:346] Evaluating on the validation split.
I0512 20:23:28.056051 140678261474496 spec.py:363] Evaluating on the test split.
I0512 20:23:29.037368 140678261474496 submission_runner.py:516] Time since start: 2201.52s, 	Step: 3667, 	{'train/accuracy': Array(0.04308833, dtype=float32), 'train/loss': Array(5.8607073, dtype=float32), 'validation/accuracy': Array(0.04014, dtype=float32), 'validation/loss': Array(5.9290338, dtype=float32), 'validation/num_examples': 50000, 'test/accuracy': Array(0.0299, dtype=float32), 'test/loss': Array(6.208869, dtype=float32), 'test/num_examples': 10000, 'score': 2058.181893348694, 'total_duration': 2201.5248374938965, 'accumulated_submission_time': 2058.181893348694, 'accumulated_eval_time': 143.2671549320221, 'accumulated_logging_time': 0.028658628463745117}
I0512 20:23:29.061352 140460899153664 logging_writer.py:48] [3667] accumulated_eval_time=143.267, accumulated_logging_time=0.0286586, accumulated_submission_time=2058.18, global_step=3667, preemption_count=0, score=2058.18, test/accuracy=0.029900001361966133, test/loss=6.208868980407715, test/num_examples=10000, total_duration=2201.52, train/accuracy=0.04308832809329033, train/loss=5.8607072830200195, validation/accuracy=0.040139999240636826, validation/loss=5.9290337562561035, validation/num_examples=50000
I0512 20:23:58.407016 140460907546368 logging_writer.py:48] [3700] global_step=3700, grad_norm=2.330073595046997, loss=5.177009582519531
I0512 20:24:55.705896 140460899153664 logging_writer.py:48] [3800] global_step=3800, grad_norm=2.7880139350891113, loss=5.211492538452148
I0512 20:25:42.457170 140460907546368 logging_writer.py:48] [3900] global_step=3900, grad_norm=3.9142653942108154, loss=5.286319732666016
I0512 20:26:20.636309 140460899153664 logging_writer.py:48] [4000] global_step=4000, grad_norm=3.070784568786621, loss=5.2371931076049805
I0512 20:27:07.410858 140460907546368 logging_writer.py:48] [4100] global_step=4100, grad_norm=3.063202381134033, loss=5.085653305053711
I0512 20:27:45.114641 140460899153664 logging_writer.py:48] [4200] global_step=4200, grad_norm=3.0917298793792725, loss=5.246720790863037
I0512 20:28:22.397699 140460907546368 logging_writer.py:48] [4300] global_step=4300, grad_norm=2.002202033996582, loss=5.068938255310059
I0512 20:29:00.005320 140460899153664 logging_writer.py:48] [4400] global_step=4400, grad_norm=2.3945631980895996, loss=5.029738426208496
I0512 20:29:37.725781 140460907546368 logging_writer.py:48] [4500] global_step=4500, grad_norm=2.878852128982544, loss=4.95932149887085
I0512 20:30:14.840414 140460899153664 logging_writer.py:48] [4600] global_step=4600, grad_norm=1.9406287670135498, loss=4.962429046630859
I0512 20:30:52.006147 140460907546368 logging_writer.py:48] [4700] global_step=4700, grad_norm=4.393433094024658, loss=4.982895374298096
I0512 20:31:30.113925 140460899153664 logging_writer.py:48] [4800] global_step=4800, grad_norm=4.191000461578369, loss=5.155977725982666
I0512 20:32:07.317590 140460907546368 logging_writer.py:48] [4900] global_step=4900, grad_norm=4.022045135498047, loss=5.160102367401123
I0512 20:32:44.857022 140460899153664 logging_writer.py:48] [5000] global_step=5000, grad_norm=2.2287185192108154, loss=5.080767631530762
I0512 20:33:22.563528 140460907546368 logging_writer.py:48] [5100] global_step=5100, grad_norm=4.156472682952881, loss=5.010293960571289
I0512 20:34:08.771589 140460899153664 logging_writer.py:48] [5200] global_step=5200, grad_norm=4.829965114593506, loss=5.078292369842529
I0512 20:35:04.717835 140460907546368 logging_writer.py:48] [5300] global_step=5300, grad_norm=2.250473737716675, loss=4.905556678771973
I0512 20:35:51.329630 140460899153664 logging_writer.py:48] [5400] global_step=5400, grad_norm=2.402311325073242, loss=4.819714546203613
I0512 20:36:28.587434 140460907546368 logging_writer.py:48] [5500] global_step=5500, grad_norm=2.2166330814361572, loss=4.928332328796387
I0512 20:37:06.265967 140460899153664 logging_writer.py:48] [5600] global_step=5600, grad_norm=2.725045919418335, loss=4.848555564880371
I0512 20:37:44.098592 140460907546368 logging_writer.py:48] [5700] global_step=5700, grad_norm=4.15472936630249, loss=4.864901065826416
I0512 20:38:21.322703 140460899153664 logging_writer.py:48] [5800] global_step=5800, grad_norm=3.7074079513549805, loss=4.971633434295654
I0512 20:38:58.805812 140460907546368 logging_writer.py:48] [5900] global_step=5900, grad_norm=3.082153081893921, loss=4.920456886291504
I0512 20:39:36.500574 140460899153664 logging_writer.py:48] [6000] global_step=6000, grad_norm=1.974237322807312, loss=4.887185096740723
I0512 20:40:13.651970 140460907546368 logging_writer.py:48] [6100] global_step=6100, grad_norm=2.9673547744750977, loss=4.9324469566345215
I0512 20:40:51.076911 140460899153664 logging_writer.py:48] [6200] global_step=6200, grad_norm=3.2579281330108643, loss=4.949971675872803
I0512 20:41:54.883623 140460907546368 logging_writer.py:48] [6300] global_step=6300, grad_norm=3.8114044666290283, loss=4.880708694458008
I0512 20:42:43.050990 140460899153664 logging_writer.py:48] [6400] global_step=6400, grad_norm=2.629997968673706, loss=4.829401016235352
I0512 20:43:27.408040 140460907546368 logging_writer.py:48] [6500] global_step=6500, grad_norm=4.1177496910095215, loss=4.997490882873535
I0512 20:44:07.111748 140460899153664 logging_writer.py:48] [6600] global_step=6600, grad_norm=3.34161376953125, loss=4.76191520690918
I0512 20:44:44.291271 140460907546368 logging_writer.py:48] [6700] global_step=6700, grad_norm=3.428161144256592, loss=4.8025102615356445
I0512 20:45:21.535966 140460899153664 logging_writer.py:48] [6800] global_step=6800, grad_norm=3.11376690864563, loss=4.894753932952881
I0512 20:45:59.453462 140460907546368 logging_writer.py:48] [6900] global_step=6900, grad_norm=4.401673793792725, loss=4.996303558349609
I0512 20:46:36.655530 140460899153664 logging_writer.py:48] [7000] global_step=7000, grad_norm=10.988923072814941, loss=5.095341205596924
I0512 20:47:14.199062 140460907546368 logging_writer.py:48] [7100] global_step=7100, grad_norm=1.6486014127731323, loss=4.6057329177856445
I0512 20:47:51.828799 140460899153664 logging_writer.py:48] [7200] global_step=7200, grad_norm=4.070767402648926, loss=4.662487030029297
I0512 20:48:29.010292 140460907546368 logging_writer.py:48] [7300] global_step=7300, grad_norm=2.391486406326294, loss=4.6851935386657715
I0512 20:49:06.119452 140460899153664 logging_writer.py:48] [7400] global_step=7400, grad_norm=3.828043222427368, loss=4.789220333099365
I0512 20:49:52.923765 140460907546368 logging_writer.py:48] [7500] global_step=7500, grad_norm=2.748373031616211, loss=4.697661876678467
I0512 20:50:38.808803 140460899153664 logging_writer.py:48] [7600] global_step=7600, grad_norm=3.6261303424835205, loss=4.704741477966309
I0512 20:51:25.299695 140460907546368 logging_writer.py:48] [7700] global_step=7700, grad_norm=3.362413167953491, loss=4.805017471313477
I0512 20:52:03.315537 140460899153664 logging_writer.py:48] [7800] global_step=7800, grad_norm=2.6272597312927246, loss=4.693347930908203
I0512 20:52:40.478955 140460907546368 logging_writer.py:48] [7900] global_step=7900, grad_norm=4.023525714874268, loss=4.792562484741211
I0512 20:53:17.640092 140460899153664 logging_writer.py:48] [8000] global_step=8000, grad_norm=4.13770055770874, loss=4.626368999481201
I0512 20:53:55.586855 140460907546368 logging_writer.py:48] [8100] global_step=8100, grad_norm=2.4451162815093994, loss=4.569980144500732
I0512 20:54:32.824386 140460899153664 logging_writer.py:48] [8200] global_step=8200, grad_norm=5.381283760070801, loss=4.753225326538086
I0512 20:55:10.059433 140460907546368 logging_writer.py:48] [8300] global_step=8300, grad_norm=2.6548166275024414, loss=4.617557525634766
I0512 20:55:47.950650 140460899153664 logging_writer.py:48] [8400] global_step=8400, grad_norm=5.110328197479248, loss=4.636364459991455
I0512 20:56:25.089496 140460907546368 logging_writer.py:48] [8500] global_step=8500, grad_norm=4.3993377685546875, loss=4.670101642608643
I0512 20:56:45.092706 140678261474496 spec.py:333] Evaluating on the training split.
I0512 20:56:59.851049 140678261474496 spec.py:346] Evaluating on the validation split.
I0512 20:57:22.906427 140678261474496 spec.py:363] Evaluating on the test split.
I0512 20:57:23.791894 140678261474496 submission_runner.py:516] Time since start: 4236.28s, 	Step: 8555, 	{'train/accuracy': Array(0.01749841, dtype=float32), 'train/loss': Array(6.8538775, dtype=float32), 'validation/accuracy': Array(0.01714, dtype=float32), 'validation/loss': Array(6.8836646, dtype=float32), 'validation/num_examples': 50000, 'test/accuracy': Array(0.0133, dtype=float32), 'test/loss': Array(7.0473847, dtype=float32), 'test/num_examples': 10000, 'score': 4054.160504579544, 'total_duration': 4236.279563426971, 'accumulated_submission_time': 4054.160504579544, 'accumulated_eval_time': 181.96476244926453, 'accumulated_logging_time': 0.06117844581604004}
I0512 20:57:23.813073 140460899153664 logging_writer.py:48] [8555] accumulated_eval_time=181.965, accumulated_logging_time=0.0611784, accumulated_submission_time=4054.16, global_step=8555, preemption_count=0, score=4054.16, test/accuracy=0.013300000689923763, test/loss=7.047384738922119, test/num_examples=10000, total_duration=4236.28, train/accuracy=0.017498405650258064, train/loss=6.853877544403076, validation/accuracy=0.017139999195933342, validation/loss=6.883664608001709, validation/num_examples=50000
I0512 20:57:40.836336 140460907546368 logging_writer.py:48] [8600] global_step=8600, grad_norm=3.9190006256103516, loss=4.615328788757324
I0512 20:58:18.864657 140460899153664 logging_writer.py:48] [8700] global_step=8700, grad_norm=4.807989120483398, loss=4.6643524169921875
I0512 20:58:55.872211 140460907546368 logging_writer.py:48] [8800] global_step=8800, grad_norm=4.05600643157959, loss=4.66378116607666
I0512 20:59:32.981278 140460899153664 logging_writer.py:48] [8900] global_step=8900, grad_norm=2.3713645935058594, loss=4.560507774353027
I0512 21:00:10.742297 140460907546368 logging_writer.py:48] [9000] global_step=9000, grad_norm=3.131056308746338, loss=4.735022068023682
I0512 21:00:47.897166 140460899153664 logging_writer.py:48] [9100] global_step=9100, grad_norm=2.0196094512939453, loss=4.600934028625488
I0512 21:01:24.986332 140460907546368 logging_writer.py:48] [9200] global_step=9200, grad_norm=4.5948076248168945, loss=4.711893558502197
I0512 21:02:02.869709 140460899153664 logging_writer.py:48] [9300] global_step=9300, grad_norm=4.440432071685791, loss=4.558143615722656
I0512 21:02:40.011691 140460907546368 logging_writer.py:48] [9400] global_step=9400, grad_norm=4.095041275024414, loss=4.547077178955078
I0512 21:03:17.185255 140460899153664 logging_writer.py:48] [9500] global_step=9500, grad_norm=6.096622943878174, loss=4.59396505355835
I0512 21:03:54.685740 140460907546368 logging_writer.py:48] [9600] global_step=9600, grad_norm=4.022310733795166, loss=4.5412702560424805
I0512 21:04:32.058819 140460899153664 logging_writer.py:48] [9700] global_step=9700, grad_norm=6.654725074768066, loss=4.493906021118164
I0512 21:05:09.202158 140460907546368 logging_writer.py:48] [9800] global_step=9800, grad_norm=3.048213005065918, loss=4.515395164489746
I0512 21:05:47.051781 140460899153664 logging_writer.py:48] [9900] global_step=9900, grad_norm=7.127708911895752, loss=4.562563896179199
I0512 21:06:24.045254 140460907546368 logging_writer.py:48] [10000] global_step=10000, grad_norm=4.984849452972412, loss=4.562511444091797
I0512 21:07:01.096151 140460899153664 logging_writer.py:48] [10100] global_step=10100, grad_norm=4.010753154754639, loss=4.462884426116943
I0512 21:07:39.039536 140460907546368 logging_writer.py:48] [10200] global_step=10200, grad_norm=4.357707977294922, loss=4.653226852416992
I0512 21:08:16.147528 140460899153664 logging_writer.py:48] [10300] global_step=10300, grad_norm=4.799588680267334, loss=4.47319221496582
I0512 21:08:53.234997 140460907546368 logging_writer.py:48] [10400] global_step=10400, grad_norm=4.516970157623291, loss=4.418220043182373
I0512 21:09:31.128842 140460899153664 logging_writer.py:48] [10500] global_step=10500, grad_norm=7.413406848907471, loss=4.596695899963379
I0512 21:10:08.194634 140460907546368 logging_writer.py:48] [10600] global_step=10600, grad_norm=3.730695962905884, loss=4.499547958374023
I0512 21:10:45.276914 140460899153664 logging_writer.py:48] [10700] global_step=10700, grad_norm=4.48500919342041, loss=4.31428337097168
I0512 21:11:23.181513 140460907546368 logging_writer.py:48] [10800] global_step=10800, grad_norm=4.910727024078369, loss=4.581844329833984
I0512 21:12:00.165488 140460899153664 logging_writer.py:48] [10900] global_step=10900, grad_norm=7.567192554473877, loss=4.563248634338379
I0512 21:12:37.299735 140460907546368 logging_writer.py:48] [11000] global_step=11000, grad_norm=4.8110432624816895, loss=4.488776206970215
I0512 21:13:15.271070 140460899153664 logging_writer.py:48] [11100] global_step=11100, grad_norm=3.3063619136810303, loss=4.360965251922607
I0512 21:13:52.344080 140460907546368 logging_writer.py:48] [11200] global_step=11200, grad_norm=4.44964075088501, loss=4.458347320556641
I0512 21:14:29.402105 140460899153664 logging_writer.py:48] [11300] global_step=11300, grad_norm=5.923408508300781, loss=4.503227710723877
I0512 21:15:07.250269 140460907546368 logging_writer.py:48] [11400] global_step=11400, grad_norm=3.808549165725708, loss=4.454941749572754
I0512 21:15:44.378232 140460899153664 logging_writer.py:48] [11500] global_step=11500, grad_norm=5.5770487785339355, loss=4.598136901855469
I0512 21:16:21.425731 140460907546368 logging_writer.py:48] [11600] global_step=11600, grad_norm=10.108150482177734, loss=4.594392776489258
I0512 21:16:58.930430 140460899153664 logging_writer.py:48] [11700] global_step=11700, grad_norm=2.535419225692749, loss=4.322304725646973
I0512 21:17:36.409460 140460907546368 logging_writer.py:48] [11800] global_step=11800, grad_norm=5.014636516571045, loss=4.367799758911133
I0512 21:18:13.554445 140460899153664 logging_writer.py:48] [11900] global_step=11900, grad_norm=11.726548194885254, loss=4.468168258666992
I0512 21:18:51.553725 140460907546368 logging_writer.py:48] [12000] global_step=12000, grad_norm=3.943453073501587, loss=4.463531494140625
I0512 21:19:28.582507 140460899153664 logging_writer.py:48] [12100] global_step=12100, grad_norm=5.380733489990234, loss=4.319850444793701
I0512 21:20:05.693182 140460907546368 logging_writer.py:48] [12200] global_step=12200, grad_norm=3.4766383171081543, loss=4.387754440307617
I0512 21:20:43.656437 140460899153664 logging_writer.py:48] [12300] global_step=12300, grad_norm=10.568528175354004, loss=4.267388343811035
I0512 21:21:20.721928 140460907546368 logging_writer.py:48] [12400] global_step=12400, grad_norm=6.175517559051514, loss=4.318788528442383
I0512 21:21:57.791555 140460899153664 logging_writer.py:48] [12500] global_step=12500, grad_norm=3.1115105152130127, loss=4.270290374755859
I0512 21:22:35.691357 140460907546368 logging_writer.py:48] [12600] global_step=12600, grad_norm=15.378402709960938, loss=4.819411277770996
I0512 21:23:12.901382 140460899153664 logging_writer.py:48] [12700] global_step=12700, grad_norm=5.902534484863281, loss=4.329270362854004
I0512 21:23:50.076521 140460907546368 logging_writer.py:48] [12800] global_step=12800, grad_norm=4.55104398727417, loss=4.449499607086182
I0512 21:24:27.949125 140460899153664 logging_writer.py:48] [12900] global_step=12900, grad_norm=5.164992332458496, loss=4.3645172119140625
I0512 21:25:04.949453 140460907546368 logging_writer.py:48] [13000] global_step=13000, grad_norm=3.7780516147613525, loss=4.359182357788086
I0512 21:25:42.111806 140460899153664 logging_writer.py:48] [13100] global_step=13100, grad_norm=3.6919257640838623, loss=4.319684982299805
I0512 21:26:19.917155 140460907546368 logging_writer.py:48] [13200] global_step=13200, grad_norm=3.495734691619873, loss=4.3371076583862305
I0512 21:26:56.956990 140460899153664 logging_writer.py:48] [13300] global_step=13300, grad_norm=6.217592716217041, loss=4.546796798706055
I0512 21:27:34.081207 140460907546368 logging_writer.py:48] [13400] global_step=13400, grad_norm=4.022764205932617, loss=4.300336837768555
I0512 21:28:12.112867 140460899153664 logging_writer.py:48] [13500] global_step=13500, grad_norm=4.375720977783203, loss=4.390005588531494
I0512 21:28:49.227886 140460907546368 logging_writer.py:48] [13600] global_step=13600, grad_norm=4.762039661407471, loss=4.246867656707764
I0512 21:29:26.290856 140460899153664 logging_writer.py:48] [13700] global_step=13700, grad_norm=6.674348831176758, loss=4.337204456329346
I0512 21:30:03.916648 140460907546368 logging_writer.py:48] [13800] global_step=13800, grad_norm=5.102276802062988, loss=4.27059268951416
I0512 21:30:39.987092 140678261474496 spec.py:333] Evaluating on the training split.
I0512 21:30:57.965682 140678261474496 spec.py:346] Evaluating on the validation split.
I0512 21:32:26.640871 140678261474496 spec.py:363] Evaluating on the test split.
I0512 21:32:27.536268 140678261474496 submission_runner.py:516] Time since start: 6340.02s, 	Step: 13898, 	{'train/accuracy': Array(0.00548071, dtype=float32), 'train/loss': Array(7.792888, dtype=float32), 'validation/accuracy': Array(0.00558, dtype=float32), 'validation/loss': Array(7.8234067, dtype=float32), 'validation/num_examples': 50000, 'test/accuracy': Array(0.0048, dtype=float32), 'test/loss': Array(7.8949347, dtype=float32), 'test/num_examples': 10000, 'score': 6050.281397342682, 'total_duration': 6340.023873090744, 'accumulated_submission_time': 6050.281397342682, 'accumulated_eval_time': 289.51229429244995, 'accumulated_logging_time': 0.09067535400390625}
I0512 21:32:27.560742 140460899153664 logging_writer.py:48] [13898] accumulated_eval_time=289.512, accumulated_logging_time=0.0906754, accumulated_submission_time=6050.28, global_step=13898, preemption_count=0, score=6050.28, test/accuracy=0.004800000227987766, test/loss=7.89493465423584, test/num_examples=10000, total_duration=6340.02, train/accuracy=0.005480707623064518, train/loss=7.792888164520264, validation/accuracy=0.005579999648034573, validation/loss=7.82340669631958, validation/num_examples=50000
I0512 21:32:28.804743 140460907546368 logging_writer.py:48] [13900] global_step=13900, grad_norm=4.661243438720703, loss=4.360517978668213
I0512 21:33:05.867975 140460899153664 logging_writer.py:48] [14000] global_step=14000, grad_norm=9.671588897705078, loss=4.370909690856934
I0512 21:33:43.876498 140460907546368 logging_writer.py:48] [14100] global_step=14100, grad_norm=6.675647258758545, loss=4.263453483581543
I0512 21:34:20.888692 140460899153664 logging_writer.py:48] [14200] global_step=14200, grad_norm=4.18839693069458, loss=4.301290988922119
I0512 21:34:57.951947 140460907546368 logging_writer.py:48] [14300] global_step=14300, grad_norm=6.384646415710449, loss=4.292076587677002
I0512 21:35:35.462467 140460899153664 logging_writer.py:48] [14400] global_step=14400, grad_norm=7.729719161987305, loss=4.4502668380737305
I0512 21:36:12.857618 140460907546368 logging_writer.py:48] [14500] global_step=14500, grad_norm=4.940676212310791, loss=4.288954734802246
I0512 21:36:49.964285 140460899153664 logging_writer.py:48] [14600] global_step=14600, grad_norm=5.685422897338867, loss=4.302354335784912
I0512 21:37:27.833714 140460907546368 logging_writer.py:48] [14700] global_step=14700, grad_norm=6.0255208015441895, loss=4.23175573348999
I0512 21:38:04.989147 140460899153664 logging_writer.py:48] [14800] global_step=14800, grad_norm=5.5504961013793945, loss=4.385960578918457
I0512 21:38:42.092712 140460907546368 logging_writer.py:48] [14900] global_step=14900, grad_norm=6.955899238586426, loss=4.346348285675049
I0512 21:39:19.968170 140460899153664 logging_writer.py:48] [15000] global_step=15000, grad_norm=4.179986953735352, loss=4.264588356018066
I0512 21:39:57.011686 140460907546368 logging_writer.py:48] [15100] global_step=15100, grad_norm=8.461177825927734, loss=4.342894077301025
I0512 21:40:34.096003 140460899153664 logging_writer.py:48] [15200] global_step=15200, grad_norm=6.066428184509277, loss=4.26975154876709
I0512 21:41:11.610327 140460907546368 logging_writer.py:48] [15300] global_step=15300, grad_norm=8.384297370910645, loss=4.302689552307129
I0512 21:41:49.033259 140460899153664 logging_writer.py:48] [15400] global_step=15400, grad_norm=13.157255172729492, loss=4.478536128997803
I0512 21:42:26.118835 140460907546368 logging_writer.py:48] [15500] global_step=15500, grad_norm=5.105961322784424, loss=4.214382171630859
I0512 21:43:04.126653 140460899153664 logging_writer.py:48] [15600] global_step=15600, grad_norm=6.574802875518799, loss=4.1996331214904785
I0512 21:43:41.245481 140460907546368 logging_writer.py:48] [15700] global_step=15700, grad_norm=3.8020753860473633, loss=4.220542907714844
I0512 21:44:18.324295 140460899153664 logging_writer.py:48] [15800] global_step=15800, grad_norm=6.580254554748535, loss=4.211867332458496
I0512 21:44:55.790135 140460907546368 logging_writer.py:48] [15900] global_step=15900, grad_norm=8.78123950958252, loss=4.510676383972168
I0512 21:45:33.143430 140460899153664 logging_writer.py:48] [16000] global_step=16000, grad_norm=6.020956993103027, loss=4.235291481018066
I0512 21:46:10.230318 140460907546368 logging_writer.py:48] [16100] global_step=16100, grad_norm=6.290526390075684, loss=4.0996503829956055
I0512 21:46:48.115260 140460899153664 logging_writer.py:48] [16200] global_step=16200, grad_norm=6.284870624542236, loss=4.225966453552246
I0512 21:47:25.197239 140460907546368 logging_writer.py:48] [16300] global_step=16300, grad_norm=4.476515769958496, loss=4.229104518890381
I0512 21:48:02.229368 140460899153664 logging_writer.py:48] [16400] global_step=16400, grad_norm=4.895669460296631, loss=4.06449031829834
I0512 21:48:39.890382 140460907546368 logging_writer.py:48] [16500] global_step=16500, grad_norm=4.950253486633301, loss=4.1710968017578125
I0512 21:49:17.349116 140460899153664 logging_writer.py:48] [16600] global_step=16600, grad_norm=6.756086349487305, loss=4.06992244720459
I0512 21:49:54.438058 140460907546368 logging_writer.py:48] [16700] global_step=16700, grad_norm=12.722112655639648, loss=4.260487079620361
I0512 21:50:32.098863 140460899153664 logging_writer.py:48] [16800] global_step=16800, grad_norm=5.917260646820068, loss=4.2189531326293945
I0512 21:51:09.449855 140460907546368 logging_writer.py:48] [16900] global_step=16900, grad_norm=7.482336044311523, loss=4.341756820678711
I0512 21:51:46.582879 140460899153664 logging_writer.py:48] [17000] global_step=17000, grad_norm=6.045823097229004, loss=4.099071979522705
I0512 21:52:24.161803 140460907546368 logging_writer.py:48] [17100] global_step=17100, grad_norm=4.9697465896606445, loss=4.179292678833008
I0512 21:53:01.599653 140460899153664 logging_writer.py:48] [17200] global_step=17200, grad_norm=4.448553562164307, loss=4.167402267456055
I0512 21:53:38.718037 140460907546368 logging_writer.py:48] [17300] global_step=17300, grad_norm=7.331707954406738, loss=4.11563777923584
I0512 21:54:16.401544 140460899153664 logging_writer.py:48] [17400] global_step=17400, grad_norm=6.134143352508545, loss=4.244125843048096
I0512 21:54:53.698284 140460907546368 logging_writer.py:48] [17500] global_step=17500, grad_norm=6.7266316413879395, loss=4.217532157897949
I0512 21:55:30.828795 140460899153664 logging_writer.py:48] [17600] global_step=17600, grad_norm=5.217182159423828, loss=4.161099433898926
I0512 21:56:08.453693 140460907546368 logging_writer.py:48] [17700] global_step=17700, grad_norm=7.654499053955078, loss=4.335679054260254
I0512 21:56:45.891412 140460899153664 logging_writer.py:48] [17800] global_step=17800, grad_norm=2.969372510910034, loss=4.113663673400879
I0512 21:57:23.039035 140460907546368 logging_writer.py:48] [17900] global_step=17900, grad_norm=8.657811164855957, loss=4.241668701171875
I0512 21:58:00.597323 140460899153664 logging_writer.py:48] [18000] global_step=18000, grad_norm=5.29068660736084, loss=4.1098480224609375
I0512 21:58:37.680685 140460907546368 logging_writer.py:48] [18100] global_step=18100, grad_norm=4.804022789001465, loss=4.188257217407227
I0512 21:59:15.070666 140460899153664 logging_writer.py:48] [18200] global_step=18200, grad_norm=11.38203239440918, loss=4.2105607986450195
I0512 21:59:52.549940 140460907546368 logging_writer.py:48] [18300] global_step=18300, grad_norm=7.902659893035889, loss=4.0707526206970215
I0512 22:00:30.109672 140460899153664 logging_writer.py:48] [18400] global_step=18400, grad_norm=3.8684325218200684, loss=4.231892108917236
I0512 22:01:07.157568 140460907546368 logging_writer.py:48] [18500] global_step=18500, grad_norm=6.293272972106934, loss=4.210627555847168
I0512 22:01:44.681501 140460899153664 logging_writer.py:48] [18600] global_step=18600, grad_norm=4.282491207122803, loss=4.10167932510376
I0512 22:02:22.097557 140460907546368 logging_writer.py:48] [18700] global_step=18700, grad_norm=9.689860343933105, loss=4.062150478363037
I0512 22:02:59.126121 140460899153664 logging_writer.py:48] [18800] global_step=18800, grad_norm=7.613733291625977, loss=4.16509485244751
I0512 22:03:36.744341 140460907546368 logging_writer.py:48] [18900] global_step=18900, grad_norm=5.683633804321289, loss=4.170206069946289
I0512 22:04:14.070185 140460899153664 logging_writer.py:48] [19000] global_step=19000, grad_norm=6.760346412658691, loss=4.178253650665283
I0512 22:04:51.195245 140460907546368 logging_writer.py:48] [19100] global_step=19100, grad_norm=8.425312995910645, loss=4.250405788421631
I0512 22:05:28.700258 140460899153664 logging_writer.py:48] [19200] global_step=19200, grad_norm=5.696276664733887, loss=4.097387790679932
I0512 22:05:43.611909 140678261474496 spec.py:333] Evaluating on the training split.
I0512 22:05:57.767787 140678261474496 spec.py:346] Evaluating on the validation split.
I0512 22:07:51.379855 140678261474496 spec.py:363] Evaluating on the test split.
I0512 22:07:52.272495 140678261474496 submission_runner.py:516] Time since start: 8464.76s, 	Step: 19241, 	{'train/accuracy': Array(0.00261081, dtype=float32), 'train/loss': Array(8.562036, dtype=float32), 'validation/accuracy': Array(0.00278, dtype=float32), 'validation/loss': Array(8.59723, dtype=float32), 'validation/num_examples': 50000, 'test/accuracy': Array(0.0022, dtype=float32), 'test/loss': Array(8.61545, dtype=float32), 'test/num_examples': 10000, 'score': 8046.279819965363, 'total_duration': 8464.760076522827, 'accumulated_submission_time': 8046.279819965363, 'accumulated_eval_time': 418.1712100505829, 'accumulated_logging_time': 0.12340927124023438}
I0512 22:07:52.296056 140460907546368 logging_writer.py:48] [19241] accumulated_eval_time=418.171, accumulated_logging_time=0.123409, accumulated_submission_time=8046.28, global_step=19241, preemption_count=0, score=8046.28, test/accuracy=0.002199999988079071, test/loss=8.615449905395508, test/num_examples=10000, total_duration=8464.76, train/accuracy=0.0026108098682016134, train/loss=8.56203556060791, validation/accuracy=0.0027799999807029963, validation/loss=8.597229957580566, validation/num_examples=50000
I0512 22:08:23.689247 140460899153664 logging_writer.py:48] [19300] global_step=19300, grad_norm=4.7088303565979, loss=4.109893798828125
I0512 22:09:07.737943 140460907546368 logging_writer.py:48] [19400] global_step=19400, grad_norm=817.17626953125, loss=5.164997577667236
I0512 22:09:54.051434 140460899153664 logging_writer.py:48] [19500] global_step=19500, grad_norm=5.698324680328369, loss=4.256600379943848
I0512 22:10:35.956869 140460907546368 logging_writer.py:48] [19600] global_step=19600, grad_norm=6.223128318786621, loss=4.164681434631348
I0512 22:11:19.501851 140460899153664 logging_writer.py:48] [19700] global_step=19700, grad_norm=7.645541667938232, loss=4.133942127227783
I0512 22:12:04.191225 140460907546368 logging_writer.py:48] [19800] global_step=19800, grad_norm=12.623966217041016, loss=4.068239688873291
I0512 22:12:50.012063 140460899153664 logging_writer.py:48] [19900] global_step=19900, grad_norm=9.16297721862793, loss=4.122015953063965
I0512 22:13:35.920263 140460907546368 logging_writer.py:48] [20000] global_step=20000, grad_norm=5.315370082855225, loss=4.2006072998046875
I0512 22:14:31.365416 140460899153664 logging_writer.py:48] [20100] global_step=20100, grad_norm=5.702026844024658, loss=4.178712844848633
I0512 22:15:17.745119 140460907546368 logging_writer.py:48] [20200] global_step=20200, grad_norm=5.904375076293945, loss=4.195683002471924
I0512 22:16:03.693935 140460899153664 logging_writer.py:48] [20300] global_step=20300, grad_norm=4.181166648864746, loss=4.1588921546936035
I0512 22:16:50.277175 140460907546368 logging_writer.py:48] [20400] global_step=20400, grad_norm=5.298942565917969, loss=4.1779890060424805
I0512 22:17:36.445697 140460899153664 logging_writer.py:48] [20500] global_step=20500, grad_norm=6.689449787139893, loss=4.108107566833496
I0512 22:18:31.556657 140460907546368 logging_writer.py:48] [20600] global_step=20600, grad_norm=8.670472145080566, loss=4.183460712432861
I0512 22:19:18.117274 140460899153664 logging_writer.py:48] [20700] global_step=20700, grad_norm=3.4487926959991455, loss=4.052158355712891
I0512 22:20:13.865839 140460907546368 logging_writer.py:48] [20800] global_step=20800, grad_norm=18.61138153076172, loss=4.169209003448486
I0512 22:21:00.205700 140460899153664 logging_writer.py:48] [20900] global_step=20900, grad_norm=4.343446254730225, loss=4.120068073272705
